04-18 09:53:52.716  3518  7286 V WindowManager: Finish Transition: TransitionRecord{da99f41 id=999 type=OPEN flags=0x0 parallelCollectType=NONE recentsDisplayId=-1 c=[
04-18 09:53:52.716  3518  7286 V WindowManager:    ChangeInfo{fd51cca container=Task{15d8227 #171 type=standard A=10338:com.sec.android.app.clockpackage minWidth=844 minHeight=-1} flags=0x10}
04-18 09:53:52.716  3518  7286 V WindowManager:    ChangeInfo{602071 container=ActivityRecord{50490468 u0 com.sec.android.app.launcher/.activities.LauncherActivity t44} flags=0x0}
04-18 09:53:52.716  3518  7286 V WindowManager:    ChangeInfo{abefe3b container=WindowedMagnification:0:31@50727657 flags=0x0}
04-18 09:53:52.716  3518  7286 V WindowManager:    ChangeInfo{b366e56 container=Task{6f675b3 #1 type=home} flags=0x10}
04-18 09:53:52.716  3518  7286 V WindowManager:    ChangeInfo{84f5ed7 container=RemoteWallpaperAnim:1:1@135178324 flags=0x0}
04-18 09:53:52.716  3518  7286 V WindowManager:    ChangeInfo{16a6958 container=Display{#0 state=ON size=1080x2340 ROTATION_0} flags=0x0}
04-18 09:53:52.716  3518  7286 V WindowManager:    ChangeInfo{877dab1 container=AppZoomOut:2:14@171890544 flags=0x0}
04-18 09:53:52.716  3518  7286 V WindowManager:    ChangeInfo{9fb13c4 container=WallpaperWindowToken{a9e9ca6 showWhenLocked=true}_<lock> flags=0x0}
04-18 09:53:52.716  3518  7286 V WindowManager:    ChangeInfo{d8552ad container=Task{c283a93 #44 type=home I=com.sec.android.app.launcher/.activities.LauncherActivity} flags=0x10}
04-18 09:53:52.716  3518  7286 V WindowManager:    ChangeInfo{5903b96 container=ActivityRecord{218418406 u0 com.sec.android.app.clockpackage/.ClockPackage t171} flags=0x0}
04-18 09:53:52.716  3518  7286 V WindowManager:    ChangeInfo{c954317 container=DefaultTaskDisplayArea_d0@232835871 flags=0x0}
04-18 09:53:52.716  3518  7286 V WindowManager: ]
04-18 09:53:52.716  3518  7286 V WindowManager: }, caller=com.android.server.wm.WindowOrganizerController.finishTransitionInner:34 com.android.server.wm.WindowOrganizerController.finishAllTransitions:60 android.window.IWindowOrganizerController$Stub.onTransact:292 
04-18 09:53:52.716  3518  3665 V WindowManager: Finish Transition (#999): created at 04-18 09:53:52.303 collect-started=0.379ms request-sent=6.216ms started=7.073ms ready=10.186ms sent=41.715ms commit=10.674ms finished=412.436ms
04-18 09:53:52.716  3518  7286 V WindowManager: Setting visibility of Window{32abfe5 u0 com.sec.android.app.launcher/com.sec.android.app.launcher.activities.LauncherActivity}: false, caller=com.android.server.wm.WindowContainer.sendAppVisibilityToClients:19 com.android.server.wm.WindowToken.setClientVisible:91 com.android.server.wm.ActivityRecord.commitVisibility:186 com.android.server.wm.TransitionController.finishTransition:966 com.android.server.wm.WindowOrganizerController.finishTransitionInner:34 
04-18 09:53:52.716  7857  7857 I VRI[LauncherActivity]@d4e7497: handleAppVisibility mAppVisible = true visible = false
04-18 09:53:52.716  3518  7286 V WindowManager: Setting visibility of Window{3967f9f u0 com.samsung.android.wallpaper.live.infinity.InfinityWallpaper}: false, caller=com.android.server.wm.WindowContainer.sendAppVisibilityToClients:19 com.android.server.wm.WindowToken.setClientVisible:91 com.android.server.wm.WallpaperWindowToken.setVisible$1:3 com.android.server.wm.WallpaperWindowToken.commitVisibility:48 com.android.server.wm.TransitionController.finishTransition:1374 
04-18 09:53:52.717 29794 21279 I WallpaperService: dispatchAppVisibility: systemlock, visible=false , mLidState = -1
04-18 09:53:52.717 29794 29794 I WallpaperService: reportVisibility: visibility changed. visible=false
04-18 09:53:52.717 29794 29794 I SprWallpaper|InfinityWallpaper: onVisibilityChanged: visible[false], mInitialized[true], isPreview[false]
04-18 09:53:52.718  3518  7286 D ChangeTransitionController: onTransitionFinished: TransitionRecord{da99f41 id=999 type=OPEN flags=0x0 parallelCollectType=NONE recentsDisplayId=-1 c=[
04-18 09:53:52.718  3518  7286 D ChangeTransitionController:    ChangeInfo{fd51cca container=Task{15d8227 #171 type=standard A=10338:com.sec.android.app.clockpackage minWidth=844 minHeight=-1} flags=0x10}
04-18 09:53:52.718  3518  7286 D ChangeTransitionController:    ChangeInfo{602071 container=ActivityRecord{50490468 u0 com.sec.android.app.launcher/.activities.LauncherActivity t44} flags=0x0}
04-18 09:53:52.718  3518  7286 D ChangeTransitionController:    ChangeInfo{abefe3b container=WindowedMagnification:0:31@50727657 flags=0x0}
04-18 09:53:52.718  3518  7286 D ChangeTransitionController:    ChangeInfo{b366e56 container=Task{6f675b3 #1 type=home} flags=0x10}
04-18 09:53:52.718  3518  7286 D ChangeTransitionController:    ChangeInfo{84f5ed7 container=RemoteWallpaperAnim:1:1@135178324 flags=0x0}
04-18 09:53:52.718  3518  7286 D ChangeTransitionController:    ChangeInfo{16a6958 container=Display{#0 state=ON size=1080x2340 ROTATION_0} flags=0x0}
04-18 09:53:52.718  3518  7286 D ChangeTransitionController:    ChangeInfo{877dab1 container=AppZoomOut:2:14@171890544 flags=0x0}
04-18 09:53:52.718  3518  7286 D ChangeTransitionController:    ChangeInfo{9fb13c4 container=WallpaperWindowToken{a9e9ca6 showWhenLocked=true}_<lock> flags=0x0}
04-18 09:53:52.718  3518  7286 D ChangeTransitionController:    ChangeInfo{d8552ad container=Task{c283a93 #44 type=home I=com.sec.android.app.launcher/.activities.LauncherActivity} flags=0x10}
04-18 09:53:52.718  3518  7286 D ChangeTransitionController:    ChangeInfo{5903b96 container=ActivityRecord{218418406 u0 com.sec.android.app.clockpackage/.ClockPackage t171} flags=0x0}
04-18 09:53:52.718  3518  7286 D ChangeTransitionController:    ChangeInfo{c954317 container=DefaultTaskDisplayArea_d0@232835871 flags=0x0}
04-18 09:53:52.718  3518  7286 D ChangeTransitionController: ]
04-18 09:53:52.718  3518  7286 D ChangeTransitionController: }
04-18 09:53:52.718  5098  5136 V WindowManagerShell: Track 0 became idle
04-18 09:53:52.718  5098  5136 V WindowManagerShell: All active transition animations finished
04-18 09:53:52.721  3518  3668 I ActivityManager: Changes in 10159 2 to 5, 511 to 440
04-18 09:53:52.721  2416 29413 V APM_AudioPolicyManager: setAppState(portId:187, state:2)
04-18 09:53:52.721  6838  6991 V OsAgent : broadcastSystemEvent - 7
04-18 09:53:52.721  2416 29413 V APM_AudioPolicyManager: setAppState(portId:187, state:2)
04-18 09:53:52.721  2416 29413 V APM_AudioPolicyManager: setAppState(portId:187, state:2)
04-18 09:53:52.721  2416 29413 V APM_AudioPolicyManager: setAppState(portId:187, state:2)
04-18 09:53:52.721  2416 29413 V APM_AudioPolicyManager: setAppState(portId:187, state:2)
04-18 09:53:52.722  6838  6991 V OsAgent : broadcastSystemEvent - 7
04-18 09:53:52.722  2416  2525 V APM_AudioPolicyManager: setAppState(portId:187, state:2)
04-18 09:53:52.722  2754 11160 I CameraService: onUidStateChanged: uid=10276, procState is changed. (3 -> 5)
04-18 09:53:52.722  2427  2427 I SurfaceFlinger: RequestedLayer [Task=1#46] hidden!! flag  from(0) --> to(1)
04-18 09:53:52.722  2427  2427 I SurfaceFlinger: [Display 0 name="기본으로 제공되는 화면"#41] setFrameRateCategory: Default
04-18 09:53:52.722  2427  2427 I SurfaceFlinger: [LayerHierarchy{RequestedLayerState{Task=1#46 parentId=10} 2 children}] reparent to LayerHierarchy{RequestedLayerState{DefaultTaskDisplayArea_d0#10 parentId=9} 13 children}
04-18 09:53:52.722  2427  2427 I SurfaceFlinger: [LayerHierarchy{RequestedLayerState{WallpaperWindowToken{a9e9ca6}#8471 parentId=8} 1 children}] reparent to LayerHierarchy{RequestedLayerState{Leaf:1:1#8 parentId=7} 2 children}
04-18 09:53:52.722  2427  2427 I SurfaceFlinger: [LayerHierarchy{RequestedLayerState{Task=171#12055 parentId=10 z=10} 1 children}] reparent to LayerHierarchy{RequestedLayerState{DefaultTaskDisplayArea_d0#10 parentId=9} 14 children}
04-18 09:53:52.722  2427  2427 I SurfaceFlinger: [LayerHierarchy{RequestedLayerState{Transition Root: Task=171#12059 z=10} no children}] reparent to OffscreenRoot
04-18 09:53:52.722  2427  2427 I SurfaceFlinger: [LayerHierarchy{RequestedLayerState{Transition Root: Task=171#12059 z=10} no children}] RelativeParent to null
04-18 09:53:52.722  2754 11160 W libbinder.IPCThreadState: Sending oneway calls to frozen process.
04-18 09:53:52.722  2754 11160 W libbinder.IPCThreadState: Sending oneway calls to frozen process.
04-18 09:53:52.722  2754 11160 W libbinder.IPCThreadState: Sending oneway calls to frozen process.
04-18 09:53:52.722  5098  5098 D SystemUIService: SYSUI_RAM_OPTIMIZATION onTrimMemory=20
04-18 09:53:52.723  5098  5098 D CentralSurfaces: SYSUI_RAM_OPTIMIZATION onTrimMemory=20
04-18 09:53:52.723  5098  5232 D HWUI    : CacheManager::trimMemory(20)
04-18 09:53:52.723  2427  2427 I SurfaceFlinger: id=12059 Removed Transition Root: Task=171#12059 (180)
04-18 09:53:52.723  3518  7286 I WindowManager: Relayout Window{32abfe5 u0 com.sec.android.app.launcher/com.sec.android.app.launcher.activities.LauncherActivity}: viewVisibility=8 req=1080x2340 ty=1 d0
04-18 09:53:52.723  3518  3668 D LocalDisplayAdapter: updateActiveModeLocked for d=4630947077158959251, mActiveModeId=2, mActiveSfDisplayMode=DisplayMode{id=1, width=1080, height=2340, xDpi=375.78082, yDpi=373.81134, peakRefreshRate=120.00001, vsyncRate=240.00005, appVsyncOffsetNanos=8333111, presentationDeadlineNanos=9333444, supportedHdrTypes=[4, 2, 3], group=1}
04-18 09:53:52.723  3518  3668 I DisplayDeviceRepository: Display device changed render timings: "기본으로 제공되는 화면", renderFrameRate=120.00002, presentationDeadlineNanos=9333443, appVsyncOffsetNanos=8333111, frameRateOverrides=[{uid=10338 frameRateHz=120.00002}]
04-18 09:53:52.724  3518  7286 I WindowManager: Relayout hash=32abfe5, pid=7857, syncId=-1: mAttrs={(0,0)(fillxfill) sim={adjust=nothing forwardNavigation} layoutInDisplayCutoutMode=always ty=BASE_APPLICATION fmt=TRANSPARENT wanim=0x1030307
04-18 09:53:52.724  3518  7286 I WindowManager:   fl=81910100
04-18 09:53:52.724  3518  7286 I WindowManager:   pfl=10008840
04-18 09:53:52.724  3518  7286 I WindowManager:   bhv=2
04-18 09:53:52.724  3518  7286 I WindowManager:   fitSides=0
04-18 09:53:52.724  3518  7286 I WindowManager:   frameRateBoostOnTouch=true
04-18 09:53:52.724  3518  7286 I WindowManager:   dvrrWindowFrameRateHint=true naviIconColor=0}
04-18 09:53:52.724  5098  5206 D StackScroller: onDisplayChanged for predraw skip to 2
04-18 09:53:52.724  5098  5098 D DisplayLifecycle: updateDisplay id = 0
04-18 09:53:52.725  7857  7857 I VRI[LauncherActivity]@d4e7497: Relayout returned: old=(0,0,1080,2340) new=(0,0,1080,2340) relayoutAsync=false req=(1080,2340)8 dur=2 res=0x2 s={false 0x0} ch=true seqId=0
04-18 09:53:52.726  3518  7286 D WifiDisplayAdapter: isFitToActiveDisplayLocked : false
04-18 09:53:52.726  7857  7857 I SearchHoneyPot: onViewCreated: onStop
04-18 09:53:52.726  7857  7857 I HoneySpace.WorkspacePot: stopWidgetListening
04-18 09:53:52.726  7857  7857 I HoneySpace.ContentsAnimator: end call
04-18 09:53:52.726  7857  7857 I HoneySpace.BlurAnimator: end
04-18 09:53:52.726  7857  7857 I HoneySpace.BlurAnimator: reset
04-18 09:53:52.726  7857  7857 I VRI[LauncherActivity]@d4e7497: stopped(true) old = false
04-18 09:53:52.726  7857  8510 I HoneySpace.HoneyAppWidgetHost: stopListening, host: @6c616ce, hostId: 1024
04-18 09:53:52.726  7857  7857 I HoneySpace.Launcher: !@Boot_EBS_D: Launcher.onStop()
04-18 09:53:52.727  7857  9372 I HoneySpace.Memory-Monitor: scheduleTrim delayTime=30000
04-18 09:53:52.727  3518  5857 I AppWidgetServiceImpl: stopListening callbacks : null
04-18 09:53:52.727  7857  7857 I HoneySpace.OneUiSpace: onSaveInstanceState honeyScreen=e6.G@da5bd47
04-18 09:53:52.727  7857 15981 I HoneySpace.Memory-Monitor: current state = 2, didTrim = false
04-18 09:53:52.728  3962  3962 I bvhy    : onStop
04-18 09:53:52.729  2427  2427 D SurfaceFlinger: Display 4630947077158959251 HWC layers:
04-18 09:53:52.729  2427  2427 D SurfaceFlinger:        DEVICE |           70007966924807 | 00002102 | RGBA_8888    |    0.0    0.0 1080.0 2340.0 |    0    0 1080 2340 | com.sec.android.app.clockpackage/com[...]ockpackage.ClockPackage$_16300#12064 (17)
04-18 09:53:52.729  2427  2427 D SurfaceFlinger:        DEVICE |           21895743278775 | 00002100 | RGBA_8888    |    0.0    0.0 1080.0  105.0 |    0    0 1080  105 | StatusBar$_5098#90 (32322)
04-18 09:53:52.729  2427  2427 D SurfaceFlinger:        DEVICE |           33745558047540 | 00002100 | RGBA_8888    |    0.0    0.0   80.0  342.0 | 1000  438 1080  780 | com.sec.android.app.launcher/com.sam[...]l.app.CocktailBarService$_7857#11785 (4)
04-18 09:53:52.729  2427  2427 D SurfaceFlinger:        DEVICE |           21895743278754 | 00002100 | RGBA_8888    |    0.0    0.0 1080.0  135.0 |    0 2205 1080 2340 | NavigationBar0$_5098#88 (20222)
04-18 09:53:52.729  2427  2427 D SurfaceFlinger: 
04-18 09:53:52.730  2427  2427 I SurfaceFlinger: RequestedLayer [ActivityRecord{50490468 u0 com.sec.a[...].activities.LauncherActivity t44}#94] hidden!! flag  from(0) --> to(1)
04-18 09:53:52.730  2427  2427 I SurfaceFlinger: RequestedLayer [WallpaperWindowToken{a9e9ca6}#8471] hidden!! flag  from(0) --> to(1)
04-18 09:53:52.730  2427  2427 I SurfaceFlinger: RequestedLayer [com.sec.android.app.launcher/com.sec[...]ivities.LauncherActivity$_7857#12044] hidden!! flag  from(0) --> to(1)
04-18 09:53:52.730  2427  2427 I SurfaceFlinger: RequestedLayer [com.samsung.android.wallpaper.live.infinity.InfinityWallpaper$_29794#8473] hidden!! flag  from(0) --> to(1)
04-18 09:53:52.730  2427  2427 I SurfaceFlinger: destroyed Transition Root: Task=171#12059 form LifecycleManager
04-18 09:53:52.730  2427  2427 I SurfaceFlinger: [LayerHierarchy{RequestedLayerState{ImeContainer#15 parentId=12056 relativeParentId=12063 z=1} 1 children}] RelativeParent to LayerHierarchy{RequestedLayerState{4f973bc com.sec.android.app.clockpackage/com.sec.android.app.clockpackage.ClockPackage#12063 parentId=12056} 2 children}
04-18 09:53:52.730  2427  2427 I SurfaceFlinger: [LayerHierarchy{RequestedLayerState{52c2d7e Splash Screen com.sec.android.app.clockpackage#12057 z=2147483647} 1 children}] reparent to OffscreenRoot
04-18 09:53:52.730  2427  2427 I SurfaceFlinger: [LayerHierarchy{RequestedLayerState{52c2d7e Splash Screen com.sec.android.app.clockpackage#12057 z=2147483647} 1 children}] RelativeParent to null
04-18 09:53:52.730  2427  2427 I SurfaceFlinger: [LayerHierarchy{RequestedLayerState{Splash Screen com.sec.android.app.clockpackage$_5098#12058} no children}] reparent to OffscreenRoot
04-18 09:53:52.730  2427  2427 I SurfaceFlinger: [LayerHierarchy{RequestedLayerState{Splash Screen com.sec.android.app.clockpackage$_5098#12058} no children}] RelativeParent to null
04-18 09:53:52.730  2427  2427 I SurfaceFlinger: id=12059 onLayerDestroyed from LayerHierarchyBuilder(RequestedLayerState{Transition Root: Task=171#12059 !handle z=10})
04-18 09:53:52.730 16977 16988 D PipelineWatcher: onInputBufferReleased: frameIndex not found (48); ignored
04-18 09:53:52.730  3518  5197 E WindowManager: win=Window{32abfe5 u0 com.sec.android.app.launcher/com.sec.android.app.launcher.activities.LauncherActivity} destroySurfaces: appStopped=true cleanupOnResume=false win.mWindowRemovalAllowed=false win.mRemoveOnExit=false win.mViewVisibility=8 caller=com.android.server.wm.ActivityRecord.destroySurfaces:24 com.android.server.wm.ActivityRecord.activityStopped:209 com.android.server.wm.ActivityClientController.activityStopped:102 android.app.IActivityClientController$Stub.onTransact:829 com.android.server.wm.ActivityClientController.onTransact:1 android.os.Binder.execTransactInternal:1514 android.os.Binder.execTransact:1454 
04-18 09:53:52.731  3518  3668 D SGM:FgCheckThread: getForegroundApp(), foregroundPkgName=com.sec.android.app.clockpackage
04-18 09:53:52.731  3518  3668 D SGM:FgCheckThread: pkgName: com.sec.android.app.launcher is not in foreground
04-18 09:53:52.731  3518  3668 D SGM:FgCheckThread: noteStopComponent(), received pkgName: com.sec.android.app.launcher, focusedPkgName: com.sec.android.app.clockpackage, userId: 0
04-18 09:53:52.731  2427  2427 I SurfaceFlinger: id=12059 Destroyed Transition Root: Task=171#12059
04-18 09:53:52.731  2427  2427 I SurfaceFlinger: id=12057 Removed 52c2d7e Splash Screen com.sec.android.app.clockpackage#12057 (179)
04-18 09:53:52.731  2427  2427 I SurfaceFlinger: id=12058 Removed Splash Screen com.sec.android.app.clockpackage$_5098#12058 (179)
04-18 09:53:52.732 16977 16988 D PipelineWatcher: onInputBufferReleased: frameIndex not found (49); ignored
04-18 09:53:52.733  3518  3666 W PackageConfigPersister: App-specific configuration not found for packageName: com.sec.android.app.clockpackage and userId: 0
04-18 09:53:52.733  3518  3666 W PackageConfigPersister: App-specific configuration not found for packageName: com.sec.android.app.launcher and userId: 0
04-18 09:53:52.733  3518  3666 W PackageConfigPersister: App-specific configuration not found for packageName: com.google.android.youtube and userId: 0
04-18 09:53:52.733  3518  3666 W PackageConfigPersister: App-specific configuration not found for packageName: com.android.chrome and userId: 0
04-18 09:53:52.733  3518  3666 W PackageConfigPersister: App-specific configuration not found for packageName: com.google.android.apps.messaging and userId: 0
04-18 09:53:52.733  3518  3666 W PackageConfigPersister: App-specific configuration not found for packageName: com.samsung.android.dialer and userId: 0
04-18 09:53:52.733  3518  3666 W PackageConfigPersister: App-specific configuration not found for packageName: com.termux and userId: 0
04-18 09:53:52.733  3518  3666 W PackageConfigPersister: App-specific configuration not found for packageName: com.sec.android.app.launcher and userId: 0
04-18 09:53:52.733  3518  3666 W PackageConfigPersister: App-specific configuration not found for packageName: com.android.settings and userId: 0
04-18 09:53:52.733  3518  3666 W PackageConfigPersister: App-specific configuration not found for packageName: com.android.vending and userId: 0
04-18 09:53:52.733  3518  4940 D BackgroundInstallControlService: Package event received: 0
04-18 09:53:52.733  3518  3666 D PkgPredictorService-SecIpmManagerServiceImpl: bg information pid:7857 uid:10159 pkgName:com.sec.android.app.launcher
04-18 09:53:52.734  5827  5846 D PipelineWatcher: onInputBufferReleased: frameIndex not found (7102); ignored
04-18 09:53:52.734  3518  3666 D SGM:GameManager: identifyForegroundApp. com.sec.android.app.clockpackage, mCurrentUserId: 0, callerUserId: 0
04-18 09:53:52.734  3518  3666 D SGM:SemGameManager: isForegroundGame(), ret=false
04-18 09:53:52.734  3518  5857 W PackageConfigPersister: App-specific configuration not found for packageName: com.sec.android.app.clockpackage and userId: 0
04-18 09:53:52.735  3518  3666 D SGM:GameManager: identifyForegroundApp. com.sec.android.app.clockpackage, mCurrentUserId: 0, callerUserId: 0
04-18 09:53:52.735  3518  3666 D SGM:SemGameManager: isForegroundGame(), ret=false
04-18 09:53:52.735  3518  7286 W PackageConfigPersister: App-specific configuration not found for packageName: com.sec.android.app.clockpackage and userId: 0
04-18 09:53:52.735  3518  3666 W PackageConfigPersister: App-specific configuration not found for packageName: com.sec.android.app.clockpackage and userId: 0
04-18 09:53:52.735  3518  3666 W PackageConfigPersister: App-specific configuration not found for packageName: com.sec.android.app.launcher and userId: 0
04-18 09:53:52.735  3518  3666 W PackageConfigPersister: App-specific configuration not found for packageName: com.google.android.youtube and userId: 0
04-18 09:53:52.735  3518  3666 W PackageConfigPersister: App-specific configuration not found for packageName: com.android.chrome and userId: 0
04-18 09:53:52.735  3518  3666 W PackageConfigPersister: App-specific configuration not found for packageName: com.google.android.apps.messaging and userId: 0
04-18 09:53:52.735  3518  3666 W PackageConfigPersister: App-specific configuration not found for packageName: com.samsung.android.dialer and userId: 0
04-18 09:53:52.735  3518  3666 W PackageConfigPersister: App-specific configuration not found for packageName: com.termux and userId: 0
04-18 09:53:52.735  3518  3666 W PackageConfigPersister: App-specific configuration not found for packageName: com.sec.android.app.launcher and userId: 0
04-18 09:53:52.735  3518  3666 W PackageConfigPersister: App-specific configuration not found for packageName: com.android.settings and userId: 0
04-18 09:53:52.735  3518  3666 W PackageConfigPersister: App-specific configuration not found for packageName: com.android.vending and userId: 0
04-18 09:53:52.735  3518  5197 W PackageConfigPersister: App-specific configuration not found for packageName: com.sec.android.app.clockpackage and userId: 0
04-18 09:53:52.736  3518  3518 I WALLPAPER_SVC:SemWallpaperManagerService: isHomeActivityVisible : false 
04-18 09:53:52.736  3518  3518 D WALLPAPER_SVC:WallpaperData: getWallpaperFile: file = /data/system/users/0/wallpaper_orig 
04-18 09:53:52.736  3518  3518 D WALLPAPER_SVC:WallpaperData: getWallpaperFile: file = /data/system/users/0/wallpaper_orig 
04-18 09:53:52.736  7452  8507 I SAMSUNGWALLET: [Hint_ProcessStatusChange] fg Change, pid : 7857 , isNotify : true , isForeground : false , fg list : [16300]
04-18 09:53:52.736  3518  3518 D WALLPAPER_SVC:WallpaperManagerService: dispatchHomeVisibilityChanged: visible = false, connection = com.android.server.wallpaper.WallpaperManagerService$WallpaperConnection@c6021f7, systemWallpaper = WallpaperData@b34a19e, id: 21, which: 7, file mod: 0, info: WallpaperInfo{com.samsung.android.wallpaper.live.infinity.InfinityWallpaper, settings: null}, engine(s): Proxy@570dd59, type = 7, userId = 0, uri= null, allowBackup= false, wallpaperComponent = ComponentInfo{com.samsung.android.wallpaper.live/com.samsung.android.wallpaper.live.infinity.InfinityWallpaper} 
04-18 09:53:52.737  3518  7286 W PackageConfigPersister: App-specific configuration not found for packageName: com.sec.android.app.clockpackage and userId: 0
04-18 09:53:52.737  3518  7286 W PackageConfigPersister: App-specific configuration not found for packageName: com.sec.android.app.launcher and userId: 0
04-18 09:53:52.737  3518  7286 W PackageConfigPersister: App-specific configuration not found for packageName: com.google.android.youtube and userId: 0
04-18 09:53:52.737  3518  7286 W PackageConfigPersister: App-specific configuration not found for packageName: com.android.chrome and userId: 0
04-18 09:53:52.737  3518  7286 W PackageConfigPersister: App-specific configuration not found for packageName: com.google.android.apps.messaging and userId: 0
04-18 09:53:52.737  7452  8297 I SAMSUNGWALLET: [Hint_SimpleHintProcessMonitor] isHomePackageRunning topPkgName = com.sec.android.app.clockpackage, topClsName = com.sec.android.app.clockpackage.ClockPackage, return false , se : false
04-18 09:53:52.738  7452  7452 I SAMSUNGWALLET: [Hint_IntroHintService] Hint Status - already invisible, skip hide : Home Package Not Running
04-18 09:53:52.738  5827  5846 D PipelineWatcher: onInputBufferReleased: frameIndex not found (7103); ignored
04-18 09:53:52.738  2427  2427 I SurfaceFlinger: destroyed 52c2d7e Splash Screen com.sec.android.app.clockpackage#12057 form LifecycleManager
04-18 09:53:52.738  2427  2427 I SurfaceFlinger: destroyed Splash Screen com.sec.android.app.clockpackage$_5098#12058 form LifecycleManager
04-18 09:53:52.738  2427  2427 I SurfaceFlinger: [LayerHierarchy{RequestedLayerState{com.sec.android.app.launcher/com.sec.android.app.launcher.activities.LauncherActivity$_7857#12044} no children}] reparent to OffscreenRoot
04-18 09:53:52.738  2427  2427 I SurfaceFlinger: [LayerHierarchy{RequestedLayerState{com.sec.android.app.launcher/com.sec.android.app.launcher.activities.LauncherActivity$_7857#12044} no children}] RelativeParent to null
04-18 09:53:52.738  2427  2427 I SurfaceFlinger: id=12057 onLayerDestroyed from LayerHierarchyBuilder(RequestedLayerState{52c2d7e Splash Screen com.sec.android.app.clockpackage#12057 !handle z=2147483647})
04-18 09:53:52.738  2427  2427 I SurfaceFlinger: id=12058 onLayerDestroyed from LayerHierarchyBuilder(RequestedLayerState{Splash Screen com.sec.android.app.clockpackage$_5098#12058 !handle})
04-18 09:53:52.739  2427  2427 I SurfaceFlinger: id=12057 Destroyed 52c2d7e Splash Screen com.sec.android.app.clockpackage#12057
04-18 09:53:52.739  2427  2427 I SurfaceFlinger: id=12058 Destroyed Splash Screen com.sec.android.app.clockpackage$_5098#12058
04-18 09:53:52.739  2427  2427 I SurfaceFlinger: id=12044 Removed com.sec.android.app.launcher/com.sec.android.app.launcher.activities.LauncherActivity$_7857#12044 (177)
04-18 09:53:52.745 16977 16988 D PipelineWatcher: onInputBufferReleased: frameIndex not found (50); ignored
04-18 09:53:52.747 16977 16988 D PipelineWatcher: onInputBufferReleased: frameIndex not found (51); ignored
04-18 09:53:52.747  5827  5846 D PipelineWatcher: onInputBufferReleased: frameIndex not found (7104); ignored
04-18 09:53:52.747  2427  2427 I SurfaceFlinger: destroyed com.sec.android.app.launcher/com.sec.android.app.launcher.activities.LauncherActivity$_7857#12044 form LifecycleManager
04-18 09:53:52.747  2427  2427 I SurfaceFlinger: id=12044 onLayerDestroyed from LayerHierarchyBuilder(RequestedLayerState{com.sec.android.app.launcher/com.sec.android.app.launcher.activities.LauncherActivity$_7857#12044 !handle})
04-18 09:53:52.747  2427  2427 I SurfaceFlinger: id=12044 Destroyed com.sec.android.app.launcher/com.sec.android.app.launcher.activities.LauncherActivity$_7857#12044
04-18 09:53:52.748  5827  5846 D PipelineWatcher: onInputBufferReleased: frameIndex not found (7105); ignored
04-18 09:53:52.749  2350 31348 I SnapAlloc: IsUBWCAlloc - Explicit ubwc format 265 passed by the clients
04-18 09:53:52.749  2350 31348 I SnapAlloc: IsUBWCAlloc - Explicit ubwc format 265 passed by the clients
04-18 09:53:52.760 16977 16988 D PipelineWatcher: onInputBufferReleased: frameIndex not found (52); ignored
04-18 09:53:52.760 29244 29244 D BoundBrokerSvc: onUnbind: Intent { act=com.google.android.gms.libs.gmscorelogger.service.START dat=chimera-action:/... xflg=0x4 cmp=com.google.android.gms/.chimera.PersistentDirectBootAwareApiService }
04-18 09:53:52.761 16977 16988 D PipelineWatcher: onInputBufferReleased: frameIndex not found (53); ignored
04-18 09:53:52.761  2350 31348 I SnapAlloc: IsUBWCAlloc - Explicit ubwc format 265 passed by the clients
04-18 09:53:52.761  2350 31348 I SnapAlloc: IsUBWCAlloc - Explicit ubwc format 265 passed by the clients
04-18 09:53:52.762  5827  5846 D PipelineWatcher: onInputBufferReleased: frameIndex not found (7106); ignored
04-18 09:53:52.763  5827  5846 D PipelineWatcher: onInputBufferReleased: frameIndex not found (7107); ignored
04-18 09:53:52.764 16300 16300 I VRI[ClockPackage]@d1a52a4: Requested frameRateCategory 3 by android.widget.Button{cb86774 VFED..C.. ........ 170,0-415,90}
04-18 09:53:52.778 16977 16987 D PipelineWatcher: onInputBufferReleased: frameIndex not found (54); ignored
04-18 09:53:52.779 16977 16987 D PipelineWatcher: onInputBufferReleased: frameIndex not found (55); ignored
04-18 09:53:52.779  5827  5846 D PipelineWatcher: onInputBufferReleased: frameIndex not found (7108); ignored
04-18 09:53:52.780  5827  5846 D PipelineWatcher: onInputBufferReleased: frameIndex not found (7109); ignored
04-18 09:53:52.795 16977 16987 D PipelineWatcher: onInputBufferReleased: frameIndex not found (56); ignored
04-18 09:53:52.796  5827  5846 D PipelineWatcher: onInputBufferReleased: frameIndex not found (7110); ignored
04-18 09:53:52.797 16300 16300 I VRI[ClockPackage]@d1a52a4: Requested frameRateCategory 3 by android.widget.Button{cb86774 VFED..C.. ........ 170,0-415,90}
04-18 09:53:52.798 16977 16987 D PipelineWatcher: onInputBufferReleased: frameIndex not found (57); ignored
04-18 09:53:52.799  5827  5846 D PipelineWatcher: onInputBufferReleased: frameIndex not found (7111); ignored
04-18 09:53:52.810 16977 16987 D PipelineWatcher: onInputBufferReleased: frameIndex not found (58); ignored
04-18 09:53:52.811  5827  5846 D PipelineWatcher: onInputBufferReleased: frameIndex not found (7112); ignored
04-18 09:53:52.811  2350 31348 I SnapAlloc: IsUBWCAlloc - Explicit ubwc format 265 passed by the clients
04-18 09:53:52.812  2350 31348 I SnapAlloc: IsUBWCAlloc - Explicit ubwc format 265 passed by the clients
04-18 09:53:52.812 16977 16987 D PipelineWatcher: onInputBufferReleased: frameIndex not found (59); ignored
04-18 09:53:52.813  5827  5846 D PipelineWatcher: onInputBufferReleased: frameIndex not found (7113); ignored
04-18 09:53:52.814  2427  2427 D SurfaceFlinger: GPIS:: requestGPISForClientComposition
04-18 09:53:52.826 16977 16987 D PipelineWatcher: onInputBufferReleased: frameIndex not found (60); ignored
04-18 09:53:52.828  5827  5846 D PipelineWatcher: onInputBufferReleased: frameIndex not found (7114); ignored
04-18 09:53:52.829 16977 16987 D PipelineWatcher: onInputBufferReleased: frameIndex not found (61); ignored
04-18 09:53:52.830  5827  5846 D PipelineWatcher: onInputBufferReleased: frameIndex not found (7115); ignored
04-18 09:53:52.844 16977 16987 D PipelineWatcher: onInputBufferReleased: frameIndex not found (62); ignored
04-18 09:53:52.846 16977 16987 D PipelineWatcher: onInputBufferReleased: frameIndex not found (63); ignored
04-18 09:53:52.847  5827  5846 D PipelineWatcher: onInputBufferReleased: frameIndex not found (7116); ignored
04-18 09:53:52.847 16300 16300 I VRI[ClockPackage]@d1a52a4: Requested frameRateCategory 3 by android.widget.Button{cb86774 VFED..C.. ........ 170,0-415,90}
04-18 09:53:52.848  5827  5846 D PipelineWatcher: onInputBufferReleased: frameIndex not found (7117); ignored
04-18 09:53:52.861 16977 16987 D PipelineWatcher: onInputBufferReleased: frameIndex not found (64); ignored
04-18 09:53:52.863  5827  5846 D PipelineWatcher: onInputBufferReleased: frameIndex not found (7118); ignored
04-18 09:53:52.863  3518  4888 W PackageConfigPersister: App-specific configuration not found for packageName: com.sec.android.app.clockpackage and userId: 0
04-18 09:53:52.863  3518  4888 W PackageConfigPersister: App-specific configuration not found for packageName: com.sec.android.app.clockpackage and userId: 0
04-18 09:53:52.863  3518  4888 D MdnieScenarioControlService:  packageName : com.sec.android.app.clockpackage    className : com.sec.android.app.clockpackage.ClockPackage
04-18 09:53:52.864 16977 16987 D PipelineWatcher: onInputBufferReleased: frameIndex not found (65); ignored
04-18 09:53:52.864  3518  4888 V MdnieScenarioControlService: setUIMode from UI function(3)
04-18 09:53:52.865  5827  5846 D PipelineWatcher: onInputBufferReleased: frameIndex not found (7119); ignored
04-18 09:53:52.867  2375  3596 I thermal_core: pivot(AP) : 343, skin : 323
04-18 09:53:52.867  2375  3596 I vendor.samsung.hardware.thermal-service: index = 18.200000
04-18 09:53:52.867  2375  3596 I vendor.samsung.hardware.thermal-service: 4 / 10
04-18 09:53:52.878 16977 16987 D PipelineWatcher: onInputBufferReleased: frameIndex not found (66); ignored
04-18 09:53:52.880 16977 16987 D PipelineWatcher: onInputBufferReleased: frameIndex not found (67); ignored
04-18 09:53:52.880 16300 16300 I VRI[ClockPackage]@d1a52a4: Requested frameRateCategory 3 by android.widget.Button{cb86774 VFED..C.. ........ 170,0-415,90}
04-18 09:53:52.881  5827  5910 D PipelineWatcher: onInputBufferReleased: frameIndex not found (7120); ignored
04-18 09:53:52.882  5827  5910 D PipelineWatcher: onInputBufferReleased: frameIndex not found (7121); ignored
04-18 09:53:52.888  2331 17224 E PERFHAL-CLIENT: PERFHAL-CLIENT: perf_lock_acq() 164: opcode=1077936128 isMvOpcode=0
04-18 09:53:52.888  2331 17224 E PERFHAL-CLIENT: PERFHAL-CLIENT: perf_lock_acq() 164: opcode=1090519552 isMvOpcode=0
04-18 09:53:52.888  2331 17224 E PERFHAL-CLIENT: PERFHAL-CLIENT: perf_lock_acq() 164: opcode=1090519040 isMvOpcode=0
04-18 09:53:52.888  2331 17224 I HYPER-HAL: [RequestManager.cpp]releaseLocked(): Released ID : 6249897
04-18 09:53:52.895 16977 16987 D PipelineWatcher: onInputBufferReleased: frameIndex not found (68); ignored
04-18 09:53:52.897  5827  5910 D PipelineWatcher: onInputBufferReleased: frameIndex not found (7122); ignored
04-18 09:53:52.898 16977 16987 D PipelineWatcher: onInputBufferReleased: frameIndex not found (69); ignored
04-18 09:53:52.901  5827  5910 D PipelineWatcher: onInputBufferReleased: frameIndex not found (7123); ignored
04-18 09:53:52.914 16300 16300 I VRI[ClockPackage]@d1a52a4: Requested frameRateCategory 3 by android.widget.Button{cb86774 VFED..C.. ........ 170,0-415,90}
04-18 09:53:52.915 16977 16987 D PipelineWatcher: onInputBufferReleased: frameIndex not found (70); ignored
04-18 09:53:52.916  5827  5910 D PipelineWatcher: onInputBufferReleased: frameIndex not found (7124); ignored
04-18 09:53:52.917 16977 16987 D PipelineWatcher: onInputBufferReleased: frameIndex not found (71); ignored
04-18 09:53:52.921  5827  5910 D PipelineWatcher: onInputBufferReleased: frameIndex not found (7125); ignored
04-18 09:53:52.931 16977 16987 D PipelineWatcher: onInputBufferReleased: frameIndex not found (72); ignored
04-18 09:53:52.932  5827  5910 D PipelineWatcher: onInputBufferReleased: frameIndex not found (7126); ignored
04-18 09:53:52.933 16977 16988 D PipelineWatcher: onInputBufferReleased: frameIndex not found (73); ignored
04-18 09:53:52.938  5827  5910 D PipelineWatcher: onInputBufferReleased: frameIndex not found (7127); ignored
04-18 09:53:52.940  2331 17220 I HYPER-HAL: [RequestManager.cpp]releaseLocked(): Released ID : 25192017
04-18 09:53:52.945  2361  3090 D AidlBufferPoolAcc: evictor expired: 1, evicted: 0
04-18 09:53:52.947 16300 16300 I VRI[ClockPackage]@d1a52a4: Requested frameRateCategory 3 by android.widget.Button{cb86774 VFED..C.. ........ 170,0-415,90}
04-18 09:53:52.948 16977 16988 D PipelineWatcher: onInputBufferReleased: frameIndex not found (74); ignored
04-18 09:53:52.949  5827  5910 D PipelineWatcher: onInputBufferReleased: frameIndex not found (7128); ignored
04-18 09:53:52.950 16977 16988 D PipelineWatcher: onInputBufferReleased: frameIndex not found (75); ignored
04-18 09:53:52.953  5827  5910 D PipelineWatcher: onInputBufferReleased: frameIndex not found (7129); ignored
04-18 09:53:52.960 16977 16988 D PipelineWatcher: onInputBufferReleased: frameIndex not found (76); ignored
04-18 09:53:52.962  5827  5846 D PipelineWatcher: onInputBufferReleased: frameIndex not found (7130); ignored
04-18 09:53:52.963 16977 16988 D PipelineWatcher: onInputBufferReleased: frameIndex not found (77); ignored
04-18 09:53:52.964  3518  4888 D DisplayAiqeManager: getContentMode : start
04-18 09:53:52.964  3518  4888 D DisplayAiqeManagerService: getContentMode : start
04-18 09:53:52.964  3518  4888 D DisplayAiqeHalImpl: getContentMode : UI
04-18 09:53:52.964  3518  4888 D DisplayAiqeManagerService: getContentMode : mode - UI
04-18 09:53:52.964  3518  4888 D DisplayAiqeManager: getContentMode : mode - UI
04-18 09:53:52.964  3518  4888 V MdnieScenarioControlService: mAclOffEnabled : false
04-18 09:53:52.964  5827  5846 D PipelineWatcher: onInputBufferReleased: frameIndex not found (7131); ignored
04-18 09:53:52.978 16977 16988 D PipelineWatcher: onInputBufferReleased: frameIndex not found (78); ignored
04-18 09:53:52.979  5827  5910 D PipelineWatcher: onInputBufferReleased: frameIndex not found (7132); ignored
04-18 09:53:52.980 16300 16300 I VRI[ClockPackage]@d1a52a4: Requested frameRateCategory 3 by android.widget.Button{cb86774 VFED..C.. ........ 170,0-415,90}
04-18 09:53:52.980 16977 16988 D PipelineWatcher: onInputBufferReleased: frameIndex not found (79); ignored
04-18 09:53:52.981  5827  5910 D PipelineWatcher: onInputBufferReleased: frameIndex not found (7133); ignored
04-18 09:53:52.987  3518  4940 D BackgroundInstallControlService: Package event received: 0
04-18 09:53:52.987  3518  4940 D BackgroundInstallControlService: Package event received: 0
04-18 09:53:52.987  3518  4940 D BackgroundInstallControlService: Package event received: 0
04-18 09:53:52.987  3518  4940 D BackgroundInstallControlService: Package event received: 0
04-18 09:53:52.988  3518  4940 D BackgroundInstallControlService: Package event received: 0
04-18 09:53:52.988  3518  4940 D BackgroundInstallControlService: Package event received: 0
04-18 09:53:52.988  3518  4940 D BackgroundInstallControlService: Package event received: 0
04-18 09:53:52.988  2416  2525 V APM_AudioPolicyManager: setAppState(portId:187, state:2)
04-18 09:53:52.988  2416  2525 V APM_AudioPolicyManager: setAppState(portId:187, state:2)
04-18 09:53:52.988  2416  2525 V APM_AudioPolicyManager: setAppState(portId:187, state:2)
04-18 09:53:52.988  2416  2525 V APM_AudioPolicyManager: setAppState(portId:187, state:2)
04-18 09:53:52.989 29244 29277 I FontLog : (REDACTED) Received query %s, URI %s
04-18 09:53:52.989 29244 29277 I FontLog : (REDACTED) Query [%s] resolved to %s
04-18 09:53:52.990 29244 29277 I FontLog : (REDACTED) Fetch %s end status %s
04-18 09:53:52.991 29244 29276 I FontLog : (REDACTED) Pulling font file for id = %d, cache size = %d
04-18 09:53:52.993 29244 29276 I FontLog : (REDACTED) Pulling font file for id = %d, cache size = %d
04-18 09:53:52.994 16977 16988 D PipelineWatcher: onInputBufferReleased: frameIndex not found (80); ignored
04-18 09:53:52.996 16977 16988 D PipelineWatcher: onInputBufferReleased: frameIndex not found (81); ignored
04-18 09:53:52.997  5827  5846 D PipelineWatcher: onInputBufferReleased: frameIndex not found (7134); ignored
04-18 09:53:52.998  5827  5910 D PipelineWatcher: onInputBufferReleased: frameIndex not found (7135); ignored
04-18 09:53:53.004  2331 17127 I HYPER-HAL: [RequestManager.cpp]releaseLocked(): Released ID : 6295956
04-18 09:53:53.007 16300 22055 I AdrenoVK-0: Shader compilation failed for shaderType: 6
04-18 09:53:53.007 16300 22055 I AdrenoVK-0: Pipeline create failed
04-18 09:53:53.008 16977 16988 D PipelineWatcher: onInputBufferReleased: frameIndex not found (82); ignored
04-18 09:53:53.009  3518  5857 W PackageConfigPersister: App-specific configuration not found for packageName: com.sec.android.app.clockpackage and userId: 0
04-18 09:53:53.009  2350 31348 I SnapAlloc: IsUBWCAlloc - Explicit ubwc format 265 passed by the clients
04-18 09:53:53.009  2350 31348 I SnapAlloc: IsUBWCAlloc - Explicit ubwc format 265 passed by the clients
04-18 09:53:53.010 16977 16988 D PipelineWatcher: onInputBufferReleased: frameIndex not found (83); ignored
04-18 09:53:53.010  5827  5910 D PipelineWatcher: onInputBufferReleased: frameIndex not found (7136); ignored
04-18 09:53:53.011  5827  5910 D PipelineWatcher: onInputBufferReleased: frameIndex not found (7137); ignored
04-18 09:53:53.014 16300 16300 I VRI[ClockPackage]@d1a52a4: Requested frameRateCategory 3 by android.widget.Button{cb86774 VFED..C.. ........ 170,0-415,90}
04-18 09:53:53.015  3518  4949 W PackageConfigPersister: App-specific configuration not found for packageName: com.sec.android.app.clockpackage and userId: 0
04-18 09:53:53.037 16977 16988 D PipelineWatcher: onInputBufferReleased: frameIndex not found (84); ignored
04-18 09:53:53.046  5827  5846 D PipelineWatcher: onInputBufferReleased: frameIndex not found (7138); ignored
04-18 09:53:53.047 16300 16300 I VRI[ClockPackage]@d1a52a4: Requested frameRateCategory 3 by android.widget.Button{cb86774 VFED..C.. ........ 170,0-415,90}
04-18 09:53:53.051 16977 16988 D PipelineWatcher: onInputBufferReleased: frameIndex not found (85); ignored
04-18 09:53:53.057 16977 16988 D PipelineWatcher: onInputBufferReleased: frameIndex not found (86); ignored
04-18 09:53:53.062  5827  5846 D PipelineWatcher: onInputBufferReleased: frameIndex not found (7139); ignored
04-18 09:53:53.069 16977 16988 D PipelineWatcher: onInputBufferReleased: frameIndex not found (87); ignored
04-18 09:53:53.076 16977 16988 D PipelineWatcher: onInputBufferReleased: frameIndex not found (88); ignored
04-18 09:53:53.077  5827  5846 D PipelineWatcher: onInputBufferReleased: frameIndex not found (7140); ignored
04-18 09:53:53.080 16300 16300 I VRI[ClockPackage]@d1a52a4: Requested frameRateCategory 3 by android.widget.Button{cb86774 VFED..C.. ........ 170,0-415,90}
04-18 09:53:53.082 16977 16988 D PipelineWatcher: onInputBufferReleased: frameIndex not found (89); ignored
04-18 09:53:53.083 16977 16988 D PipelineWatcher: onInputBufferReleased: frameIndex not found (90); ignored
04-18 09:53:53.084  5827  5846 D PipelineWatcher: onInputBufferReleased: frameIndex not found (7141); ignored
04-18 09:53:53.089  5827  5846 D PipelineWatcher: onInputBufferReleased: frameIndex not found (7142); ignored
04-18 09:53:53.092  5827  5910 D PipelineWatcher: onInputBufferReleased: frameIndex not found (7143); ignored
04-18 09:53:53.096 16977 16987 D PipelineWatcher: onInputBufferReleased: frameIndex not found (91); ignored
04-18 09:53:53.098  5827  5910 D PipelineWatcher: onInputBufferReleased: frameIndex not found (7144); ignored
04-18 09:53:53.099 16977 16987 D PipelineWatcher: onInputBufferReleased: frameIndex not found (92); ignored
04-18 09:53:53.104  5827  5846 D PipelineWatcher: onInputBufferReleased: frameIndex not found (7145); ignored
04-18 09:53:53.107  5827  5846 D PipelineWatcher: onInputBufferReleased: frameIndex not found (7146); ignored
04-18 09:53:53.111  2288  7744 I vendor.qti.bluetooth@1.0-ibs_handler: ProcessIbsCmd: Received IBS_WAKE_IND: 0xFD
04-18 09:53:53.112  2288  7744 D vendor.qti.bluetooth@1.0-ibs_handler: SerialClockVote: vote for UART CLK ON
04-18 09:53:53.112  2288  7744 D vendor.qti.bluetooth@1.0-wake_lock: Acquire wakelock is acquired 
04-18 09:53:53.112  2288  7744 I vendor.qti.bluetooth@1.0-ibs_handler: ProcessIbsCmd: Writing IBS_WAKE_ACK
04-18 09:53:53.112 16977 16987 D PipelineWatcher: onInputBufferReleased: frameIndex not found (93); ignored
04-18 09:53:53.113  5827  5846 D PipelineWatcher: onInputBufferReleased: frameIndex not found (7147); ignored
04-18 09:53:53.114 16300 16300 I VRI[ClockPackage]@d1a52a4: Requested frameRateCategory 3 by android.widget.Button{cb86774 VFED..C.. ........ 170,0-415,90}
04-18 09:53:53.115 16977 16987 D PipelineWatcher: onInputBufferReleased: frameIndex not found (94); ignored
04-18 09:53:53.116  5827  5846 D PipelineWatcher: onInputBufferReleased: frameIndex not found (7148); ignored
04-18 09:53:53.120  5338  7794 I ScanController: onScanResult to scannerId: 3- eventType=0x1, addressType=1, address=XX:XX:XX:XX:C9:52, primaryPhy=1, secondaryPhy=1, advertisingSid=0x1, txPower=127, rssi=-54, periodicAdvInt=0x0
04-18 09:53:53.127 16977 16987 D PipelineWatcher: onInputBufferReleased: frameIndex not found (95); ignored
04-18 09:53:53.131  5827  5846 D PipelineWatcher: onInputBufferReleased: frameIndex not found (7149); ignored
04-18 09:53:53.132 16977 16987 D PipelineWatcher: onInputBufferReleased: frameIndex not found (96); ignored
04-18 09:53:53.139  5827  5846 D PipelineWatcher: onInputBufferReleased: frameIndex not found (7150); ignored
04-18 09:53:53.145 16977 16987 D PipelineWatcher: onInputBufferReleased: frameIndex not found (97); ignored
04-18 09:53:53.147 17536 17536 I InputMethodService: removeImeSurface
04-18 09:53:53.147  5827  5846 D PipelineWatcher: onInputBufferReleased: frameIndex not found (7151); ignored
04-18 09:53:53.147 17536 17536 I InputMethodService: cancelImeSurfaceRemoval: removeCallbacks
04-18 09:53:53.147 16977 16987 D PipelineWatcher: onInputBufferReleased: frameIndex not found (98); ignored
04-18 09:53:53.151  5827  5846 D PipelineWatcher: onInputBufferReleased: frameIndex not found (7152); ignored
04-18 09:53:53.154  5338  7794 I ScanController: onScanResult to scannerId: 3- eventType=0x1b, addressType=1, address=XX:XX:XX:XX:D9:2F, primaryPhy=1, secondaryPhy=0, advertisingSid=0xff, txPower=127, rssi=-52, periodicAdvInt=0x0
04-18 09:53:53.162 16977 16987 D PipelineWatcher: onInputBufferReleased: frameIndex not found (99); ignored
04-18 09:53:53.163 16977 16987 D PipelineWatcher: onInputBufferReleased: frameIndex not found (100); ignored
04-18 09:53:53.164 16300 16300 I VRI[ClockPackage]@d1a52a4: Requested frameRateCategory 3 by android.widget.Button{cb86774 VFED..C.. ........ 170,0-415,90}
04-18 09:53:53.164  5827  5846 D PipelineWatcher: onInputBufferReleased: frameIndex not found (7153); ignored
04-18 09:53:53.166  5827  5910 D PipelineWatcher: onInputBufferReleased: frameIndex not found (7154); ignored
04-18 09:53:53.178 16977 16987 D PipelineWatcher: onInputBufferReleased: frameIndex not found (101); ignored
04-18 09:53:53.180  5827  5910 D PipelineWatcher: onInputBufferReleased: frameIndex not found (7155); ignored
04-18 09:53:53.181 16977 16987 D PipelineWatcher: onInputBufferReleased: frameIndex not found (102); ignored
04-18 09:53:53.184  5827  5910 D PipelineWatcher: onInputBufferReleased: frameIndex not found (7156); ignored
04-18 09:53:53.193  2288  7744 I vendor.qti.bluetooth@1.0-ibs_handler: ProcessIbsCmd: Received IBS_SLEEP_IND: 0xFE
04-18 09:53:53.193  2288  7744 D vendor.qti.bluetooth@1.0-ibs_handler: SerialClockVote: vote for UART CLK OFF
04-18 09:53:53.196 16977 16987 D PipelineWatcher: onInputBufferReleased: frameIndex not found (103); ignored
04-18 09:53:53.198  5827  5910 D PipelineWatcher: onInputBufferReleased: frameIndex not found (7157); ignored
04-18 09:53:53.199 16977 16987 D PipelineWatcher: onInputBufferReleased: frameIndex not found (104); ignored
04-18 09:53:53.202  5827  5910 D PipelineWatcher: onInputBufferReleased: frameIndex not found (7158); ignored
04-18 09:53:53.209  5827  5910 D PipelineWatcher: onInputBufferReleased: frameIndex not found (7159); ignored
04-18 09:53:53.213 16977 16987 D PipelineWatcher: onInputBufferReleased: frameIndex not found (105); ignored
04-18 09:53:53.214 16300 16300 I VRI[ClockPackage]@d1a52a4: Requested frameRateCategory 3 by android.widget.Button{cb86774 VFED..C.. ........ 170,0-415,90}
04-18 09:53:53.215 16977 16987 D PipelineWatcher: onInputBufferReleased: frameIndex not found (106); ignored
04-18 09:53:53.229 16977 16987 D PipelineWatcher: onInputBufferReleased: frameIndex not found (107); ignored
04-18 09:53:53.230  5827  5910 D PipelineWatcher: onInputBufferReleased: frameIndex not found (7160); ignored
04-18 09:53:53.232 16977 16987 D PipelineWatcher: onInputBufferReleased: frameIndex not found (108); ignored
04-18 09:53:53.234  5827  5910 D PipelineWatcher: onInputBufferReleased: frameIndex not found (7161); ignored
04-18 09:53:53.245 16977 16987 D PipelineWatcher: onInputBufferReleased: frameIndex not found (109); ignored
04-18 09:53:53.247 16977 16987 D PipelineWatcher: onInputBufferReleased: frameIndex not found (110); ignored
04-18 09:53:53.247 16300 16300 I VRI[ClockPackage]@d1a52a4: Requested frameRateCategory 3 by android.widget.Button{cb86774 VFED..C.. ........ 170,0-415,90}
04-18 09:53:53.248  5827  5910 D PipelineWatcher: onInputBufferReleased: frameIndex not found (7162); ignored
04-18 09:53:53.251  5827  5910 D PipelineWatcher: onInputBufferReleased: frameIndex not found (7163); ignored
04-18 09:53:53.263 16977 16987 D PipelineWatcher: onInputBufferReleased: frameIndex not found (111); ignored
04-18 09:53:53.265  5827  5910 D PipelineWatcher: onInputBufferReleased: frameIndex not found (7164); ignored
04-18 09:53:53.266 16977 16987 D PipelineWatcher: onInputBufferReleased: frameIndex not found (112); ignored
04-18 09:53:53.268  5827  5910 D PipelineWatcher: onInputBufferReleased: frameIndex not found (7165); ignored
04-18 09:53:53.279 16977 16987 D PipelineWatcher: onInputBufferReleased: frameIndex not found (113); ignored
04-18 09:53:53.280 16300 16300 I VRI[ClockPackage]@d1a52a4: Requested frameRateCategory 3 by android.widget.Button{cb86774 VFED..C.. ........ 170,0-415,90}
04-18 09:53:53.280  5827  5910 D PipelineWatcher: onInputBufferReleased: frameIndex not found (7166); ignored
04-18 09:53:53.282 16977 16987 D PipelineWatcher: onInputBufferReleased: frameIndex not found (114); ignored
04-18 09:53:53.284  5827  5910 D PipelineWatcher: onInputBufferReleased: frameIndex not found (7167); ignored
04-18 09:53:53.296 16977 16988 D PipelineWatcher: onInputBufferReleased: frameIndex not found (115); ignored
04-18 09:53:53.298  5827  5910 D PipelineWatcher: onInputBufferReleased: frameIndex not found (7168); ignored
04-18 09:53:53.299 16977 16988 D PipelineWatcher: onInputBufferReleased: frameIndex not found (116); ignored
04-18 09:53:53.301  5827  5910 D PipelineWatcher: onInputBufferReleased: frameIndex not found (7169); ignored
04-18 09:53:53.313 16977 16987 D PipelineWatcher: onInputBufferReleased: frameIndex not found (117); ignored
04-18 09:53:53.314 16300 16300 I VRI[ClockPackage]@d1a52a4: Requested frameRateCategory 3 by android.widget.Button{cb86774 VFED..C.. ........ 170,0-415,90}
04-18 09:53:53.314  5827  5910 D PipelineWatcher: onInputBufferReleased: frameIndex not found (7170); ignored
04-18 09:53:53.315 16977 16987 D PipelineWatcher: onInputBufferReleased: frameIndex not found (118); ignored
04-18 09:53:53.317  5827  5910 D PipelineWatcher: onInputBufferReleased: frameIndex not found (7171); ignored
04-18 09:53:53.322  2427  2427 D SurfaceFlinger: GPIS:: requestGPISForClientComposition
04-18 09:53:53.325  3518  5857 W PackageConfigPersister: App-specific configuration not found for packageName: com.sec.android.app.clockpackage and userId: 0
04-18 09:53:53.329 16977 16987 D PipelineWatcher: onInputBufferReleased: frameIndex not found (119); ignored
04-18 09:53:53.331  5827  5910 D PipelineWatcher: onInputBufferReleased: frameIndex not found (7172); ignored
04-18 09:53:53.332 16977 16987 D PipelineWatcher: onInputBufferReleased: frameIndex not found (120); ignored
04-18 09:53:53.338  5827  5910 D PipelineWatcher: onInputBufferReleased: frameIndex not found (7173); ignored
04-18 09:53:53.343  2288  5848 D vendor.qti.bluetooth@1.0-wake_lock: Release wakelock is released 
