04-18 09:53:50.003  3518  5197 W PackageConfigPersister: App-specific configuration not found for packageName: com.sec.android.app.launcher and userId: 0
04-18 09:53:50.004  5827  5910 D PipelineWatcher: onInputBufferReleased: frameIndex not found (7051); ignored
04-18 09:53:50.010  3518  4949 W PackageConfigPersister: App-specific configuration not found for packageName: com.sec.android.app.launcher and userId: 0
04-18 09:53:50.103  5827  5910 D PipelineWatcher: onInputBufferReleased: frameIndex not found (7052); ignored
04-18 09:53:50.183 26587 26587 I wpa_supplicant: Heartbeat 89768
04-18 09:53:50.203  5827  5910 D PipelineWatcher: onInputBufferReleased: frameIndex not found (7053); ignored
04-18 09:53:50.271  3518  4024 D SemInputMotionEventDispatcher: registerMotionEventListener: already registered: com.samsung.android.hardware.secinputdev.taas.ExternalApi$5@27e9021
04-18 09:53:50.304  2361  5900 D AidlBufferPool: bufferpool2 0xb40000742de31b38 : 14(17379840 size) total buffers - 13(14856960 size) used buffers - 13787/14119 (recycle/alloc) - 0/0 (fetch/transfer)
04-18 09:53:50.304  5827  5910 D PipelineWatcher: onInputBufferReleased: frameIndex not found (7054); ignored
04-18 09:53:50.309  2361  5893 D AidlBufferPool: bufferpool2 0xb40000742de1c748 : 5(9543680 size) total buffers - 5(9543680 size) used buffers - 6912/7059 (recycle/alloc) - 418/7054 (fetch/transfer)
04-18 09:53:50.333 22775 22963 W JobInfo : Requested important-while-foreground flag for job6038 is ignored and takes no effect
04-18 09:53:50.337 25231 25266 I SSS@search user 0: (BaseCollector::AOSP_MP) enqueue ObserverWorker name: AOSP_MP policy: APPEND_OR_REPLACE
04-18 09:53:50.375 22775 22782 W martsuggestions: Reducing the number of considered missed Gc histogram windows from 747 to 100
04-18 09:53:50.388 22775 22784 W System  : A resource failed to call CursorWindow.close. 
04-18 09:53:50.388 22775 22784 W System  : A resource failed to call CursorWrapperInner.close. 
04-18 09:53:50.388 22775 22784 W System  : A resource failed to call CursorWindow.close. 
04-18 09:53:50.388 22775 22784 W System  : A resource failed to call CursorWrapperInner.close. 
04-18 09:53:50.388 22775 22784 W System  : A resource failed to call CursorWindow.close. 
04-18 09:53:50.388 22775 22784 W System  : A resource failed to call CursorWrapperInner.close. 
04-18 09:53:50.388 22775 22784 W System  : A resource failed to call CursorWindow.close. 
04-18 09:53:50.388 22775 22784 W System  : A resource failed to call CursorWrapperInner.close. 
04-18 09:53:50.388 22775 22784 W System  : A resource failed to call CursorWindow.close. 
04-18 09:53:50.388 22775 22784 W System  : A resource failed to call CursorWrapperInner.close. 
04-18 09:53:50.388 22775 22784 W System  : A resource failed to call CursorWindow.close. 
04-18 09:53:50.388 22775 22784 W System  : A resource failed to call CursorWrapperInner.close. 
04-18 09:53:50.388 22775 22784 W System  : A resource failed to call CursorWindow.close. 
04-18 09:53:50.388 22775 22784 W System  : A resource failed to call CursorWrapperInner.close. 
04-18 09:53:50.388 22775 22784 W System  : A resource failed to call CursorWindow.close. 
04-18 09:53:50.389 22775 22784 W System  : A resource failed to call CursorWrapperInner.close. 
04-18 09:53:50.389 22775 22784 W System  : A resource failed to call CursorWindow.close. 
04-18 09:53:50.389 22775 22784 W System  : A resource failed to call CursorWrapperInner.close. 
04-18 09:53:50.389 22775 22784 W System  : A resource failed to call CursorWindow.close. 
04-18 09:53:50.389 22775 22784 W System  : A resource failed to call CursorWrapperInner.close. 
04-18 09:53:50.389 22775 22784 W System  : A resource failed to call CursorWindow.close. 
04-18 09:53:50.389 22775 22784 W System  : A resource failed to call CursorWrapperInner.close. 
04-18 09:53:50.389 22775 22784 W System  : A resource failed to call CursorWindow.close. 
04-18 09:53:50.389 22775 22784 W System  : A resource failed to call CursorWrapperInner.close. 
04-18 09:53:50.389 22775 22784 W System  : A resource failed to call CursorWindow.close. 
04-18 09:53:50.389 22775 22784 W System  : A resource failed to call CursorWrapperInner.close. 
04-18 09:53:50.389 22775 22784 W System  : A resource failed to call CursorWrapperInner.close. 
04-18 09:53:50.389 22775 22784 W System  : A resource failed to call CursorWrapperInner.close. 
04-18 09:53:50.389 22775 22784 W System  : A resource failed to call CursorWrapperInner.close. 
04-18 09:53:50.389 22775 22784 W System  : A resource failed to call CursorWrapperInner.close. 
04-18 09:53:50.390 22775 22784 W System  : A resource failed to call CursorWindow.close. 
04-18 09:53:50.390 22775 22784 W System  : A resource failed to call CursorWrapperInner.close. 
04-18 09:53:50.390 22775 22784 W System  : A resource failed to call CursorWindow.close. 
04-18 09:53:50.390 22775 22784 W System  : A resource failed to call CursorWrapperInner.close. 
04-18 09:53:50.503  3518  7417 W PackageConfigPersister: App-specific configuration not found for packageName: com.sec.android.app.launcher and userId: 0
04-18 09:53:50.511  3518  4949 W PackageConfigPersister: App-specific configuration not found for packageName: com.sec.android.app.launcher and userId: 0
04-18 09:53:50.519  6618  6618 D WM-DelayedWorkTracker: Scheduling work 83e64921-1b4c-479f-98f1-745148ce857d
04-18 09:53:50.519  6618  6618 D WM-GreedyScheduler: Starting tracking for 83e64921-1b4c-479f-98f1-745148ce857d
04-18 09:53:50.520  6618  6714 D WM-ConstraintTracker: BatteryNotLowTracker: initial state = true
04-18 09:53:50.520  6618  6714 D WM-BrdcstRcvrCnstrntTrc: BatteryNotLowTracker: registering receiver
04-18 09:53:50.521  6618  6714 D WM-GreedyScheduler: Constraints met: Scheduling work ID WorkGenerationalId(workSpecId=83e64921-1b4c-479f-98f1-745148ce857d, generation=0)
04-18 09:53:50.522  6618  6714 D WM-Processor: Processor: processing WorkGenerationalId(workSpecId=83e64921-1b4c-479f-98f1-745148ce857d, generation=0)
04-18 09:53:50.523  6618  6618 D WM-WorkerWrapper: Starting work for com.android.providers.media.photopicker.sync.ProactiveSyncWorker
04-18 09:53:50.524  6618 17074 I PSyncWorker: Starting proactive picker sync from sync source: 1
04-18 09:53:50.524  6618 17074 I PickerSyncTracker: Created new sync future java.util.concurrent.CompletableFuture@b152799[Not completed, 1 dependents]. Future map: {83e64921-1b4c-479f-98f1-745148ce857d=java.util.concurrent.CompletableFuture@b152799[Not completed, 1 dependents]}
04-18 09:53:50.525  6618 17074 D PickerSyncController: syncAllMediaFromProvider() LOCAL, auth=com.android.providers.media.photopicker, retry=true
04-18 09:53:50.525  6618 17074 D PickerSyncController: getSyncRequestParams() LOCAL, auth=com.android.providers.media.photopicker
04-18 09:53:50.526  6618 17074 D PickerSyncController:    Latest ID/Gen=cbac4a1cf515afa3:external_primary/1363
04-18 09:53:50.526  6618 17074 D PickerSyncController:    Cached ID/Gen=cbac4a1cf515afa3:external_primary/1346
04-18 09:53:50.526  6618 17074 D PickerSyncController:    RESULT=SyncRequestParams{type=MEDIA_INCREMENTAL, gen=1346, latest=Bundle[{last_media_sync_generation=1363, media_collection_id=cbac4a1cf515afa3:external_primary}], pageSize=1000}
04-18 09:53:50.526  6618 17074 I PickerSyncController: Executing SyncAdd. isLocal: true. authority: com.android.providers.media.photopicker
04-18 09:53:50.526  6618 17074 D PickerSyncLockManager: Trying to acquire lock com.android.providers.media.photopicker.sync.CloseableReentrantLock@fe274c4[Unlocked]. Lock Name = CLOUD_PROVIDER_LOCK. Threads that may be waiting to acquire this lock = [] with timeout.
04-18 09:53:50.526  6618 17074 D CloseableReentrantLock: Successfully acquired lock com.android.providers.media.photopicker.sync.CloseableReentrantLock@fe274c4[Locked by thread pool-5-thread-187]. Lock Name = CLOUD_PROVIDER_LOCK. Threads that may be waiting to acquire this lock = []
04-18 09:53:50.526  6618 17074 D CloseableReentrantLock: Successfully released lock com.android.providers.media.photopicker.sync.CloseableReentrantLock@fe274c4[Unlocked]. Lock Name = CLOUD_PROVIDER_LOCK. Threads that may be waiting to acquire this lock = []
04-18 09:53:50.526  6618 17074 D ExternalDbFacade: Token received for queryMedia = null
04-18 09:53:50.527  6618 17074 D PickerSyncLockManager: Trying to acquire lock com.android.providers.media.photopicker.sync.CloseableReentrantLock@fe274c4[Unlocked]. Lock Name = CLOUD_PROVIDER_LOCK. Threads that may be waiting to acquire this lock = [] with timeout.
04-18 09:53:50.527  6618 17074 D CloseableReentrantLock: Successfully acquired lock com.android.providers.media.photopicker.sync.CloseableReentrantLock@fe274c4[Locked by thread pool-5-thread-187]. Lock Name = CLOUD_PROVIDER_LOCK. Threads that may be waiting to acquire this lock = []
04-18 09:53:50.527  6618 17074 D PickerSyncController: Clearing next page token for key: local_provider:media_add:resume
04-18 09:53:50.527  6618 17074 D CloseableReentrantLock: Successfully released lock com.android.providers.media.photopicker.sync.CloseableReentrantLock@fe274c4[Unlocked]. Lock Name = CLOUD_PROVIDER_LOCK. Threads that may be waiting to acquire this lock = []
04-18 09:53:50.527  6618 17074 D PickerNotificationSender: Sending a notification for media update
04-18 09:53:50.528  3518  7417 D SyncManager: userId - 0 auto - true
04-18 09:53:50.528  6618 17074 D PickerNotificationSender: Sending a notification for merged album media update Favorites
04-18 09:53:50.528  6618 17074 D PickerNotificationSender: Sending a notification for album media update Favorites
04-18 09:53:50.529  3518  7417 D SyncManager: userId - 0 auto - true
04-18 09:53:50.529  6618 17074 D PickerNotificationSender: Sending a notification for merged album media update Videos
04-18 09:53:50.529  6618 17074 D PickerNotificationSender: Sending a notification for album media update Videos
04-18 09:53:50.529  3518  7417 D SyncManager: userId - 0 auto - true
04-18 09:53:50.529  6618 17074 I PickerSyncController: Paged sync successful. QueryArgs: Bundle[{android.provider.extra.SYNC_GENERATION=1346, android.provider.extra.PAGE_SIZE=1000}] Total Rows: 0
04-18 09:53:50.529  6618 17074 I PickerSyncController: Executing SyncRemove. isLocal: true. authority: com.android.providers.media.photopicker
04-18 09:53:50.529  6618 17074 D PickerSyncLockManager: Trying to acquire lock com.android.providers.media.photopicker.sync.CloseableReentrantLock@fe274c4[Unlocked]. Lock Name = CLOUD_PROVIDER_LOCK. Threads that may be waiting to acquire this lock = [] with timeout.
04-18 09:53:50.529  6618 17074 D CloseableReentrantLock: Successfully acquired lock com.android.providers.media.photopicker.sync.CloseableReentrantLock@fe274c4[Locked by thread pool-5-thread-187]. Lock Name = CLOUD_PROVIDER_LOCK. Threads that may be waiting to acquire this lock = []
04-18 09:53:50.529  6618 17074 D CloseableReentrantLock: Successfully released lock com.android.providers.media.photopicker.sync.CloseableReentrantLock@fe274c4[Unlocked]. Lock Name = CLOUD_PROVIDER_LOCK. Threads that may be waiting to acquire this lock = []
04-18 09:53:50.530  6618 17074 W PickerDbFacade: Unable to promote cloud media with localId: 141
04-18 09:53:50.530  6618 17074 W PickerDbFacade: Unable to promote cloud media with localId: 142
04-18 09:53:50.534  6618 17074 D PickerSyncLockManager: Trying to acquire lock com.android.providers.media.photopicker.sync.CloseableReentrantLock@fe274c4[Unlocked]. Lock Name = CLOUD_PROVIDER_LOCK. Threads that may be waiting to acquire this lock = [] with timeout.
04-18 09:53:50.534  6618 17074 D CloseableReentrantLock: Successfully acquired lock com.android.providers.media.photopicker.sync.CloseableReentrantLock@fe274c4[Locked by thread pool-5-thread-187]. Lock Name = CLOUD_PROVIDER_LOCK. Threads that may be waiting to acquire this lock = []
04-18 09:53:50.534  6618 17074 D PickerSyncController: Clearing next page token for key: local_provider:media_remove:resume
04-18 09:53:50.534  6618 17074 D CloseableReentrantLock: Successfully released lock com.android.providers.media.photopicker.sync.CloseableReentrantLock@fe274c4[Unlocked]. Lock Name = CLOUD_PROVIDER_LOCK. Threads that may be waiting to acquire this lock = []
04-18 09:53:50.535  3518  7417 D SyncManager: userId - 0 auto - true
04-18 09:53:50.535  6618 17074 D PickerNotificationSender: Sending a notification for media update
04-18 09:53:50.535  3518  7417 D SyncManager: userId - 0 auto - true
04-18 09:53:50.536  6618 17074 D PickerNotificationSender: Sending a notification for merged album media update Favorites
04-18 09:53:50.536  6618 17074 D PickerNotificationSender: Sending a notification for album media update Favorites
04-18 09:53:50.536  3518  7417 D SyncManager: userId - 0 auto - true
04-18 09:53:50.536  6618 17074 D PickerNotificationSender: Sending a notification for merged album media update Videos
04-18 09:53:50.536  6618 17074 D PickerNotificationSender: Sending a notification for album media update Videos
04-18 09:53:50.536  3518  7417 D SyncManager: userId - 0 auto - true
04-18 09:53:50.536  6618 17074 I PickerSyncController: Paged sync successful. QueryArgs: Bundle[{android.provider.extra.SYNC_GENERATION=1346, android.provider.extra.PAGE_SIZE=1000}] Total Rows: 1
04-18 09:53:50.536  6618 17074 I PickerSyncTracker: Marked sync future complete for work id: 83e64921-1b4c-479f-98f1-745148ce857d. Future map: {}
04-18 09:53:50.536  6618 17074 I PSyncWorker: Completed picker proactive sync complete from local provider.
04-18 09:53:50.537  6618  6772 I WM-WorkerWrapper: Worker result SUCCESS for Work [ id=83e64921-1b4c-479f-98f1-745148ce857d, tags={ com.android.providers.media.photopicker.sync.ProactiveSyncWorker } ]
04-18 09:53:50.537  6618  6618 D WM-Processor: Processor 83e64921-1b4c-479f-98f1-745148ce857d executed; reschedule = false
04-18 09:53:50.538  6618  6618 D WM-GreedyScheduler: Stopping tracking for WorkGenerationalId(workSpecId=83e64921-1b4c-479f-98f1-745148ce857d, generation=0)
04-18 09:53:50.539  6618  6772 D WM-GreedyScheduler: Cancelling work ID 83e64921-1b4c-479f-98f1-745148ce857d
04-18 09:53:50.540  6618  6772 D WM-GreedyScheduler: Ignoring {WorkSpec: 03999ae1-0f69-49c4-b27b-f45ee3e0becf}. Requires device idle.
04-18 09:53:50.540  6618  6772 D WM-GreedyScheduler: Ignoring {WorkSpec: e727c791-5db4-4a24-9659-6d28543ee9cd}. Requires device idle.
04-18 09:53:50.540  6618  6772 D WM-GreedyScheduler: Ignoring {WorkSpec: 75c8c293-6b92-427c-9906-8a67e6e0f12b}. Requires device idle.
04-18 09:53:50.540  6618  6772 D WM-BrdcstRcvrCnstrntTrc: BatteryNotLowTracker: unregistering receiver
04-18 09:53:50.575 25231 25443 I SSS@search user 0: (BaseCollector::GALLERY) doesDataKeepChanging: postpone count: 0 - source count: very first = 6, previous = 6, current = 5
04-18 09:53:50.663  3518  8250 D SemWifiUsabilityStatsMonitor: onWifiUsabilityStats - seqNum 389935, isSameBssidAndFreq true
04-18 09:53:50.663  3518  4966 I SemWifiLinkQualityMonitor: Link stat: 2106 / 198 / 1.07 (15) / 573 / -54.0 || 100.0 : 573.00 / 0.5 : 0.93 / 0.55 : 0.09 / G (G) || 5ab531545660: 0.093 / 85.623 / N / V || N N / 0 0 / Y 2.0 / Y -1 0.000 0.000 / Y / X 0 / 1307913846 0 0 || Invalid
04-18 09:53:50.664  3518  4986 W PackageConfigPersister: App-specific configuration not found for packageName: com.sec.android.app.launcher and userId: 0
04-18 09:53:50.664  3518  4986 D SGM:GameManager: identifyGamePackage. com.sec.android.app.launcher, mCurrentUserId: 0, callingMethodInfo: com.samsung.android.game.SemGameManager.isGamePackage(SemGameManager.java:106)
04-18 09:53:50.664  3518  4986 D SGM:SemGameManager: isGamePackage(), pkgName=com.sec.android.app.launcher, ret=false
04-18 09:53:50.665  3518  4968 I SemInsManager: 5ab531545 | X,0,0,0,0,0,600,600,null,N,Y,Y,0 | X, X, X | X,X,X,X,X
04-18 09:53:50.849  3518  4874 D InetDiagMessage: Destroyed 0 sockets, proto=IPPROTO_TCP, family=AF_INET, states=14
04-18 09:53:50.851  3518  4874 D InetDiagMessage: Destroyed 2 sockets, proto=IPPROTO_TCP, family=AF_INET6, states=14
04-18 09:53:50.851  3518  4874 D InetDiagMessage: Destroyed live tcp sockets for uids={10358} in 3ms
04-18 09:53:50.852  3518  4874 D InetDiagMessage: Destroyed 0 sockets, proto=IPPROTO_TCP, family=AF_INET, states=14
04-18 09:53:50.854  3518  4874 D InetDiagMessage: Destroyed 0 sockets, proto=IPPROTO_TCP, family=AF_INET6, states=14
04-18 09:53:50.854  3518  4874 D InetDiagMessage: Destroyed live tcp sockets for uids={20358} in 3ms
04-18 09:53:50.855  3518  4874 D InetDiagMessage: Destroyed 0 sockets, proto=IPPROTO_TCP, family=AF_INET, states=14
04-18 09:53:50.856  3518  4874 D InetDiagMessage: Destroyed 0 sockets, proto=IPPROTO_TCP, family=AF_INET6, states=14
04-18 09:53:50.856  3518  4874 D InetDiagMessage: Destroyed live tcp sockets for uids={10287} in 2ms
04-18 09:53:50.857  3518  4874 D InetDiagMessage: Destroyed 0 sockets, proto=IPPROTO_TCP, family=AF_INET, states=14
04-18 09:53:50.858  3518  4874 D InetDiagMessage: Destroyed 0 sockets, proto=IPPROTO_TCP, family=AF_INET6, states=14
04-18 09:53:50.858  3518  4874 D InetDiagMessage: Destroyed live tcp sockets for uids={20287} in 2ms
04-18 09:53:50.859  3518  4874 D InetDiagMessage: Destroyed 0 sockets, proto=IPPROTO_TCP, family=AF_INET, states=14
04-18 09:53:50.860  3518  4874 D InetDiagMessage: Destroyed 0 sockets, proto=IPPROTO_TCP, family=AF_INET6, states=14
04-18 09:53:50.860  3518  4874 D InetDiagMessage: Destroyed live tcp sockets for uids={10199} in 2ms
04-18 09:53:50.861  3518  4874 D InetDiagMessage: Destroyed 0 sockets, proto=IPPROTO_TCP, family=AF_INET, states=14
04-18 09:53:50.862  3518  4874 D InetDiagMessage: Destroyed 0 sockets, proto=IPPROTO_TCP, family=AF_INET6, states=14
04-18 09:53:50.862  3518  4874 D InetDiagMessage: Destroyed live tcp sockets for uids={20199} in 2ms
04-18 09:53:50.865  2375  3596 I thermal_core: pivot(AP) : 340, skin : 323
04-18 09:53:50.865  2375  3596 I vendor.samsung.hardware.thermal-service: index = 20.600000
04-18 09:53:50.865  2375  3596 I vendor.samsung.hardware.thermal-service: 2 / 10
04-18 09:53:51.005  3518  7417 W PackageConfigPersister: App-specific configuration not found for packageName: com.sec.android.app.launcher and userId: 0
04-18 09:53:51.005  3518  4964 I SemWifiServiceDetector: NSD results: [0, 1, 2, 0, 0, 0, -1, 0, 0] Traff. type 3 Thr 0
04-18 09:53:51.012  3518  4949 W PackageConfigPersister: App-specific configuration not found for packageName: com.sec.android.app.launcher and userId: 0
04-18 09:53:51.229  3518  7417 D InputDispatcher: Inject key (17094/2000): action=0, f=0x0, d=-1, time=1307914412000000
04-18 09:53:51.229  3518  7417 D InputManager-JNI: !@interceptKeyBeforeQueueing(0), action=0, interactive=true
04-18 09:53:51.229  3518  7417 D PhoneWindowManager: interceptKeyTq keycode=3 interactive=true keyguardActive=false policyFlags=2b000000
04-18 09:53:51.229  3518  7417 D SingleKeyGesture: interceptKeyDown, info : KeyCode=KEYCODE_UNKNOWN, size=0
04-18 09:53:51.229  3518  7417 D PhoneWindowManagerExt: interceptKeyTq code=3 down=true repeatCount=0 displayId=-1 interactive=true powerCombination=false
04-18 09:53:51.229  3518  7417 D PhoneWindowManager: interceptKeyTq interceptKeyResult=1
04-18 09:53:51.229  3518  7417 D InputManager-JNI: !@handleInterceptActions(0), action=0, wmActions=1
04-18 09:53:51.230  3518  4010 D PowerManagerService: [api] userActivityFromNative : button displayId=0 eventTime=1307914412
04-18 09:53:51.230  3518  4010 D PhoneWindowManager: interceptKeyTi keyCode=3 action=0 repeatCount=0 keyguardOn=false canceled=false
04-18 09:53:51.230  3518  4010 D PhoneWindowManagerExt: interceptKeyTi code=3 down=true repeatCount=0 displayId=0 interactive=true
04-18 09:53:51.230  3518  4010 D PhoneWindowManagerExt: startSearcleByHomeKey, down=true longPress=false displayId=0
04-18 09:53:51.230  3518  4010 D StatusBarManagerService: startSearcleByHomeKey down=true longPress=false
04-18 09:53:51.230  5098  5098 D SearcleManager: startSearcleByHomeKey down = true, longPress = false
04-18 09:53:51.230  3518  7417 D InputDispatcher: Inject key (17094/2000): action=1, f=0x0, d=-1, time=1307914413000000
04-18 09:53:51.230  3518  7417 D InputManager-JNI: !@interceptKeyBeforeQueueing(0), action=1, interactive=true
04-18 09:53:51.230  3518  7417 D PhoneWindowManager: interceptKeyTq keycode=3 interactive=true keyguardActive=false policyFlags=2b000000
04-18 09:53:51.230  3518  7417 D PhoneWindowManagerExt: interceptKeyTq code=3 down=false repeatCount=0 displayId=-1 interactive=true powerCombination=false
04-18 09:53:51.230  3518  7417 D PhoneWindowManager: interceptKeyTq interceptKeyResult=1
04-18 09:53:51.230  3518  7417 D InputManager-JNI: !@handleInterceptActions(0), action=1, wmActions=1
04-18 09:53:51.230  3518  4010 D PhoneWindowManager: interceptKeyTi keyCode=3 action=1 repeatCount=0 keyguardOn=false canceled=false
04-18 09:53:51.230  3518  4010 D PhoneWindowManagerExt: interceptKeyTi code=3 down=false repeatCount=0 displayId=0 interactive=true
04-18 09:53:51.230  3518  4010 D PhoneWindowManagerExt: startSearcleByHomeKey, down=false longPress=false displayId=0
04-18 09:53:51.230  3518  4010 D StatusBarManagerService: startSearcleByHomeKey down=false longPress=false
04-18 09:53:51.230  5098  5098 D SearcleManager: startSearcleByHomeKey down = false, longPress = false
04-18 09:53:51.230  5098  5098 D SearcleManager: startSearcleByHomeKey currentDownCount = 0 tipShownCount = 2 
04-18 09:53:51.230  5098  5098 D SearcleManager: startSearcleByHomeKey isInstalledCTSApp = UNINSTALLED
04-18 09:53:51.231  3518  3666 D PowerManagerService: [api] userActivity : other (uid: 1000 pid: 3518) <- awaken() in com.android.server.dreams.DreamManagerService$BinderService:25 displayId=0 eventTime=1307914414
04-18 09:53:51.231  3518  3666 D PhoneWindowManagerExt: startDockOrHome, Callers=com.android.server.policy.PhoneWindowManager.startDockOrHome:136 com.android.server.policy.PhoneWindowManager.launchHomeFromHotKey:218 com.android.server.policy.PhoneWindowManager.handleShortPressOnHome:59 com.android.server.policy.PhoneWindowManager$DisplayHomeButtonHandler$$ExternalSyntheticLambda0.run:154 android.os.Handler.handleCallback:1070 android.os.Handler.dispatchMessage:125 android.os.Looper.dispatchMessage:358 android.os.Looper.loopOnce:288 android.os.Looper.loop:392 android.os.HandlerThread.run:139 
04-18 09:53:51.231  3518  3666 D PhoneWindowManager: startDockOrHome: startReason= startDockOrHome
04-18 09:53:51.232  5098  5098 V ShellDragAndDrop: Receive android.intent.action.CLOSE_SYSTEM_DIALOGS
04-18 09:53:51.232  5098  5136 V ShellDragAndDrop: Do not update drop target window visibility: window is already set to 4.
04-18 09:53:51.232  5098  5098 D PopupUI.PopupUI: PopupUIReceiver.onReceive() action : android.intent.action.CLOSE_SYSTEM_DIALOGS
04-18 09:53:51.233  3518  3666 W ActivityTaskManager: callingPackage for (uid=-1, pid=0) has no WPC
04-18 09:53:51.233  3518  3666 V WindowManager: DesktopModeLaunchParamsModifier: phase= 0 task=null activity=null display-area-token-from-option=DefaultTaskDisplayArea_d0@232835871 display-id=0 task-display-area-windowing-mode=1 suggested-display-area=DefaultTaskDisplayArea_d0@232835871 task null, skipping
04-18 09:53:51.233  3518  3666 V WindowManager: TaskLaunchParamsModifier:phase=0 task=null activity=null display-area-token-from-option=DefaultTaskDisplayArea_d0@232835871 display-id=0 task-display-area-windowing-mode=1 suggested-display-area=DefaultTaskDisplayArea_d0@232835871
04-18 09:53:51.233  3518  3666 W ActivityStartInterceptor: Starting home with component specified, uid=0
04-18 09:53:51.233  7452  7452 I SAMSUNGWALLET: [Hint_IntroHintService] onReceive() action=android.intent.action.CLOSE_SYSTEM_DIALOGS
04-18 09:53:51.233  5098  5098 D SimTrayProtectionViewModel: dismiss : isFoldedState()falseisRemoveSimtray() : true
04-18 09:53:51.233  5098  5098 D LocationControllerImpl: onReceive() = android.intent.action.CLOSE_SYSTEM_DIALOGS
04-18 09:53:51.233  7857 15981 I HoneySpace.OneUiSpace: received close system dialog reason=homekey
04-18 09:53:51.233  3518  3666 E TransitionChain: Likely improperly balanced ActionChain: [finishTransitionInner]
04-18 09:53:51.233  3518  3666 E TransitionChain: android.util.Log$TerribleFailure: Likely improperly balanced ActionChain: [finishTransitionInner]
04-18 09:53:51.233  3518  3666 E TransitionChain: 	at android.util.Log.wtf(Log.java:466)
04-18 09:53:51.233  3518  3666 E TransitionChain: 	at android.util.Slog.wtfStack(Slog.java:349)
04-18 09:53:51.233  3518  3666 E TransitionChain: 	at com.android.server.wm.ActionChain$Tracker.makeChain(qb/107044592 550dcb89f8e2393d7521f70c682252e5eaf8c2937577d531e8c495bb7390f10e:126)
04-18 09:53:51.233  3518  3666 E TransitionChain: 	at com.android.server.wm.ActionChain$Tracker.startTransit(qb/107044592 550dcb89f8e2393d7521f70c682252e5eaf8c2937577d531e8c495bb7390f10e:12)
04-18 09:53:51.233  3518  3666 E TransitionChain: 	at com.android.server.wm.ActivityStarter.executeRequest(qb/107044592 550dcb89f8e2393d7521f70c682252e5eaf8c2937577d531e8c495bb7390f10e:3689)
04-18 09:53:51.233  3518  3666 E TransitionChain: 	at com.android.server.wm.ActivityStarter.execute(qb/107044592 550dcb89f8e2393d7521f70c682252e5eaf8c2937577d531e8c495bb7390f10e:1751)
04-18 09:53:51.233  3518  3666 E TransitionChain: 	at com.android.server.wm.RootWindowContainer.startHomeOnTaskDisplayArea(qb/107044592 550dcb89f8e2393d7521f70c682252e5eaf8c2937577d531e8c495bb7390f10e:387)
04-18 09:53:51.233  3518  3666 E TransitionChain: 	at com.android.server.wm.RootWindowContainer$$ExternalSyntheticLambda39.apply(qb/107044592 550dcb89f8e2393d7521f70c682252e5eaf8c2937577d531e8c495bb7390f10e:20)
04-18 09:53:51.233  3518  3666 E TransitionChain: 	at com.android.server.wm.TaskDisplayArea.reduceOnAllTaskDisplayAreas(qb/107044592 550dcb89f8e2393d7521f70c682252e5eaf8c2937577d531e8c495bb7390f10e:7)
04-18 09:53:51.233  3518  3666 E TransitionChain: 	at com.android.server.wm.DisplayArea.reduceOnAllTaskDisplayAreas(qb/107044592 550dcb89f8e2393d7521f70c682252e5eaf8c2937577d531e8c495bb7390f10e:42)
04-18 09:53:51.233  3518  3666 E TransitionChain: 	at com.android.server.wm.DisplayArea.reduceOnAllTaskDisplayAreas(qb/107044592 550dcb89f8e2393d7521f70c682252e5eaf8c2937577d531e8c495bb7390f10e:42)
04-18 09:53:51.233  3518  3666 E TransitionChain: 	at com.android.server.wm.DisplayArea.reduceOnAllTaskDisplayAreas(qb/107044592 550dcb89f8e2393d7521f70c682252e5eaf8c2937577d531e8c495bb7390f10e:42)
04-18 09:53:51.233  3518  3666 E TransitionChain: 	at com.android.server.wm.DisplayArea.reduceOnAllTaskDisplayAreas(qb/107044592 550dcb89f8e2393d7521f70c682252e5eaf8c2937577d531e8c495bb7390f10e:42)
04-18 09:53:51.233  3518  3666 E TransitionChain: 	at com.android.server.wm.DisplayArea.reduceOnAllTaskDisplayAreas(qb/107044592 550dcb89f8e2393d7521f70c682252e5eaf8c2937577d531e8c495bb7390f10e:42)
04-18 09:53:51.233  3518  3666 E TransitionChain: 	at com.android.server.wm.WindowContainer.reduceOnAllTaskDisplayAreas(qb/107044592 550dcb89f8e2393d7521f70c682252e5eaf8c2937577d531e8c495bb7390f10e:4)
04-18 09:53:51.233  3518  3666 E TransitionChain: 	at com.android.server.wm.RootWindowContainer.startHomeOnDisplay(qb/107044592 550dcb89f8e2393d7521f70c682252e5eaf8c2937577d531e8c495bb7390f10e:44)
04-18 09:53:51.233  3518  3666 E TransitionChain: 	at com.android.server.policy.PhoneWindowManager.startDockOrHome(qb/107044592 550dcb89f8e2393d7521f70c682252e5eaf8c2937577d531e8c495bb7390f10e:280)
04-18 09:53:51.233  3518  3666 E TransitionChain: 	at com.android.server.policy.PhoneWindowManager.launchHomeFromHotKey(qb/107044592 550dcb89f8e2393d7521f70c682252e5eaf8c2937577d531e8c495bb7390f10e:218)
04-18 09:53:51.233  3518  3666 E TransitionChain: 	at com.android.server.policy.PhoneWindowManager.handleShortPressOnHome(qb/107044592 550dcb89f8e2393d7521f70c682252e5eaf8c2937577d531e8c495bb7390f10e:59)
04-18 09:53:51.233  3518  3666 E TransitionChain: 	at com.android.server.policy.PhoneWindowManager$DisplayHomeButtonHandler$$ExternalSyntheticLambda0.run(qb/107044592 550dcb89f8e2393d7521f70c682252e5eaf8c2937577d531e8c495bb7390f10e:154)
04-18 09:53:51.233  3518  3666 E TransitionChain: 	at android.os.Handler.handleCallback(Handler.java:1070)
04-18 09:53:51.233  3518  3666 E TransitionChain: 	at android.os.Handler.dispatchMessage(Handler.java:125)
04-18 09:53:51.233  3518  3666 E TransitionChain: 	at android.os.Looper.dispatchMessage(Looper.java:358)
04-18 09:53:51.233  3518  3666 E TransitionChain: 	at android.os.Looper.loopOnce(Looper.java:288)
04-18 09:53:51.233  3518  3666 E TransitionChain: 	at android.os.Looper.loop(Looper.java:392)
04-18 09:53:51.233  3518  3666 E TransitionChain: 	at android.os.HandlerThread.run(HandlerThread.java:139)
04-18 09:53:51.233  3518  3666 E TransitionChain: 	at com.android.server.ServiceThread.run(ServiceThread.java:46)
04-18 09:53:51.233  3518  3666 E TransitionChain: 	at com.android.server.UiThread.run(qb/107044592 550dcb89f8e2393d7521f70c682252e5eaf8c2937577d531e8c495bb7390f10e:16)
04-18 09:53:51.234  3518  3666 D WindowManager: Transition is created, t=TransitionRecord{7b0a16a id=-1 type=OPEN flags=0x0 parallelCollectType=NONE recentsDisplayId=-1}, caller=com.android.server.wm.Transition.<init>:201 com.android.server.wm.TransitionController.createAndStartCollecting:106 com.android.server.wm.ActivityStarter.executeRequest:3702 com.android.server.wm.ActivityStarter.execute:1751 com.android.server.wm.RootWindowContainer.startHomeOnTaskDisplayArea:387 
04-18 09:53:51.234  3518  3666 D BLASTSyncEngine: SyncGroup is created, id=998, name=Transition-OPEN, caller=com.android.server.wm.BLASTSyncEngine.prepareSyncSet:60 com.android.server.wm.TransitionController.moveToCollecting:67 com.android.server.wm.TransitionController.createAndStartCollecting:109 com.android.server.wm.ActivityStarter.executeRequest:3702 com.android.server.wm.ActivityStarter.execute:1751 com.android.server.wm.RootWindowContainer.startHomeOnTaskDisplayArea:387 com.android.server.wm.RootWindowContainer$$ExternalSyntheticLambda39.apply:20 
04-18 09:53:51.234  3518  3666 W BLASTSyncEngine: setSyncMethod, id=998, method=0, caller=com.android.server.wm.TransitionController.moveToCollecting:80 com.android.server.wm.TransitionController.createAndStartCollecting:109 com.android.server.wm.ActivityStarter.executeRequest:3702 
04-18 09:53:51.234  3518  3666 V WindowManager: Start collecting in Transition: TransitionRecord{7b0a16a id=998 type=OPEN flags=0x0 parallelCollectType=NONE recentsDisplayId=-1}, caller=com.android.server.wm.TransitionController.createAndStartCollecting:109 com.android.server.wm.ActivityStarter.executeRequest:3702 com.android.server.wm.ActivityStarter.execute:1751 com.android.server.wm.RootWindowContainer.startHomeOnTaskDisplayArea:387 com.android.server.wm.RootWindowContainer$$ExternalSyntheticLambda39.apply:20 
04-18 09:53:51.234  3518  3666 V WindowManager: Collecting in transition 998: ActivityRecord{157234779 u0 com.sec.android.app.launcher/.activities.LauncherActivity, caller=com.android.server.wm.TransitionController.collect:7 com.android.server.wm.ActivityStarter.startActivityUnchecked:98 com.android.server.wm.ActivityStarter.executeRequest:3754 com.android.server.wm.ActivityStarter.execute:1751 com.android.server.wm.RootWindowContainer.startHomeOnTaskDisplayArea:387 
04-18 09:53:51.234  3518  3666 V WindowManager: DesktopModeLaunchParamsModifier: phase= 0 task=null activity=ActivityRecord{157234779 u0 com.sec.android.app.launcher/.activities.LauncherActivity t-1} display-area-token-from-option=DefaultTaskDisplayArea_d0@232835871 display-id=0 task-display-area-windowing-mode=1 suggested-display-area=DefaultTaskDisplayArea_d0@232835871 task null, skipping
04-18 09:53:51.234  3518  3666 V WindowManager: TaskLaunchParamsModifier:phase=0 task=null activity=ActivityRecord{157234779 u0 com.sec.android.app.launcher/.activities.LauncherActivity t-1} display-area-token-from-option=DefaultTaskDisplayArea_d0@232835871 display-id=0 task-display-area-windowing-mode=1 suggested-display-area=DefaultTaskDisplayArea_d0@232835871
04-18 09:53:51.234  3518  3666 V WindowManager: DesktopModeLaunchParamsModifier: phase= 3 task=Task{c283a93 #44 type=home I=com.sec.android.app.launcher/.activities.LauncherActivity} activity=ActivityRecord{157234779 u0 com.sec.android.app.launcher/.activities.LauncherActivity t-1} display-area-token-from-option=DefaultTaskDisplayArea_d0@232835871 display-id=0 task-display-area-windowing-mode=1 suggested-display-area=DefaultTaskDisplayArea_d0@232835871 non-desktop, skipping
04-18 09:53:51.234  3518  3666 V WindowManager: TaskLaunchParamsModifier:phase=3 task=Task{c283a93 #44 type=home I=com.sec.android.app.launcher/.activities.LauncherActivity} activity=ActivityRecord{157234779 u0 com.sec.android.app.launcher/.activities.LauncherActivity t-1} display-area-token-from-option=DefaultTaskDisplayArea_d0@232835871 display-id=0 task-display-area-windowing-mode=1 suggested-display-area=DefaultTaskDisplayArea_d0@232835871 non-freeform-task-display-area display-area=DefaultTaskDisplayArea_d0@232835871 default-portrait freeform-size-mismatch=Rect(81, 570 - 999, 1740)
04-18 09:53:51.235  7857 29414 I HoneySpace.LauncherProvider: call - android.uid.systemui:10048, get_internal_Dex_status, internal_dex_status
04-18 09:53:51.235  7857 29414 I HoneySpace.ExternalMethodItem: updateRefsItemsByEntryPoints. HoneySpaceInfo(name=OneUI, displayId=0)
04-18 09:53:51.235  3518  3666 V WindowManager: DesktopModeLaunchParamsModifier: phase= 3 task=Task{c283a93 #44 type=home I=com.sec.android.app.launcher/.activities.LauncherActivity} activity=ActivityRecord{157234779 u0 com.sec.android.app.launcher/.activities.LauncherActivity t-1} display-area-token-from-option=DefaultTaskDisplayArea_d0@232835871 display-id=0 task-display-area-windowing-mode=1 suggested-display-area=DefaultTaskDisplayArea_d0@232835871 non-desktop, skipping
04-18 09:53:51.235  3518  3666 V WindowManager: TaskLaunchParamsModifier:phase=3 task=Task{c283a93 #44 type=home I=com.sec.android.app.launcher/.activities.LauncherActivity} activity=ActivityRecord{157234779 u0 com.sec.android.app.launcher/.activities.LauncherActivity t-1} display-area-token-from-option=DefaultTaskDisplayArea_d0@232835871 display-id=0 task-display-area-windowing-mode=1 suggested-display-area=DefaultTaskDisplayArea_d0@232835871 non-freeform-task-display-area display-area=DefaultTaskDisplayArea_d0@232835871 default-portrait freeform-size-mismatch=Rect(81, 570 - 999, 1740)
04-18 09:53:51.235  5098  5098 D SecMultiSIMPreferredBarViewModel: onReceive() - action = android.intent.action.CLOSE_SYSTEM_DIALOGS
04-18 09:53:51.235  5098  5098 D SecMultiSIMPreferredBarViewModel: Received broadcast that should dismiss popup: android.intent.action.CLOSE_SYSTEM_DIALOGS
04-18 09:53:51.235  5098  5098 D SecVolume.VolumePanelStore: dispatch [ACTION_DISMISS_REQUESTED with [STATE_NO_DISPATCH], currentAction={isFromOutside : true}, currentState={activeStream=3(vol=1500), stream=3(vol=1500) } isSetupWizardComplete : true, isConfigurationChanged : true, isVoiceCapable : true, isHasVibrator : true, isMediaDefaultEnabled : true, timeOutControls : 0, stream : 3, activeStream : 3, iconTargetState : 1, timeOut : 3000, timeOutControlsText : 0, pinDevice : 0, earProtectLevel : 909, cutoutHeight : 0, iconCurrentState : 1, ringerModeInternal : 1, systemTimeNow : 1307786145}
04-18 09:53:51.235  5098  5098 D SecVolume.VolumePanelStore:   > New State : [STATE_NO_DISPATCH]
04-18 09:53:51.235  3518  3666 D WindowManager: Aborting Transition: 998 in state 0 called from com.android.server.wm.ActivityStarter.handleStartResult:867
04-18 09:53:51.235  3518  3666 V WindowManager: SyncGroup 998: Finished!
04-18 09:53:51.235  3518  3666 D PhoneWindowManager: transition/occluded commit occluded=false changed=false
04-18 09:53:51.235  3518  3666 D PhoneWindowManager: setKeyguardOccluded occluded=false
04-18 09:53:51.235  5098  5211 I KeyguardService: setOccluded isOccluded=false animate=false
04-18 09:53:51.235  5098  5211 D KeyguardService: setOccluded(false)
04-18 09:53:51.236  3518  3666 W PackageConfigPersister: App-specific configuration not found for packageName: com.sec.android.app.launcher and userId: 0
04-18 09:53:51.236  3518  3666 W PackageConfigPersister: App-specific configuration not found for packageName: com.sec.android.app.launcher and userId: 0
04-18 09:53:51.236  5098  5098 D KeyguardViewMediator: handleMessage 9
04-18 09:53:51.236  5098  5098 D KeyguardViewMediator: handleSetOccluded(false) seq=151
04-18 09:53:51.236  3518  3666 I Pageboost: stop alp
04-18 09:53:51.236  5098  5098 D KeyguardViewMediator: isOccluded=false,mPowerGestureIntercepted=false
04-18 09:53:51.236  5098  5098 D KeyguardViewMediator: KeyguardViewMediator queue processing message: SET_OCCLUDED
04-18 09:53:51.236  3518  3666 I ActivityTaskManager: START u0 {act=android.intent.action.MAIN cat=[android.intent.category.HOME] flg=0x10000100 cmp=com.sec.android.app.launcher/.activities.LauncherActivity (has extras)} with LAUNCH_SINGLE_TASK from uid 0 (BAL_ALLOW_ALLOWLISTED_UID) result code=3
04-18 09:53:51.236  6003  6003 E pageboostd: Received HALT command code 2
04-18 09:53:51.236  7857  7857 I HoneySpace.Launcher: !@Boot_EBS_D: Launcher.onPause()
04-18 09:53:51.236  7857 14828 I HoneySpace.SPayHandler: skip update when launcher activity is paused
04-18 09:53:51.236  7857  7857 I HoneySpace.Launcher: updateLauncherShowing true -> false
04-18 09:53:51.236  7857  7857 I HoneySpace.HotseatAdapter: updateDragOperator - HotseatOnHomeDragOperator
04-18 09:53:51.236  7857  7857 E HoneySpace.HotseatPot@160959436: Illegal access
04-18 09:53:51.237  7857  7857 I HoneySpace.OneUiSpace: onNewIntent() intent: Intent { act=android.intent.action.MAIN cat=[android.intent.category.HOME] flg=0x10000100 cmp=com.sec.android.app.launcher/.activities.LauncherActivity (has extras) }
04-18 09:53:51.237  7857  7857 I HoneySpace.OneUiSpace: isLaunchAllAppsAction() action: null, isHomeOnly: false, currentHoneyScreen: HOME
04-18 09:53:51.237  7857  7857 I HoneySpace.HomescreenPot: onHomeKeyClick
04-18 09:53:51.237  7857  7857 I HoneySpace.DiscoverPageMover: closeMinusOnePage : isSwipe true
04-18 09:53:51.237  7857  7857 I HoneySpace.WorkspacePot: moveHomePage
04-18 09:53:51.237  5098  5136 D WindowManagerShell: onActivityRestartAttempt: topActivity=ComponentInfo{com.sec.android.app.launcher/com.sec.android.app.launcher.Launcher}, wasVisible=true, displayId=0, pipDisplayLayoutState#displayId=0
04-18 09:53:51.237  7857  7857 I HoneySpace.HomescreenPot: changeState, com.honeyspace.sdk.HomeScreen$Normal@dc8a5a3, cancelOpen: false reapplyState: false
04-18 09:53:51.237  7857  8317 I HoneySpace.SALoggingUtils: SA Logging screenID: 201 eventId: 2006 detail: {det=2} value: -1
04-18 09:53:51.237  7857  7857 I HoneySpace.HomescreenPot: updateChangeState? false, changedState = com.honeyspace.sdk.HomeScreen$Normal@dc8a5a3
04-18 09:53:51.237  7857  7857 I HoneySpace.BackgroundManagerImpl: checkAndUpdateBackgroundEffect: com.honeyspace.sdk.HomeScreen$Normal@dc8a5a3, ch=132969574, forceApply=false
04-18 09:53:51.237  7857  7857 I HoneySpace.Launcher: !@Boot_EBS_D: Launcher.onResume()
04-18 09:53:51.237  7857  3349 I HoneySpace.Memory-Monitor: cancelTrimIfNeeded
04-18 09:53:51.237  7857  7857 I HoneySpace.Launcher: updateLauncherShowing false -> true
04-18 09:53:51.237  7857 15981 I HoneySpace.Memory-Monitor: updateMaxHeap isHighScreenSize=false
04-18 09:53:51.237  7857 15981 I HoneySpace.Memory-Monitor: PROPERTY_HOME_MEMORY_CACHE_LEVEL: -1
04-18 09:53:51.237  7857 15981 I HoneySpace.Memory-Monitor: updateGraphicResourceCache curMemoryCacheLevel=1
04-18 09:53:51.237  7857  7857 I HoneySpace.HotseatAdapter: updateDragOperator - HotseatOnHomeDragOperator
04-18 09:53:51.237  7857  7857 E HoneySpace.HotseatPot@160959436: Illegal access
04-18 09:53:51.237  7857  9673 I HoneySpace.PredictionDataSourceImpl: requestPredictionUpdate 0 true
04-18 09:53:51.237  7857  7857 I HoneySpace.ShellTransitionManager: myHomeResumed
04-18 09:53:51.237  7857  7857 I HoneySpace.WorkspacePot: startWidgetListening
04-18 09:53:51.237  7857  7857 I HoneySpace.ResumeTimer: last resume updated : 1307914420
04-18 09:53:51.238  7857  7857 I SearchHoneyPot: onViewCreated: onResume
04-18 09:53:51.238  7857  7857 I HoneySpace.SearchScreenController: initialize: M3.p@52e74e0
04-18 09:53:51.238  7857  7857 I HoneySpace.SearchUI: resetTransition
04-18 09:53:51.238  7857  7857 I FeatureUtils: Rune : trueisAiosScreenType : true
04-18 09:53:51.238  7857  7857 I HoneySpace.SearchUI: updateSearchBarEffect true true null true 255 Rect(0, 0 - 0, 0) false
04-18 09:53:51.238  7857  7857 I FeatureUtils: Rune : trueisAiosScreenType : true
04-18 09:53:51.238  7857  7857 I HoneySpace.WorkspaceFastRecyclerView: goToDefaultPage
04-18 09:53:51.238  7857  9673 I HoneySpace.PredictionDataSourceImpl: requestPredictionUpdate 1 true
04-18 09:53:51.240  2427  4142 I SurfaceFlinger: Current= 240, Period= 240, Distance= 1
04-18 09:53:51.241  3518  3669 I SurfaceControlRegistry: apply, t=AbortTransition_SyncId<998>, caller=android.view.SurfaceControl$Transaction.apply:3578 android.view.SurfaceControl$Transaction.apply:3566 android.view.SurfaceControl$Transaction.apply:3516 com.android.server.wm.WindowAnimator.animate:468 com.android.server.wm.WindowAnimator$$ExternalSyntheticLambda1.doFrame:14 android.view.Choreographer$CallbackRecord.run:1959 
04-18 09:53:51.242  7857  8409 I HoneySpace.SPayHandler: updateSpayHandler(), show = true, defaultPage = true, minusOnePage = false, e6.r.invokeSuspend(Unknown Source:81)
04-18 09:53:51.243  3518  4874 D InetDiagMessage: Destroyed 14 sockets, proto=IPPROTO_TCP, family=AF_INET, states=14
04-18 09:53:51.244  7452  7452 I SAMSUNGWALLET: [Hint_IntroHintService] onReceive() action=com.sec.android.app.launcher.intent.action.UPDATE_SPAY_HANDLER
04-18 09:53:51.244  7452  7452 I SAMSUNGWALLET: [Hint_IntroHintService] home change, s home : true , default : true , gesture : false , s result : true , prev : true
04-18 09:53:51.244  3518  4874 D InetDiagMessage: Destroyed 0 sockets, proto=IPPROTO_TCP, family=AF_INET6, states=14
04-18 09:53:51.244  3518  4874 D InetDiagMessage: Destroyed live tcp sockets for uids={10292} in 3ms
04-18 09:53:51.245  3518  4874 D InetDiagMessage: Destroyed 0 sockets, proto=IPPROTO_TCP, family=AF_INET, states=14
04-18 09:53:51.245  3518  4874 D InetDiagMessage: Destroyed 0 sockets, proto=IPPROTO_TCP, family=AF_INET6, states=14
04-18 09:53:51.245  3518  4874 D InetDiagMessage: Destroyed live tcp sockets for uids={20292} in 1ms
04-18 09:53:51.246  7857  9262 I HoneySpace.PredictionDataSourceImpl: TYPE_SUGGESTED_APPS updated: 9
04-18 09:53:51.247  7857  9255 I HoneySpace.PredictionDataSourceImpl: TYPE_RECOMMENDED_WIDGETS updated: 15
04-18 09:53:51.281 16977 16995 I MediaCodec: setCodecState state(0), called in 6, domain 1, 0
04-18 09:53:51.282  6799  6957 I SemMediaResourceHelper: onState
04-18 09:53:51.309  2331 17063 I HYPER-HAL: [RequestManager.cpp]releaseLocked(): Released ID : 5874878
04-18 09:53:51.352  2288  7744 I vendor.qti.bluetooth@1.0-ibs_handler: ProcessIbsCmd: Received IBS_WAKE_IND: 0xFD
04-18 09:53:51.352  2288  7744 D vendor.qti.bluetooth@1.0-ibs_handler: SerialClockVote: vote for UART CLK ON
04-18 09:53:51.352  2288  7744 D vendor.qti.bluetooth@1.0-wake_lock: Acquire wakelock is acquired 
04-18 09:53:51.352  2288  7744 I vendor.qti.bluetooth@1.0-ibs_handler: ProcessIbsCmd: Writing IBS_WAKE_ACK
04-18 09:53:51.361  5338  7794 I ScanController: onScanResult to scannerId: 8- eventType=0x10, addressType=1, address=XX:XX:XX:XX:CA:4B, primaryPhy=1, secondaryPhy=0, advertisingSid=0xff, txPower=127, rssi=-88, periodicAdvInt=0x0
04-18 09:53:51.369  2321 13351 I sensors-hal: handle_sns_std_sensor_event:401, [SSC_LIGHT] P: 490(490),c:3,b:98,m:0xd,cl:0,l:491,s:464,l0:6776,l1:336,s0:6375,s1:187,acl:1,opr:0.44,f(r):100,u(bl):100,if:100,sm:18,si:9,ps:464(N:64)
04-18 09:53:51.399  5338  7794 I ScanController: onScanResult to scannerId: 8- eventType=0x10, addressType=1, address=XX:XX:XX:XX:04:D5, primaryPhy=1, secondaryPhy=0, advertisingSid=0xff, txPower=127, rssi=-83, periodicAdvInt=0x0
04-18 09:53:51.439  2288  7744 I vendor.qti.bluetooth@1.0-ibs_handler: ProcessIbsCmd: Received IBS_SLEEP_IND: 0xFE
04-18 09:53:51.439  2288  7744 D vendor.qti.bluetooth@1.0-ibs_handler: SerialClockVote: vote for UART CLK OFF
04-18 09:53:51.442  2288  7744 I vendor.qti.bluetooth@1.0-ibs_handler: ProcessIbsCmd: Received IBS_WAKE_IND: 0xFD
04-18 09:53:51.443  2288  7744 D vendor.qti.bluetooth@1.0-ibs_handler: SerialClockVote: vote for UART CLK ON
04-18 09:53:51.443  2288  7744 I vendor.qti.bluetooth@1.0-ibs_handler: ProcessIbsCmd: Writing IBS_WAKE_ACK
04-18 09:53:51.446  5338  7794 I ScanController: onScanResult to scannerId: 8- eventType=0x10, addressType=1, address=XX:XX:XX:XX:87:08, primaryPhy=1, secondaryPhy=0, advertisingSid=0xff, txPower=127, rssi=-85, periodicAdvInt=0x0
04-18 09:53:51.460  5338  7794 I ScanController: onScanResult to scannerId: 3- eventType=0x1, addressType=1, address=XX:XX:XX:XX:C9:52, primaryPhy=1, secondaryPhy=1, advertisingSid=0x1, txPower=127, rssi=-51, periodicAdvInt=0x0
04-18 09:53:51.460 17000 17048 E SQLiteLog: (10) POSIX Error : 11 SQLite Error : 3850
04-18 09:53:51.460 17000 17048 E SQLiteLog: (10) LOCK : Getting pending lock for (1) failed due to (11). The current owner is (16876).
04-18 09:53:51.499  2288  7744 I vendor.qti.bluetooth@1.0-ibs_handler: ProcessIbsCmd: Received IBS_SLEEP_IND: 0xFE
04-18 09:53:51.499  2288  7744 D vendor.qti.bluetooth@1.0-ibs_handler: SerialClockVote: vote for UART CLK OFF
04-18 09:53:51.506  3518  7417 W PackageConfigPersister: App-specific configuration not found for packageName: com.sec.android.app.launcher and userId: 0
04-18 09:53:51.513  3518  4949 W PackageConfigPersister: App-specific configuration not found for packageName: com.sec.android.app.launcher and userId: 0
04-18 09:53:51.532  2288  7744 I vendor.qti.bluetooth@1.0-ibs_handler: ProcessIbsCmd: Received IBS_WAKE_IND: 0xFD
04-18 09:53:51.532  2288  7744 D vendor.qti.bluetooth@1.0-ibs_handler: SerialClockVote: vote for UART CLK ON
04-18 09:53:51.532  2288  7744 I vendor.qti.bluetooth@1.0-ibs_handler: ProcessIbsCmd: Writing IBS_WAKE_ACK
04-18 09:53:51.535  5338  7794 I ScanController: onScanResult to scannerId: 8- eventType=0x10, addressType=1, address=XX:XX:XX:XX:04:D5, primaryPhy=1, secondaryPhy=0, advertisingSid=0xff, txPower=127, rssi=-82, periodicAdvInt=0x0
04-18 09:53:51.543  1216  1216 D io_stats: !@   8,0 r 7917420 227054680 w 8618487 96372108 d 1319653 284993980 f 250399 1146050 iot 1300468 0 th 0 0 0 pt 0 inp 0 0 1307914.726
04-18 09:53:51.543  1216  1216 D io_stats: !@ Read_top(KB): kworker/u33:2:/(13178) 6656 kworker/u33:4:/(32308) 3896 kworker/u33:6:/(15190) 1792
04-18 09:53:51.543  1216  1216 D io_stats: !@ Write_top(KB): kworker/u33:4:/(32308) 12932 f2fs_ckpt-254:6:/(5754) 1148 kworker/5:3:/(14789) 576
04-18 09:53:51.543  1216  1216 D io_stats: !@ fuse-log: WORST (2000 35 11 2 8) (2000 10 7 2 4) (0 18 0 2 0) TOTAL_LATENCY (2000 18 35 11 2 10 7 2 1 0 2) (0 0 18 0 2) TOTAL_CNT (2000 20 25 3 63 3 1 2) (0 2 18 2) 
04-18 09:53:51.574  2288  7744 I vendor.qti.bluetooth@1.0-ibs_handler: ProcessIbsCmd: Received IBS_SLEEP_IND: 0xFE
04-18 09:53:51.574  2288  7744 D vendor.qti.bluetooth@1.0-ibs_handler: SerialClockVote: vote for UART CLK OFF
04-18 09:53:51.724  2288  5848 D vendor.qti.bluetooth@1.0-wake_lock: Release wakelock is released 
04-18 09:53:51.836  2361  5890 I StatsHandler: [avcE_245] Stats: Pending(0) i/p-done(0) Works: Q: 7055/Done 7055|Work-Rate: Q(2.1/s Avg=1.5/s) Done(11.822/s Avg=1.509/s)| Stream: 10.00fps 1.2Mbps
04-18 09:53:51.837  2361  5890 I StatsHandler: [avcE_245] Mem-usage:  [In-2D: 18 bufs 175.852 MB] [1D-331: 64 bufs 1.000 MB] [1D-332: 65 bufs 118.320 MB] | Total: 295.172 MB
04-18 09:53:51.837  2361  5890 I StatsHandler: [avcE_252] Stats: Pending(0) i/p-done(0) Works: Q: 1/Done 1|Work-Rate: Q(0.0/s Avg=0.4/s) Done(0.396/s Avg=0.388/s)| Stream: 30.00fps 0.0Kbps
04-18 09:53:51.837  2361  5890 I StatsHandler: [avcE_252] Mem-usage:  [In-2D: 1 bufs 9.836 MB] [1D-357: 8 bufs 0.125 MB] [1D-358: 7 bufs 12.906 MB] | Total: 22.867 MB
04-18 09:53:51.866  2375  3596 I thermal_core: pivot(AP) : 338, skin : 323
04-18 09:53:51.866  2375  3596 I vendor.samsung.hardware.thermal-service: index = 18.800000
04-18 09:53:51.866  2375  3596 I vendor.samsung.hardware.thermal-service: 3 / 10
04-18 09:53:51.872  3518  3681 I ActivityManager: Changes in 10150 5 to 15, 400 to 256
04-18 09:53:51.874  2416 18644 V APM_AudioPolicyManager: setAppState(portId:187, state:2)
04-18 09:53:51.892 16727 16678 D AidlBufferPool: bufferpool2 0xb400007254a6b338 : 0(0 size) total buffers - 0(0 size) used buffers - 487/499 (recycle/alloc) - 12/704 (fetch/transfer)
04-18 09:53:51.892 16727 16678 D AidlBufferPoolAcc: evictor expired: 1, evicted: 1
04-18 09:53:51.944  2361  3090 D AidlBufferPoolAcc: evictor expired: 3, evicted: 0
04-18 09:53:51.985 16113 16113 W libbinder.ServiceManagerCppClient: Service knoxztinternal didn't start. Returning NULL
04-18 09:53:51.985 16113 16113 D ScreenRecord: success
04-18 09:53:52.002  2361  6169 D AidlBufferPool: bufferpool2 0xb40000742de1c2a8 : 0(0 size) total buffers - 0(0 size) used buffers - 833/842 (recycle/alloc) - 15/836 (fetch/transfer)
04-18 09:53:52.002  2361  6169 D AidlBufferPool: Destruction - bufferpool2 0xb40000742de1c2a8 cached: 0/0M, 0/0% in use; allocs: 842, 99% recycled; transfers: 836, 98% unfetched
04-18 09:53:52.006  3518  5897 W PackageConfigPersister: App-specific configuration not found for packageName: com.sec.android.app.launcher and userId: 0
04-18 09:53:52.010  3518  3951 D ActivityManager: sync unfroze 29142 com.samsung.videoscan for 6
04-18 09:53:52.011  3518  3951 I ActivityManager: Changes in 10161 19 to 8, 0 to 384
