04-18 09:53:52.322 16300 22055 I AdrenoVK-0: ===== BEGIN DUMP OF OVERRIDDEN SETTINGS =====
04-18 09:53:52.322 16300 22055 I AdrenoVK-0: ===== END DUMP OF OVERRIDDEN SETTINGS =====
04-18 09:53:52.323  3518  3668 W PackageConfigPersister: App-specific configuration not found for packageName: com.sec.android.app.clockpackage and userId: 0
04-18 09:53:52.323  3518  7376 D SGM:GameManager: identifyForegroundApp. com.sec.android.app.clockpackage, mCurrentUserId: 0, callerUserId: 0
04-18 09:53:52.323 16300 22055 I AdrenoVK-0: QUALCOMM build          : c33dc624fb, I038b2eafab
04-18 09:53:52.323 16300 22055 I AdrenoVK-0: Build Date              : 02/04/26
04-18 09:53:52.323 16300 22055 I AdrenoVK-0: Shader Compiler Version : E031.50.19.13
04-18 09:53:52.323 16300 22055 I AdrenoVK-0: Local Branch            : 
04-18 09:53:52.323 16300 22055 I AdrenoVK-0: Remote Branch           : refs/tags/AU_LINUX_ANDROID_LA.VENDOR.16.2.0.11.00.00.1195.535
04-18 09:53:52.323 16300 22055 I AdrenoVK-0: Remote Branch           : NONE
04-18 09:53:52.323 16300 22055 I AdrenoVK-0: Reconstruct Branch      : NOTHING
04-18 09:53:52.323 16300 22055 I AdrenoVK-0: Build Config            : C P 20.0.0 AArch64
04-18 09:53:52.323 16300 22055 I AdrenoVK-0: Driver Path             : /vendor/lib64/hw/vulkan.adreno.so
04-18 09:53:52.323 16300 22055 I AdrenoVK-0: Driver Version          : 0842.19.7
04-18 09:53:52.323 16300 22055 I AdrenoVK-0: PFP                     : 0x01510594
04-18 09:53:52.323 16300 22055 I AdrenoVK-0: ME                      : 0x01510025
04-18 09:53:52.323 16300 22055 I AdrenoVK-0: Application Name    : android framework
04-18 09:53:52.323 16300 22055 I AdrenoVK-0: Process Name        : com.sec.android.app.clockpackage
04-18 09:53:52.323 16300 22055 I AdrenoVK-0: Application Version : 0x00000000
04-18 09:53:52.323 16300 22055 I AdrenoVK-0: Engine Name         : android framework
04-18 09:53:52.323 16300 22055 I AdrenoVK-0: Engine Version      : 0x00000000
04-18 09:53:52.323 16300 22055 I AdrenoVK-0: Api Version         : 0x00401000
04-18 09:53:52.323  3518  4940 D BackgroundInstallControlService: Package event received: 0
04-18 09:53:52.323  3518  4940 D BackgroundInstallControlService: Package event received: 0
04-18 09:53:52.323  7452  8297 I SAMSUNGWALLET: [Hint_SimpleHintProcessMonitor] isHomePackageRunning topPkgName = com.sec.android.app.clockpackage, topClsName = com.sec.android.app.clockpackage.ClockPackage, return false , se : false
04-18 09:53:52.323  3518  3668 I DisplayDeviceRepository: Display device changed render timings: "기본으로 제공되는 화면", renderFrameRate=120.00002, presentationDeadlineNanos=9333443, appVsyncOffsetNanos=8333111, frameRateOverrides=[{uid=10048 frameRateHz=120.00002}, {uid=10151 frameRateHz=120.00002}, {uid=10159 frameRateHz=120.00002}, {uid=10337 frameRateHz=120.00002}]
04-18 09:53:52.324  7857 16225 I HoneySpace.HistoryViewModel@157918506@OneUI: Illegal access. Unknown type. skip load history items
04-18 09:53:52.324  2427  2427 I SurfaceFlinger: [LayerHierarchy{RequestedLayerState{ImeContainer#15 parentId=94 relativeParentId=94 z=1} 1 children}] RelativeParent to null
04-18 09:53:52.326  3518  6944 W PackageConfigPersister: App-specific configuration not found for packageName: com.sec.android.app.clockpackage and userId: 0
04-18 09:53:52.326  7857  9673 I HoneySpace.Memory-Monitor: current state = 2, didTrim = false
04-18 09:53:52.326  5098  5098 D DisplayLifecycle: updateDisplay id = 0
04-18 09:53:52.326  3518  4940 D BackgroundInstallControlService: Package event received: 0
04-18 09:53:52.326  3518  4940 D BackgroundInstallControlService: Package event received: 0
04-18 09:53:52.326  5098  5206 D StackScroller: onDisplayChanged for predraw skip to 2
04-18 09:53:52.326  3518  5190 D WifiDisplayAdapter: isFitToActiveDisplayLocked : false
04-18 09:53:52.326  7452  7452 I SAMSUNGWALLET: [Hint_IntroHintService] Hint Status - HIDE : Home Package Not Running
04-18 09:53:52.326  7452  7452 I SAMSUNGWALLET: [Hint_IntroHintService] getWindowLayoutParams
04-18 09:53:52.326  7452  7452 I SAMSUNGWALLET: [Hint_IntroHintService] S fit
04-18 09:53:52.326  3518  6944 D SGM:GameManager: identifyGamePackage. com.sec.android.app.clockpackage, mCurrentUserId: 0, callingMethodInfo: com.samsung.android.game.IGameManagerService$Stub.onTransact(IGameManagerService.java:247)
04-18 09:53:52.326  3518  3669 D BLASTSyncEngine: SyncGroup 999:  Unfinished container: ActivityRecord{218418406 u0 com.sec.android.app.clockpackage/.ClockPackage t171} mSyncState=2
04-18 09:53:52.327 18860 18991 I Rubin   : [155] com.samsung.android.rubin.inferenceengine.contextanalytics.engine.monitors.moment.exercise.ExercisingWithCmhMonitor.isSatisfiedByCmh(Unknown Source) : isSatisfiedByCmh is false
04-18 09:53:52.327 16977 16995 I MediaCodec: setCodecState state(1), called in 6, domain 1, 0
04-18 09:53:52.328  6799  6957 I SemMediaResourceHelper: onState
04-18 09:53:52.328  2331  2430 I HYPER-HAL: [RequestManager.cpp]releaseLocked(): Released ID : 23300578
04-18 09:53:52.329  5827  5867 I MediaCodec: setCodecState state(1), called in 6, domain 1, 0
04-18 09:53:52.329  2427  3142 D SurfaceFlinger: [input] setFocusedWindow: <null>
04-18 09:53:52.329  3518  7376 D InputDispatcher: Once focus requested (0): <null>
04-18 09:53:52.329  3518  7376 D InputDispatcher: Focus request (0): <null> but waiting because NO_WINDOW
04-18 09:53:52.329  3518  7376 D InputDispatcher: Focus left window (0): 32abfe5 com.sec.android.app.launcher/com.sec.android.app.launcher.activities.LauncherActivity
04-18 09:53:52.329  6799  6957 I SemMediaResourceHelper: onState
04-18 09:53:52.330  7857  7857 I ImeFocusController: onPreWindowFocus: skipped hasWindowFocus=false mHasImeFocus=true
04-18 09:53:52.330  3518  6944 I InputMethodManagerService: isAccessoryKeyboard 0
04-18 09:53:52.331  7857  7857 I ImeFocusController: onPostWindowFocus: skipped hasWindowFocus=false mHasImeFocus=true
04-18 09:53:52.331 16977 17062 D PipelineWatcher: onInputBufferReleased: frameIndex not found (2); ignored
04-18 09:53:52.332  5827  5910 D PipelineWatcher: onInputBufferReleased: frameIndex not found (7056); ignored
04-18 09:53:52.332  3518  6944 I WindowManager: Relayout Window{d1ae8bd u0 com.samsung.android.spay.pay.HintService}: viewVisibility=8 req=522x67 ty=2634 d0
04-18 09:53:52.332  3518  6944 E WindowManager: win=Window{d1ae8bd u0 com.samsung.android.spay.pay.HintService} destroySurfaces: appStopped=true cleanupOnResume=false win.mWindowRemovalAllowed=false win.mRemoveOnExit=false win.mViewVisibility=8 caller=com.android.server.wm.WindowManagerService.tryStartExitingAnimation:128 com.android.server.wm.WindowManagerService.relayoutWindow:1121 com.android.server.wm.Session.relayout:30 android.view.IWindowSession$Stub.onTransact:840 com.android.server.wm.Session.onTransact:1 android.os.Binder.execTransactInternal:1509 android.os.Binder.execTransact:1454 
04-18 09:53:52.332  3518  6944 D BLASTSyncEngine: SyncGroup 999:  Unfinished container: ActivityRecord{218418406 u0 com.sec.android.app.clockpackage/.ClockPackage t171} mSyncState=2
04-18 09:53:52.333  3518  6944 I WindowManager: Relayout hash=d1ae8bd, pid=7452, syncId=-1: mAttrs={(0,0)(522x67) gr=BOTTOM CENTER sim={adjust=pan} layoutInDisplayCutoutMode=shortEdges ty=2634 fmt=TRANSLUCENT
04-18 09:53:52.333  3518  6944 I WindowManager:   fl=1800308
04-18 09:53:52.333  3518  6944 I WindowManager:   pfl=10000000
04-18 09:53:52.333  3518  6944 I WindowManager:   bhv=1
04-18 09:53:52.333  3518  6944 I WindowManager:   fitTypes=2
04-18 09:53:52.333  3518  6944 I WindowManager:   fitSides=5
04-18 09:53:52.333  3518  6944 I WindowManager:   frameRateBoostOnTouch=true
04-18 09:53:52.333  3518  6944 I WindowManager:   dvrrWindowFrameRateHint=true naviIconColor=0}
04-18 09:53:52.333  7452  7452 I VRI[HintService]@f05ea01: Relayout returned: old=(279,2273,801,2340) new=(279,2273,801,2340) relayoutAsync=false req=(522,67)8 dur=1 res=0x2 s={false 0x0} ch=true seqId=0
04-18 09:53:52.335  3518  4848 V NetworkPolicy: getFirewallRuleWifi UID:10338 policy:0
04-18 09:53:52.335  3518  6944 D CompatChangeReporter: Compat change id reported: 377864165; UID 10338; state: ENABLED
04-18 09:53:52.336  5098  5175 D ViewRootImpl: desktopMode is false
04-18 09:53:52.336  5098  5175 I ViewRootImpl: dVRR is enabled
04-18 09:53:52.336  5098  5232 D NativeCustomFrequencyManager: [NativeCFMS] BpCustomFrequencyManager::BpCustomFrequencyManager()
04-18 09:53:52.337  2416 29413 V APM_AudioPolicyManager: setAppState(portId:187, state:2)
04-18 09:53:52.337  2333  2333 I SS_POWER_HINT_SESSION: SS_ADPF 5098-10048-b5f0 PowerHintSession createHintSession : , 5230, 5231, 5175, 5232 : 16666667
04-18 09:53:52.338  3518  6944 D InputTransport: Input channel constructed: '52c2d7e', fd=1366
04-18 09:53:52.338  3518  6944 D InputTransport: Input channel constructed: '52c2d7e', fd=1368
04-18 09:53:52.338  3518  6944 D InputTransport: Input channel constructed: '52c2d7e', fd=1459
04-18 09:53:52.338  3518  6944 D InputTransport: Input channel destroyed: '52c2d7e', fd=1368
04-18 09:53:52.338  3518  6944 D WindowManager: prepareSync <SYNC_STATE_WAITING_FOR_DRAW>, mPrepareSyncSeqId=0, win=Window{52c2d7e u0 Splash Screen com.sec.android.app.clockpackage}
04-18 09:53:52.338  2427  2502 I SurfaceFlinger: id=12057 createSurf, flag=84004, 52c2d7e Splash Screen com.sec.android.app.clockpackage#12057
04-18 09:53:52.338  3518  6944 D RestrictionPolicy: isScreenCaptureEnabled : ret=true userId=0
04-18 09:53:52.338  3518  6944 V WindowManager: addWindow: ActivityRecord{218418406 u0 com.sec.android.app.clockpackage/.ClockPackage t171} startingWindow=Window{52c2d7e u0 Splash Screen com.sec.android.app.clockpackage}
04-18 09:53:52.338  3518  6944 D InputTransport: Input channel destroyed: '52c2d7e', fd=1459
04-18 09:53:52.338  5098  5175 D InputTransport: Input channel constructed: '52c2d7e', fd=695
04-18 09:53:52.338  5098  5175 I InsetsController: onStateChanged: host=Splash Screen com.sec.android.app.clockpackage, from=android.view.ViewRootImpl.onInsetsStateChanged:3038, state=InsetsState: {mDisplayFrame=Rect(0, 0 - 1080, 2340), mDisplayCutout=DisplayCutout{insets=Rect(0, 104 - 0, 0) waterfall=Insets{left=0, top=0, right=0, bottom=0} boundingRect={Bounds=[Rect(0, 0 - 0, 0), Rect(510, 0 - 570, 104), Rect(0, 0 - 0, 0), Rect(0, 0 - 0, 0)]} cutoutPathParserInfo={CutoutPathParserInfo{displayWidth=1080 displayHeight=2340 physicalDisplayWidth=1080 physicalDisplayHeight=2340 density={2.8125} cutoutSpec={M 0,0 H -10.66666666666667 V 37.06666666666667 H 10.66666666666667 V 0 H 0 Z @dp} rotation={0} scale={1.0} physicalPixelDisplaySizeRatio={1.0}}} sideOverrides={}}, mRoundedCorners=RoundedCorners{[RoundedCorner{position=TopLeft, radius=79, center=Point(79, 79)}, RoundedCorner{position=TopRight, radius=79, center=Point(1001, 79)}, RoundedCorner{position=BottomRight, radius=79, center=Point(1001, 2261)}, RoundedCorner{position=BottomLeft, radius=79, center=Point(79, 2261)}]}  mRoundedCornerFrame=Rect(0, 0 - 1080, 2340), mPrivacyIndicatorBounds=PrivacyIndicatorBounds {static bounds=Rect(956, 0 - 1080, 105) rotation=0}, mDisplayShape=DisplayShape{ spec=-311912193 displayWidth=1080 displayHeight=2340 physicalPixelDisplaySizeRatio=0.75 rotation=0 offsetX=0 offsetY=0 scale=1.0}, mSources= { InsetsSource: {e1c40001 mType=navigationBars mFrame=[0,2205][1080,2340] mAttachedInsets=null mVisible=true mFlags= mSideHint=BOTTOM mBoundingRects=null}, InsetsSource: {e1c40004 mType=systemGestures mFrame=[0,0][0,0] mAttachedInsets=null mVisible=true mFlags= mSideHint=NONE mBoundingRects=null}, InsetsSource: {e1c40005 mType=mandatorySystemGestures mFrame=[0,2205][1080,2340] mAttachedInsets=null mVisible=true mFlags= mSideHint=BOTTOM mBoundingRects=null}, InsetsSource: {e1c40006 mType=tappableElement mFrame=[0,2205][1080,2340] mAttachedInsets=null mVisible=true mFlags= mSideHint=BOTTOM mBoundingRects=null}, InsetsSource: {e1c40024 mType=systemGestures mFrame=[0,0][0,0] mAttachedInsets=null mVisible=true mFlags= mSideHint=NONE mBoundingRects=null}, InsetsSource: {3 mType=ime mFrame=[0,0][0,0] mAttachedInsets=null mVisible=false mFlags=INVALID mSideHint=NONE mBoundingRects=null}, InsetsSource: {27 mType=displayCutout mFrame=[0,0][1080,104] mAttachedInsets=null mVisible=true mFlags= mSideHint=TOP mBoundingRects=null}, InsetsSource: {13aa0000 mType=statusBars mFrame=[0,0][1080,105] mAttachedInsets=null mVisible=true mFlags= mSideHint=TOP mBoundingRects=null}, InsetsSource: {13aa0005 mType=mandatorySystemGestures mFrame=[0,0][1080,138] mAttachedInsets=null mVisible=true mFlags= mSideHint=TOP mBoundingRects=null}, InsetsSource: {13aa0006 mType=tappableElement mFrame=[0,0][1080,105] mAttachedInsets=null mVisible=true mFlags= mSideHint=TOP mBoundingRects=null} }
04-18 09:53:52.338  5098  5175 I VRI[clockpackage]@f97b463: onActiveControlsChanged, removed=false, mAdded=false, caller=android.view.ViewRootImpl.handleInsetsControlChanged:3014 android.view.ViewRootImpl.setView:2028 android.view.WindowManagerGlobal.addView:606 com.android.wm.shell.startingsurface.SplashscreenWindowCreator.addWindow:38 com.android.wm.shell.startingsurface.StartingWindowController$$ExternalSyntheticLambda4.run:1460 
04-18 09:53:52.339  2427  2427 I SurfaceFlinger: [LayerHierarchy{RequestedLayerState{com.samsung.android.spay.pay.HintService$_7452#12048} no children}] reparent to OffscreenRoot
04-18 09:53:52.339  2427  2427 I SurfaceFlinger: [LayerHierarchy{RequestedLayerState{com.samsung.android.spay.pay.HintService$_7452#12048} no children}] RelativeParent to null
04-18 09:53:52.339  2427  2427 I SurfaceFlinger: [52c2d7e Splash Screen com.sec.android.app.clockpackage#12057] attach to parent LayerHierarchy{RequestedLayerState{ActivityRecord{218418406 u0 com.sec.android.app.clockpackage/.ClockPackage t171}#12056 parentId=12055} 1 children}
04-18 09:53:52.339  5098  5175 I VRI[clockpackage]@f97b463: synced displayState. AttachInfo displayState=2
04-18 09:53:52.339  5098  5175 I VRI[clockpackage]@f97b463: setView = android.widget.FrameLayout@f41dbb7 IsHRR=false mFlingFrameRateChange=0 TM=false
04-18 09:53:52.339  5098  5232 D HWUI    : HWUI - treat SMPTE_170M as sRGB
04-18 09:53:52.339  3518  6944 I WindowManager: Relayout Window{52c2d7e u0 Splash Screen com.sec.android.app.clockpackage}: viewVisibility=0 req=1080x2340 ty=3 d0
04-18 09:53:52.339  2427  2427 I SurfaceFlinger: id=12048 Removed com.samsung.android.spay.pay.HintService$_7452#12048 (177)
04-18 09:53:52.339  2427  4142 I SurfaceFlinger: id=12058 createSurf, flag=44004, Splash Screen com.sec.android.app.clockpackage$_5098#12058
04-18 09:53:52.339  2754 11160 I CameraService: onUidStateChanged: uid=10048, procState is changed. (0 -> 1)
04-18 09:53:52.339  2331  2430 I HYPER-HAL: [RequestManager.cpp]acquire(): Acquired ID : 25170726 [2333 / 4761]  HINT :     list : [TID_LOW_LATENCY / 1] [TID / 5230] [TID / 5231] [TID / 5175] [TID / 5232] 
04-18 09:53:52.339  2331  2430 E PERFHAL-CLIENT: PERFHAL-CLIENT: perf_lock_acq() 164: opcode=1087176704 isMvOpcode=0
04-18 09:53:52.339  2331  2430 E PERFHAL-CLIENT: PERFHAL-CLIENT: perf_lock_acq() 164: opcode=1087176704 isMvOpcode=0
04-18 09:53:52.339  2331  2430 E PERFHAL-CLIENT: PERFHAL-CLIENT: perf_lock_acq() 164: opcode=1087176704 isMvOpcode=0
04-18 09:53:52.339  2331  2430 E PERFHAL-CLIENT: PERFHAL-CLIENT: perf_lock_acq() 164: opcode=1087176704 isMvOpcode=0
04-18 09:53:52.339  2331  2430 E PERFHAL-CLIENT: PERFHAL-CLIENT: perf_lock_acq() 164: opcode=1120043008 isMvOpcode=0
04-18 09:53:52.339  3518  3668 D LocalDisplayAdapter: updateActiveModeLocked for d=4630947077158959251, mActiveModeId=2, mActiveSfDisplayMode=DisplayMode{id=1, width=1080, height=2340, xDpi=375.78082, yDpi=373.81134, peakRefreshRate=120.00001, vsyncRate=240.00005, appVsyncOffsetNanos=8333111, presentationDeadlineNanos=9333444, supportedHdrTypes=[4, 2, 3], group=1}
04-18 09:53:52.339  2754 11160 W libbinder.IPCThreadState: Sending oneway calls to frozen process.
04-18 09:53:52.339  2754 11160 W libbinder.IPCThreadState: Sending oneway calls to frozen process.
04-18 09:53:52.340  3518  6944 D WindowManager: makeSurface duration=0 name=Splash Screen com.sec.android.app.clockpackage$_5098
04-18 09:53:52.340  3518  7376 D HintManagerService: SystemUI make new AppHintSession but force pause
04-18 09:53:52.340  2754 11160 W libbinder.IPCThreadState: Sending oneway calls to frozen process.
04-18 09:53:52.340  2331  2430 I HYPER-HAL: [RequestManager.cpp]acquire(): Acquired ID : 25170726 [2333 / 4761]  HINT :     list : [TID_LOW_LATENCY / 0] [TID / 5230] [TID / 5231] [TID / 5175] [TID / 5232] 
04-18 09:53:52.340  3518  3668 I DisplayDeviceRepository: Display device changed render timings: "기본으로 제공되는 화면", renderFrameRate=120.00002, presentationDeadlineNanos=9333443, appVsyncOffsetNanos=8333111, frameRateOverrides=[{uid=10048 frameRateHz=120.00002}, {uid=10151 frameRateHz=120.00002}, {uid=10159 frameRateHz=120.00002}]
04-18 09:53:52.340  5098  5230 E perf_hint: Session ID too large, must fit 32-bit integer
04-18 09:53:52.340  2331  2430 I HYPER-HAL: [RequestManager.cpp]releaseLocked(): Released ID : 25170726
04-18 09:53:52.340  2331  2430 I HYPER-HAL: [RequestManager.cpp]acquire(): Acquired ID : 25177822 [2333 / 4762]  HINT :     list : [UCLAMP_MIN_BOOST / 0] [TIMEOUT / 50] [TID / 5230] [TID / 5231] [TID / 5175] [TID / 5232] 
04-18 09:53:52.340  3518  6944 D BLASTSyncEngine: SyncGroup 999:  Unfinished container: ActivityRecord{218418406 u0 com.sec.android.app.clockpackage/.ClockPackage t171} mSyncState=2
04-18 09:53:52.340  3518  6944 I WindowManager: Relayout hash=52c2d7e, pid=5098, syncId=-1: mAttrs={(0,0)(fillxfill) sim={adjust=pan} layoutInDisplayCutoutMode=always ty=APPLICATION_STARTING fmt=TRANSLUCENT wanim=0x1030307
04-18 09:53:52.340  3518  6944 I WindowManager:   fl=81030118
04-18 09:53:52.340  3518  6944 I WindowManager:   pfl=10000810
04-18 09:53:52.340  3518  6944 I WindowManager:   bhv=1
04-18 09:53:52.340  3518  6944 I WindowManager:   fitSides=0
04-18 09:53:52.340  3518  6944 I WindowManager:   frameRateBoostOnTouch=true
04-18 09:53:52.340  3518  6944 I WindowManager:   dvrrWindowFrameRateHint=true naviIconColor=0}
04-18 09:53:52.340  3518  3669 D BLASTSyncEngine: SyncGroup 999:  Unfinished container: ActivityRecord{218418406 u0 com.sec.android.app.clockpackage/.ClockPackage t171} mSyncState=2
04-18 09:53:52.341  5098  5175 I VRI[clockpackage]@f97b463: onActiveControlsChanged, removed=false, mAdded=true, caller=android.view.ViewRootImpl.handleInsetsControlChanged:3014 android.view.ViewRootImpl.relayoutWindow:11764 android.view.ViewRootImpl.performTraversals:4847 android.view.ViewRootImpl.doTraversal:3967 android.view.ViewRootImpl$TraversalRunnable.run:13038 
04-18 09:53:52.341  5098  5175 I BufferQueueProducer: [](id:13ea00000184,api:0,p:-1800517552,c:5098) setDequeueTimeout:2077252342
04-18 09:53:52.341  5098  5175 I BLASTBufferQueue_Java: new BLASTBufferQueue, mName= VRI[clockpackage]@f97b463 mNativeObject= 0xb4000072a4a2ac60 caller= android.view.ViewRootImpl.updateBlastSurfaceIfNeeded:3611 android.view.ViewRootImpl.relayoutWindow:11817 android.view.ViewRootImpl.performTraversals:4847 android.view.ViewRootImpl.doTraversal:3967 android.view.ViewRootImpl$TraversalRunnable.run:13038 android.view.Choreographer$CallbackRecord.run:1961 android.view.Choreographer$CallbackRecord.run:1970 android.view.Choreographer.doCallbacks:1423 android.view.Choreographer.doFrame:1348 android.view.Choreographer$FrameDisplayEventReceiver.run:1930 
04-18 09:53:52.341  5098  5175 I BLASTBufferQueue_Java: update, w= 1080 h= 2340 mName = VRI[clockpackage]@f97b463 mNativeObject= 0xb4000072a4a2ac60 sc.mNativeObject= 0xb4000072b4a24310 format= -3 caller= android.view.ViewRootImpl.updateBlastSurfaceIfNeeded:3616 android.view.ViewRootImpl.relayoutWindow:11817 android.view.ViewRootImpl.performTraversals:4847 android.view.ViewRootImpl.doTraversal:3967 android.view.ViewRootImpl$TraversalRunnable.run:13038 android.view.Choreographer$CallbackRecord.run:1961 
04-18 09:53:52.342  5098  5175 I VRI[clockpackage]@f97b463: Relayout returned: old=(0,0,1080,2340) new=(0,0,1080,2340) relayoutAsync=false req=(1080,2340)0 dur=2 res=0x3 s={true 0xb400007225002ba0} ch=true seqId=0
04-18 09:53:52.342  5098  5175 I VRI[clockpackage]@f97b463: performConfigurationChange setNightDimText nightDimLevel=0
04-18 09:53:52.342  2427  2427 D SurfaceFlinger: Display 4630947077158959251 HWC layers:
04-18 09:53:52.342  2427  2427 D SurfaceFlinger:        DEVICE |          127964255625334 | 00000100 | 0x7fa30c09   |    0.0    0.0 1440.0 3120.0 |    0    0 1080 2340 | Wallpaper BBQ wrapper 7_systemlock#8475 (6894)
04-18 09:53:52.342  2427  2427 D SurfaceFlinger:        DEVICE |           33745558047600 | 00002100 | RGBA_8888    |    0.0    0.0 1080.0 2340.0 |    0    0 1080 2340 | com.sec.android.app.launcher/com.sec[...]ivities.LauncherActivity$_7857#12044 (45)
04-18 09:53:52.342  2427  2427 D SurfaceFlinger:        DEVICE |           21895743278775 | 00002100 | RGBA_8888    |    0.0    0.0 1080.0  105.0 |    0    0 1080  105 | StatusBar$_5098#90 (32322)
04-18 09:53:52.342  2427  2427 D SurfaceFlinger:        DEVICE |           33745558047540 | 00002100 | RGBA_8888    |    0.0    0.0   80.0  342.0 | 1000  438 1080  780 | com.sec.android.app.launcher/com.sam[...]l.app.CocktailBarService$_7857#11785 (4)
04-18 09:53:52.342  2427  2427 D SurfaceFlinger:        DEVICE |           21895743278754 | 00002100 | RGBA_8888    |    0.0    0.0 1080.0  135.0 |    0 2205 1080 2340 | NavigationBar0$_5098#88 (20222)
04-18 09:53:52.342  2427  2427 D SurfaceFlinger: 
04-18 09:53:52.342  5098  5175 D VRI[clockpackage]@f97b463: mThreadedRenderer.initialize() mSurface={isValid=true 0xb400007225002ba0} hwInitialized=true
04-18 09:53:52.342  5098  5175 D VRI[clockpackage]@f97b463: reportNextDraw android.view.ViewRootImpl.performTraversals:5511 android.view.ViewRootImpl.doTraversal:3967 android.view.ViewRootImpl$TraversalRunnable.run:13038 android.view.Choreographer$CallbackRecord.run:1961 android.view.Choreographer$CallbackRecord.run:1970 
04-18 09:53:52.342  5098  5175 D VRI[clockpackage]@f97b463: Setup new sync=wmsSync-VRI[clockpackage]@f97b463#33
04-18 09:53:52.342  5098  5175 I VRI[clockpackage]@f97b463: Creating new active sync group VRI[clockpackage]@f97b463#34
04-18 09:53:52.342  5098  5175 D VRI[clockpackage]@f97b463: registerCallbacksForSync syncBuffer=false
04-18 09:53:52.343  5098  5231 D VRI[clockpackage]@f97b463: Received frameDrawingCallback syncResult=0 frameNum=1.
04-18 09:53:52.343  5098  5231 I VRI[clockpackage]@f97b463: mWNT: t=0xb400007254bb7990 mBlastBufferQueue=0xb4000072a4a2ac60 fn= 1 HdrRenderState mRenderHdrSdrRatio=1.0 caller= android.view.ViewRootImpl$12.onFrameDraw:15565 android.view.ThreadedRenderer$1.onFrameDraw:751 <bottom of call stack> 
04-18 09:53:52.343  5098  5231 I VRI[clockpackage]@f97b463: Setting up sync and frameCommitCallback
04-18 09:53:52.344  5098  5232 I BLASTBufferQueue: [VRI[clockpackage]@f97b463#376](f:0,a:0,s:0) onFrameAvailable the first frame is available
04-18 09:53:52.344  5098  5232 I SurfaceComposerClient: apply transaction with the first frame. layerId: 12058, bufferData(ID: 21895743279146, frameNumber: 1)
04-18 09:53:52.344  5098  5232 I VRI[clockpackage]@f97b463: Received frameCommittedCallback lastAttemptedDrawFrameNum=1 didProduceBuffer=true
04-18 09:53:52.344  2427  2502 I SurfaceFlinger: [Splash Screen com.sec.android.app.clockpackage$_5098#12058] setTransactionState with the first frame. bufferData(ID: 21895743279146, frameNumber: 1)
04-18 09:53:52.344  5098  5232 D HWUI    : CFMS:: SetUp Pid : 5098    Tid : 5232
04-18 09:53:52.344  5098  5175 D VRI[clockpackage]@f97b463: reportDrawFinished seqId=0
04-18 09:53:52.344  5098  5175 D VRI[clockpackage]@f97b463: call clearFrameRate
04-18 09:53:52.344  5098  5175 I VRI[clockpackage]@f97b463: call setFrameRateCategory category=high, reason=boost, vri=VRI[clockpackage]@f97b463
04-18 09:53:52.344 16977 17062 D PipelineWatcher: onInputBufferReleased: frameIndex not found (3); ignored
04-18 09:53:52.344  3518  5190 D WindowManager: finishDrawingWindow: Window{52c2d7e u0 Splash Screen com.sec.android.app.clockpackage} mDrawState=DRAW_PENDING seqId=0
04-18 09:53:52.344  3518  5190 V WindowManager: Finishing drawing window Window{52c2d7e u0 Splash Screen com.sec.android.app.clockpackage}: mDrawState=DRAW_PENDING
04-18 09:53:52.344  3518  5190 V WindowManager: Draw state now committed in Window{52c2d7e u0 Splash Screen com.sec.android.app.clockpackage}
04-18 09:53:52.344  3518  3669 V WindowManager: SyncGroup 999: Finished!
04-18 09:53:52.344  3518  3669 V WindowManager: performShowLocked: mDrawState=HAS_DRAWN in Window{52c2d7e u0 Splash Screen com.sec.android.app.clockpackage}
04-18 09:53:52.344  3518  3669 D ChangeTransitionController: onTransactionReady: TransitionRecord{da99f41 id=999 type=OPEN flags=0x0 parallelCollectType=NONE recentsDisplayId=-1 c=[
04-18 09:53:52.344  3518  3669 D ChangeTransitionController:    ChangeInfo{fd51cca container=Task{15d8227 #171 type=standard A=10338:com.sec.android.app.clockpackage minWidth=844 minHeight=-1} flags=0x0}
04-18 09:53:52.344  3518  3669 D ChangeTransitionController:    ChangeInfo{602071 container=ActivityRecord{50490468 u0 com.sec.android.app.launcher/.activities.LauncherActivity t44} flags=0x0}
04-18 09:53:52.344  3518  3669 D ChangeTransitionController:    ChangeInfo{abefe3b container=WindowedMagnification:0:31@50727657 flags=0x0}
04-18 09:53:52.344  3518  3669 D ChangeTransitionController:    ChangeInfo{b366e56 container=Task{6f675b3 #1 type=home} flags=0x0}
04-18 09:53:52.344  3518  3669 D ChangeTransitionController:    ChangeInfo{84f5ed7 container=RemoteWallpaperAnim:1:1@135178324 flags=0x0}
04-18 09:53:52.344  3518  3669 D ChangeTransitionController:    ChangeInfo{16a6958 container=Display{#0 state=ON size=1080x2340 ROTATION_0} flags=0x0}
04-18 09:53:52.344  3518  3669 D ChangeTransitionController:    ChangeInfo{877dab1 container=AppZoomOut:2:14@171890544 flags=0x0}
04-18 09:53:52.344  3518  3669 D ChangeTransitionController:    ChangeInfo{9fb13c4 container=WallpaperWindowToken{a9e9ca6 showWhenLocked=true}_<lock> flags=0x0}
04-18 09:53:52.344  3518  3669 D ChangeTransitionController:    ChangeInfo{d8552ad container=Task{c283a93 #44 type=home I=com.sec.android.app.launcher/.activities.LauncherActivity} flags=0x0}
04-18 09:53:52.344  3518  3669 D ChangeTransitionController:    ChangeInfo{5903b96 container=ActivityRecord{218418406 u0 com.sec.android.app.clockpackage/.ClockPackage t171} flags=0x0}
04-18 09:53:52.344  3518  3669 D ChangeTransitionController:    ChangeInfo{c954317 container=DefaultTaskDisplayArea_d0@232835871 flags=0x0}
04-18 09:53:52.344  3518  3669 D ChangeTransitionController: ]
04-18 09:53:52.344  3518  3669 D ChangeTransitionController: }
04-18 09:53:52.344  3518  3669 V WindowManager: Start calculating TransitionInfo based on participants: {Task{15d8227 #171 type=standard A=10338:com.sec.android.app.clockpackage minWidth=844 minHeight=-1}, ActivityRecord{50490468 u0 com.sec.android.app.launcher/.activities.LauncherActivity t44}, WallpaperWindowToken{a9e9ca6 showWhenLocked=true}_<lock>, ActivityRecord{218418406 u0 com.sec.android.app.clockpackage/.ClockPackage t171}}
04-18 09:53:52.344  3518  3669 V WindowManager:   Final targets: [ChangeInfo{fd51cca container=Task{15d8227 #171 type=standard A=10338:com.sec.android.app.clockpackage minWidth=844 minHeight=-1} flags=0x10}, ChangeInfo{b366e56 container=Task{6f675b3 #1 type=home} flags=0x10}, ChangeInfo{9fb13c4 container=WallpaperWindowToken{a9e9ca6 showWhenLocked=true}_<lock> flags=0x0}]
04-18 09:53:52.344  2427  4142 I SurfaceFlinger: id=12059 createSurf, flag=84004, Transition Root: Task=171#12059
04-18 09:53:52.345  3518  3669 W PackageConfigPersister: App-specific configuration not found for packageName: com.sec.android.app.clockpackage and userId: 0
04-18 09:53:52.345  3518  3669 I SurfaceControlRegistry: show, t=StartTransaction_SyncId<999> sc=ActivityRecord{218418406 u0 com.sec.android.app.clockpackage/.ClockPackage t171}#12056, caller=android.view.SurfaceControl$Transaction.show:3676 com.android.server.wm.Transition.onTransactionReady:2236 com.android.server.wm.BLASTSyncEngine$SyncGroup.finishNow:261 com.android.server.wm.BLASTSyncEngine.onSurfacePlacement:263 com.android.server.wm.RootWindowContainer.performSurfacePlacement:1105 com.android.server.wm.WindowSurfacePlacer.performSurfacePlacement:163 
04-18 09:53:52.345  5827  5910 D PipelineWatcher: onInputBufferReleased: frameIndex not found (7057); ignored
04-18 09:53:52.345  3518  3669 V WindowManager: Calling onTransitionReady: {id=999 t=OPEN f=0x0 trk=0 r=[0@Point(0, 0)] c=[
04-18 09:53:52.345  3518  3669 V WindowManager:         {WCT{RemoteToken{d77a830 Task{15d8227 #171 type=standard A=10338:com.sec.android.app.clockpackage minWidth=844 minHeight=-1}}} m=OPEN f=NONE leash=Surface(name=Task=171#12055)/@0xfc319e2 sb=Rect(0, 0 - 1080, 2340) eb=Rect(0, 0 - 1080, 2340) epz=Point(1080, 2340) d=0 taskParent=-1 winMode=1 userId=0 inset=Rect(0, 105 - 0, 135) dim=true},
04-18 09:53:52.345  3518  3669 V WindowManager:         {WCT{RemoteToken{bca97b2 Task{6f675b3 #1 type=home}}} m=TO_BACK f=SHOW_WALLPAPER|EDGE_EXTENSION_RESTRICTION leash=Surface(name=Task=1#46)/@0x1045b05 sb=Rect(0, 0 - 1080, 2340) eb=Rect(0, 0 - 1080, 2340) epz=Point(1080, 2340) d=0 taskParent=-1 winMode=1 userId=0 inset=Rect(0, 105 - 0, 135) dim=true},
04-18 09:53:52.345  3518  3669 V WindowManager:         {m=TO_BACK f=IS_WALLPAPER|IS_FIXED_PORTRAIT p=WCT{RemoteToken{b0e0091 RemoteWallpaperAnim:1:1@135178324}} leash=Surface(name=WallpaperWindowToken{a9e9ca6}#8471)/@0x4efaf3c sb=Rect(0, 0 - 1080, 2340) eb=Rect(0, 0 - 1080, 2340) epz=Point(1080, 2340) d=0 inset=Rect(0, 0 - 0, 0)}
04-18 09:53:52.345  3518  3669 V WindowManager:     ]}
04-18 09:53:52.346  3518  3669 D PowerManagerService: [api] setPowerBoost(L) boost:0, durationMs:0, caller (uid: 1000 pid: 3518) <- m() in com.android.server.display.DisplayManagerService$BinderService$$ExternalSyntheticOutline0:1
04-18 09:53:52.346  3518  5190 W PackageConfigPersister: App-specific configuration not found for packageName: com.sec.android.app.clockpackage and userId: 0
04-18 09:53:52.346  3518  3665 V WindowManager: Sent Transition (#999) createdAt=04-18 09:53:52.303 via request=TransitionRequestInfo { type = OPEN, triggerTask = TaskInfo{userId=0 taskId=171 effectiveUid=10338 displayId=0 isRunning=true baseIntent=Intent { flg=0x10000000 cmp=com.sec.android.app.clockpackage/.ClockPackage } baseActivity=ComponentInfo{com.sec.android.app.clockpackage/com.sec.android.app.clockpackage.ClockPackage} topActivity=ComponentInfo{com.sec.android.app.clockpackage/com.sec.android.app.clockpackage.ClockPackage} origActivity=null realActivity=ComponentInfo{com.sec.android.app.clockpackage/com.sec.android.app.clockpackage.ClockPackage} numActivities=1 lastActiveTime=1388677394 supportsMultiWindow=true resizeMode=1 isResizeable=true minWidth=844 minHeight=-1 maxWidth=-1 maxHeight=-1 defaultMinSize=220 desktopDefaultMinSize=304 token=WCT{RemoteToken{d77a830 Task{15d8227 #171 type=standard A=10338:com.sec.android.app.clockpackage minWidth=844 minHeight=-1}}} topActivityType=1 pictureInPictureParams=null shouldDockBigOverlays=false launchIntoPipHostTaskId=-1 lastParentTaskIdBeforePip=-1 displayCutoutSafeInsets=Rect(0, 104 - 0, 0) topActivityInfo=ActivityInfo{6516ca9 com.sec.android.app.clockpackage.ClockPackage} launchCookies=[] positionInParent=Point(0, 0) parentTaskId=-1 isFocused=false isVisible=false isVisibleRequested=false isTopActivityNoDisplay=false isSleeping=false locusId=null displayAreaFeatureId=1 isTopActivityTransparent=false isActivityStackTransparent=false lastNonFullscreenBounds=Rect(81, 570 - 999, 1740) capturedLink=null capturedLinkTimestamp=0 requestedVisibleTypes=503 topActivityRequestOpenInBrowserEducationTimestamp=0 appCompatTaskInfo=AppCompatTaskInfo { topActivityInSizeCompat=false isLeafTask= true eligibleForLetterboxEducation= false isLetterboxEducationEnabled= false isLetterboxDoubleTapEnabled= false eligibleForUserAspectRatioButton= false topActivityBoundsLetterboxed= false isFromLetterboxDoubleTap= false topActivityLetterboxVerticalPosition= -1 topActivityLetterboxHorizontalPosition= -1 topActivityLetterboxWidth=-1 topActivityLetterboxHeight=-1 topActivityAppBounds=Rect(0, 0 - 1080, 2340) isUserFullscreenOverrideEnabled=false isSystemFullscreenOverrideEnabled=false hasMinAspectRatioOverride=false topActivityLetterboxBounds=null cameraCompatTaskInfo=CameraCompatTaskInfo { cameraCompatMode=undefinedundefined} topActivityBounds=null topActivityInDisplayCompat=false showForceRotationButton=false forceRotationButtonState=0 singleTapFromLetterbox=false topNonResizableActivityAspectRatio=-1.0} topActivityMainWindowFrame=null originallySupportedMultiWindow=true hasWallpaper=false rootAffinity=10338:com.sec.android.app.clockpackage isTopTaskInStage=false CoverLauncherWidgetTask=false LaunchedFromAppsCoverLauncherTask=false LaunchedFromMultistarCoverLauncherTask=false isAllowedSeamlessRotation=false isTopTransparentActivity=false isAliasManaged=false hasConfigChanged=false isAiKeyRemoveAppTask=false lastDesktopWindowingBounds=null lastExternalDesktopWindowingBounds=nullisPackageNightModeActive=true safeCutoutInsets=null isAppBubble=false}, pipChange = null, remoteTransition = null, displayChange = null, requestedLocation = null, userChange = null, windowingLayerChange = null, flags = 0, debugId = 999 }
04-18 09:53:52.346  3518  3665 V WindowManager:     startWCT=WindowContainerTransaction { changes= {} hops= [] errorCallbackToken=null taskFragmentOrganizer=null }
04-18 09:53:52.346  3518  3665 V WindowManager:     info={id=999 t=OPEN f=0x0 trk=0 r=[0@Point(0, 0)] c=[
04-18 09:53:52.346  3518  3665 V WindowManager:         {WCT{RemoteToken{d77a830 Task{15d8227 #171 type=standard A=10338:com.sec.android.app.clockpackage minWidth=844 minHeight=-1}}} m=OPEN f=NONE leash=Surface(name=Task=171#12055)/@0xfc319e2 sb=Rect(0, 0 - 1080, 2340) eb=Rect(0, 0 - 1080, 2340) epz=Point(1080, 2340) d=0 taskParent=-1 winMode=1 userId=0 inset=Rect(0, 105 - 0, 135) dim=true},
04-18 09:53:52.346  3518  3665 V WindowManager:         {WCT{RemoteToken{bca97b2 Task{6f675b3 #1 type=home}}} m=TO_BACK f=SHOW_WALLPAPER|EDGE_EXTENSION_RESTRICTION leash=Surface(name=Task=1#46)/@0x1045b05 sb=Rect(0, 0 - 1080, 2340) eb=Rect(0, 0 - 1080, 2340) epz=Point(1080, 2340) d=0 taskParent=-1 winMode=1 userId=0 inset=Rect(0, 105 - 0, 135) dim=true},
04-18 09:53:52.346  3518  3665 V WindowManager:         {m=TO_BACK f=IS_WALLPAPER|IS_FIXED_PORTRAIT p=WCT{RemoteToken{b0e0091 RemoteWallpaperAnim:1:1@135178324}} leash=Surface(name=WallpaperWindowToken{a9e9ca6}#8471)/@0x4efaf3c sb=Rect(0, 0 - 1080, 2340) eb=Rect(0, 0 - 1080, 2340) epz=Point(1080, 2340) d=0 inset=Rect(0, 0 - 0, 0)}
04-18 09:53:52.346  3518  3665 V WindowManager:     ]}
04-18 09:53:52.346  3518  3668 D LocalDisplayAdapter: updateActiveModeLocked for d=4630947077158959251, mActiveModeId=2, mActiveSfDisplayMode=DisplayMode{id=1, width=1080, height=2340, xDpi=375.78082, yDpi=373.81134, peakRefreshRate=120.00001, vsyncRate=240.00005, appVsyncOffsetNanos=8333111, presentationDeadlineNanos=9333444, supportedHdrTypes=[4, 2, 3], group=1}
04-18 09:53:52.346  3518  3668 I DisplayDeviceRepository: Display device changed render timings: "기본으로 제공되는 화면", renderFrameRate=120.00002, presentationDeadlineNanos=9333443, appVsyncOffsetNanos=8333111, frameRateOverrides=[]
04-18 09:53:52.346  3518  3669 I WindowManager: Cancelling animation restarting=true, leash=Surface(name=Surface(name=86cafd5 StatusBar#83)/@0xda385b7 - animation-leash of insets_animation#12045)/@0x5f7866a
04-18 09:53:52.346  3518  3669 I WindowManager: Reparenting to original parent: Surface(name=WindowToken{bae8c8c type=2000 android.os.BinderProxy@60437de}#82)/@0x3e7e124, destroy=false, surface=Surface(name=86cafd5 StatusBar#83)/@0xda385b7
04-18 09:53:52.346  3518  3669 I WindowManager: Reparenting to leash, surface=Surface(name=86cafd5 StatusBar#83)/@0xda385b7, leashParent=Surface(name=WindowToken{bae8c8c type=2000 android.os.BinderProxy@60437de}#82)/@0x3e7e124
04-18 09:53:52.346  2427  2502 I SurfaceFlinger: id=12060 createSurf, flag=24000, Surface(name=86cafd5 StatusBar#83)/@0xda385b7 - animation-leash of insets_animation#12060
04-18 09:53:52.347  5098  5098 D DisplayLifecycle: updateDisplay id = 0
04-18 09:53:52.347  5098  9307 V WindowManagerShell: onTransitionReady(transaction=15109696594863)
04-18 09:53:52.347  5098  5136 V WindowManagerShell: onTransitionReady (#999) android.os.BinderProxy@90cb2c7: {id=999 t=OPEN f=0x0 trk=0 r=[0@Point(0, 0)] c=[
04-18 09:53:52.347  5098  5136 V WindowManagerShell:         {m=OPEN f=NONE leash=Surface(name=Task=171#12055)/@0xf16028e sb=Rect(0, 0 - 1080, 2340) eb=Rect(0, 0 - 1080, 2340) epz=Point(1080, 2340) d=0 taskParent=-1 winMode=1 userId=0 inset=Rect(0, 105 - 0, 135) dim=true},
04-18 09:53:52.347  5098  5136 V WindowManagerShell:         {m=TO_BACK f=SHOW_WALLPAPER|EDGE_EXTENSION_RESTRICTION leash=Surface(name=Task=1#46)/@0x8fa8aaf sb=Rect(0, 0 - 1080, 2340) eb=Rect(0, 0 - 1080, 2340) epz=Point(1080, 2340) d=0 taskParent=-1 winMode=1 userId=0 inset=Rect(0, 105 - 0, 135) dim=true},
04-18 09:53:52.347  5098  5136 V WindowManagerShell:         {m=TO_BACK f=IS_WALLPAPER|IS_FIXED_PORTRAIT p=WCT{android.os.BinderProxy@8c6b3be} leash=Surface(name=WallpaperWindowToken{a9e9ca6}#8471)/@0xb488ebc sb=Rect(0, 0 - 1080, 2340) eb=Rect(0, 0 - 1080, 2340) epz=Point(1080, 2340) d=0 inset=Rect(0, 0 - 0, 0)}
04-18 09:53:52.347  5098  5136 V WindowManagerShell:     ]}
04-18 09:53:52.347  2427  2427 I SurfaceFlinger: [Splash Screen com.sec.android.app.clockpackage$_5098#12058] setFrameRate: 0.000000, Default, SeamedAndSeamless
04-18 09:53:52.347  2427  2427 I SurfaceFlinger: [Splash Screen com.sec.android.app.clockpackage$_5098#12058] setFrameRateCategory: High
04-18 09:53:52.347  2427  2427 I SurfaceFlinger: destroyed com.samsung.android.spay.pay.HintService$_7452#12048 form LifecycleManager
04-18 09:53:52.347  3518  3669 D WindowManager: makeSurface duration=1 leash=Surface(name=Surface(name=86cafd5 StatusBar#83)/@0xda385b7 - animation-leash of insets_animation#12060)/@0xb9151cf
04-18 09:53:52.347  2427  2427 I SurfaceFlinger: [Surface(name=86cafd5 StatusBar#83)/@0xda385b7 - animation-leash of insets_animation#12060] attach to parent LayerHierarchy{RequestedLayerState{WindowToken{bae8c8c type=2000 android.os.BinderProxy@60437de}#82 parentId=17} 2 children}
04-18 09:53:52.347  2427  2427 I SurfaceFlinger: [Splash Screen com.sec.android.app.clockpackage$_5098#12058] attach to parent LayerHierarchy{RequestedLayerState{52c2d7e Splash Screen com.sec.android.app.clockpackage#12057 parentId=12056} 1 children}
04-18 09:53:52.347  2427  2427 I SurfaceFlinger: [Transition Root: Task=171#12059] attach to parent LayerHierarchy{RequestedLayerState{DefaultTaskDisplayArea_d0#10 parentId=9} 14 children}
04-18 09:53:52.347  2427  2427 I SurfaceFlinger: id=12048 onLayerDestroyed from LayerHierarchyBuilder(RequestedLayerState{com.samsung.android.spay.pay.HintService$_7452#12048 !handle})
04-18 09:53:52.347  3518  3669 D InsetsSourceProvider: updateControlForTarget: control=InsetsSourceControl: {13aa0000 mType=statusBars initiallyVisible mSurfacePosition=Point(0, 0) mInsetsHint=Insets{left=0, top=105, right=0, bottom=0}}, target=Window{52c2d7e u0 Splash Screen com.sec.android.app.clockpackage}, from=com.android.server.wm.InsetsStateController.onControlTargetChanged:82 com.android.server.wm.InsetsPolicy.updateBarControlTarget:203 com.android.server.wm.DisplayPolicy.updateSystemBarAttributes:425 com.android.server.wm.DisplayPolicy.finishPostLayoutPolicyLw:17 com.android.server.wm.RootWindowContainer.applySurfaceChangesTransaction$1:188 
04-18 09:53:52.347  3518  3669 I WindowManager: Cancelling animation restarting=true, leash=Surface(name=Surface(name=43797e9 NavigationBar0#79)/@0xc2f1642 - animation-leash of insets_animation#12046)/@0x77e08d1
04-18 09:53:52.347  3518  3669 I WindowManager: Reparenting to original parent: Surface(name=WindowToken{43a7870 type=2019 android.os.BinderProxy@91ae022}#78)/@0x1e0c653, destroy=false, surface=Surface(name=43797e9 NavigationBar0#79)/@0xc2f1642
04-18 09:53:52.347  3518  3669 I WindowManager: Reparenting to leash, surface=Surface(name=43797e9 NavigationBar0#79)/@0xc2f1642, leashParent=Surface(name=WindowToken{43a7870 type=2019 android.os.BinderProxy@91ae022}#78)/@0x1e0c653
04-18 09:53:52.347  2427  2502 I SurfaceFlinger: id=12061 createSurf, flag=24000, Surface(name=43797e9 NavigationBar0#79)/@0xc2f1642 - animation-leash of insets_animation#12061
04-18 09:53:52.347  7857 14828 I HoneySpace.Memory-Monitor: current state = 2, didTrim = false
04-18 09:53:52.347  5098  5136 V ShellDesktopMode: DesktopModeLogger: taskInfo map after processing changes 0
04-18 09:53:52.347  3518  3669 D WindowManager: makeSurface duration=0 leash=Surface(name=Surface(name=43797e9 NavigationBar0#79)/@0xc2f1642 - animation-leash of insets_animation#12061)/@0xab2a65
04-18 09:53:52.347  5098  5136 D ShellDesktopMode: DesktopTaskChangeListener: onTaskMovingToBack for taskId=1, displayId=0 - desktop not supported
04-18 09:53:52.347  3518  3669 D InsetsSourceProvider: updateControlForTarget: control=InsetsSourceControl: {e1c40001 mType=navigationBars initiallyVisible mSurfacePosition=Point(0, 2205) mInsetsHint=Insets{left=0, top=0, right=0, bottom=135}}, target=Window{52c2d7e u0 Splash Screen com.sec.android.app.clockpackage}, from=com.android.server.wm.InsetsStateController.onControlTargetChanged:82 com.android.server.wm.InsetsPolicy.updateBarControlTarget:216 com.android.server.wm.DisplayPolicy.updateSystemBarAttributes:425 com.android.server.wm.DisplayPolicy.finishPostLayoutPolicyLw:17 com.android.server.wm.RootWindowContainer.applySurfaceChangesTransaction$1:188 
04-18 09:53:52.347  3518  3669 D WindowManager: updateSystemBarAttributes: displayId=0, focusedCanBeNavColorWin=false, win=Window{52c2d7e u0 Splash Screen com.sec.android.app.clockpackage}, navColorWin=Window{52c2d7e u0 Splash Screen com.sec.android.app.clockpackage}, caller=com.android.server.wm.DisplayPolicy.finishPostLayoutPolicyLw:17 com.android.server.wm.RootWindowContainer.applySurfaceChangesTransaction$1:188 com.android.server.wm.RootWindowContainer.performSurfacePlacement:59 
04-18 09:53:52.347  5098  5136 D ShellDesktopMode: DesktopTaskChangeListener: onTaskOpening for taskId=171, displayId=0 userId=0 currentUserId=0 parentTaskId=-1 isFreeform=false isActive=false
04-18 09:53:52.347  5098  5136 D ShellDesktopMode: DesktopTaskChangeListener: onTaskOpening for taskId=171, displayId=0 - desktop not supported
04-18 09:53:52.347  3518  3669 D WindowManager: updateSystemBarAttributes, bhv=1, apr=0, statusBarAprRegions=[AppearanceRegion{ bounds=[0,0][1080,2340]}], requestedVisibilities=503
04-18 09:53:52.347  5098  5136 I SurfaceControlRegistry: hide, t=FinishTransaction_SyncId<999> sc=Task=1#46, caller=android.view.SurfaceControl$Transaction.hide:3702 com.android.wm.shell.transition.Transitions.dispatchReady:1266 com.android.wm.shell.transition.Transitions$TransitionPlayerImpl$$ExternalSyntheticLambda2.run:284 android.os.Handler.handleCallback:1070 android.os.Handler.dispatchMessage:125 android.os.Looper.dispatchMessage:358 
04-18 09:53:52.347  3518  3669 W PackageConfigPersister: App-specific configuration not found for packageName: com.sec.android.app.clockpackage and userId: 0
04-18 09:53:52.347  5098  5136 I SurfaceControlRegistry: show, t=StartTransaction_SyncId<999> sc=Task=171#12055, caller=android.view.SurfaceControl$Transaction.show:3676 com.android.wm.shell.transition.Transitions.dispatchReady:1280 com.android.wm.shell.transition.Transitions$TransitionPlayerImpl$$ExternalSyntheticLambda2.run:284 android.os.Handler.handleCallback:1070 android.os.Handler.dispatchMessage:125 android.os.Looper.dispatchMessage:358 
04-18 09:53:52.347  5098  5136 I SurfaceControlRegistry: show, t=FinishTransaction_SyncId<999> sc=Task=171#12055, caller=android.view.SurfaceControl$Transaction.show:3676 com.android.wm.shell.transition.Transitions.dispatchReady:1363 com.android.wm.shell.transition.Transitions$TransitionPlayerImpl$$ExternalSyntheticLambda2.run:284 android.os.Handler.handleCallback:1070 android.os.Handler.dispatchMessage:125 android.os.Looper.dispatchMessage:358 
04-18 09:53:52.347  5098  5136 V WindowManagerShell: Playing animation for (#999) android.os.BinderProxy@90cb2c7@0
04-18 09:53:52.348  5098  5136 I SurfaceControlRegistry: show, t=StartTransaction_SyncId<999> sc=Transition Root: Task=171#12059, caller=android.view.SurfaceControl$Transaction.show:3676 com.android.wm.shell.transition.Transitions.playTransition:78 com.android.wm.shell.transition.Transitions.processReadyQueue:296 com.android.wm.shell.transition.Transitions.dispatchReady:1385 com.android.wm.shell.transition.Transitions$TransitionPlayerImpl$$ExternalSyntheticLambda2.run:284 android.os.Handler.handleCallback:1070 
04-18 09:53:52.348  5098  5136 V ShellRecents: RecentsTransitionHandler.startAnimation: no controller found
04-18 09:53:52.348  5098  5136 V ShellDesktopMode: DesktopMixedTransitionHandler: No pending desktop transition
04-18 09:53:52.348  2427  2427 I SurfaceFlinger: id=12048 Destroyed com.samsung.android.spay.pay.HintService$_7452#12048
04-18 09:53:52.348  2427  2502 I SurfaceFlinger: id=12062 createSurf, flag=84000, 98d2628 ActivityRecordInputSink com.sec.android.app.clockpackage/.ClockPackage#12062
04-18 09:53:52.348  5098  5136 V WindowManagerShell: Transition doesn't have explicit remote, search filters for match for {id=999 t=OPEN f=0x0 trk=0 r=[0@Point(0, 0)] c=[{m=OPEN f=NONE leash=Surface(name=Task=171#12055)/@0xf16028e sb=Rect(0, 0 - 1080, 2340) eb=Rect(0, 0 - 1080, 2340) epz=Point(1080, 2340) d=0 taskParent=-1 winMode=1 userId=0 inset=Rect(0, 105 - 0, 135) dim=true},{m=TO_BACK f=SHOW_WALLPAPER|EDGE_EXTENSION_RESTRICTION leash=Surface(name=Task=1#46)/@0x8fa8aaf sb=Rect(0, 0 - 1080, 2340) eb=Rect(0, 0 - 1080, 2340) epz=Point(1080, 2340) d=0 taskParent=-1 winMode=1 userId=0 inset=Rect(0, 105 - 0, 135) dim=true},{m=TO_BACK f=IS_WALLPAPER|IS_FIXED_PORTRAIT p=WCT{android.os.BinderProxy@8c6b3be} leash=Surface(name=WallpaperWindowToken{a9e9ca6}#8471)/@0xb488ebc sb=Rect(0, 0 - 1080, 2340) eb=Rect(0, 0 - 1080, 2340) epz=Point(1080, 2340) d=0 inset=Rect(0, 0 - 0, 0)}]}
04-18 09:53:52.348  5098  5136 V WindowManagerShell:  Checking filter Pair{{types=[] flags=0x0] notFlags=0x100 checks=[{atype=home independent=true modes=[OPEN,TO_FRONT] flags=NONE mustBeTask=false order=TOP topActivity=ComponentInfo{com.sec.android.app.launcher/com.sec.android.app.launcher.Launcher} launchCookie=null windowingMode=undefined isCrossDisplayMove=false},{atype=recents independent=true modes=[CLOSE,TO_BACK] flags=NONE mustBeTask=false order=ANY topActivity=null launchCookie=null windowingMode=undefined isCrossDisplayMove=false}]} RemoteTransition { remoteTransition = android.window.IRemoteTransition$Stub$Proxy@e5fbf30, appThread = android.app.IApplicationThread$Stub$Proxy@a2537a9, debugName = QuickstepLaunchHomeFromRecentsflags =NONE }}
04-18 09:53:52.348  5098  5136 V WindowManagerShell:  Checking filter Pair{{types=[] flags=0x0] notFlags=0x100 checks=[{atype=home independent=true modes=[OPEN,TO_FRONT] flags=NONE mustBeTask=false order=TOP topActivity=ComponentInfo{com.sec.android.app.launcher/com.sec.android.app.launcher.Launcher} launchCookie=null windowingMode=undefined isCrossDisplayMove=false},{atype=standard independent=true modes=[CLOSE,TO_BACK] flags=NONE mustBeTask=false order=ANY topActivity=null launchCookie=null windowingMode=undefined isCrossDisplayMove=false}]} RemoteTransition { remoteTransition = android.window.IRemoteTransition$Stub$Proxy@e84612e, appThread = android.app.IApplicationThread$Stub$Proxy@b8d94cf, debugName = QuickstepLaunchHomeflags =NONE }}
04-18 09:53:52.348  5098  5136 V WindowManagerShell:  Delegate animation for (#999) to null
04-18 09:53:52.348  5098  5136 V WindowManagerShell: start default transition animation, info = {id=999 t=OPEN f=0x0 trk=0 r=[0@Point(0, 0)] c=[{m=OPEN f=NONE leash=Surface(name=Task=171#12055)/@0xf16028e sb=Rect(0, 0 - 1080, 2340) eb=Rect(0, 0 - 1080, 2340) epz=Point(1080, 2340) d=0 taskParent=-1 winMode=1 userId=0 inset=Rect(0, 105 - 0, 135) dim=true},{m=TO_BACK f=SHOW_WALLPAPER|EDGE_EXTENSION_RESTRICTION leash=Surface(name=Task=1#46)/@0x8fa8aaf sb=Rect(0, 0 - 1080, 2340) eb=Rect(0, 0 - 1080, 2340) epz=Point(1080, 2340) d=0 taskParent=-1 winMode=1 userId=0 inset=Rect(0, 105 - 0, 135) dim=true},{m=TO_BACK f=IS_WALLPAPER|IS_FIXED_PORTRAIT p=WCT{android.os.BinderProxy@8c6b3be} leash=Surface(name=WallpaperWindowToken{a9e9ca6}#8471)/@0xb488ebc sb=Rect(0, 0 - 1080, 2340) eb=Rect(0, 0 - 1080, 2340) epz=Point(1080, 2340) d=0 inset=Rect(0, 0 - 0, 0)}]}
04-18 09:53:52.348  3518  3668 D LocalDisplayAdapter: updateActiveModeLocked for d=4630947077158959251, mActiveModeId=2, mActiveSfDisplayMode=DisplayMode{id=1, width=1080, height=2340, xDpi=375.78082, yDpi=373.81134, peakRefreshRate=120.00001, vsyncRate=240.00005, appVsyncOffsetNanos=8333111, presentationDeadlineNanos=9333444, supportedHdrTypes=[4, 2, 3], group=1}
04-18 09:53:52.348  5098  5136 V WindowManagerShell: loadAnimation: anim=android.view.animation.AnimationSet@56ddaa8 animAttr=0x13 type=OPEN isEntrance=false
04-18 09:53:52.348  5098  5136 V WindowManagerShell:    wallpaperTransit=WALLPAPER_CLOSE translucent=false
04-18 09:53:52.348  5098  5136 V WindowManagerShell:    change={m=TO_BACK f=SHOW_WALLPAPER|EDGE_EXTENSION_RESTRICTION leash=Surface(name=Task=1#46)/@0x8fa8aaf sb=Rect(0, 0 - 1080, 2340) eb=Rect(0, 0 - 1080, 2340) epz=Point(1080, 2340) d=0 taskParent=-1 winMode=1 userId=0 inset=Rect(0, 105 - 0, 135) dim=true}
