--------- beginning of main
04-18 09:53:49.106  2818  5872 D AidlBufferPool: bufferpool2 0xb400006e70810768 : 3(7500 size) total buffers - 1(3000 size) used buffers - 233621/233624 (recycle/alloc) - 26/233622 (fetch/transfer)
04-18 09:53:49.244  6618  6837 W MediaProvider: isAppCloneUserPair for user 0: false
04-18 09:53:49.250  3518  5856 D SyncManager: userId - 0 auto - true
04-18 09:53:49.251 29163 29194 I MediaSyncer: generation: Generation(added=1340, modified=1355)
04-18 09:53:49.252 16977 16977 D MediaCodecList: codecHandlesFormat: no format, so no extra checks
04-18 09:53:49.252 16977 16977 D MediaCodecList: codecHandlesFormat: no format, so no extra checks
04-18 09:53:49.252 29163 29194 I MediaSyncer: loaded: 2ms, Success(maxMediaId=0, maxGenAdded=-9223372036854775808, maxGenModified=1358, count=0)
04-18 09:53:49.253 16977 16995 I CCodec  : state->set(ALLOCATING)
04-18 09:53:49.253 16977 16996 D RuntimeProperty: ro.soc.model: SM8850
04-18 09:53:49.253 16977 16996 D RuntimeProperty: ro.board.platform: canoe
04-18 09:53:49.253 16977 16996 I CCodec  : allocate(c2.qti.avc.encoder)
04-18 09:53:49.253 16977 16996 D CCodec  : allocate(c2.qti.avc.encoder)
04-18 09:53:49.255 16977 16996 I ApexCodecsLazy: ApexCodecs loaded
04-18 09:53:49.255 16977 16996 I Codec2Client: Available Codec2 services: "default" "default1" "software" "__ApexCodecs__"
04-18 09:53:49.256 16977 16996 I CCodec  : setting up 'default' as default (vendor) store
04-18 09:53:49.256  2361  2452 I QC2CompStore: addIdToList add Id[252] to list
04-18 09:53:49.257  2361  2452 I vendor.qti.media.c2@1.0-service: missing struct descriptor #Param::CoreIndex(-V8002) for field portConfigs of struct #Param::CoreIndex(FV1a300)
04-18 09:53:49.257  2361  2452 I vendor.qti.media.c2@1.0-service: missing struct descriptor #Param::CoreIndex(--1812) for field values of struct #Param::CoreIndex(F-11812)
04-18 09:53:49.257  2361  2452 I vendor.qti.media.c2@1.0-service: missing struct descriptor #Param::CoreIndex(-Vc016) for field ubwcStats of struct #Param::CoreIndex(-Vc017)
04-18 09:53:49.257  2361  2452 I vendor.qti.media.c2@1.0-service: missing struct descriptor #Param::CoreIndex(-V8002) for field portConfigs of struct #Param::CoreIndex(FV1a250)
04-18 09:53:49.257  2361  2452 I vendor.qti.media.c2@1.0-service: missing struct descriptor #Param::CoreIndex(-V8002) for field portConfigs of struct #Param::CoreIndex(FV1a100)
04-18 09:53:49.257  2361  2452 I vendor.qti.media.c2@1.0-service: missing struct descriptor #Param::CoreIndex(--002) for field mastering of struct #Param::CoreIndex(--180a)
04-18 09:53:49.257  2361  2452 I vendor.qti.media.c2@1.0-service: missing struct descriptor #Param::CoreIndex(-V8002) for field portConfigs of struct #Param::CoreIndex(FV1a300)
04-18 09:53:49.257  2361  2452 I vendor.qti.media.c2@1.0-service: missing struct descriptor #Param::CoreIndex(-V8002) for field portConfigs of struct #Param::CoreIndex(FV1a250)
04-18 09:53:49.257  2361  2452 I vendor.qti.media.c2@1.0-service: missing struct descriptor #Param::CoreIndex(-V8002) for field portConfigs of struct #Param::CoreIndex(FV1b000)
04-18 09:53:49.258  2361  2452 I vendor.qti.media.c2@1.0-service: missing struct descriptor #Param::CoreIndex(-V8002) for field portConfigs of struct #Param::CoreIndex(FV1a100)
04-18 09:53:49.258  2361  2452 I vendor.qti.media.c2@1.0-service: missing struct descriptor #Param::CoreIndex(-V8002) for field portConfigs of struct #Param::CoreIndex(FV1c052)
04-18 09:53:49.258  2361  2452 I vendor.qti.media.c2@1.0-service: missing struct descriptor #Param::CoreIndex(-V8002) for field portConfigs of struct #Param::CoreIndex(FV1b000)
04-18 09:53:49.258  2361  2452 I vendor.qti.media.c2@1.0-service: missing struct descriptor #Param::CoreIndex(--005) for field values of struct #Param::CoreIndex(F-10821)
04-18 09:53:49.258  2361  2452 I vendor.qti.media.c2@1.0-service: missing struct descriptor #Param::CoreIndex(--004) for field values of struct #Param::CoreIndex(F-12004)
04-18 09:53:49.258  2361  2452 I vendor.qti.media.c2@1.0-service: missing struct descriptor #Param::CoreIndex(--1815) for field values of struct #Param::CoreIndex(F-11816)
04-18 09:53:49.258  2361  2452 W StandardCaps: IntraRefresh disabled: period=0.000000
04-18 09:53:49.258  2361  2452 I QC2Comp : [cmpavcE_252] KPI_L1: init: ms=0
04-18 09:53:49.258  2361  2452 I QC2CompStore: Created component(c2.qti.avc.encoder) id(252) sStore[0xb40000756de06ad0]
04-18 09:53:49.258  2361  2452 I QC2Comp : [avcE_252] API: intf()
04-18 09:53:49.258  2361  2452 I QC2Comp : [avcE_252] API: intf()
04-18 09:53:49.258  2361  2452 I QC2Comp : [avcE_252] API: intf()
04-18 09:53:49.258  2361  2452 I QC2Comp : [avcE_252] API: intf()
04-18 09:53:49.258  2361  2452 I QC2Comp : [avcE_252] API: intf()
04-18 09:53:49.258  2361  2452 I QC2Comp : [avcE_252] API: intf()
04-18 09:53:49.258  2361  2452 I QC2Comp : [avcE_252] API: setListener_vb()
04-18 09:53:49.258 16977 16996 I CCodec  : Created component [c2.qti.avc.encoder] for [c2.qti.avc.encoder]
04-18 09:53:49.258 16977 16996 I CCodec  : [c2.qti.avc.encoder] state->set(ALLOCATED)
04-18 09:53:49.258  2361  3416 I QC2Interface: [avcE_252] Failed to query parameters
04-18 09:53:49.258 16977 16996 D CCodecConfig: read media type: video/avc
04-18 09:53:49.259 16977 16996 D ReflectedParamUpdater: ignored struct field vendor.V4L2_INPUT_PORT_CONFIGS.portConfigs
04-18 09:53:49.259 16977 16996 D ReflectedParamUpdater: ignored struct field vendor.input.configs.portConfigs
04-18 09:53:49.259 16977 16996 D ReflectedParamUpdater: ignored struct field vendor.output.configs.portConfigs
04-18 09:53:49.259 16977 16996 D ReflectedParamUpdater: ignored struct field coding.gop.values
04-18 09:53:49.259 16977 16996 D ReflectedParamUpdater: ignored struct field coding.qp.values
04-18 09:53:49.259 16977 16996 D ReflectedParamUpdater: ignored struct field vendor.input.configs.portConfigs
04-18 09:53:49.259  5827  5867 I MediaCodec: setCodecState state(0), called in 6, domain 1, 0
04-18 09:53:49.260  6799  6957 I SemMediaResourceHelper: onState
04-18 09:53:49.260  6799  6957 I SemDvfsHyPerManager: acquire hyper - TABaseBoost/6799@27, type = -999
04-18 09:53:49.260 16977 16996 D ReflectedParamUpdater: ignored struct field vendor.output.configs.portConfigs
04-18 09:53:49.260  2331  2430 I HYPER-HAL: [RequestManager.cpp]acquire(): Acquired ID : 23300578 [6799 / 27]  HINT :     list : [TABoost / 1] 
04-18 09:53:49.260 16977 16996 D ReflectedParamUpdater: ignored struct field vendor.output.configs.portConfigs
04-18 09:53:49.260 16977 16996 D ReflectedParamUpdater: extent() != 1 for single value type: vendor.qti-ext-info-hist_hdr.stats_info
04-18 09:53:49.260 16977 16996 D ReflectedParamUpdater: extent() != 1 for single value type: vendor.qti-ext-info-hist_hdr.reserved
04-18 09:53:49.260 16977 16996 D ReflectedParamUpdater: extent() != 1 for single value type: output.buffers.pool-ids.values
04-18 09:53:49.261 16977 16996 D ReflectedParamUpdater: extent() != 1 for single value type: vendor.qti-ext-enc-temporal-layer-bitrate.layerBitrates
04-18 09:53:49.261 16977 16996 D ReflectedParamUpdater: ignored struct field vendor.input.configs.portConfigs
04-18 09:53:49.261 16977 16996 D ReflectedParamUpdater: ignored struct field resources.needed.values
04-18 09:53:49.262 16977 16996 D ReflectedParamUpdater: ignored struct field vendor.input.configs.portConfigs
04-18 09:53:49.263 16977 16996 D ReflectedParamUpdater: extent() != 1 for single value type: vendor.qti-ext-transcode-info-stats.stats_info
04-18 09:53:49.263 16977 16996 D ReflectedParamUpdater: ignored struct field vendor.output.configs.portConfigs
04-18 09:53:49.263 16977 16996 D ReflectedParamUpdater: extent() != 1 for single value type: output.subscribed-indices.values
04-18 09:53:49.263 16977 16996 D ReflectedParamUpdater: extent() != 1 for single value type: vendor.qti-ext-enc-info-metadata-cvp.reserved
04-18 09:53:49.264 16977 16996 D CCodecConfig: ignoring local param raw.color (0xc2001809) as it is already supported
04-18 09:53:49.264 16977 16996 D CCodecConfig: ignoring local param coded.average-qp (0xd200401b) as it is already supported
04-18 09:53:49.264 16977 16996 D CCodecConfig: ignoring local param coded.picture-type (0xd2001810) as it is already supported
04-18 09:53:49.264 16977 16996 I CCodec  : [c2.qti.avc.encoder] config->initialize() : 0
04-18 09:53:49.264  2361  6169 I QC2Interface: [avcE_252] Failed to query parameters
04-18 09:53:49.264 16977 16996 I CCodecConfig: query failed after returning 27 values (BAD_INDEX)
04-18 09:53:49.265 16977 16996 D CCodecConfig: c2 config diff is Dict {
04-18 09:53:49.265 16977 16996 D CCodecConfig:   c2::u32 algo.bitrate-mode.value = 3
04-18 09:53:49.265 16977 16996 D CCodecConfig:   c2::u32 algo.complexity.value = 50
04-18 09:53:49.265 16977 16996 D CCodecConfig:   c2::u32 algo.delay.value = 4
04-18 09:53:49.265 16977 16996 D CCodecConfig:   c2::i32 algo.priority.value = -4
04-18 09:53:49.265 16977 16996 D CCodecConfig:   c2::float algo.rate.value = 1
04-18 09:53:49.265 16977 16996 D CCodecConfig:   c2::u32 algo.secure-mode.value = 0
04-18 09:53:49.265 16977 16996 D CCodecConfig:   c2::u32 coded.bitrate.value = 20000000
04-18 09:53:49.265 16977 16996 D CCodecConfig:   c2::float coded.frame-rate.value = 30
04-18 09:53:49.265 16977 16996 D CCodecConfig:   c2::u32 coded.hdr-format.value = 0
04-18 09:53:49.265 16977 16996 D CCodecConfig:   c2::u32 coded.pl.level = 0
04-18 09:53:49.265 16977 16996 D CCodecConfig:   c2::u32 coded.pl.profile = 20484
04-18 09:53:49.265 16977 16996 D CCodecConfig:   c2::u32 coded.vui.color.matrix = 255
04-18 09:53:49.265 16977 16996 D CCodecConfig:   c2::u32 coded.vui.color.primaries = 0
04-18 09:53:49.265 16977 16996 D CCodecConfig:   c2::u32 coded.vui.color.range = 0
04-18 09:53:49.265 16977 16996 D CCodecConfig:   c2::u32 coded.vui.color.transfer = 255
04-18 09:53:49.265 16977 16996 D CCodecConfig:   c2::u32 coding.intra-refresh.mode = 0
04-18 09:53:49.265 16977 16996 D CCodecConfig:   c2::float coding.intra-refresh.period = 0
04-18 09:53:49.265 16977 16996 D CCodecConfig:   Buffer coding.qp-offset-rects = 0xb400007674841720
04-18 09:53:49.265 16977 16996 D CCodecConfig:   c2::u32 coding.request-sync-frame.value = 0
04-18 09:53:49.265 16977 16996 D CCodecConfig:   c2::i64 coding.sync-frame-interval.value = 1000000
04-18 09:53:49.265 16977 16996 D CCodecConfig:   Buffer coding.temporal-layering = {
04-18 09:53:49.265 16977 16996 D CCodecConfig:     00000000:  10 00 00 00 07 20 01 52  00 00 00 00 00 00 00 00  ..... .R........
04-18 09:53:49.265 16977 16996 D CCodecConfig:   }
04-18 09:53:49.265 16977 16996 D CCodecConfig:   c2::u32 default.color.matrix = 0
04-18 09:53:49.265 16977 16996 D CCodecConfig:   c2::u32 default.color.primaries = 0
04-18 09:53:49.265 16977 16996 D CCodecConfig:   c2::u32 default
04-18 09:53:49.265 16977 16996 W ColorUtils: expected specified color aspects (0:0:255:255)
04-18 09:53:49.265 16977 16996 I CCodec  : [c2.qti.avc.encoder] config->queryConfiguration()
04-18 09:53:49.265 16977 16996 I CCodec  : [c2.qti.avc.encoder] mCallback->onComponentAllocated() IN
04-18 09:53:49.265 16977 16996 I CCodec  : [c2.qti.avc.encoder] mCallback->onComponentAllocated() OUT
04-18 09:53:49.266 16977 16977 I MediaCodec: media_quality service unavailable, skipping updatePictureProfile
04-18 09:53:49.268 16977 16977 D CodecSeeding: Seed: codec c2.qti.avc.encoder, mediatype video/avc, overrideable 1
04-18 09:53:49.268 16977 16977 D CodecProperties: setTuningValue(vq-target-bpp,0)
04-18 09:53:49.268 16977 16977 D CodecProperties: setTuningValue(vq-target-bpp-1080p,1.90)
04-18 09:53:49.268 16977 16977 D CodecProperties: setTuningValue(vq-target-bpp-720p,2.25)
04-18 09:53:49.268 16977 16977 D CodecProperties: setTuningValue(vq-target-bpp-540p,2.65)
04-18 09:53:49.268 16977 16977 D CodecProperties: setTuningValue(vq-target-bpp-480p,3.00)
04-18 09:53:49.268 16977 16977 D CodecProperties: setTuningValue(vq-target-bpp-320x240,0)
04-18 09:53:49.268 16977 16977 D CodecProperties: setTuningValue(vq-target-qpmax,-1)
04-18 09:53:49.268 16977 16977 D CodecProperties: setTuningValue(vq-target-qpmax-1080p,45)
04-18 09:53:49.268 16977 16977 D CodecProperties: setTuningValue(vq-target-qpmax-720p,43)
04-18 09:53:49.268 16977 16977 D CodecProperties: setTuningValue(vq-target-qpmax-540p,42)
04-18 09:53:49.268 16977 16977 D CodecProperties: setTuningValue(vq-target-qpmax-480p,38)
04-18 09:53:49.268 16977 16977 D CodecProperties: setTuningValue(vq-bitrate-phaseout,1.75)
04-18 09:53:49.268 16977 16977 D CodecProperties: setTuningValue(vq-boost-missing-qp,0.20)
04-18 09:53:49.268 16977 16977 D CodecProperties: setFeatureValue(encoding-statistics,0)
04-18 09:53:49.268 16977 16977 D CodecProperties: setFeatureValue(intra-refresh,0)
04-18 09:53:49.268 16977 16977 D CodecProperties: setFeatureValue(region-of-interest,0)
04-18 09:53:49.268 16977 16977 D CodecProperties: setFeatureValue(video-minimum-quality,0)
04-18 09:53:49.268 16977 16977 D CodecProperties: setFeatureValue(_vq_eligible.device,1)
04-18 09:53:49.268 16977 16977 D CodecProperties: setFeatureValue(_quality.target,1)
04-18 09:53:49.268 16977 16977 D CodecSeeding: Seed: codec c2.qti.avc.encoder, mediatype video/avc, overrideable 0
04-18 09:53:49.268 16977 16977 D VQApply : minquality: 1080x2340 outside of shaping range
04-18 09:53:49.268 16977 16977 D MediaCodec: shapeMediaFormat: deltas(1): AMessage(what = 0x00000000) = {
04-18 09:53:49.268 16977 16977 D MediaCodec:     int32_t android._encoding-quality-level = 0
04-18 09:53:49.268 16977 16977 D MediaCodec:   }
04-18 09:53:49.269 16977 16996 D CCodec  : [c2.qti.avc.encoder] buffers are bound to CCodec for this session
04-18 09:53:49.269 16977 16996 I CCodec  : appPid(16977) width(1080) height(2340)
04-18 09:53:49.269 16977 16996 I CCodec  : Set content adaptive mode (0)
04-18 09:53:49.269 16977 16996 D CCodec  : Encoder low latency mode disabled.
04-18 09:53:49.269 16977 16996 D CCodecConfig: no c2 equivalents for color-format
04-18 09:53:49.269 16977 16996 D CCodecConfig: no c2 equivalents for max-bframes
04-18 09:53:49.269 16977 16996 D CCodecConfig: no c2 equivalents for flags
04-18 09:53:49.269 16977 16996 D CCodecConfig: no c2 equivalents for encoder
04-18 09:53:49.269 16977 16996 D CCodecConfig: no c2 equivalents for color-standard
04-18 09:53:49.269 16977 16996 D CCodecConfig: c2 config diff is   c2::float coded.frame-rate.value = 120
04-18 09:53:49.269 16977 16996 D CCodecConfig:   c2::u32 coded.vui.color.matrix = 1
04-18 09:53:49.269 16977 16996 D CCodecConfig:   c2::u32 coded.vui.color.primaries = 1
04-18 09:53:49.269 16977 16996 D CCodecConfig:   c2::u32 coded.vui.color.range = 2
04-18 09:53:49.269 16977 16996 D CCodecConfig:   c2::u32 coded.vui.color.transfer = 3
04-18 09:53:49.269 16977 16996 D CCodecConfig:   Buffer coding.qp-offset-rects = 0xb400007674841b80
04-18 09:53:49.269 16977 16996 D CCodecConfig:   c2::i64 coding.sync-frame-interval.value = 10000000
04-18 09:53:49.269 16977 16996 D CCodecConfig:   c2::u32 raw.color.matrix = 1
04-18 09:53:49.269 16977 16996 D CCodecConfig:   c2::u32 raw.color.primaries = 1
04-18 09:53:49.269 16977 16996 D CCodecConfig:   c2::u32 raw.color.range = 2
04-18 09:53:49.269 16977 16996 D CCodecConfig:   c2::u32 raw.color.transfer = 3
04-18 09:53:49.269 16977 16996 D CCodecConfig:   c2::u32 raw.pixel-format.value = 34
04-18 09:53:49.269 16977 16996 D CCodecConfig:   c2::u32 raw.size.height = 2340
04-18 09:53:49.269 16977 16996 D CCodecConfig:   c2::u32 raw.size.width = 1080
04-18 09:53:49.269 16977 16996 D CCodecConfig:   c2::i32 vendor.qti-ext-enc-content-adaptive-mode.value = 0
04-18 09:53:49.270  2361  6169 I QC2Interface: [avcE_252] Failed to query parameters
04-18 09:53:49.270 16977 16996 D CCodec  : Setting encoder options for disabling wrapping
04-18 09:53:49.270 16977 16996 D CCodec  : encoding statistics level = 0
04-18 09:53:49.270 16977 16996 D CCodec  : setup formats input: AMessage(what = 0x00000000) = {
04-18 09:53:49.270 16977 16996 D CCodec  :   int32_t android._color-format = 2130708361
04-18 09:53:49.270 16977 16996 D CCodec  :   Rect crop(0, 0, 1079, 2339)
04-18 09:53:49.270 16977 16996 D CCodec  :   int32_t color-standard = 1
04-18 09:53:49.270 16977 16996 D CCodec  :   int32_t color-range = 2
04-18 09:53:49.270 16977 16996 D CCodec  :   int32_t color-transfer = 3
04-18 09:53:49.270 16977 16996 D CCodec  :   int32_t width = 1080
04-18 09:53:49.270 16977 16996 D CCodec  :   int32_t android._dataspace = 260
04-18 09:53:49.270 16977 16996 D CCodec  :   int32_t feature-secure-playback = 0
04-18 09:53:49.270 16977 16996 D CCodec  :   int32_t frame-rate = 120
04-18 09:53:49.270 16977 16996 D CCodec  :   int32_t height = 2340
04-18 09:53:49.270 16977 16996 D CCodec  :   int32_t intra-refresh-period = 0
04-18 09:53:49.270 16977 16996 D CCodec  :   int32_t latency = 4
04-18 09:53:49.270 16977 16996 D CCodec  :   string mime = "video/raw"
04-18 09:53:49.270 16977 16996 D CCodec  :   int32_t prepend-sps-pps-to-idr-frames = 0
04-18 09:53:49.270 16977 16996 D CCodec  :   int32_t priority = 4
04-18 09:53:49.270 16977 16996 D CCodec  :   Buffer hdr-static-info = {
04-18 09:53:49.270 16977 16996 D CCodec  :     00000000:  00 00 00 00 00 00 00 00  00 00 00 00 00 00 00 00  ................
04-18 09:53:49.270 16977 16996 D CCodec  :     00000010:  00 00 00 00 00 00 00 00  00                       .........
04-18 09:53:49.270 16977 16996 D CCodec  :   }
04-18 09:53:49.270 16977 16996 D CCodec  :   int64_t android._C2MemoryUsage = 4503599895872256
04-18 09:53:49.270 16977 16996 D CCodec  :   int32_t color-format = 2130708361
04-18 09:53:49.270 16977 16996 D CCodec  :   int32_t bytebuffer-wrapping-disable = 1
04-18 09:53:49.270 16977 16996 D CCodec  : }
04-18 09:53:49.270 16977 16996 D CCodec  : setup formats output: AMessage(what = 0x00000000) = {
04-18 09:53:49.270 16977 16996 D CCodec  :   int32_t bitrate = 20000000
04-18 09:53:49.270 16977 16996 D CCodec  :   int32_t bitrate-mode = 1
04-18 09:53:49.270 16977 16996 D CCodec  :   Rect crop(0, 0, 1079, 2339)
04-18 09:53:49.270 16977 16996 D CCodec  :   int32_t width = 1080
04-18 09:53:49.270 16977 16996 D CCodec  :   int32_t color-standard = 1
04-18 09:53:49.270 16977 16996 D CCodec  :   int32_t color-range = 2
04-18 09:53:49.270 16977 16996 D CCodec  :   int32_t color-transfer = 3
04-18 09:53:49.270 16977 16996 D CCodec  :   int32_t feature-secure-playback = 0
04-18 09:53:49.270 16977 16996 D CCodec  :   int32_t frame-rate = 120
04-18 09:53:49.270 16977 16996 D CCodec  :   int32_t height = 2340
04-18 09:53:49.270 16977 16996 D CCodec  :   int32_t intra-refresh-period = 0
04-18 09:53:49.270 16977 16996 D CCodec  :   int32_t latency = 4
04-18 09:53:49.270 16977 16996 D CCodec  :   int32_t max-bitrate = 20000000
04-18 09:53:49.270 16977 16996 D CCodec  :   string mime = "video/avc"
04-18 09:53:49.270 16977 16996 D CCodec  :   int32_t prepend-sps-pps-to-idr-frames = 0
04-18 09:53:49.270 16977 16996 D CCodec  :   int32_t priority = 4
04-18 09:53:49.270 16977 16996 D CCodec  :   int32_t profile = 8
04-18 09:53:49.270 16977 16996 D CCodec  :   int32_t vendor.qti-ext-enc-content-adaptive-mode.value = 0
04-18 09:53:49.270 16977 16996 D CCodec  : }
04-18 09:53:49.270  2361  6169 I QC2Interface: [avcE_252] Failed to query parameters
04-18 09:53:49.270 16977 16996 I CCodecConfig: query failed after returning 29 values (BAD_INDEX)
04-18 09:53:49.271  3518  5856 D SehCodecSolutionService: updateMediaStatisticsData: (action=1@1986621044;category=1@1986621044;label=1936222260@1986621044)
04-18 09:53:49.271  3518  5856 D CodecSolution_MediaStatisticsData: MediaStatisticsData: action=1@1986621044;category=1@1986621044;label=1936222260@1986621044
04-18 09:53:49.271  3518  5856 D CodecSolution_MediaStatisticsData: Category.valueOf: 1
04-18 09:53:49.271  3518  5856 D CodecSolution_MediaStatisticsData: Action.valueOf: 1
04-18 09:53:49.271  3518  5856 D CodecSolution_MediaStatisticsData: Label.valueOf: 0x73686834
04-18 09:53:49.271  3518  5856 D CodecSolution_MediaStatisticsData: category: VENC
04-18 09:53:49.271  3518  5856 D CodecSolution_MediaStatisticsData: action: INSTANTIATE
04-18 09:53:49.271  3518  5856 D CodecSolution_MediaStatisticsData: label: SEC_HW_H264
04-18 09:53:49.271  3518  3518 D SehCodecSolutionService: handleMessage : 900
04-18 09:53:49.271  3518  3518 D SehCodecSolutionService: event : VENC
04-18 09:53:49.271  3518  3518 D CodecSolution_Logging: dma : true, feature: VENC, extra: SEC_HW_H264, value: -1
04-18 09:53:49.271  3518  3518 D CodecSolution_Logging: insert diagmon log
04-18 09:53:49.271  3518  3518 D CodecSolution_Logging: permission granted
--------- beginning of system
04-18 09:53:49.271  3518  3518 W ContextImpl: Calling a method in the system process without a qualified user: android.app.ContextImpl.sendBroadcast:1374 vendor.samsung.frameworks.codecsolution.Logging.insertDiagmonLog:14 vendor.samsung.frameworks.codecsolution.Logging.insertLog:6 vendor.samsung.frameworks.codecsolution.Logging.insertLog:1 vendor.samsung.frameworks.codecsolution.SehCodecSolutionService$1.handleMessage:24 
04-18 09:53:49.271 16977 16996 W HidlServiceManagement: hwservicemanager is not supported on the device.
04-18 09:53:49.271 16977 16996 I HidlServiceManagement: Trying to get transport of android.hardware.media.omx@1.0::IOmx/default without hwservicemanager
04-18 09:53:49.272  6731  6731 W ContextImpl: Calling a method in the system process without a qualified user: android.app.ContextImpl.startService:2128 android.content.ContextWrapper.startService:898 android.content.ContextWrapper.startService:898 com.sec.android.diagmonagent.sa.receiver.CFLogReceiver.onReceive:56 android.app.ActivityThread.handleReceiver:6029 
04-18 09:53:49.273 16977 16996 E BufferQueueProducer: Unable to open libpenguin.so: dlopen failed: library "libpenguin.so" not found.
04-18 09:53:49.273 16977 16996 E screenrecord: Unable to open libpenguin.so: dlopen failed: library "libpenguin.so" not found.
04-18 09:53:49.273 16977 16996 D CCodec  : aidl based PersistentSurface created
04-18 09:53:49.273 16977 16996 D CCodecConfig: c2 config diff is   Buffer coding.qp-offset-rects = 0xb400007674848390
04-18 09:53:49.273 16977 16996 D CCodec  : input format unchanged to AMessage(what = 0x00000000) = {
04-18 09:53:49.273 16977 16996 D CCodec  :   int32_t android._color-format = 2130708361
04-18 09:53:49.273 16977 16996 D CCodec  :   Rect crop(0, 0, 1079, 2339)
04-18 09:53:49.273 16977 16996 D CCodec  :   int32_t color-standard = 1
04-18 09:53:49.273 16977 16996 D CCodec  :   int32_t color-range = 2
04-18 09:53:49.273 16977 16996 D CCodec  :   int32_t color-transfer = 3
04-18 09:53:49.273 16977 16996 D CCodec  :   int32_t width = 1080
04-18 09:53:49.273 16977 16996 D CCodec  :   int32_t android._dataspace = 260
04-18 09:53:49.273 16977 16996 D CCodec  :   int32_t feature-secure-playback = 0
04-18 09:53:49.273 16977 16996 D CCodec  :   int32_t frame-rate = 120
04-18 09:53:49.273 16977 16996 D CCodec  :   int32_t height = 2340
04-18 09:53:49.273 16977 16996 D CCodec  :   int32_t intra-refresh-period = 0
04-18 09:53:49.273 16977 16996 D CCodec  :   int32_t latency = 4
04-18 09:53:49.273 16977 16996 D CCodec  :   string mime = "video/raw"
04-18 09:53:49.273 16977 16996 D CCodec  :   int32_t prepend-sps-pps-to-idr-frames = 0
04-18 09:53:49.273 16977 16996 D CCodec  :   int32_t priority = 4
04-18 09:53:49.273 16977 16996 D CCodec  :   Buffer hdr-static-info = {
04-18 09:53:49.273 16977 16996 D CCodec  :     00000000:  00 00 00 00 00 00 00 00  00 00 00 00 00 00 00 00  ................
04-18 09:53:49.273 16977 16996 D CCodec  :     00000010:  00 00 00 00 00 00 00 00  00                       .........
04-18 09:53:49.273 16977 16996 D CCodec  :   }
04-18 09:53:49.273 16977 16996 D CCodec  :   int64_t android._C2MemoryUsage = 4503599895872256
04-18 09:53:49.273 16977 16996 D CCodec  :   int32_t color-format = 2130708361
04-18 09:53:49.273 16977 16996 D CCodec  :   int32_t bytebuffer-wrapping-disable = 1
04-18 09:53:49.273 16977 16996 D CCodec  : }
04-18 09:53:49.273 16977 16996 D C2NodeImpl: actual buffer count(16), input delay(1), pipeline delay(4)
04-18 09:53:49.273 16977 16996 D GraphicBufferSource: setting dataspace: 0x10c10000, acquired=0
04-18 09:53:49.273 16977 16996 D CCodec  : ISConfig not changed
04-18 09:53:49.273 16977 16995 I CCodec  : [c2.qti.avc.encoder] state->set(STARTING)
04-18 09:53:49.273  2361  3416 I QC2Interface: [avcE_252] Failed to query parameters
04-18 09:53:49.274  2361  3416 I QC2Comp : [avcE_252] CPU perf resource value pair found: [1082130688, 4095, ]
04-18 09:53:49.274  2361  3416 E PERFHAL-CLIENT: PERFHAL-CLIENT: perf_lock_acq() 164: opcode=1082130688 isMvOpcode=0
04-18 09:53:49.274  2361  3416 I QC2Comp : [avcE_252] API: intf()
04-18 09:53:49.274  2358  2547 E PERFHAL-REQUEST: PERFHAL-REQUEST: Process() 394: Translate to physical failed
04-18 09:53:49.274  2361  3416 I QC2Registry: Build pipelined codec for session
04-18 09:53:49.274  2361  3416 I QC2Registry: Getting stages for pipelined codec
04-18 09:53:49.274  2361  3416 I QC2Registry: Requested codec is pipelined. Create codec list
04-18 09:53:49.274  2361  3416 I QC2Registry: GetEnabledFilters for c2.qti.avc.encoder
04-18 09:53:49.274  2361  3416 I QC2Registry: Pipeline Index = a000a103
04-18 09:53:49.274  2361  3416 I QC2Registry: Filter c2.qti.filter.imagetransform.secure can't be pipelined
04-18 09:53:49.274  2361  3416 I QC2Registry: Pipeline Index = a000b002
04-18 09:53:49.274  2361  3416 I QC2Registry: Add c2.qti.filter.imagetransform to pipeline
04-18 09:53:49.274  2361  3416 I QC2Registry: Pipeline Index = a000a252
04-18 09:53:49.274  2361  3416 I QC2Registry: search [c2.qti.filter.cvp] in mPreProcessingFactories
04-18 09:53:49.274  2361  3416 I QC2Registry: Add c2.qti.filter.cvp to pipeline
04-18 09:53:49.274  2361  3416 I QC2Registry: search [c2.qti.filter.streamintegrator] in mPreProcessingFactories
04-18 09:53:49.274  2361  3416 I QC2Registry: Created 3 filters for pipelined codec c2.qti.avc.encoder
04-18 09:53:49.274  2361  3416 I QC2Registry: search [c2.qti.filter.encpostproc] in mPreProcessingFactories
04-18 09:53:49.274  2361  3416 I QC2Filter: [imgTxrF_252] KPI_L1: init: ms=0
04-18 09:53:49.274  2361  3416 I QC2Filter: [cvpF_252] KPI_L1: init: ms=0
04-18 09:53:49.274  2361  3416 I QC2Filter: [sIgF_252] KPI_L1: init: ms=0
04-18 09:53:49.274  2361  3416 I QC2Filter: [encPostProcF_252] KPI_L1: init: ms=0
04-18 09:53:49.275  2361  3416 I QC2V4l2Codec: [v4lavcE_252] KPI_L1: init: ms=0
04-18 09:53:49.275  2361  3416 I QC2PipelineCodec: [pipeE_encPostProcF_252] KPI_L1: init: ms=0
04-18 09:53:49.275  2361  3416 E QC2Buf  : GetAlignedWidth: unsupported color format, ?
04-18 09:53:49.275  2361  3416 E QC2Buf  : GetAlignedHeight: unsupported color format, ?
04-18 09:53:49.275  2361  3416 E QC2Buf  : GetAlignedWidth: unsupported color format, ?
04-18 09:53:49.275  2361  3416 E QC2Buf  : GetAlignedHeight: unsupported color format, ?
04-18 09:53:49.275  2361  3416 W QC2Filter: [cvpF_252] Incorrect/Bad state to process stop
04-18 09:53:49.275  2361  3416 I QC2Filter: [cvpF_252] KPI_L1: stop: ms=0
04-18 09:53:49.275  2361  3416 W QC2Filter: [cvpF_252] stop returned retval=1
04-18 09:53:49.275  2361  3416 I QC2Filter: [cvpF_252] KPI_L1: release: ms=0
04-18 09:53:49.275  2361  3416 I Thread  : ~QC2Thread
04-18 09:53:49.275  2361  3416 I Thread  : ~QC2Thread successfully!
04-18 09:53:49.275  2361  3416 W QC2Filter: [sIgF_252] Incorrect/Bad state to process stop
04-18 09:53:49.275  2361  3416 I QC2Filter: [sIgF_252] KPI_L1: stop: ms=0
04-18 09:53:49.275  2361  3416 W QC2Filter: [sIgF_252] stop returned retval=1
04-18 09:53:49.275  2361  3416 I QC2Filter: [sIgF_252] KPI_L1: release: ms=0
04-18 09:53:49.275  2361  3416 I Thread  : ~QC2Thread
04-18 09:53:49.275  2361  3416 I Thread  : ~QC2Thread successfully!
04-18 09:53:49.275  2361  3416 W QC2Filter: [encPostProcF_252] Incorrect/Bad state to process stop
04-18 09:53:49.275  2361  3416 I QC2Filter: [encPostProcF_252] KPI_L1: stop: ms=0
04-18 09:53:49.275  2361  3416 W QC2Filter: [encPostProcF_252] stop returned retval=1
04-18 09:53:49.275  2361  3416 I QC2Filter: [encPostProcF_252] KPI_L1: release: ms=0
04-18 09:53:49.276  2361  3416 I Thread  : ~QC2Thread
04-18 09:53:49.276  2361  3416 I Thread  : ~QC2Thread successfully!
04-18 09:53:49.276  2361 17051 D AidlBufferPool: bufferpool2 0xb40000742de09168 : 0(0 size) total buffers - 0(0 size) used buffers - 0/0 (recycle/alloc) - 0/0 (fetch/transfer)
04-18 09:53:49.276  2361 17051 D AidlBufferPool: bufferpool2 0xb40000742de22ab8 : 64(1048576 size) total buffers - 64(1048576 size) used buffers - 0/64 (recycle/alloc) - 0/0 (fetch/transfer)
04-18 09:53:49.276  2361 17051 I QC2Buf  : use default ref tracker
04-18 09:53:49.276  2361 17051 I QC2Buf  : registerCallback graphicBufferPool override
04-18 09:53:49.276  2361 17051 I QC2Buf  : registerCallback graphicBufferPool override
04-18 09:53:49.276  2361 17051 I QC2ImageConverter: Constructing QC2VidTxrEngine engine for image conversion
04-18 09:53:49.276  2361 17051 I QC2ImageConverter: created QC2ImageConverter: secure:0 [1080x2340, RGBA8888_UBWC] -- {do flip 0, then rotate 0} --> [1080x2340, VENUS_NV12_UBWC]
04-18 09:53:49.276  2361  3416 I QC2Filter: [imgTxrF_252] KPI_L1: start: ms=0
04-18 09:53:49.278  2361 17035 E QC2PipelineCodec: [pipeE_encPostProcF_252] filter inst-name=c2.qti.avc.encoder_252 configupdate handle skip
04-18 09:53:49.278  2361  3416 I QC2V4l2Codec: [v4lavcE_252] KPI_L1: start: ms=1
04-18 09:53:49.278  2361  3416 I QC2PipelineCodec: [pipeE_avcE_252] KPI_L1: start: ms=3
04-18 09:53:49.279  2361  3416 I QC2Interface: [avcE_252] Failed to query parameters
04-18 09:53:49.279  2361  3416 I QC2Comp : [avcE_252] KPI_L1: start: ms=5
04-18 09:53:49.279 16977 16996 D C2NodeImpl: actual buffer count(16), input delay(8), pipeline delay(4)
04-18 09:53:49.279 16977 16996 D GraphicBufferSource: update max acquired buffer count to 16
04-18 09:53:49.279  3518  5856 D SehCodecSolutionService: getVideoRecordingParameter id : 72915659784192
04-18 09:53:49.279  2361  6169 I QC2Interface: [avcE_252] Failed to query parameters
04-18 09:53:49.280  2361  6169 I QC2Interface: [avcE_252] Failed to query parameters
04-18 09:53:49.280 16977 16996 D CCodecBufferChannel: [c2.qti.avc.encoder#618] Query input allocators returned 0 params => BAD_INDEX (6)
04-18 09:53:49.280 16977 16996 D CCodecBufferChannel: [c2.qti.avc.encoder#618] Using basic input block pool with poolID 1 => got 1 - OK (0)
04-18 09:53:49.280  2361  6169 I QC2Interface: [avcE_252] Failed to query parameters
04-18 09:53:49.280 16977 16996 D CCodecBufferChannel: [c2.qti.avc.encoder#618] Query output allocators returned 0 params => BAD_INDEX (6)
04-18 09:53:49.280 16977 16996 I CCodecBufferChannel: [c2.qti.avc.encoder#618] Created output block pool with allocatorID 16 => poolID 358 - OK
04-18 09:53:49.280 16977 16996 D CCodecBufferChannel: [c2.qti.avc.encoder#618] Configured output block pool ids 358 => OK
04-18 09:53:49.280  2361  6169 W QC2Interface: [avcE_252] Few parameters failed to configure
04-18 09:53:49.280 16977 16996 I CCodec  : [c2.qti.avc.encoder] state->set(RUNNING)
04-18 09:53:49.281  2785 10879 I ResourceManagerService: addMediaInfo pid 16977 (width 1080 height 2340), allocated hw codec count 2
04-18 09:53:49.281  2785 10879 I ResourceManagerService: getMediaResourceInfo (PID : 5827, clientID : -5476376658686402912, non-secure-codec/hw-video-codec:[]:1, 1080x2336 (fps:60) - sw codec : no, encoder : yes componentName = c2.qti.avc.encoder bitrate = 8000000)
04-18 09:53:49.281  2785 10879 I ResourceManagerService: getMediaResourceInfo (PID : 16977, clientID : -5476376636242760192, non-secure-codec/hw-video-codec:[]:1, 1080x2340 (fps:120) - sw codec : no, encoder : yes componentName = c2.qti.avc.encoder bitrate = 20000000)
04-18 09:53:49.281  2785 10879 W ResourceManagerServiceUtils: Ignoring request to add new resource entry with value <= 0
04-18 09:53:49.281  6799  6957 I SemMediaResourceHelper: onAdd
04-18 09:53:49.281 16977 16995 I MediaCodec: setCodecState state(0), called in 6, domain 1, 0
04-18 09:53:49.281  6799  6957 I SemMediaResourceHelper: onState
04-18 09:53:49.281  6799  6957 I SemDvfsHyPerManager: acquire hyper - TABaseBoost/6799@27, type = -999
04-18 09:53:49.281  2427  2502 D SurfaceFlinger: Creating virtual display: ScreenRecorder
04-18 09:53:49.281  2427  2502 I SurfaceFlinger: createVirtualDisplay:name(ScreenRecorder) uid(2000) token(0xb40000756f8e20d0) 
04-18 09:53:49.281  2427  4142 I SurfaceFlinger: mirrorDisplay: displayId=4630947077158959251 layerstack=0
04-18 09:53:49.282 16977 16977 I SurfaceComposerClient: apply DisplayState::eSurfaceChanged(index:0)
04-18 09:53:49.282 16977 16977 I SurfaceComposerClient: apply DisplayState::eLayerStackChanged(index:0) layerStack(1719567127)
04-18 09:53:49.282 16977 16977 I SurfaceComposerClient: apply DisplayState::eDisplayProjectionChanged(index:0) orientation(0) layerStackSpaceRect(1080x2340) orientedDisplaySpaceRect(1080x2340)
04-18 09:53:49.282  2331  2430 I HYPER-HAL: [RequestManager.cpp]releaseLocked(): Released ID : 23300578
04-18 09:53:49.282  2331  2430 I HYPER-HAL: [RequestManager.cpp]acquire(): Acquired ID : 23300578 [6799 / 27]  HINT :     list : [TABoost / 1] 
04-18 09:53:49.283  2427  2502 I SurfaceFlinger: Current= 240, Period= 240, Distance= 2
04-18 09:53:49.283  2427  2427 I SurfaceFlinger: [MirrorRoot-4630947077158959251#12054] attach to parent Root
04-18 09:53:49.284  2427  2427 I QtiSurfaceFlingerExtension: qtiCanAllocateHwcDisplayIdForVDS flag_mask_pvt_wfd(0 flag_mask_hw_video(65536)
04-18 09:53:49.284  2427  2427 W libc    : Access denied finding property "vendor.gpp.create_frc_extension"
04-18 09:53:49.284  2427  2427 W libc    : Access denied finding property "vendor.gpp.create_frc_extension"
04-18 09:53:49.284  2427  2427 I SurfaceFlinger: [SkPSEDetector] Virtual display requires 240 entries in PSE GPU queues
04-18 09:53:49.284  2427  2427 E SurfaceFlinger: getColorModes failed for display 0: Invalid display
04-18 09:53:49.284  2427  2427 I SurfaceFlinger: Enabling QtiRenderSurfaceExtension ...
04-18 09:53:49.284  2427  2427 E SurfaceFlinger: [ScreenRecorder] getUniqueId: Invalid operation on virtual display
04-18 09:53:49.284  2427  2427 I SurfaceFlinger: [MultiResolution] Input Value : o = 0, layerStack = (-1x-1), orientedDisplay = (-1x-1), mDisplay = (1080x2340)
04-18 09:53:49.284  2427  2427 D SurfaceFlinger: setLayerFilter: layerstack=1719567127 on display 11529215049386307472,toInternalDisplay:false
04-18 09:53:49.284  2427  2427 I SurfaceFlinger: [MultiResolution] Input Value : o = 0, layerStack = (1080x2340), orientedDisplay = (1080x2340), mDisplay = (1080x2340)
04-18 09:53:49.284  2427  2427 D SurfaceFlinger: processDisplayAdded: Optimizing thread scheduling: optimizeForPerformance
04-18 09:53:49.285  2427  2427 I SurfaceFlinger: [StatusBar$_5098#90] setDefaultFrameRateCompatibility: NoVote
04-18 09:53:49.285  6618 11065 I MediaProvider: Deleted 0 0 0 1 0 0 0 items on external_primary due to com.android.shell
04-18 09:53:49.286  2427  2427 D SurfaceFlinger: GPIS:: requestGPISForClientComposition
04-18 09:53:49.286  3518  5856 D SyncManager: userId - 0 auto - true
04-18 09:53:49.286 29244 29316 I UriTaskContentObserver: (REDACTED) Throttling content uri change event for %s
04-18 09:53:49.286 29163 29194 I MediaSyncer: generation: Generation(added=1340, modified=1358)
04-18 09:53:49.287  2355  3100 I SDM     : AIScalerFeatureIntfImpl::LookupConfig: Scale ratio = 1.780000
04-18 09:53:49.287  2355  3100 I SDM     : AIScalerParserIntfImpl::LookupConfig: Scale Ratio Match Found Here
04-18 09:53:49.287  2355  3100 I SDM     : AIScalerFeatureIntfImpl::LookupConfig: Scale ratio = 1.780000
04-18 09:53:49.287  2355  3100 I SDM     : AIScalerParserIntfImpl::LookupConfig: Scale Ratio Match Found Here
04-18 09:53:49.287  2427  2502 I SurfaceFlinger: Current= 240, Period= 240, Distance= 240
04-18 09:53:49.288  6618 14578 W MediaProvider: isAppCloneUserPair for user 0: false
04-18 09:53:49.288 29163 29194 I MediaSyncer: loaded: 2ms, Success(maxMediaId=0, maxGenAdded=-9223372036854775808, maxGenModified=1360, count=0)
04-18 09:53:49.290 29163 29182 I MediaSyncer: delete-reconcileDelete: 0
04-18 09:53:49.291  3518  5856 D SyncManager: userId - 0 auto - true
04-18 09:53:49.291 29244 29316 I UriTaskContentObserver: (REDACTED) Throttling content uri change event for %s
04-18 09:53:49.291 16977 16977 D MPEG4Writer: PreAllocation enabled
04-18 09:53:49.292 29163 29194 I MediaSyncer: generation: Generation(added=1340, modified=1360)
04-18 09:53:49.293 29163 29194 I MediaSyncer: loaded: 2ms, Success(maxMediaId=0, maxGenAdded=-9223372036854775808, maxGenModified=1362, count=0)
04-18 09:53:49.295  5827  5910 D PipelineWatcher: onInputBufferReleased: frameIndex not found (7044); ignored
04-18 09:53:49.295  2350 31348 I SnapAlloc: IsUBWCAlloc - Explicit ubwc format 265 passed by the clients
04-18 09:53:49.295  2350 31348 I SnapAlloc: IsUBWCAlloc - Explicit ubwc format 265 passed by the clients
04-18 09:53:49.296  2350 31348 I SnapAlloc: IsUBWCAlloc - Explicit ubwc format 265 passed by the clients
04-18 09:53:49.296  2350 31348 I SnapAlloc: IsUBWCAlloc - Explicit ubwc format 265 passed by the clients
04-18 09:53:49.300 16977 16988 D qdgralloc: Fetching IMapper5 from QtiMapper5
04-18 09:53:49.301  2361  5893 I QC2CompStore: Setting heap usage to system
04-18 09:53:49.301  5827  5867 I MediaCodec: setCodecState state(1), called in 6, domain 1, 0
04-18 09:53:49.302  6799  6957 I SemMediaResourceHelper: onState
04-18 09:53:49.302  2331  2430 I HYPER-HAL: [RequestManager.cpp]releaseLocked(): Released ID : 23300578
04-18 09:53:49.304 16977 16988 I SnapAlloc: Graphics lib is available
04-18 09:53:49.307 16977 16988 D GraphicBufferSource: got buffer with new dataSpace 0x10c10000
04-18 09:53:49.307 16977 16988 D C2NodeImpl: dataspace changed to 0x10c10000 pixel format: 0x1
04-18 09:53:49.308  2427  4146 D NativeSemDvfsManager: acquire:: timeout = 2000 mIsAcquired = 1  mTagName : SurfaceFlinger 
04-18 09:53:49.308  2427  4146 E NativeCustomFrequencyManager: [NativeCFMS] BpCustomFrequencyManager::acquire()
04-18 09:53:49.308  2331  2430 I HYPER-HAL: [RequestManager.cpp]acquire(): Acquired ID : 5874878 [2427 / 1000]  HINT : SF_GPU_MINLOCK   list : [TIMEOUT / 2000] 
04-18 09:53:49.309  2361  6169 E PERFHAL-CLIENT: PERFHAL-CLIENT: perf_lock_acq() 164: opcode=1082130688 isMvOpcode=0
04-18 09:53:49.309  2355  3100 I SDM     : AIScalerFeatureIntfImpl::LookupConfig: Scale ratio = 1.780000
04-18 09:53:49.309  2355  3100 I SDM     : AIScalerParserIntfImpl::LookupConfig: Scale Ratio Match Found Here
04-18 09:53:49.309  2358  2547 E PERFHAL-REQUEST: PERFHAL-REQUEST: Process() 394: Translate to physical failed
04-18 09:53:49.309  2361  6169 I QC2Comp : [avcE_252] format inp:0 buf:-1040187392
04-18 09:53:49.310  2350 31348 I SnapAlloc: IsUBWCAlloc - Explicit ubwc format 265 passed by the clients
04-18 09:53:49.310  2350 31348 I SnapAlloc: IsUBWCAlloc - Explicit ubwc format 265 passed by the clients
04-18 09:53:49.310  2350 31348 I SnapAlloc: IsUBWCAlloc - Explicit ubwc format 265 passed by the clients
04-18 09:53:49.310  2350 31348 I SnapAlloc: IsUBWCAlloc - Explicit ubwc format 265 passed by the clients
04-18 09:53:49.310  2350 31348 I SnapAlloc: IsUBWCAlloc - Explicit ubwc format 265 passed by the clients
04-18 09:53:49.310  2350 31348 I SnapAlloc: IsUBWCAlloc - Explicit ubwc format 265 passed by the clients
04-18 09:53:49.311  2350 31348 I SnapAlloc: IsUBWCAlloc - Explicit ubwc format 265 passed by the clients
04-18 09:53:49.311  2350 31348 I SnapAlloc: IsUBWCAlloc - Explicit ubwc format 265 passed by the clients
04-18 09:53:49.311  2350 31348 I SnapAlloc: IsUBWCAlloc - Explicit ubwc format 265 passed by the clients
04-18 09:53:49.311  2350 31348 I SnapAlloc: IsUBWCAlloc - Explicit ubwc format 265 passed by the clients
04-18 09:53:49.329  2361 17035 I QC2CompStore: Setting heap usage to system
04-18 09:53:49.329  2350 31348 I SnapAlloc: IsUBWCAlloc - Explicit ubwc format 265 passed by the clients
04-18 09:53:49.329 16977 16988 D PipelineWatcher: onInputBufferReleased: frameIndex not found (0); ignored
04-18 09:53:49.329 16977 16988 D CCodecBufferChannel: [c2.qti.avc.encoder#618] Ignoring stale input buffer done callback: last flush index = 0, frameIndex = 0
04-18 09:53:49.329  2350 31348 I SnapAlloc: IsUBWCAlloc - Explicit ubwc format 265 passed by the clients
04-18 09:53:49.330  2361 17035 I QC2CompStore: Setting heap usage to system
04-18 09:53:49.333  2361 17047 E QC2PipelineCodec: [pipeE_encPostProcF_252] filter inst-name=c2.qti.avc.encoder_252 configupdate handle skip
04-18 09:53:49.333  2361 17020 W vendor.qti.media.c2@1.0-service: AIBinder_linkToDeath is being called with a non-null cookie and no onUnlink callback set. This might not be intended. AIBinder_DeathRecipient_setOnUnlinked should be called first.
04-18 09:53:49.334 16977 16988 D C2Store : debug.c2.use_dmabufheaps set, forcing DMABUF Heaps
04-18 09:53:49.334 16977 16988 D C2Store : Using DMABUF Heaps
04-18 09:53:49.334 16977 16996 D CCodecConfig: c2 config diff is   Buffer coded.init-data.value = {
04-18 09:53:49.334 16977 16996 D CCodecConfig:     00000000:  00 00 00 01 67 64 00 34  ac b4 02 20 09 3f 2c f3  ....gd.4... .?,.
04-18 09:53:49.334 16977 16996 D CCodecConfig:     00000010:  50 10 10 10 6d 0a 13 50  00 00 00 01 68 ee 06 f2  P...m..P....h...
04-18 09:53:49.334 16977 16996 D CCodecConfig:     00000020:  c0                                                .
04-18 09:53:49.334 16977 16996 D CCodecConfig:   c2::u32 coded.pl.level = 20496
04-18 09:53:49.334 16977 16996 D CCodecConfig:   Buffer coding.qp-offset-rects = 0xb400007674844790
04-18 09:53:49.334 16977 16996 D CCodecConfig:   c2::u32 output.delay.value = 6
04-18 09:53:49.334 16977 16996 D CCodecConfig:   c2::u32 vendor.qti-ext-comp-id.value = 252
04-18 09:53:49.335 16977 16977 D MPEG4Writer: fpathconf _PC_FILESIZEBITS:64
04-18 09:53:49.335 16977 16977 D MPEG4Writer: File size limit set to 4503599627370495 bytes implicitly
04-18 09:53:49.335 16977 16977 D MPEG4Writer: MP4WtrCtrlHlpLooper Started
04-18 09:53:49.336 16977 16995 I MediaCodec: setCodecState state(1), called in 6, domain 1, 0
04-18 09:53:49.336  6799  6957 I SemMediaResourceHelper: onState
04-18 09:53:49.336 16977 17068 I MPEG4Writer: setStartTimestampUs: 1307912490485 from Video track
04-18 09:53:49.337 16977 17068 I MPEG4Writer: Earliest track starting time: 1307912490485
04-18 09:53:49.380  2355  2632 I SDM     : DisplayBase::CommitThread: Received Idle Timeout, panel: video, timeout: 70000 us
04-18 09:53:49.393  5827  5910 D PipelineWatcher: onInputBufferReleased: frameIndex not found (7045); ignored
04-18 09:53:49.491 29244 29244 D BoundBrokerSvc: onUnbind: Intent { act=com.google.android.gms.backup.ACTION_BACKUP_NOW dat=chimera-action:/... xflg=0x4 cmp=com.google.android.gms/.chimera.PersistentBoundBrokerService }
04-18 09:53:49.496  2288  7744 I vendor.qti.bluetooth@1.0-ibs_handler: ProcessIbsCmd: Received IBS_WAKE_IND: 0xFD
04-18 09:53:49.496  2288  7744 D vendor.qti.bluetooth@1.0-ibs_handler: SerialClockVote: vote for UART CLK ON
04-18 09:53:49.496  2288  7744 D vendor.qti.bluetooth@1.0-wake_lock: Acquire wakelock is acquired 
04-18 09:53:49.496  2288  7744 I vendor.qti.bluetooth@1.0-ibs_handler: ProcessIbsCmd: Writing IBS_WAKE_ACK
04-18 09:53:49.502  3518  5197 W PackageConfigPersister: App-specific configuration not found for packageName: com.sec.android.app.launcher and userId: 0
04-18 09:53:49.503  5827  5910 D PipelineWatcher: onInputBufferReleased: frameIndex not found (7046); ignored
04-18 09:53:49.504  5338  7794 I ScanController: onScanResult to scannerId: 8- eventType=0x10, addressType=1, address=XX:XX:XX:XX:2A:56, primaryPhy=1, secondaryPhy=0, advertisingSid=0xff, txPower=127, rssi=-91, periodicAdvInt=0x0
04-18 09:53:49.504  5338  7794 I ScanController: onScanResult to scannerId: 8- eventType=0x0, addressType=1, address=XX:XX:XX:XX:D8:2F, primaryPhy=1, secondaryPhy=1, advertisingSid=0x3, txPower=127, rssi=-84, periodicAdvInt=0x0
04-18 09:53:49.505 29244 16436 I NearbyMediums: Replace Fast Advertisement Rx Info for service id : NearbySharing on deviceToken : [ 0x65 0x0e ]
04-18 09:53:49.505 29244 15598 I NearbyConnections: Found BleAdvertisement [ 0x23 0x4e 0x56 0x4e 0x36 0x11 0x32 0x50 0x7b 0x1f 0x0d 0x14 0x58 0x22 0x77 0x7e 0xc7 0x3e 0x08 0x26 0xe1 0x5c 0xbf ] (with EndpointId NVN6 and EndpointInfo [ 0x32 0x50 0x7b 0x1f 0x0d 0x14 0x58 0x22 0x77 0x7e 0xc7 0x3e 0x08 0x26 0xe1 0x5c 0xbf ])
04-18 09:53:49.505 29244 15598 I NearbyConnections: ClientProxy(223560848) ignoring onEndpointDistanceChanged(NVN6, UNKNOWN), because this distance has already been reported
04-18 09:53:49.509  3518  4949 W PackageConfigPersister: App-specific configuration not found for packageName: com.sec.android.app.launcher and userId: 0
04-18 09:53:49.542  1216  1216 D io_stats: !@   8,0 r 7917389 227052752 w 8618450 96371896 d 1319653 284993980 f 250398 1146045 iot 1300456 0 th 0 0 0 pt 0 inp 0 0 1307912.725
04-18 09:53:49.548  2288  7744 I vendor.qti.bluetooth@1.0-ibs_handler: ProcessIbsCmd: Received IBS_SLEEP_IND: 0xFE
04-18 09:53:49.548  2288  7744 D vendor.qti.bluetooth@1.0-ibs_handler: SerialClockVote: vote for UART CLK OFF
04-18 09:53:49.603  5827  5910 D PipelineWatcher: onInputBufferReleased: frameIndex not found (7047); ignored
04-18 09:53:49.698  2288  5848 D vendor.qti.bluetooth@1.0-wake_lock: Release wakelock is released 
04-18 09:53:49.702  5827  5910 D PipelineWatcher: onInputBufferReleased: frameIndex not found (7048); ignored
04-18 09:53:49.793  3518  3951 I JobScheduler.HeavyJobController: #ObserverWorker#@androidx.work.systemjobscheduler@com.samsung.android.smartsuggestions/androidx.work.impl.background.systemjob.SystemJobService has heavy job's constraints.
04-18 09:53:49.793  3518  3951 I JobScheduler: HeavyJobController::heavy job upper limit: 600000(1800000|1800000)
04-18 09:53:49.797 22775 22861 W RemoteWorkerFactory: [RemoteWorkerFactory] ID=a7afa449-f756-4bbe-a70b-f9de6e3de869, TAG=[com.sec.android.app.myfiles, com.samsung.android.smartsuggestions.search.data.collector.base.ObserverWorker], WorkerClassName: androidx.work.multiprocess.RemoteListenableDelegatingWorker, RunAttemptCount=0
04-18 09:53:49.800 25231 31397 W RemoteWorkerFactory: [RemoteWorkerFactory] ID=a7afa449-f756-4bbe-a70b-f9de6e3de869, TAG=[com.sec.android.app.myfiles, com.samsung.android.smartsuggestions.search.data.collector.base.ObserverWorker], WorkerClassName: com.samsung.android.smartsuggestions.search.data.collector.base.ObserverWorker, RunAttemptCount=0
04-18 09:53:49.801 25231 25231 I SSS@search user 0: (ObserverWorker::AOSP_MP) [main] entering in startWork triggered by [content://media/external/file/141, content://media/external/file/142]():  
04-18 09:53:49.802  5827  5910 D PipelineWatcher: onInputBufferReleased: frameIndex not found (7049); ignored
04-18 09:53:49.804 25231 25231 I SSS@search user 0: (BaseCollector::AOSP_MP) [main] entering in onChange():  
04-18 09:53:49.805 25231 25266 I SSS@search user 0: (BaseCollector::AOSP_MP) [AOSP_MP-0] entering in collectChanges():  
04-18 09:53:49.806  3518  5547 I BatteryService_BatteryPropertiesRegistrar: [getProperty]id:4
04-18 09:53:49.806  3518  5547 I BatteryService_BatteryPropertiesRegistrar: [getProperty]prop.long:-9223372036854775808 ,prop.string:null
04-18 09:53:49.806  3518  5547 I BatteryService_BatteryPropertiesRegistrar: [getProperty]id:6
04-18 09:53:49.806  3518  5547 I BatteryService_BatteryPropertiesRegistrar: [getProperty]prop.long:-9223372036854775808 ,prop.string:null
04-18 09:53:49.812 25231 25266 I SSS@search user 0: (BaseCollector::AOSP_MP) fetchInternal values : maxSyncId: 123 indexCount: 94 sourceCount: 94
04-18 09:53:49.817 25231 25266 I SSS@search user 0: (IndexManager) [AOSP_MP-0] entering in addIndex():  
04-18 09:53:49.817 25231 25266 I SSS@search user 0: (FileExtraInfoFetcher::aosp_mp) fetchNewExtraInfo observerName: aosp_mp
04-18 09:53:49.819 25231 25266 I SSS@search user 0: (BaseCollector::AOSP_MP) fetch: fetching took  10 ms
04-18 09:53:49.819 25231 25266 I SSS@search user 0: (BaseCollector::AOSP_MP) fetchChanges: applied 0 items
04-18 09:53:49.820 25231 25266 I SSS@search user 0: (BaseCollector::AOSP_MP) Collect finished. Result: true
04-18 09:53:49.820 25231 25266 I MetaDbManager: getTotalActiveVectors: total count: 1
04-18 09:53:49.820  3518  5856 I BatteryService_BatteryPropertiesRegistrar: [getProperty]id:4
04-18 09:53:49.820  3518  5856 I BatteryService_BatteryPropertiesRegistrar: [getProperty]prop.long:-9223372036854775808 ,prop.string:null
04-18 09:53:49.820  3518  5856 I BatteryService_BatteryPropertiesRegistrar: [getProperty]id:6
04-18 09:53:49.820  3518  5856 I BatteryService_BatteryPropertiesRegistrar: [getProperty]prop.long:-9223372036854775808 ,prop.string:null
04-18 09:53:49.820 25231 25266 I SSS@search user 0: (DeviceStatus::AOSP_MP) Collect Finished totalElapsedTime(15 ms)start[battery(100), charging(true), thermalLevel(0), temperature(323], finish[battery(100), charging(true), thermalLevel(0), temperature(323), syncCount(0), sourceCount(0)]
04-18 09:53:49.822 22775 22965 I WM-WorkerWrapper: Worker result SUCCESS for Work [ id=a7afa449-f756-4bbe-a70b-f9de6e3de869, tags={ com.sec.android.app.myfiles,com.samsung.android.smartsuggestions.search.data.collector.base.ObserverWorker } ]
04-18 09:53:49.864  2375  3596 I thermal_core: pivot(AP) : 342, skin : 323
04-18 09:53:49.864  2375  3596 I vendor.samsung.hardware.thermal-service: index = 20.800000
04-18 09:53:49.864  2375  3596 I vendor.samsung.hardware.thermal-service: 1 / 10
04-18 09:53:49.904  5827  5910 D PipelineWatcher: onInputBufferReleased: frameIndex not found (7050); ignored
04-18 09:53:49.926  5282  5333 I Tethering: [OffloadHalAidlImpl] getForwardedStats(wlan0)
