04-18 09:53:31.144  5098  5098 D SimTrayProtectionViewModel: dismiss : isFoldedState()falseisRemoveSimtray() : true
04-18 09:53:31.144  5098  5098 D LocationControllerImpl: onReceive() = android.intent.action.CLOSE_SYSTEM_DIALOGS
04-18 09:53:31.144  3518  3666 E TransitionChain: Likely improperly balanced ActionChain: [finishTransitionInner]
04-18 09:53:31.144  3518  3666 E TransitionChain: android.util.Log$TerribleFailure: Likely improperly balanced ActionChain: [finishTransitionInner]
04-18 09:53:31.144  3518  3666 E TransitionChain: 	at android.util.Log.wtf(Log.java:466)
04-18 09:53:31.144  3518  3666 E TransitionChain: 	at android.util.Slog.wtfStack(Slog.java:349)
04-18 09:53:31.144  3518  3666 E TransitionChain: 	at com.android.server.wm.ActionChain$Tracker.makeChain(qb/107044592 550dcb89f8e2393d7521f70c682252e5eaf8c2937577d531e8c495bb7390f10e:126)
04-18 09:53:31.144  3518  3666 E TransitionChain: 	at com.android.server.wm.ActionChain$Tracker.startTransit(qb/107044592 550dcb89f8e2393d7521f70c682252e5eaf8c2937577d531e8c495bb7390f10e:12)
04-18 09:53:31.144  3518  3666 E TransitionChain: 	at com.android.server.wm.ActivityStarter.executeRequest(qb/107044592 550dcb89f8e2393d7521f70c682252e5eaf8c2937577d531e8c495bb7390f10e:3689)
04-18 09:53:31.144  3518  3666 E TransitionChain: 	at com.android.server.wm.ActivityStarter.execute(qb/107044592 550dcb89f8e2393d7521f70c682252e5eaf8c2937577d531e8c495bb7390f10e:1751)
04-18 09:53:31.144  3518  3666 E TransitionChain: 	at com.android.server.wm.RootWindowContainer.startHomeOnTaskDisplayArea(qb/107044592 550dcb89f8e2393d7521f70c682252e5eaf8c2937577d531e8c495bb7390f10e:387)
04-18 09:53:31.144  3518  3666 E TransitionChain: 	at com.android.server.wm.RootWindowContainer$$ExternalSyntheticLambda39.apply(qb/107044592 550dcb89f8e2393d7521f70c682252e5eaf8c2937577d531e8c495bb7390f10e:20)
04-18 09:53:31.144  3518  3666 E TransitionChain: 	at com.android.server.wm.TaskDisplayArea.reduceOnAllTaskDisplayAreas(qb/107044592 550dcb89f8e2393d7521f70c682252e5eaf8c2937577d531e8c495bb7390f10e:7)
04-18 09:53:31.144  3518  3666 E TransitionChain: 	at com.android.server.wm.DisplayArea.reduceOnAllTaskDisplayAreas(qb/107044592 550dcb89f8e2393d7521f70c682252e5eaf8c2937577d531e8c495bb7390f10e:42)
04-18 09:53:31.144  3518  3666 E TransitionChain: 	at com.android.server.wm.DisplayArea.reduceOnAllTaskDisplayAreas(qb/107044592 550dcb89f8e2393d7521f70c682252e5eaf8c2937577d531e8c495bb7390f10e:42)
04-18 09:53:31.144  3518  3666 E TransitionChain: 	at com.android.server.wm.DisplayArea.reduceOnAllTaskDisplayAreas(qb/107044592 550dcb89f8e2393d7521f70c682252e5eaf8c2937577d531e8c495bb7390f10e:42)
04-18 09:53:31.144  3518  3666 E TransitionChain: 	at com.android.server.wm.DisplayArea.reduceOnAllTaskDisplayAreas(qb/107044592 550dcb89f8e2393d7521f70c682252e5eaf8c2937577d531e8c495bb7390f10e:42)
04-18 09:53:31.144  3518  3666 E TransitionChain: 	at com.android.server.wm.DisplayArea.reduceOnAllTaskDisplayAreas(qb/107044592 550dcb89f8e2393d7521f70c682252e5eaf8c2937577d531e8c495bb7390f10e:42)
04-18 09:53:31.144  3518  3666 E TransitionChain: 	at com.android.server.wm.WindowContainer.reduceOnAllTaskDisplayAreas(qb/107044592 550dcb89f8e2393d7521f70c682252e5eaf8c2937577d531e8c495bb7390f10e:4)
04-18 09:53:31.144  3518  3666 E TransitionChain: 	at com.android.server.wm.RootWindowContainer.startHomeOnDisplay(qb/107044592 550dcb89f8e2393d7521f70c682252e5eaf8c2937577d531e8c495bb7390f10e:44)
04-18 09:53:31.144  3518  3666 E TransitionChain: 	at com.android.server.policy.PhoneWindowManager.startDockOrHome(qb/107044592 550dcb89f8e2393d7521f70c682252e5eaf8c2937577d531e8c495bb7390f10e:280)
04-18 09:53:31.144  3518  3666 E TransitionChain: 	at com.android.server.policy.PhoneWindowManager.launchHomeFromHotKey(qb/107044592 550dcb89f8e2393d7521f70c682252e5eaf8c2937577d531e8c495bb7390f10e:218)
04-18 09:53:31.144  3518  3666 E TransitionChain: 	at com.android.server.policy.PhoneWindowManager.handleShortPressOnHome(qb/107044592 550dcb89f8e2393d7521f70c682252e5eaf8c2937577d531e8c495bb7390f10e:59)
04-18 09:53:31.144  3518  3666 E TransitionChain: 	at com.android.server.policy.PhoneWindowManager$DisplayHomeButtonHandler$$ExternalSyntheticLambda0.run(qb/107044592 550dcb89f8e2393d7521f70c682252e5eaf8c2937577d531e8c495bb7390f10e:154)
04-18 09:53:31.144  3518  3666 E TransitionChain: 	at android.os.Handler.handleCallback(Handler.java:1070)
04-18 09:53:31.144  3518  3666 E TransitionChain: 	at android.os.Handler.dispatchMessage(Handler.java:125)
04-18 09:53:31.144  3518  3666 E TransitionChain: 	at android.os.Looper.dispatchMessage(Looper.java:358)
04-18 09:53:31.144  3518  3666 E TransitionChain: 	at android.os.Looper.loopOnce(Looper.java:288)
04-18 09:53:31.144  3518  3666 E TransitionChain: 	at android.os.Looper.loop(Looper.java:392)
04-18 09:53:31.144  3518  3666 E TransitionChain: 	at android.os.HandlerThread.run(HandlerThread.java:139)
04-18 09:53:31.144  3518  3666 E TransitionChain: 	at com.android.server.ServiceThread.run(ServiceThread.java:46)
04-18 09:53:31.144  3518  3666 E TransitionChain: 	at com.android.server.UiThread.run(qb/107044592 550dcb89f8e2393d7521f70c682252e5eaf8c2937577d531e8c495bb7390f10e:16)
04-18 09:53:31.144  3518  3666 D WindowManager: Transition is created, t=TransitionRecord{e2f45f6 id=-1 type=OPEN flags=0x0 parallelCollectType=NONE recentsDisplayId=-1}, caller=com.android.server.wm.Transition.<init>:201 com.android.server.wm.TransitionController.createAndStartCollecting:106 com.android.server.wm.ActivityStarter.executeRequest:3702 com.android.server.wm.ActivityStarter.execute:1751 com.android.server.wm.RootWindowContainer.startHomeOnTaskDisplayArea:387 
04-18 09:53:31.144  3518  3666 D BLASTSyncEngine: SyncGroup is created, id=994, name=Transition-OPEN, caller=com.android.server.wm.BLASTSyncEngine.prepareSyncSet:60 com.android.server.wm.TransitionController.moveToCollecting:67 com.android.server.wm.TransitionController.createAndStartCollecting:109 com.android.server.wm.ActivityStarter.executeRequest:3702 com.android.server.wm.ActivityStarter.execute:1751 com.android.server.wm.RootWindowContainer.startHomeOnTaskDisplayArea:387 com.android.server.wm.RootWindowContainer$$ExternalSyntheticLambda39.apply:20 
04-18 09:53:31.144  3518  3666 W BLASTSyncEngine: setSyncMethod, id=994, method=0, caller=com.android.server.wm.TransitionController.moveToCollecting:80 com.android.server.wm.TransitionController.createAndStartCollecting:109 com.android.server.wm.ActivityStarter.executeRequest:3702 
04-18 09:53:31.144  3518  3666 V WindowManager: Start collecting in Transition: TransitionRecord{e2f45f6 id=994 type=OPEN flags=0x0 parallelCollectType=NONE recentsDisplayId=-1}, caller=com.android.server.wm.TransitionController.createAndStartCollecting:109 com.android.server.wm.ActivityStarter.executeRequest:3702 com.android.server.wm.ActivityStarter.execute:1751 com.android.server.wm.RootWindowContainer.startHomeOnTaskDisplayArea:387 com.android.server.wm.RootWindowContainer$$ExternalSyntheticLambda39.apply:20 
04-18 09:53:31.145  3518  3666 V WindowManager: Collecting in transition 994: ActivityRecord{62254583 u0 com.sec.android.app.launcher/.activities.LauncherActivity, caller=com.android.server.wm.TransitionController.collect:7 com.android.server.wm.ActivityStarter.startActivityUnchecked:98 com.android.server.wm.ActivityStarter.executeRequest:3754 com.android.server.wm.ActivityStarter.execute:1751 com.android.server.wm.RootWindowContainer.startHomeOnTaskDisplayArea:387 
04-18 09:53:31.145  3518  3666 V WindowManager: DesktopModeLaunchParamsModifier: phase= 0 task=null activity=ActivityRecord{62254583 u0 com.sec.android.app.launcher/.activities.LauncherActivity t-1} display-area-token-from-option=DefaultTaskDisplayArea_d0@232835871 display-id=0 task-display-area-windowing-mode=1 suggested-display-area=DefaultTaskDisplayArea_d0@232835871 task null, skipping
04-18 09:53:31.145  3518  3666 V WindowManager: TaskLaunchParamsModifier:phase=0 task=null activity=ActivityRecord{62254583 u0 com.sec.android.app.launcher/.activities.LauncherActivity t-1} display-area-token-from-option=DefaultTaskDisplayArea_d0@232835871 display-id=0 task-display-area-windowing-mode=1 suggested-display-area=DefaultTaskDisplayArea_d0@232835871
04-18 09:53:31.145  3518  3666 V WindowManager: DesktopModeLaunchParamsModifier: phase= 3 task=Task{c283a93 #44 type=home I=com.sec.android.app.launcher/.activities.LauncherActivity} activity=ActivityRecord{62254583 u0 com.sec.android.app.launcher/.activities.LauncherActivity t-1} display-area-token-from-option=DefaultTaskDisplayArea_d0@232835871 display-id=0 task-display-area-windowing-mode=1 suggested-display-area=DefaultTaskDisplayArea_d0@232835871 non-desktop, skipping
04-18 09:53:31.145  3518  3666 V WindowManager: TaskLaunchParamsModifier:phase=3 task=Task{c283a93 #44 type=home I=com.sec.android.app.launcher/.activities.LauncherActivity} activity=ActivityRecord{62254583 u0 com.sec.android.app.launcher/.activities.LauncherActivity t-1} display-area-token-from-option=DefaultTaskDisplayArea_d0@232835871 display-id=0 task-display-area-windowing-mode=1 suggested-display-area=DefaultTaskDisplayArea_d0@232835871 non-freeform-task-display-area display-area=DefaultTaskDisplayArea_d0@232835871 default-portrait freeform-size-mismatch=Rect(81, 570 - 999, 1740)
04-18 09:53:31.146  7857  7908 I HoneySpace.LauncherProvider: call - android.uid.systemui:10048, get_internal_Dex_status, internal_dex_status
04-18 09:53:31.146  3518  3666 V WindowManager: DesktopModeLaunchParamsModifier: phase= 3 task=Task{c283a93 #44 type=home I=com.sec.android.app.launcher/.activities.LauncherActivity} activity=ActivityRecord{62254583 u0 com.sec.android.app.launcher/.activities.LauncherActivity t-1} display-area-token-from-option=DefaultTaskDisplayArea_d0@232835871 display-id=0 task-display-area-windowing-mode=1 suggested-display-area=DefaultTaskDisplayArea_d0@232835871 non-desktop, skipping
04-18 09:53:31.146  7857  7908 I HoneySpace.ExternalMethodItem: updateRefsItemsByEntryPoints. HoneySpaceInfo(name=OneUI, displayId=0)
04-18 09:53:31.146  3518  3666 V WindowManager: TaskLaunchParamsModifier:phase=3 task=Task{c283a93 #44 type=home I=com.sec.android.app.launcher/.activities.LauncherActivity} activity=ActivityRecord{62254583 u0 com.sec.android.app.launcher/.activities.LauncherActivity t-1} display-area-token-from-option=DefaultTaskDisplayArea_d0@232835871 display-id=0 task-display-area-windowing-mode=1 suggested-display-area=DefaultTaskDisplayArea_d0@232835871 non-freeform-task-display-area display-area=DefaultTaskDisplayArea_d0@232835871 default-portrait freeform-size-mismatch=Rect(81, 570 - 999, 1740)
04-18 09:53:31.146  5098  5098 D SecMultiSIMPreferredBarViewModel: onReceive() - action = android.intent.action.CLOSE_SYSTEM_DIALOGS
04-18 09:53:31.146  5098  5098 D SecMultiSIMPreferredBarViewModel: Received broadcast that should dismiss popup: android.intent.action.CLOSE_SYSTEM_DIALOGS
04-18 09:53:31.146  3518  3666 D WindowManager: Aborting Transition: 994 in state 0 called from com.android.server.wm.ActivityStarter.handleStartResult:867
04-18 09:53:31.146  3518  3666 V WindowManager: SyncGroup 994: Finished!
04-18 09:53:31.146  5098  5098 D SecVolume.VolumePanelStore: dispatch [ACTION_DISMISS_REQUESTED with [STATE_NO_DISPATCH], currentAction={isFromOutside : true}, currentState={activeStream=3(vol=1500), stream=3(vol=1500) } isSetupWizardComplete : true, isConfigurationChanged : true, isVoiceCapable : true, isHasVibrator : true, isMediaDefaultEnabled : true, timeOutControls : 0, stream : 3, activeStream : 3, iconTargetState : 1, timeOut : 3000, timeOutControlsText : 0, pinDevice : 0, earProtectLevel : 909, cutoutHeight : 0, iconCurrentState : 1, ringerModeInternal : 1, systemTimeNow : 1307786145}
04-18 09:53:31.146  5098  5098 D SecVolume.VolumePanelStore:   > New State : [STATE_NO_DISPATCH]
04-18 09:53:31.146  3518  3666 D PhoneWindowManager: transition/occluded commit occluded=false changed=false
04-18 09:53:31.146  3518  3666 D PhoneWindowManager: setKeyguardOccluded occluded=false
04-18 09:53:31.146  5098  5366 I KeyguardService: setOccluded isOccluded=false animate=false
04-18 09:53:31.146  5098  5366 D KeyguardService: setOccluded(false)
04-18 09:53:31.147  5098  5098 D KeyguardViewMediator: handleMessage 9
04-18 09:53:31.147  3518  3666 W PackageConfigPersister: App-specific configuration not found for packageName: com.sec.android.app.launcher and userId: 0
04-18 09:53:31.147  5098  5098 D KeyguardViewMediator: handleSetOccluded(false) seq=150
04-18 09:53:31.147  5098  5098 D KeyguardViewMediator: isOccluded=false,mPowerGestureIntercepted=false
04-18 09:53:31.147  5098  5098 D KeyguardViewMediator: KeyguardViewMediator queue processing message: SET_OCCLUDED
04-18 09:53:31.147  3518  3666 W PackageConfigPersister: App-specific configuration not found for packageName: com.sec.android.app.launcher and userId: 0
04-18 09:53:31.147  3518  3666 I Pageboost: stop alp
04-18 09:53:31.147  3518  3666 I ActivityTaskManager: START u0 {act=android.intent.action.MAIN cat=[android.intent.category.HOME] flg=0x10000100 cmp=com.sec.android.app.launcher/.activities.LauncherActivity (has extras)} with LAUNCH_SINGLE_TASK from uid 0 (BAL_ALLOW_ALLOWLISTED_UID) result code=3
04-18 09:53:31.147  5098  5136 D WindowManagerShell: onActivityRestartAttempt: topActivity=ComponentInfo{com.sec.android.app.launcher/com.sec.android.app.launcher.Launcher}, wasVisible=true, displayId=0, pipDisplayLayoutState#displayId=0
04-18 09:53:31.147  7857  7857 I HoneySpace.Launcher: !@Boot_EBS_D: Launcher.onPause()
04-18 09:53:31.148  7857  7857 I HoneySpace.Launcher: updateLauncherShowing true -> false
04-18 09:53:31.148  7857  7857 I HoneySpace.HotseatAdapter: updateDragOperator - HotseatOnHomeDragOperator
04-18 09:53:31.148  7857  7857 E HoneySpace.HotseatPot@160959436: Illegal access
04-18 09:53:31.148  7857  9674 I HoneySpace.SPayHandler: skip update when launcher activity is paused
04-18 09:53:31.148  7857  7857 I HoneySpace.OneUiSpace: onNewIntent() intent: Intent { act=android.intent.action.MAIN cat=[android.intent.category.HOME] flg=0x10000100 cmp=com.sec.android.app.launcher/.activities.LauncherActivity (has extras) }
04-18 09:53:31.148  7857  7857 I HoneySpace.OneUiSpace: isLaunchAllAppsAction() action: null, isHomeOnly: false, currentHoneyScreen: HOME
04-18 09:53:31.148  6003  6003 E pageboostd: Received HALT command code 2
04-18 09:53:31.148  7857  7857 I HoneySpace.HomescreenPot: onHomeKeyClick
04-18 09:53:31.148  7857  7857 I HoneySpace.DiscoverPageMover: closeMinusOnePage : isSwipe true
04-18 09:53:31.148  7857  7857 I HoneySpace.WorkspacePot: moveHomePage
04-18 09:53:31.148  7857  7857 I HoneySpace.HomescreenPot: changeState, com.honeyspace.sdk.HomeScreen$Normal@dc8a5a3, cancelOpen: false reapplyState: false
04-18 09:53:31.148  7857  7857 I HoneySpace.HomescreenPot: updateChangeState? false, changedState = com.honeyspace.sdk.HomeScreen$Normal@dc8a5a3
04-18 09:53:31.148  7857  7857 I HoneySpace.BackgroundManagerImpl: checkAndUpdateBackgroundEffect: com.honeyspace.sdk.HomeScreen$Normal@dc8a5a3, ch=132969574, forceApply=false
04-18 09:53:31.148  7857  8317 I HoneySpace.SALoggingUtils: SA Logging screenID: 201 eventId: 2006 detail: {det=2} value: -1
04-18 09:53:31.148  7857  7857 I HoneySpace.Launcher: !@Boot_EBS_D: Launcher.onResume()
04-18 09:53:31.148  7857  7857 I HoneySpace.Launcher: updateLauncherShowing false -> true
04-18 09:53:31.148  7857  3349 I HoneySpace.Memory-Monitor: cancelTrimIfNeeded
04-18 09:53:31.149  7857  7857 I HoneySpace.HotseatAdapter: updateDragOperator - HotseatOnHomeDragOperator
04-18 09:53:31.149  7857  7857 E HoneySpace.HotseatPot@160959436: Illegal access
04-18 09:53:31.149  7857  3349 I HoneySpace.PredictionDataSourceImpl: requestPredictionUpdate 0 true
04-18 09:53:31.149  7857 13842 I HoneySpace.Memory-Monitor: updateMaxHeap isHighScreenSize=false
04-18 09:53:31.149  7857  7857 I HoneySpace.ShellTransitionManager: myHomeResumed
04-18 09:53:31.149  7857  7857 I HoneySpace.WorkspacePot: startWidgetListening
04-18 09:53:31.149  7857  7857 I HoneySpace.ResumeTimer: last resume updated : 1307894332
04-18 09:53:31.149  7857 13842 I HoneySpace.Memory-Monitor: PROPERTY_HOME_MEMORY_CACHE_LEVEL: -1
04-18 09:53:31.149  7857 13842 I HoneySpace.Memory-Monitor: updateGraphicResourceCache curMemoryCacheLevel=1
04-18 09:53:31.149  7857  7857 I SearchHoneyPot: onViewCreated: onResume
04-18 09:53:31.149  7857  7857 I HoneySpace.SearchScreenController: initialize: M3.p@52e74e0
04-18 09:53:31.149  7857  7857 I HoneySpace.SearchUI: resetTransition
04-18 09:53:31.149  7857  7857 I FeatureUtils: Rune : trueisAiosScreenType : true
04-18 09:53:31.149  7857  7857 I HoneySpace.SearchUI: updateSearchBarEffect true true null true 255 Rect(0, 0 - 0, 0) false
04-18 09:53:31.149  7857  7857 I FeatureUtils: Rune : trueisAiosScreenType : true
04-18 09:53:31.149  7857  3349 I HoneySpace.PredictionDataSourceImpl: requestPredictionUpdate 1 true
04-18 09:53:31.149  7857  7857 I HoneySpace.WorkspaceFastRecyclerView: goToDefaultPage
04-18 09:53:31.152 26389 26389 I Finsky:background: [2] Memory trim requested to level 40
04-18 09:53:31.152  2427  4142 I SurfaceFlinger: Current= 240, Period= 240, Distance= 1
04-18 09:53:31.154  3518  3668 I ActivityManager: Changes in 10325 8 to 19, 256 to 0
04-18 09:53:31.154  3518  3668 I ActivityManager: Changes in 10292 8 to 19, 256 to 0
04-18 09:53:31.154  3518  3668 I ActivityManager: Changes in 10273 8 to 16, 256 to 0
04-18 09:53:31.154  3518  3668 I ActivityManager: Changes in 10259 8 to 19, 256 to 0
04-18 09:53:31.154  2416 18644 V APM_AudioPolicyManager: setAppState(portId:187, state:2)
04-18 09:53:31.155  7857  8409 I HoneySpace.SPayHandler: updateSpayHandler(), show = true, defaultPage = true, minusOnePage = false, e6.r.invokeSuspend(Unknown Source:81)
04-18 09:53:31.155  2416 18644 V APM_AudioPolicyManager: setAppState(portId:187, state:2)
04-18 09:53:31.155  2416 18644 V APM_AudioPolicyManager: setAppState(portId:187, state:2)
04-18 09:53:31.155  2416 18644 V APM_AudioPolicyManager: setAppState(portId:187, state:2)
04-18 09:53:31.155  2416 18644 V APM_AudioPolicyManager: setAppState(portId:187, state:2)
04-18 09:53:31.155  2416 18644 V APM_AudioPolicyManager: setAppState(portId:187, state:2)
04-18 09:53:31.155  2754 11158 I CameraService: onUidStateChanged: uid=10278, procState is changed. (8 -> 15)
04-18 09:53:31.156  2754 11158 W libbinder.IPCThreadState: Sending oneway calls to frozen process.
04-18 09:53:31.156  2754 11158 W libbinder.IPCThreadState: Sending oneway calls to frozen process.
04-18 09:53:31.156  7452  7452 I SAMSUNGWALLET: [Hint_IntroHintService] onReceive() action=com.sec.android.app.launcher.intent.action.UPDATE_SPAY_HANDLER
04-18 09:53:31.156  2754 11158 W libbinder.IPCThreadState: Sending oneway calls to frozen process.
04-18 09:53:31.156  2754 11158 W libbinder.IPCThreadState: Sending oneway calls to frozen process.
04-18 09:53:31.156  7452  7452 I SAMSUNGWALLET: [Hint_IntroHintService] home change, s home : true , default : true , gesture : false , s result : true , prev : true
04-18 09:53:31.156  2427  4142 I SurfaceFlinger: Current= 240, Period= 240, Distance= 240
04-18 09:53:31.157  3518  3669 I SurfaceControlRegistry: apply, t=AbortTransition_SyncId<994>, caller=android.view.SurfaceControl$Transaction.apply:3578 android.view.SurfaceControl$Transaction.apply:3566 android.view.SurfaceControl$Transaction.apply:3516 com.android.server.wm.WindowAnimator.animate:468 com.android.server.wm.WindowAnimator$$ExternalSyntheticLambda1.doFrame:14 android.view.Choreographer$CallbackRecord.run:1959 
04-18 09:53:31.157 26215 26215 I Finsky  : [2] Memory trim requested to level 40
04-18 09:53:31.157 26215 26215 I Finsky  : [2] Flushing in-memory image cache
04-18 09:53:31.157  7857  9262 I HoneySpace.PredictionDataSourceImpl: TYPE_SUGGESTED_APPS updated: 9
04-18 09:53:31.158  7857  9255 I HoneySpace.PredictionDataSourceImpl: TYPE_RECOMMENDED_WIDGETS updated: 15
04-18 09:53:31.159  9068  9139 I RequestManager_FLP: onOpChanged, op=0 / packageName=com.android.chrome
04-18 09:53:31.183 16113 16121 I MediaCodec: setCodecState state(0), called in 6, domain 1, 0
04-18 09:53:31.183  6799  6957 I SemMediaResourceHelper: onState
04-18 09:53:31.218  2331 16157 I HYPER-HAL: [RequestManager.cpp]releaseLocked(): Released ID : 5874878
04-18 09:53:31.292  2288  5848 D vendor.qti.bluetooth@1.0-wake_lock: Release wakelock is released 
04-18 09:53:31.455  3518  5190 W PackageConfigPersister: App-specific configuration not found for packageName: com.sec.android.app.launcher and userId: 0
04-18 09:53:31.456  3518  4964 I SemWifiServiceDetector: NSD results: [1, 1, 0, 1, 0, 1, -1, 0, 0] Traff. type 1 Thr 0
04-18 09:53:31.490  3518  4949 W PackageConfigPersister: App-specific configuration not found for packageName: com.sec.android.app.launcher and userId: 0
04-18 09:53:31.536  1216  1216 D io_stats: !@   8,0 r 7910036 226807360 w 8615443 96283948 d 1319645 284972688 f 250342 1145769 iot 1299704 0 th 0 0 0 pt 0 inp 0 0 1307894.719
04-18 09:53:31.536  1216  1216 D io_stats: !@ Read_top(KB): ogle.android.gm:low(16354) 28408 head:projection:high(16165) 24408 kworker/u33:1:/(334) 21464
04-18 09:53:31.536  1216  1216 D io_stats: !@ Write_top(KB): f2fs_ckpt-254:6:/(5754) 1548 martsuggestions:high(22775) 808 kworker/3:0:/(10775) 604
04-18 09:53:31.536  1216  1216 D io_stats: !@ fuse-log: WORST (2000 10 10 2 7) (2000 35 7 2 4) (0 18 0 2 0) TOTAL_LATENCY (2000 17 10 10 2 35 7 2 1 0 2) (0 0 18 0 2) TOTAL_CNT (2000 20 25 3 63 3 1 2) (0 2 18 2) 
04-18 09:53:31.613 21815 21845 I egip    : (REDACTED) appOpsListener %s %s
04-18 09:53:31.613 21815 21845 I egip    : (REDACTED) Ignoring irrelevant audio permission changes for package %s
04-18 09:53:31.692  5827  5867 I MediaCodec: setCodecState state(0), called in 6, domain 1, 0
04-18 09:53:31.693  6799  6957 I SemMediaResourceHelper: onState
04-18 09:53:31.693  6799  6957 I SemDvfsHyPerManager: acquire hyper - TABaseBoost/6799@27, type = -999
04-18 09:53:31.693  2331  2430 I HYPER-HAL: [RequestManager.cpp]acquire(): Acquired ID : 23300578 [6799 / 27]  HINT :     list : [TABoost / 1] 
04-18 09:53:31.780  2375  3596 I thermal_core: pivot(AP) : 330, skin : 318
04-18 09:53:31.780  2375  3596 I vendor.samsung.hardware.thermal-service: index = 14.000000
04-18 09:53:31.780  2375  3596 I vendor.samsung.hardware.thermal-service: 9 / 10
04-18 09:53:31.835  2361  5890 I StatsHandler: [avcE_245] Stats: Pending(0) i/p-done(0) Works: Q: 6184/Done 6184|Work-Rate: Q(2.0/s Avg=1.3/s) Done(12.280/s Avg=1.328/s)| Stream: 10.00fps 1.2Mbps
04-18 09:53:31.835  2361  5890 I StatsHandler: [avcE_245] Mem-usage:  [In-2D: 18 bufs 175.852 MB] [1D-331: 64 bufs 1.000 MB] [1D-332: 65 bufs 118.320 MB] | Total: 295.172 MB
04-18 09:53:31.835  2361  5890 I StatsHandler: [avcE_250] Stats: Pending(0) i/p-done(0) Works: Q: 1/Done 1|Work-Rate: Q(0.0/s Avg=0.4/s) Done(0.382/s Avg=0.373/s)| Stream: 30.00fps 0.0Kbps
04-18 09:53:31.835  2361  5890 I StatsHandler: [avcE_250] Mem-usage:  [In-2D: 1 bufs 9.836 MB] [1D-351: 8 bufs 0.125 MB] [1D-352: 7 bufs 12.906 MB] | Total: 22.867 MB
04-18 09:53:31.925  1538  1669 I AndroidBackupEventsLogg: (REDACTED) Logging with sampling event %s
04-18 09:53:31.926  3518  5197 D SGM:GameManager: identifyForegroundApp. com.sec.android.app.launcher, mCurrentUserId: 0, callerUserId: 0
04-18 09:53:31.926 27605 27735 I PolicyManager: [#CMH#] Is foreground game app: false
04-18 09:53:31.926 27605 27735 I SystemUtils: [#CMH#] VisionEngineFloatingFeature is :  V1101
04-18 09:53:31.926 27605 27735 I ControllerUtils: [#CMH#] vision engine version :  V1101
04-18 09:53:31.927 27605 27735 I SystemUtils: [#CMH#] VisionEngineFloatingFeature is :  V1101
04-18 09:53:31.927 27605 27735 I ControllerUtils: [#CMH#] vision engine version :  V1101
04-18 09:53:31.927 27605 27735 I ControllerEventHandler: [#CMH#]  Check for starting Standalone FaceService for just shot ! 
04-18 09:53:31.927 27605 27735 I ControllerEventHandler: [#CMH#] requestToRegisterInstantWorker: mIsPolicyIgnore :  false
04-18 09:53:31.927 27605 27735 I ControllerUtils: [#CMH#] getFaceServiceUnProcessedMediaCount :E .. 
04-18 09:53:31.927 27605 27735 I ControllerEventHandler: [#CMH#] pendingCount<=0, ignore processing ,with isPolicyIgnore : false
04-18 09:53:31.927  1538  1669 W libbinder.Binder: Binder transaction to com.android.internal.backup.IBackupTransport code 9 took 1211ms. Data bytes: 9292 Reply bytes: 0 Flags: 17
04-18 09:53:31.933  1538 24080 E LoadedApk: Exception : java.lang.NullPointerException: Attempt to invoke virtual method 'boolean android.os.Looper.isPerfLogEnable()' on a null object reference
04-18 09:53:31.937 29244 15702 E LoadedApk: Exception : java.lang.NullPointerException: Attempt to invoke virtual method 'boolean android.os.Looper.isPerfLogEnable()' on a null object reference
04-18 09:53:31.937  1538 24080 E LoadedApk: Exception : java.lang.NullPointerException: Attempt to invoke virtual method 'boolean android.os.Looper.isPerfLogEnable()' on a null object reference
04-18 09:53:31.940  1538  1669 I Backup  : [GmsBackupTransport] Backup finished for com.google.android.gm
04-18 09:53:31.940  1538  1669 I AndroidBackupEventsLogg: (REDACTED) Logging with sampling event %s
04-18 09:53:31.941  3518 15803 D BackupManagerConstants: getBackupFinishedNotificationReceivers(...) returns 
04-18 09:53:31.941 29244 29244 I Backup  : [BackupNowBackupAgentsRunner] Backup done for com.google.android.gm, success: 0
04-18 09:53:31.942  3518 15803 D KeyValueBackupTask: Starting key-value backup of com.towneers.www
04-18 09:53:31.945  3518 15803 D ActivityManager: sync unfroze 31340 com.towneers.www for 22
04-18 09:53:31.946  3518 15803 D ActivityManager: sync unfroze 31539 com.google.android.webview:sandboxed_process0:org.chromium.content.app.SandboxedProcessService0:0 for 22
04-18 09:53:31.946  3518 15803 I ActivityManager: Changes in 99078 19 to 8, 0 to 256
04-18 09:53:31.946  3518 15803 I ActivityManager: Changes in 10358 19 to 8, 0 to 256
04-18 09:53:31.947  3518 15803 D BackupManagerService: [UserID:0] awaiting agent for com.towneers.www
04-18 09:53:31.947  2416  2508 V APM_AudioPolicyManager: setAppState(portId:187, state:2)
04-18 09:53:31.947  2416  2508 V APM_AudioPolicyManager: setAppState(portId:187, state:2)
04-18 09:53:31.947  2754 11160 I CameraService: onUidStateChanged: uid=10358, procState is changed. (19 -> 8)
04-18 09:53:31.947  2754 11160 W libbinder.IPCThreadState: Sending oneway calls to frozen process.
04-18 09:53:31.947  2754 11160 W libbinder.IPCThreadState: Sending oneway calls to frozen process.
04-18 09:53:31.947  2754 11160 W libbinder.IPCThreadState: Sending oneway calls to frozen process.
04-18 09:53:31.947  1538  1538 D BoundBrokerSvc: onUnbind: Intent { act=com.google.android.gms.measurement.START xflg=0x4 pkg=com.google.android.gms }
04-18 09:53:31.949  9068  9139 I RequestManager_FLP: onOpChanged, op=0 / packageName=com.towneers.www
04-18 09:53:31.955  3518  5897 W PackageConfigPersister: App-specific configuration not found for packageName: com.sec.android.app.launcher and userId: 0
04-18 09:53:31.988  3518  5897 D BackupManagerService: [UserID:0] agentConnected pkg=com.towneers.www agent=android.os.BinderProxy@a9b8285
04-18 09:53:31.988  3518 15803 D KeyValueBackupTask: Invoking agent on com.towneers.www
04-18 09:53:31.991  3518  4949 W PackageConfigPersister: App-specific configuration not found for packageName: com.sec.android.app.launcher and userId: 0
04-18 09:53:31.992 31340 27162 D BackupHelperDispatcher: handling existing helper 'attribution_prefs' android.app.backup.SharedPreferencesBackupHelper@3f6c883
04-18 09:53:31.993  3518  5023 D NetdEventListenerService: DNS Requested by 108, 10358(com.towneers.www), SUCCESS, 25ms
04-18 09:53:31.996  3518 15803 D backup_data: SKIP_PADDING FAILED at line 327
04-18 09:53:31.996 29244 29276 W Binder  : Caught a RuntimeException from the binder stub implementation.
04-18 09:53:31.996 29244 29276 W Binder  : java.lang.NullPointerException: Attempt to invoke virtual method 'java.lang.Object iswb.iZ(int, java.lang.Object)' on a null object reference
04-18 09:53:31.996 29244 29276 W Binder  : 	at axoa.onEvent(:com.google.android.gms@261332035@26.13.32 (260400-895912391):17)
04-18 09:53:31.996 29244 29276 W Binder  : 	at android.app.backup.BackupManagerMonitorWrapper.onEvent(BackupManagerMonitorWrapper.java:50)
04-18 09:53:31.996 29244 29276 W Binder  : 	at android.app.backup.IBackupManagerMonitor$Stub.onTransact(IBackupManagerMonitor.java:99)
04-18 09:53:31.996 29244 29276 W Binder  : 	at android.os.Binder.execTransactInternal(Binder.java:1514)
04-18 09:53:31.996 29244 29276 W Binder  : 	at android.os.Binder.execTransact(Binder.java:1454)
04-18 09:53:31.998  1538  1669 I AndroidBackupEventsLogg: (REDACTED) Logging with sampling event %s
04-18 09:53:32.001  1538 24080 E LoadedApk: Exception : java.lang.NullPointerException: Attempt to invoke virtual method 'boolean android.os.Looper.isPerfLogEnable()' on a null object reference
04-18 09:53:32.002  1538  1669 I Backup  : [GmsBackupTransport] Performing encrypted kv backup: com.towneers.www
04-18 09:53:32.003 29244 15702 E LoadedApk: Exception : java.lang.NullPointerException: Attempt to invoke virtual method 'boolean android.os.Looper.isPerfLogEnable()' on a null object reference
04-18 09:53:32.003  1538 24080 E LoadedApk: Exception : java.lang.NullPointerException: Attempt to invoke virtual method 'boolean android.os.Looper.isPerfLogEnable()' on a null object reference
04-18 09:53:32.006  3518  5897 I RecoverableAppKeyStore: Get 0/10266/com.google.android.gms.backup/folsom/12CAC1311E9C59F120F8EB5E6D87F548
04-18 09:53:32.009  1280  1280 W keymint_tee: [WRN] begin req PARAMS: A32, BM32, PD1, 
04-18 09:53:32.010  1280  1280 D keymint_swd: keymint_swd keymint [WRN] (km_add_tag:528) skip: non repetable tag already exists with different value: 268435458
04-18 09:53:32.010  1280  1280 D keymint_swd: keymint_swd keymint [WRN] (swd_run_cb:267) swd_begin() returns 0
04-18 09:53:32.010  1280  1280 D android.hardware.security.keymint-service: begin: ret 0
04-18 09:53:32.011  1264 22459 I keystore2: system/security/keystore2/src/security_level.rs:599 - In create_operation. Success to create IKeystoreOperation. AppUid(10266), None, TEE
04-18 09:53:32.012  1280  1280 D keymint_swd: keymint_swd keymint [WRN] (swd_run_cb:267) swd_update() returns 0
04-18 09:53:32.012  1280  1280 D android.hardware.security.keymint-service: update: ret 0
04-18 09:53:32.013  1280  1280 D keymint_swd: keymint_swd keymint [WRN] (swd_run_cb:267) swd_finish() returns 0
04-18 09:53:32.013  1280  1280 D android.hardware.security.keymint-service: finish: ret 0
04-18 09:53:32.013  1280  1280 W keymint_tee: [WRN] begin req PARAMS: A32, BM32, PD1, 
04-18 09:53:32.015  1280  1280 D keymint_swd: keymint_swd keymint [WRN] (km_add_tag:528) skip: non repetable tag already exists with different value: 268435458
04-18 09:53:32.015  1280  1280 D keymint_swd: keymint_swd keymint [WRN] (swd_run_cb:267) swd_begin() returns 0
04-18 09:53:32.015  1280  1280 D android.hardware.security.keymint-service: begin: ret 0
04-18 09:53:32.015  1264 22459 I keystore2: system/security/keystore2/src/security_level.rs:599 - In create_operation. Success to create IKeystoreOperation. AppUid(10266), None, TEE
04-18 09:53:32.016  1280  1280 D keymint_swd: keymint_swd keymint [WRN] (swd_run_cb:267) swd_update() returns 0
04-18 09:53:32.016  1280  1280 D android.hardware.security.keymint-service: update: ret 0
04-18 09:53:32.016  1280  1280 D keymint_swd: keymint_swd keymint [WRN] (swd_run_cb:267) swd_finish() returns 0
04-18 09:53:32.016  1280  1280 D android.hardware.security.keymint-service: finish: ret 0
04-18 09:53:32.046  3518  5023 D NetdEventListenerService: DNS Requested by 108, 10358(com.towneers.www), SUCCESS, 94ms
04-18 09:53:32.054  3518  4940 D BackgroundInstallControlService: Package event received: 0
04-18 09:53:32.056  1538  1538 D BoundBrokerSvc: onBind: Intent { act=com.google.android.gms.measurement.START xflg=0x4 pkg=com.google.android.gms }
04-18 09:53:32.056  1538  1538 D BoundBrokerSvc: Loading bound service for intent: Intent { act=com.google.android.gms.measurement.START xflg=0x4 pkg=com.google.android.gms }
04-18 09:53:32.084 15230 15230 W libbinder.ServiceManagerCppClient: Service knoxztinternal didn't start. Returning NULL
04-18 09:53:32.084 15733 15733 W libbinder.ServiceManagerCppClient: Service knoxztinternal didn't start. Returning NULL
04-18 09:53:32.084 15733 15733 D ScreenRecord: success
04-18 09:53:32.084 15230 15230 D ScreenRecord: success
04-18 09:53:32.094  3518  5023 D NetdEventListenerService: DNS Requested by 108, 10358(com.towneers.www), SUCCESS, 27ms
04-18 09:53:32.101  2361  6169 D AidlBufferPool: bufferpool2 0xb40000742de2beb8 : 0(0 size) total buffers - 0(0 size) used buffers - 638/650 (recycle/alloc) - 30/644 (fetch/transfer)
04-18 09:53:32.101  2361  3416 D AidlBufferPool: bufferpool2 0xb40000742de2b0d8 : 0(0 size) total buffers - 0(0 size) used buffers - 263/270 (recycle/alloc) - 15/264 (fetch/transfer)
04-18 09:53:32.101  2361  3416 D AidlBufferPool: Destruction - bufferpool2 0xb40000742de2b0d8 cached: 0/0M, 0/0% in use; allocs: 270, 97% recycled; transfers: 264, 94% unfetched
04-18 09:53:32.101  2361  8477 D AidlBufferPool: Destruction - bufferpool2 0xb40000742de2beb8 cached: 0/0M, 0/0% in use; allocs: 650, 98% recycled; transfers: 644, 95% unfetched
04-18 09:53:32.113  3518  3951 D ActivityManager: sync unfroze 29142 com.samsung.videoscan for 6
04-18 09:53:32.113  3518  3951 I ActivityManager: Changes in 10161 19 to 8, 0 to 384
04-18 09:53:32.114  2416 18644 V APM_AudioPolicyManager: setAppState(portId:187, state:2)
04-18 09:53:32.115 29142 29142 I VideoScanObserverJobService: onStartJob: android.app.job.JobParameters@e241499
04-18 09:53:32.116 29142 16279 I VideoScanDBHandler: updateSecMpTrigger: 
04-18 09:53:32.118 29142 16279 I VideoScanDBHandler: updateSecMpTrigger: last index = 72 Need to update 0 Video Search analysis result
04-18 09:53:32.118 29142 16279 I VideoScanJobScheduler: registerObserverService
04-18 09:53:32.119  2416 18644 V APM_AudioPolicyManager: setAppState(portId:187, state:2)
04-18 09:53:32.119 29142 29142 I VideoScanObserverJobService: onDestroy: 
04-18 09:53:32.119  3518  5197 I ActivityManager: Changes in 10161 10 to 19, 384 to 0
04-18 09:53:32.120  2416 18644 V APM_AudioPolicyManager: setAppState(portId:187, state:2)
04-18 09:53:32.125  3518  5197 D SyncManager: userId - 0 auto - true
04-18 09:53:32.196  3518  6055 D FreecessHandler: skipping freeze com.android.chrome(10278) result : 41
04-18 09:53:32.196  3518  6055 D FreecessHandler: stop trying to freeze com.android.chrome
04-18 09:53:32.220  3518  3684 I SemDvfsHyPerManager: acquire hyper - APP_LAUNCH/3518@30, type = -999
04-18 09:53:32.220  3518  5197 D ActivityTaskManager: startActivityAsUser: callingPid=16285, callingUid=2000, caller=com.android.server.am.ActivityManagerService.startActivityAsUserWithFeature:27 com.android.server.am.ActivityManagerShellCommand.runStartActivity:591 com.android.server.am.ActivityManagerShellCommand.onCommand:1059 com.android.modules.utils.BasicShellCommandHandler.exec:97 android.os.ShellCommand.exec:38 com.android.server.am.ActivityManagerService.onShellCommand:164 android.os.Binder.shellCommand:1219 
04-18 09:53:32.220  2331  2430 I HYPER-HAL: [RequestManager.cpp]acquire(): Acquired ID : 6295956 [3518 / 30]  HINT : APP_LAUNCH   list : [TIMEOUT / 700] 
04-18 09:53:32.220  2331  2430 E PERFHAL-CLIENT: PERFHAL-CLIENT: perf_lock_acq() 164: opcode=1673904128 isMvOpcode=1
04-18 09:53:32.220  2331  2430 E PERFHAL-CLIENT: PERFHAL-CLIENT: perf_lock_acq() 164: opcode=1673854976 isMvOpcode=1
04-18 09:53:32.221  6799  6799 I SemDvfsHyPerManager: acquire hyper - APP_START_SHORT/6799@21, type = -999
04-18 09:53:32.221  2331  2430 E PERFHAL-CLIENT: PERFHAL-CLIENT: perf_lock_acq() 164: opcode=1090519552 isMvOpcode=0
04-18 09:53:32.221  2331  2430 E PERFHAL-CLIENT: PERFHAL-CLIENT: perf_lock_acq() 164: opcode=1673904640 isMvOpcode=1
04-18 09:53:32.221  2331  2430 E PERFHAL-CLIENT: PERFHAL-CLIENT: perf_lock_acq() 164: opcode=1077936128 isMvOpcode=0
04-18 09:53:32.221  2331  2430 E PERFHAL-CLIENT: PERFHAL-CLIENT: perf_lock_acq() 164: opcode=1090519040 isMvOpcode=0
04-18 09:53:32.221  2331  2430 E PERFHAL-CLIENT: PERFHAL-CLIENT: perf_lock_acq() 164: opcode=1673855488 isMvOpcode=1
04-18 09:53:32.222  2331  2430 I HYPER-HAL: [RequestManager.cpp]acquire(): Acquired ID : 23259631 [6799 / 21]  HINT : APP_START   list : [TIMEOUT / 1500] 
04-18 09:53:32.222  3518  5197 W ActivityTaskManager: callingPackage for (uid=2000, pid=16285) has no WPC
04-18 09:53:32.223  3518  6046 D ActivityManager: unpendingScheduleServiceRestart: u=10292, drop=false
04-18 09:53:32.224  3518  5197 D FreecessController: UFZ : com.google.android.youtube(10292) [16727] reason: activity
04-18 09:53:32.224  3518  6055 W LocationManagerService: onFreezeStateChanged, uid[10292]=false
04-18 09:53:32.224  3518  6055 I PowerManagerService: [PWL] SetWakeLockEnableDisable uid = 10292 , disable= false
04-18 09:53:32.224  3518  6055 I PowerManagerService: [PWL] can not change uid =  10292
04-18 09:53:32.224  3518  5197 D BaseRestrictionMgr: Package: com.google.android.youtube, userid: 0, hostingType: activity is allowed by freecess, caller is: null
04-18 09:53:32.225  3518  5197 V WindowManager: DesktopModeLaunchParamsModifier: phase= 0 task=null activity=null display-area-from-current-params=null display-area-from-default-fallback=DefaultTaskDisplayArea_d0@232835871 display-id=0 task-display-area-windowing-mode=1 suggested-display-area=DefaultTaskDisplayArea_d0@232835871 task null, skipping
04-18 09:53:32.225  3518  3951 I JobScheduler: maybeQueueReadyJobsForExecutionLocked: [BatchNetworkJob] 2 batched network jobs meet requirement for 108
04-18 09:53:32.225  3518  5197 V WindowManager: TaskLaunchParamsModifier:phase=0 task=null activity=null display-area-from-current-params=null display-area-from-default-fallback=DefaultTaskDisplayArea_d0@232835871 display-id=0 task-display-area-windowing-mode=1 suggested-display-area=DefaultTaskDisplayArea_d0@232835871
04-18 09:53:32.225  3518  5197 E system_server: No package ID 7f found for resource ID 0x7f180017.
04-18 09:53:32.225  3518  5197 W LocaleConfig: The resource file pointed to by the given resource ID isn't found.
04-18 09:53:32.226  3518  3951 I ActivityManager: Changes in 10292 19 to 8, 0 to 384
04-18 09:53:32.227  2416  2525 V APM_AudioPolicyManager: setAppState(portId:187, state:2)
04-18 09:53:32.228  2416  2508 D NativePermissionController: checkPermission: missing 13 for 10292
04-18 09:53:32.229  2416  2508 D NativePermissionController: checkPermission: missing 13 for 10292
04-18 09:53:32.229  2416  2508 D NativePermissionController: checkPermission: missing 13 for 10292
04-18 09:53:32.229  2416  2508 D NativePermissionController: checkPermission: missing 13 for 10292
04-18 09:53:32.230  1538  1538 D BoundBrokerSvc: onUnbind: Intent { act=com.google.android.gms.potokens.service.START dat=chimera-action:/... xflg=0x4 cmp=com.google.android.gms/.chimera.GmsApiService }
04-18 09:53:32.230  2416  2508 D NativePermissionController: checkPermission: missing 13 for 10292
04-18 09:53:32.230  2416  2508 D NativePermissionController: checkPermission: missing 13 for 10292
04-18 09:53:32.230  2416  2508 D NativePermissionController: checkPermission: missing 13 for 10292
04-18 09:53:32.230  2416  2508 D NativePermissionController: checkPermission: missing 13 for 10292
04-18 09:53:32.231  2427  5864 I SurfaceFlinger: Current= 240, Period= 240, Distance= 1
04-18 09:53:32.233  3518  5197 D WindowManager: Transition is created, t=TransitionRecord{210a089 id=-1 type=OPEN flags=0x0 parallelCollectType=NONE recentsDisplayId=-1}, caller=com.android.server.wm.Transition.<init>:201 com.android.server.wm.TransitionController.createAndStartCollecting:106 com.android.server.wm.ActivityStarter.executeRequest:3702 com.android.server.wm.ActivityStarter.execute:1751 com.android.server.wm.ActivityTaskManagerService.startActivityAsUser:95 
04-18 09:53:32.233  3518  5197 D BLASTSyncEngine: SyncGroup is created, id=995, name=Transition-OPEN, caller=com.android.server.wm.BLASTSyncEngine.prepareSyncSet:60 com.android.server.wm.TransitionController.moveToCollecting:67 com.android.server.wm.TransitionController.createAndStartCollecting:109 com.android.server.wm.ActivityStarter.executeRequest:3702 com.android.server.wm.ActivityStarter.execute:1751 com.android.server.wm.ActivityTaskManagerService.startActivityAsUser:95 com.android.server.am.ActivityManagerService.startActivityAsUserWithFeature:27 
04-18 09:53:32.233  3518  5197 W BLASTSyncEngine: setSyncMethod, id=995, method=0, caller=com.android.server.wm.TransitionController.moveToCollecting:80 com.android.server.wm.TransitionController.createAndStartCollecting:109 com.android.server.wm.ActivityStarter.executeRequest:3702 
04-18 09:53:32.233  3518  5197 V WindowManager: Start collecting in Transition: TransitionRecord{210a089 id=995 type=OPEN flags=0x0 parallelCollectType=NONE recentsDisplayId=-1}, caller=com.android.server.wm.TransitionController.createAndStartCollecting:109 com.android.server.wm.ActivityStarter.executeRequest:3702 com.android.server.wm.ActivityStarter.execute:1751 com.android.server.wm.ActivityTaskManagerService.startActivityAsUser:95 com.android.server.am.ActivityManagerService.startActivityAsUserWithFeature:27 
04-18 09:53:32.233  3518  5197 V WindowManager: Collecting in transition 995: ActivityRecord{83118222 u0 com.google.android.youtube/.UrlActivity, caller=com.android.server.wm.TransitionController.collect:7 com.android.server.wm.ActivityStarter.startActivityUnchecked:98 com.android.server.wm.ActivityStarter.executeRequest:3754 com.android.server.wm.ActivityStarter.execute:1751 com.android.server.wm.ActivityTaskManagerService.startActivityAsUser:95 
04-18 09:53:32.233  3518  5197 V WindowManager: DesktopModeLaunchParamsModifier: phase= 0 task=null activity=ActivityRecord{83118222 u0 com.google.android.youtube/.UrlActivity t-1} display-area-from-current-params=null display-area-from-default-fallback=DefaultTaskDisplayArea_d0@232835871 display-id=0 task-display-area-windowing-mode=1 suggested-display-area=DefaultTaskDisplayArea_d0@232835871 task null, skipping
04-18 09:53:32.233  3518  5197 V WindowManager: TaskLaunchParamsModifier:phase=0 task=null activity=ActivityRecord{83118222 u0 com.google.android.youtube/.UrlActivity t-1} display-area-from-current-params=null display-area-from-default-fallback=DefaultTaskDisplayArea_d0@232835871 display-id=0 task-display-area-windowing-mode=1 suggested-display-area=DefaultTaskDisplayArea_d0@232835871
04-18 09:53:32.233  3518  5197 D [secipm]: mSecIpmManager AppTouchDown com.google.android.youtube dex files
04-18 09:53:32.233  3518  5197 V WindowManager: DesktopModeLaunchParamsModifier: phase= 3 task=null activity=ActivityRecord{83118222 u0 com.google.android.youtube/.UrlActivity t-1} display-area-from-current-params=null display-area-from-default-fallback=DefaultTaskDisplayArea_d0@232835871 display-id=0 task-display-area-windowing-mode=1 suggested-display-area=DefaultTaskDisplayArea_d0@232835871 task null, skipping
04-18 09:53:32.233  3518  5197 V WindowManager: TaskLaunchParamsModifier:phase=3 task=null activity=ActivityRecord{83118222 u0 com.google.android.youtube/.UrlActivity t-1} display-area-from-current-params=null display-area-from-default-fallback=DefaultTaskDisplayArea_d0@232835871 display-id=0 task-display-area-windowing-mode=1 suggested-display-area=DefaultTaskDisplayArea_d0@232835871 non-freeform-task-display-area display-area=DefaultTaskDisplayArea_d0@232835871 default-portrait freeform-size-mismatch=Rect(81, 570 - 999, 1740)
04-18 09:53:32.233  3518  5952 I SemDvfsHyPerManager: acquire hyper - AMS_APP_SWITCH/3518@20, type = -999
04-18 09:53:32.233  2331  2430 I HYPER-HAL: [RequestManager.cpp]acquire(): Acquired ID : 6260511 [3518 / 20]  HINT : AMS_APP_SWITCH   list : 
04-18 09:53:32.233  3518  5952 D ActivityManagerPerformance: AMP_acquire() APP_SWITCH
04-18 09:53:32.234  6799  6799 I SemDvfsHyPerManager: acquire hyper - APP_START_SHORT/6799@21, type = -999
04-18 09:53:32.234  2331  2430 E PERFHAL-CLIENT: PERFHAL-CLIENT: perf_lock_acq() 164: opcode=1673904640 isMvOpcode=1
04-18 09:53:32.234  2427  4142 I SurfaceFlinger: id=12023 createSurf, flag=24004, Task=170#12023
04-18 09:53:32.234  2331  2430 E PERFHAL-CLIENT: PERFHAL-CLIENT: perf_lock_acq() 164: opcode=1673904128 isMvOpcode=1
04-18 09:53:32.234  2331  2430 E PERFHAL-CLIENT: PERFHAL-CLIENT: perf_lock_acq() 164: opcode=1090519552 isMvOpcode=0
04-18 09:53:32.234  3518  5197 V WindowManager: DesktopModeLaunchParamsModifier: phase= 3 task=Task{5f258af #170 type=standard A=10292:com.google.android.youtube} activity=ActivityRecord{83118222 u0 com.google.android.youtube/.UrlActivity t-1} display-from-task=0 display-id=0 task-display-area-windowing-mode=1 suggested-display-area=DefaultTaskDisplayArea_d0@232835871 non-desktop, skipping
04-18 09:53:32.234  3518  5197 V WindowManager: TaskLaunchParamsModifier:phase=3 task=Task{5f258af #170 type=standard A=10292:com.google.android.youtube} activity=ActivityRecord{83118222 u0 com.google.android.youtube/.UrlActivity t-1} display-from-task=0 display-id=0 task-display-area-windowing-mode=1 suggested-display-area=DefaultTaskDisplayArea_d0@232835871 inherit-from-task=fullscreen non-freeform-task-display-area display-area=DefaultTaskDisplayArea_d0@232835871 default-portrait freeform-size-mismatch=Rect(81, 570 - 999, 1740)
04-18 09:53:32.234  3518  5197 V WindowManager: Collecting in transition 995: Task{5f258af #170 type=standard A=10292:com.google.android.youtube}, caller=com.android.server.wm.Transition.collectExistenceChange:40 com.android.server.wm.ActivityStarter.setNewTask:43 com.android.server.wm.ActivityStarter.startActivityInner:2225 com.android.server.wm.ActivityStarter.startActivityUnchecked:111 com.android.server.wm.ActivityStarter.executeRequest:3754 
04-18 09:53:32.234  2331  2430 E PERFHAL-CLIENT: PERFHAL-CLIENT: perf_lock_acq() 164: opcode=1086799872 isMvOpcode=0
04-18 09:53:32.234  3518  5197 W PackageConfigPersister: App-specific configuration not found for packageName: com.google.android.youtube and userId: 0
04-18 09:53:32.234  2331  2430 E PERFHAL-CLIENT: PERFHAL-CLIENT: perf_lock_acq() 164: opcode=1673854976 isMvOpcode=1
04-18 09:53:32.234  2331  2430 E PERFHAL-CLIENT: PERFHAL-CLIENT: perf_lock_acq() 164: opcode=1077968896 isMvOpcode=0
04-18 09:53:32.235  2427  4142 I SurfaceFlinger: id=12024 createSurf, flag=84004, ActivityRecord{83118222 u0 com.google.android.youtube/.UrlActivity t170}#12024
04-18 09:53:32.235  2331  2430 E PERFHAL-CLIENT: PERFHAL-CLIENT: perf_lock_acq() 164: opcode=1077936128 isMvOpcode=0
04-18 09:53:32.235  3518  5197 W PackageConfigPersister: App-specific configuration not found for packageName: com.google.android.youtube and userId: 0
04-18 09:53:32.235  3518  5197 W PackageConfigPersister: App-specific configuration not found for packageName: com.google.android.youtube and userId: 0
04-18 09:53:32.235  2331  2430 E PERFHAL-CLIENT: PERFHAL-CLIENT: perf_lock_acq() 164: opcode=1090519040 isMvOpcode=0
04-18 09:53:32.235  3518  5197 D ActivityTaskManager: scheduleTopResumedActivityChanged, onTop=false, r=ActivityRecord{50490468 u0 com.sec.android.app.launcher/.activities.LauncherActivity t44}, caller=com.android.server.wm.ActivityTaskSupervisor.scheduleTopResumedActivityStateLossIfNeeded:19 com.android.server.wm.ActivityTaskSupervisor.updateTopResumedActivityIfNeeded:44 com.android.server.wm.TaskDisplayArea.positionChildAt:253 com.android.server.wm.Task.moveToFront:40 com.android.server.wm.ActivityStarter.startActivityInner:2431 com.android.server.wm.ActivityStarter.startActivityUnchecked:111 
04-18 09:53:32.235  2331  2430 E PERFHAL-CLIENT: PERFHAL-CLIENT: perf_lock_acq() 164: opcode=1673855488 isMvOpcode=1
04-18 09:53:32.235  3518  5197 V WindowManager: Checking theme of starting window: 0x7f1508ea
04-18 09:53:32.235  3518  5197 V WindowManager: Translucent=false Floating=false ShowWallpaper=false Disable=false
04-18 09:53:32.235  3518  5197 D ActivityTaskManager: addStartingWindow: type=2 typeParameter=8f
04-18 09:53:32.235  3518  5197 V WindowManager: Creating SplashScreenStartingData
04-18 09:53:32.235  3518  5197 V WindowManager: Add starting ActivityRecord{83118222 u0 com.google.android.youtube/.UrlActivity t170}: startingData=SplashScreenStartingData{a59bc45 removeAfterTransaction= 0}
04-18 09:53:32.235  3518  5197 W PackageConfigPersister: App-specific configuration not found for packageName: com.google.android.youtube and userId: 0
04-18 09:53:32.235  3518  5197 V WindowManager: Added starting ActivityRecord{83118222 u0 com.google.android.youtube/.UrlActivity t170}: startingWindow=null startingView=com.android.server.wm.StartingSurfaceController$StartingSurface@1f05f9a
04-18 09:53:32.235  3518  5197 V WindowManager: Collecting in transition 995: ActivityRecord{83118222 u0 com.google.android.youtube/.UrlActivity t170}, caller=com.android.server.wm.Transition.collectExistenceChange:40 com.android.server.wm.ActivityStarter.handleStartResult:742 com.android.server.wm.ActivityStarter.startActivityUnchecked:124 com.android.server.wm.ActivityStarter.executeRequest:3754 com.android.server.wm.ActivityStarter.execute:1751 
04-18 09:53:32.235  3518  5197 V WindowManager: Requesting StartTransition: TransitionRecord{210a089 id=995 type=OPEN flags=0x0 parallelCollectType=NONE recentsDisplayId=-1 c=[
04-18 09:53:32.235  3518  5197 V WindowManager:    ChangeInfo{c69f0a8 container=WindowedMagnification:0:31@50727657 flags=0x0}
