04-18 09:53:32.235  3518  5197 V WindowManager:    ChangeInfo{a5ed7c1 container=ActivityRecord{83118222 u0 com.google.android.youtube/.UrlActivity t170} flags=0x0}
04-18 09:53:32.235  3518  5197 V WindowManager:    ChangeInfo{64db66 container=Task{5f258af #170 type=standard A=10292:com.google.android.youtube} flags=0x0}
04-18 09:53:32.235  3518  5197 V WindowManager:    ChangeInfo{caeaea7 container=Display{#0 state=ON size=1080x2340 ROTATION_0} flags=0x0}
04-18 09:53:32.235  3518  5197 V WindowManager:    ChangeInfo{bc16f54 container=AppZoomOut:2:14@171890544 flags=0x0}
04-18 09:53:32.235  3518  5197 V WindowManager:    ChangeInfo{402efd container=DefaultTaskDisplayArea_d0@232835871 flags=0x0}
04-18 09:53:32.235  3518  5197 V WindowManager: ]
04-18 09:53:32.235  3518  5197 V WindowManager: }, caller=com.android.server.wm.ActivityStarter.handleStartResult:970 com.android.server.wm.ActivityStarter.startActivityUnchecked:124 com.android.server.wm.ActivityStarter.executeRequest:3754 com.android.server.wm.ActivityStarter.execute:1751 com.android.server.wm.ActivityTaskManagerService.startActivityAsUser:95 
04-18 09:53:32.235  3518  5197 W PackageConfigPersister: App-specific configuration not found for packageName: com.google.android.youtube and userId: 0
04-18 09:53:32.235  5098  5175 E ndroid.systemui: No package ID 7f found for resource ID 0x7f180017.
04-18 09:53:32.235  3518  5197 W PackageConfigPersister: App-specific configuration not found for packageName: com.google.android.youtube and userId: 0
04-18 09:53:32.236  3518  5197 I Pageboost: stop alp
04-18 09:53:32.236  5098  5175 W LocaleConfig: The resource file pointed to by the given resource ID isn't found.
04-18 09:53:32.236  3518  5197 I ActivityTaskManager: START u0 {act=android.intent.action.VIEW dat=https://www.youtube.com/... flg=0x10000000 xflg=0x4 pkg=com.google.android.youtube cmp=com.google.android.youtube/.UrlActivity} with LAUNCH_MULTIPLE from uid 2000 (com.android.shell) (BAL_ALLOW_PERMISSION) result code=0
04-18 09:53:32.236  2427  4142 I SurfaceFlinger: Current= 240, Period= 240, Distance= 240
04-18 09:53:32.236  3518  5197 I SemDvfsHyPerManager: acquire hyper - AMS_APP_LAUNCH/3518@16, type = -999
04-18 09:53:32.236  5098  5136 V WindowManagerShell: Transition requested (#995): android.os.BinderProxy@35435be TransitionRequestInfo { type = OPEN, triggerTask = TaskInfo{userId=0 taskId=170 effectiveUid=10292 displayId=0 isRunning=true baseIntent=Intent { act=android.intent.action.VIEW dat=https://www.youtube.com/... flg=0x10000000 pkg=com.google.android.youtube cmp=com.google.android.youtube/.UrlActivity } baseActivity=ComponentInfo{com.google.android.youtube/com.google.android.apps.youtube.app.application.Shell_UrlActivity} topActivity=ComponentInfo{com.google.android.youtube/com.google.android.apps.youtube.app.application.Shell_UrlActivity} origActivity=ComponentInfo{com.google.android.youtube/com.google.android.youtube.UrlActivity} realActivity=ComponentInfo{com.google.android.youtube/com.google.android.apps.youtube.app.application.Shell_UrlActivity} numActivities=1 lastActiveTime=1388657320 supportsMultiWindow=true resizeMode=1 isResizeable=true minWidth=-1 minHeight=-1 maxWidth=-1 maxHeight=-1 defaultMinSize=220 desktopDefaultMinSize=304 token=WCT{android.os.BinderProxy@22ef61f} topActivityType=1 pictureInPictureParams=null shouldDockBigOverlays=false launchIntoPipHostTaskId=-1 lastParentTaskIdBeforePip=-1 displayCutoutSafeInsets=Rect(0, 104 - 0, 0) topActivityInfo=ActivityInfo{7f66d6c com.google.android.youtube.UrlActivity} launchCookies=[] positionInParent=Point(0, 0) parentTaskId=-1 isFocused=false isVisible=false isVisibleRequested=false isTopActivityNoDisplay=false isSleeping=false locusId=null displayAreaFeatureId=1 isTopActivityTransparent=false isActivityStackTransparent=false lastNonFullscreenBounds=Rect(81, 570 - 999, 1740) capturedLink=null capturedLinkTimestamp=0 requestedVisibleTypes=503 topActivityRequestOpenInBrowserEducationTimestamp=0 appCompatTaskInfo=AppCompatTaskInfo { topActivityInSizeCompat=false isLeafTask= true eligibleForLetterboxEducation= false isLetterboxEducationEnabled= false isLetterboxDoubleTapEnabled= false eligibleForUserAspectRatioButton= false topActivityBoundsLetterboxed= false isFromLetterboxDoubleTap= false topActivityLetterboxVerticalPosition= -1 topActivityLetterboxHorizontalPosition= -1 topActivityLetterboxWidth=-1 topActivityLetterboxHeight=-1 topActivityAppBounds=Rect(0, 0 - 1080, 2340) isUserFullscreenOverrideEnabled=false isSystemFullscreenOverrideEnabled=false hasMinAspectRatioOverride=false topActivityLetterboxBounds=null cameraCompatTaskInfo=CameraCompatTaskInfo { cameraCompatMode=undefinedundefined} topActivityBounds=null topActivityInDisplayCompat=false showForceRotationButton=false forceRotationButtonState=0 singleTapFromLetterbox=false topNonResizableActivityAspectRatio=-1.0} topActivityMainWindowFrame=null originallySupportedMultiWindow=true hasWallpaper=false rootAffinity=10292:com.google.android.youtube isTopTaskInStage=false CoverLauncherWidgetTask=false LaunchedFromAppsCoverLauncherTask=false LaunchedFromMultistarCoverLauncherTask=false isAllowedSeamlessRotation=false isTopTransparentActivity=false isAliasManaged=false hasConfigChanged=false isAiKeyRemoveAppTask=false lastDesktopWindowingBounds=null lastExternalDesktopWindowingBounds=nullisPackageNightModeActive=true safeCutoutInsets=null isAppBubble=false}, pipChange = null, remoteTransition = null, displayChange = null, requestedLocation = null, userChange = null, windowingLayerChange = null, flags = 0, debugId = 995 }
04-18 09:53:32.236  6799  6799 I SemDvfsHyPerManager: acquire hyper - APP_START/6799@23, type = -999
04-18 09:53:32.236  5098  5136 D ShellSplitScreen: logExit: no-op, mLoggerSessionId is null
04-18 09:53:32.236  5098  5136 D ShellDesktopMode: handleRequest: TransitionRequestInfo {type=1, tid=170, debugId=995}
04-18 09:53:32.236  5098  5136 V ShellDesktopMode: DesktopTasksController: skipping handleRequest reason=triggerTask's display doesn't support desktop mode
04-18 09:53:32.236  6003  6003 E pageboostd: Received HALT command code 2
04-18 09:53:32.236  7857  9673 I HoneySpace.SPayHandler: skip update when launcher activity is paused
04-18 09:53:32.236  7857  7857 I HoneySpace.Launcher: !@Boot_EBS_D: Launcher.onPause()
04-18 09:53:32.236  7857  7857 I HoneySpace.Launcher: updateLauncherShowing true -> false
04-18 09:53:32.236  7857  7857 I HoneySpace.HotseatAdapter: updateDragOperator - HotseatOnHomeDragOperator
04-18 09:53:32.236  7857  7857 E HoneySpace.HotseatPot@160959436: Illegal access
04-18 09:53:32.236  3518  5897 V WindowManager: Starting Transition 995, caller=com.android.server.wm.WindowOrganizerController.startTransition:43 com.android.server.wm.WindowOrganizerController.startTransition:1 android.window.IWindowOrganizerController$Stub.onTransact:268 
04-18 09:53:32.237  3518  5856 D CompatChangeReporter: Compat change id reported: 377864165; UID 10292; state: ENABLED
04-18 09:53:32.238  3518  5197 V WindowManager: Collecting in transition 995: ActivityRecord{83118222 u0 com.google.android.youtube/.UrlActivity t170}, caller=com.android.server.wm.TransitionController.collect:7 com.android.server.wm.ActivityRecord.setVisibility:132 com.android.server.wm.TaskFragment.resumeTopActivity:2388 com.android.server.wm.Task.resumeTopActivityInnerLocked:125 com.android.server.wm.Task.resumeTopActivityUncheckedLocked:23 
04-18 09:53:32.238  3518  5197 V WindowManager: Collecting in transition 995: ActivityRecord{50490468 u0 com.sec.android.app.launcher/.activities.LauncherActivity t44}, caller=com.android.server.wm.TransitionController.collect:7 com.android.server.wm.ActivityRecord.setVisibility:132 com.android.server.wm.ActivityRecord.makeInvisible:15 com.android.server.wm.EnsureActivitiesVisibleHelper.process:541 com.android.server.wm.TaskFragment.updateActivityVisibilities:12 
04-18 09:53:32.238  3518  5197 D WindowManager: prepareSync <SYNC_STATE_WAITING_FOR_DRAW>, mPrepareSyncSeqId=0, win=Window{32abfe5 u0 com.sec.android.app.launcher/com.sec.android.app.launcher.activities.LauncherActivity}
04-18 09:53:32.238  3518  5197 V WindowManager: Collecting in transition 995: WallpaperWindowToken{a9e9ca6 showWhenLocked=true}_<lock>, caller=com.android.server.wm.Transition.collect:383 com.android.server.wm.TransitionController.collect:7 com.android.server.wm.ActivityRecord.setVisibility:132 com.android.server.wm.ActivityRecord.makeInvisible:15 com.android.server.wm.EnsureActivitiesVisibleHelper.process:541 
04-18 09:53:32.238  3518  5197 V WindowManager: rotationForOrientation(orient=SCREEN_ORIENTATION_UNSPECIFIED (-1), last=ROTATION_0 (0)); user=ROTATION_0 (0) 
04-18 09:53:32.238  3518  5197 D WindowManager: rotationForOrientation, orientationSource=ActivityRecord{83118222 u0 com.google.android.youtube/.UrlActivity t170}
04-18 09:53:32.238  3518  5197 V WindowManager: Computed rotation=ROTATION_0 (0) for display id=0 based on lastOrientation=SCREEN_ORIENTATION_UNSPECIFIED (-1) and oldRotation=ROTATION_0 (0), caller=com.android.server.wm.DisplayRotation.updateOrientation:86 com.android.server.wm.DisplayContent.updateOrientation:41 com.android.server.wm.DisplayContent.updateOrientationAndComputeConfig:43 com.android.server.wm.RootWindowContainer.ensureVisibilityAndConfig:7 com.android.server.wm.ActivityTaskSupervisor.realStartActivityLocked:182 com.android.server.wm.ActivityTaskSupervisor.startSpecificActivity:27 
04-18 09:53:32.238  3518  5197 V WindowManager: Collecting in transition 995: ActivityRecord{83118222 u0 com.google.android.youtube/.UrlActivity t170}, caller=com.android.server.wm.TransitionController.collect:7 com.android.server.wm.ActivityRecord.setVisibility:132 com.android.server.wm.ActivityTaskSupervisor.realStartActivityLocked:203 com.android.server.wm.ActivityTaskSupervisor.startSpecificActivity:27 com.android.server.wm.TaskFragment.resumeTopActivity:2393 
04-18 09:53:32.238  3518  5197 D SGM:FgCheckThread: notifyAppCreated(), packageName: com.google.android.youtube, userId: 0, sendRet: true
04-18 09:53:32.238  3518  4036 D SGM:FgCheckThread: onLooperPrepared(), msg: MSG_APP_CREATE, pkgName: com.google.android.youtube, userId: 0
04-18 09:53:32.238  3518  5197 D SGM:FgCheckThread: TaskStackListener.onTaskFocusChanged(), taskId=44, focused=false
04-18 09:53:32.238  3518  5197 D SGM:FgCheckThread: TaskStackListener.onTaskFocusChanged(), taskId=170, focused=true
04-18 09:53:32.238  3518  5197 W PackageConfigPersister: App-specific configuration not found for packageName: com.google.android.youtube and userId: 0
04-18 09:53:32.238  3518  5197 W PackageConfigPersister: App-specific configuration not found for packageName: com.sec.android.app.launcher and userId: 0
04-18 09:53:32.238  3518  5197 W PackageConfigPersister: App-specific configuration not found for packageName: com.android.chrome and userId: 0
04-18 09:53:32.238  3518  5197 W PackageConfigPersister: App-specific configuration not found for packageName: com.google.android.apps.messaging and userId: 0
04-18 09:53:32.238  3518  5197 W PackageConfigPersister: App-specific configuration not found for packageName: com.samsung.android.dialer and userId: 0
04-18 09:53:32.238  3518  5197 W PackageConfigPersister: App-specific configuration not found for packageName: com.termux and userId: 0
04-18 09:53:32.238  3518  5197 W PackageConfigPersister: App-specific configuration not found for packageName: com.sec.android.app.launcher and userId: 0
04-18 09:53:32.238  3518  5197 W PackageConfigPersister: App-specific configuration not found for packageName: com.android.settings and userId: 0
04-18 09:53:32.238  3518  5197 W PackageConfigPersister: App-specific configuration not found for packageName: com.android.vending and userId: 0
04-18 09:53:32.238  3518  5197 D SGM:FgCheckThread:   sendRunningComponentFocus(), pkgName: com.google.android.youtube, userId: 0
04-18 09:53:32.238  3518  5197 D InputDispatcher: Focused application(0): ActivityRecord{83118222 u0 com.google.android.youtube/.UrlActivity t170}
04-18 09:53:32.238  3518  4036 D SGM:FgCheckThread: onLooperPrepared(), msg: MSG_TASK_FOCUSED, pkgName: com.google.android.youtube, userId: 0
04-18 09:53:32.238  3518  4036 D SGM:FgCheckThread: handleTaskFocused().
04-18 09:53:32.238  3518  4036 D SGM:FgCheckThread: sendFocusOutConditionally() - mPrevNotiPkg: com.sec.android.app.samsungapps, userId: 0
04-18 09:53:32.238  3518  4036 D SGM:FgCheckThread:   handleTaskFocused(), pkgName: com.google.android.youtube, userID:0
04-18 09:53:32.238  3518  4036 D SGM:FgCheckThread: handleResume().
04-18 09:53:32.238  3518  4036 D SGM:FgCheckThread:   handleResume(). pkgName: com.google.android.youtube, userId: 0, category: non-game
04-18 09:53:32.238  3518  5197 D WindowManager: Changing focus from Window{32abfe5 u0 com.sec.android.app.launcher/com.sec.android.app.launcher.activities.LauncherActivity} to null displayId=0 Callers=com.android.server.wm.ActivityTaskManagerService.setLastResumedActivityUncheckLocked:264 com.android.server.wm.ActivityTaskSupervisor.updateTopResumedActivityIfNeeded:91 com.android.server.wm.TaskFragment.setResumedActivity:29 com.android.server.wm.ActivityRecord.setState:100 
04-18 09:53:32.238  2416  2508 V APM_AudioPolicyManager: setAppState(portId:187, state:2)
04-18 09:53:32.239  3518  4036 D SGM:FgCheckThread: notifyFocusInOut(). of pkg: com.google.android.youtube, type: 4, isSecGameFamily: false, userId: 0
04-18 09:53:32.239  3518  4036 D SGM:FgCheckThread:   notifyFocusInOut(). do nothing
04-18 09:53:32.239  3518  4036 D SGM:SystemHelper: callReleaseBlock needReleaseBlock:false
04-18 09:53:32.239  3518  5197 V SystemKeyManager: updateFocusedWindow() is called, 
04-18 09:53:32.239  2754 11160 I CameraService: onUidStateChanged: uid=10048, procState is changed. (0 -> 1)
04-18 09:53:32.239  3518  5197 D BLASTSyncEngine: SyncGroup 995: Set ready true, caller=com.android.server.wm.BLASTSyncEngine.setReady:31 com.android.server.wm.Transition.applyReady:48 com.android.server.wm.Transition$ReadyCondition.meet:190 com.android.server.wm.Transition$ReadyTrackerOld.checkReady:22 com.android.server.wm.Transition.setReady:73 com.android.server.wm.TransitionController.setReady:6 
04-18 09:53:32.239  3518  5197 D WindowManagerServiceExt: updateTaskbarTargetIfNeeded: cn=ComponentInfo{com.google.android.youtube/com.google.android.youtube.UrlActivity} occludesParent=true isInSplitScreenMode=false
04-18 09:53:32.239  3518  5197 D ActivityTaskManager: scheduleTopResumedActivityChanged, onTop=true, r=ActivityRecord{83118222 u0 com.google.android.youtube/.UrlActivity t170}, caller=com.android.server.wm.ActivityTaskSupervisor.scheduleTopResumedActivityStateIfNeeded:18 com.android.server.wm.ActivityTaskSupervisor.handleTopResumedStateReleasedIfNeeded:57 com.android.server.wm.ActivityRecord.activityPaused:94 com.android.server.wm.ActivityClientController.activityPaused:26 android.app.IActivityClientController$Stub.onTransact:812 com.android.server.wm.ActivityClientController.onTransact:1 
04-18 09:53:32.239  3518  5197 V WindowManager: Collecting in transition 995: WallpaperWindowToken{a9e9ca6 showWhenLocked=true}_<lock>, caller=com.android.server.wm.TransitionController.collect:7 com.android.server.wm.WallpaperWindowToken.setVisibility:75 com.android.server.wm.WallpaperController.adjustWallpaperWindows:893 com.android.server.wm.RootWindowContainer.applySurfaceChangesTransaction$1:152 com.android.server.wm.RootWindowContainer.performSurfacePlacement:59 
04-18 09:53:32.239  6799 18790 I FASProvider: makeValuesForFasUpdate contentValues = package_name=com.google.android.youtube extras=0 reason=deleted_from_mars_auto disableReason=deleted_from_mars_auto disableResetTime=1776473612237 uid=10292 mode=0 level=1 resetTime=0
04-18 09:53:32.239  2754 11160 W libbinder.IPCThreadState: Sending oneway calls to frozen process.
04-18 09:53:32.239  2754 11160 W libbinder.IPCThreadState: Sending oneway calls to frozen process.
04-18 09:53:32.239  3518  5197 D BLASTSyncEngine: SyncGroup 995:  Unfinished container: Task{5f258af #170 type=standard A=10292:com.google.android.youtube} mSyncState=2
04-18 09:53:32.239  2754 11160 W libbinder.IPCThreadState: Sending oneway calls to frozen process.
04-18 09:53:32.239  3518  4902 W PackageConfigPersister: App-specific configuration not found for packageName: com.google.android.youtube and userId: 0
04-18 09:53:32.239  3518  4902 W PackageConfigPersister: App-specific configuration not found for packageName: com.sec.android.app.launcher and userId: 0
04-18 09:53:32.239  3518  4902 W PackageConfigPersister: App-specific configuration not found for packageName: com.android.chrome and userId: 0
04-18 09:53:32.239  3518  4902 W PackageConfigPersister: App-specific configuration not found for packageName: com.google.android.apps.messaging and userId: 0
04-18 09:53:32.239  3518  4902 W PackageConfigPersister: App-specific configuration not found for packageName: com.samsung.android.dialer and userId: 0
04-18 09:53:32.239  3518  4902 W PackageConfigPersister: App-specific configuration not found for packageName: com.termux and userId: 0
04-18 09:53:32.239  3518  4902 W PackageConfigPersister: App-specific configuration not found for packageName: com.sec.android.app.launcher and userId: 0
04-18 09:53:32.239  3518  4902 W PackageConfigPersister: App-specific configuration not found for packageName: com.android.settings and userId: 0
04-18 09:53:32.239  3518  4902 W PackageConfigPersister: App-specific configuration not found for packageName: com.android.vending and userId: 0
04-18 09:53:32.239  3518  4902 D AS.MultiSoundManager: mForegroundUid = 10292
04-18 09:53:32.239  3518  3668 I ActivityManager: Changes in 10292 8 to 2, 384 to 511
04-18 09:53:32.239  3518  3666 W PackageConfigPersister: App-specific configuration not found for packageName: com.google.android.youtube and userId: 0
04-18 09:53:32.239  3518  3666 W PackageConfigPersister: App-specific configuration not found for packageName: com.sec.android.app.launcher and userId: 0
04-18 09:53:32.240  2331  2430 I HYPER-HAL: [RequestManager.cpp]acquire(): Acquired ID : 23259631 [6799 / 21]  HINT : APP_START   list : [TIMEOUT / 1500] 
04-18 09:53:32.240  2427  2427 I SurfaceFlinger: [Display 0 name="기본으로 제공되는 화면"#41] setFrameRateCategory: High
04-18 09:53:32.240  2331  2430 I HYPER-HAL: [RequestManager.cpp]acquire(): Acquired ID : 6246361 [3518 / 16]  HINT : AMS_APP_LAUNCH   list : 
04-18 09:53:32.240  2427  2427 I SurfaceFlinger: [Task=170#12023] attach to parent LayerHierarchy{RequestedLayerState{DefaultTaskDisplayArea_d0#10 parentId=9} 12 children}
04-18 09:53:32.240  2427  2427 I SurfaceFlinger: [ActivityRecord{83118222 u0 com.google.android.youtube/.UrlActivity t170}#12024] attach to parent LayerHierarchy{RequestedLayerState{Task=170#12023 parentId=10} 1 children}
04-18 09:53:32.240  3518  4940 D BackgroundInstallControlService: Package event received: 0
04-18 09:53:32.240  5098  5175 D ViewRootImpl: desktopMode is false
04-18 09:53:32.240  5098  5175 I ViewRootImpl: dVRR is enabled
04-18 09:53:32.240  5098  5232 D NativeCustomFrequencyManager: [NativeCFMS] BpCustomFrequencyManager::BpCustomFrequencyManager()
04-18 09:53:32.240  3518  4940 D BackgroundInstallControlService: Package event received: 0
04-18 09:53:32.240  3518  3666 W PackageConfigPersister: App-specific configuration not found for packageName: com.android.chrome and userId: 0
04-18 09:53:32.240  3518  3666 W PackageConfigPersister: App-specific configuration not found for packageName: com.google.android.apps.messaging and userId: 0
04-18 09:53:32.240  3518  3666 W PackageConfigPersister: App-specific configuration not found for packageName: com.samsung.android.dialer and userId: 0
04-18 09:53:32.240  3518  3666 W PackageConfigPersister: App-specific configuration not found for packageName: com.termux and userId: 0
04-18 09:53:32.240  3518  3666 W PackageConfigPersister: App-specific configuration not found for packageName: com.sec.android.app.launcher and userId: 0
04-18 09:53:32.240  3518  3666 W PackageConfigPersister: App-specific configuration not found for packageName: com.android.settings and userId: 0
04-18 09:53:32.241  3518  3666 W PackageConfigPersister: App-specific configuration not found for packageName: com.android.vending and userId: 0
04-18 09:53:32.241  2427  2427 D SurfaceFlinger: GPIS:: requestGPISForClientComposition
04-18 09:53:32.241  2331  2430 E PERFHAL-CLIENT: PERFHAL-CLIENT: perf_lock_acq() 164: opcode=1077936128 isMvOpcode=0
04-18 09:53:32.241  3518  3668 D LocalDisplayAdapter: updateActiveModeLocked for d=4630947077158959251, mActiveModeId=2, mActiveSfDisplayMode=DisplayMode{id=1, width=1080, height=2340, xDpi=375.78082, yDpi=373.81134, peakRefreshRate=120.00001, vsyncRate=240.00005, appVsyncOffsetNanos=8333111, presentationDeadlineNanos=9333444, supportedHdrTypes=[4, 2, 3], group=1}
04-18 09:53:32.241  2355  2702 I SDM     : AIScalerFeatureIntfImpl::LookupConfig: Scale ratio = 1.780000
04-18 09:53:32.241  2355  2702 I SDM     : AIScalerParserIntfImpl::LookupConfig: Scale Ratio Match Found Here
04-18 09:53:32.242  2333  2333 I SS_POWER_HINT_SESSION: SS_ADPF 5098-10048-a50 PowerHintSession createHintSession : , 5230, 5231, 5175, 5232 : 16666667
04-18 09:53:32.242  2331  2430 E PERFHAL-CLIENT: PERFHAL-CLIENT: perf_lock_acq() 164: opcode=1090519552 isMvOpcode=0
04-18 09:53:32.242  3518  3668 W PackageConfigPersister: App-specific configuration not found for packageName: com.google.android.youtube and userId: 0
04-18 09:53:32.242  3518  3668 D SGM:FgCheckThread: notePauseComponent(), received pkgName: com.sec.android.app.launcher, userId: 0
04-18 09:53:32.242  2331  2430 E PERFHAL-CLIENT: PERFHAL-CLIENT: perf_lock_acq() 164: opcode=1090519040 isMvOpcode=0
04-18 09:53:32.242  3518  4940 D BackgroundInstallControlService: Package event received: 0
04-18 09:53:32.242  3518  4928 I CocktailBarManagerServiceContainer: handleMessage: entry what = 6
04-18 09:53:32.242  2331  2430 I HYPER-HAL: [RequestManager.cpp]acquire(): Acquired ID : 23273276 [6799 / 23]  HINT : APP_START   list : 
04-18 09:53:32.242  3518  5856 D InputTransport: Input channel constructed: '8702cc0', fd=1446
04-18 09:53:32.242  3518  5856 D InputTransport: Input channel constructed: '8702cc0', fd=1447
04-18 09:53:32.242  3518  5856 D InputTransport: Input channel constructed: '8702cc0', fd=1448
04-18 09:53:32.242  3518  5856 D InputTransport: Input channel destroyed: '8702cc0', fd=1447
04-18 09:53:32.242  3518  5856 D WindowManager: prepareSync <SYNC_STATE_WAITING_FOR_DRAW>, mPrepareSyncSeqId=0, win=Window{8702cc0 u0 Splash Screen com.google.android.youtube}
04-18 09:53:32.242  2427  4142 I SurfaceFlinger: id=12025 createSurf, flag=84004, 8702cc0 Splash Screen com.google.android.youtube#12025
04-18 09:53:32.243  2331  2430 I HYPER-HAL: [RequestManager.cpp]acquire(): Acquired ID : 25128171 [2333 / 4755]  HINT :     list : [TID_LOW_LATENCY / 1] [TID / 5230] [TID / 5231] [TID / 5175] [TID / 5232] 
04-18 09:53:32.243  2331  2430 E PERFHAL-CLIENT: PERFHAL-CLIENT: perf_lock_acq() 164: opcode=1087176704 isMvOpcode=0
04-18 09:53:32.243  2331  2430 E PERFHAL-CLIENT: PERFHAL-CLIENT: perf_lock_acq() 164: opcode=1087176704 isMvOpcode=0
04-18 09:53:32.243  2331  2430 E PERFHAL-CLIENT: PERFHAL-CLIENT: perf_lock_acq() 164: opcode=1087176704 isMvOpcode=0
04-18 09:53:32.243  2331  2430 E PERFHAL-CLIENT: PERFHAL-CLIENT: perf_lock_acq() 164: opcode=1087176704 isMvOpcode=0
04-18 09:53:32.243  2331  2430 E PERFHAL-CLIENT: PERFHAL-CLIENT: perf_lock_acq() 164: opcode=1120043008 isMvOpcode=0
04-18 09:53:32.243  6799 18753 I FASProvider: makeValuesForFasUpdate contentValues = package_name=com.google.android.youtube extras=0 reason=deleted_from_mars_auto disableReason=deleted_from_mars_auto uid=10292 mode=0 level=1 resetTime=0
04-18 09:53:32.243  7857  8401 I HoneySpace.TopTaskSource: onTaskMovedToFront : taskId = 170, displayId = 0
04-18 09:53:32.243  7857  8403 I HoneySpace.TopTaskUseCase: topTasks 170 ComponentInfo{com.google.android.youtube/com.google.android.apps.youtube.app.application.Shell_UrlActivity}[displayId=0]
04-18 09:53:32.243  3518  3666 D PkgPredictorService-SecIpmManagerServiceImpl: onForegroundActivitiesChanged pid:16727 uid:10292
04-18 09:53:32.243  3518  3666 D SGM:GameManager: identifyForegroundApp. com.google.android.youtube, mCurrentUserId: 0, callerUserId: 0
04-18 09:53:32.243  3518  3666 D SGM:SemGameManager: isForegroundGame(), ret=false
04-18 09:53:32.244  3518  5856 D RestrictionPolicy: isScreenCaptureEnabled : ret=true userId=0
04-18 09:53:32.244  3518  5856 V WindowManager: addWindow: ActivityRecord{83118222 u0 com.google.android.youtube/.UrlActivity t170} startingWindow=Window{8702cc0 u0 Splash Screen com.google.android.youtube}
04-18 09:53:32.244  3518  5856 D InputTransport: Input channel destroyed: '8702cc0', fd=1448
04-18 09:53:32.244  7857  8356 I HoneySpace.RecentTasks: onRecentTasksChanged l:228631508
04-18 09:53:32.244  5098  5098 I {OngoingActivityController}: onTaskFocusChanged but OA data is empty
04-18 09:53:32.244  3518  5197 W PackageConfigPersister: App-specific configuration not found for packageName: com.google.android.youtube and userId: 0
04-18 09:53:32.245  5098  5175 D InputTransport: Input channel constructed: '8702cc0', fd=709
04-18 09:53:32.245  2427  4146 D NativeSemDvfsManager: acquire:: timeout = 2000 mIsAcquired = 1  mTagName : SurfaceFlinger 
04-18 09:53:32.245  3518  5190 W PackageConfigPersister: App-specific configuration not found for packageName: com.google.android.youtube and userId: 0
04-18 09:53:32.245  3518  4848 V NetworkPolicy: getFirewallRuleWifi UID:10292 policy:0
04-18 09:53:32.245  7857  8401 I HoneySpace.TopTaskSource: onTaskFocusChanged(): taskId = 170
04-18 09:53:32.245  5098  5175 I InsetsController: onStateChanged: host=Splash Screen com.google.android.youtube, from=android.view.ViewRootImpl.onInsetsStateChanged:3038, state=InsetsState: {mDisplayFrame=Rect(0, 0 - 1080, 2340), mDisplayCutout=DisplayCutout{insets=Rect(0, 104 - 0, 0) waterfall=Insets{left=0, top=0, right=0, bottom=0} boundingRect={Bounds=[Rect(0, 0 - 0, 0), Rect(510, 0 - 570, 104), Rect(0, 0 - 0, 0), Rect(0, 0 - 0, 0)]} cutoutPathParserInfo={CutoutPathParserInfo{displayWidth=1080 displayHeight=2340 physicalDisplayWidth=1080 physicalDisplayHeight=2340 density={2.8125} cutoutSpec={M 0,0 H -10.66666666666667 V 37.06666666666667 H 10.66666666666667 V 0 H 0 Z @dp} rotation={0} scale={1.0} physicalPixelDisplaySizeRatio={1.0}}} sideOverrides={}}, mRoundedCorners=RoundedCorners{[RoundedCorner{position=TopLeft, radius=79, center=Point(79, 79)}, RoundedCorner{position=TopRight, radius=79, center=Point(1001, 79)}, RoundedCorner{position=BottomRight, radius=79, center=Point(1001, 2261)}, RoundedCorner{position=BottomLeft, radius=79, center=Point(79, 2261)}]}  mRoundedCornerFrame=Rect(0, 0 - 1080, 2340), mPrivacyIndicatorBounds=PrivacyIndicatorBounds {static bounds=Rect(956, 0 - 1080, 105) rotation=0}, mDisplayShape=DisplayShape{ spec=-311912193 displayWidth=1080 displayHeight=2340 physicalPixelDisplaySizeRatio=0.75 rotation=0 offsetX=0 offsetY=0 scale=1.0}, mSources= { InsetsSource: {e1c40001 mType=navigationBars mFrame=[0,2205][1080,2340] mAttachedInsets=null mVisible=true mFlags= mSideHint=BOTTOM mBoundingRects=null}, InsetsSource: {e1c40004 mType=systemGestures mFrame=[0,0][0,0] mAttachedInsets=null mVisible=true mFlags= mSideHint=NONE mBoundingRects=null}, InsetsSource: {e1c40005 mType=mandatorySystemGestures mFrame=[0,2205][1080,2340] mAttachedInsets=null mVisible=true mFlags= mSideHint=BOTTOM mBoundingRects=null}, InsetsSource: {e1c40006 mType=tappableElement mFrame=[0,2205][1080,2340] mAttachedInsets=null mVisible=true mFlags= mSideHint=BOTTOM mBoundingRects=null}, InsetsSource: {e1c40024 mType=systemGestures mFrame=[0,0][0,0] mAttachedInsets=null mVisible=true mFlags= mSideHint=NONE mBoundingRects=null}, InsetsSource: {3 mType=ime mFrame=[0,0][0,0] mAttachedInsets=null mVisible=false mFlags=INVALID mSideHint=NONE mBoundingRects=null}, InsetsSource: {27 mType=displayCutout mFrame=[0,0][1080,104] mAttachedInsets=null mVisible=true mFlags= mSideHint=TOP mBoundingRects=null}, InsetsSource: {13aa0000 mType=statusBars mFrame=[0,0][1080,105] mAttachedInsets=null mVisible=true mFlags= mSideHint=TOP mBoundingRects=null}, InsetsSource: {13aa0005 mType=mandatorySystemGestures mFrame=[0,0][1080,138] mAttachedInsets=null mVisible=true mFlags= mSideHint=TOP mBoundingRects=null}, InsetsSource: {13aa0006 mType=tappableElement mFrame=[0,0][1080,105] mAttachedInsets=null mVisible=true mFlags= mSideHint=TOP mBoundingRects=null} }
04-18 09:53:32.245  5098  5175 I VRI[youtube]@ccf3e96: onActiveControlsChanged, removed=false, mAdded=false, caller=android.view.ViewRootImpl.handleInsetsControlChanged:3014 android.view.ViewRootImpl.setView:2028 android.view.WindowManagerGlobal.addView:606 com.android.wm.shell.startingsurface.SplashscreenWindowCreator.addWindow:38 com.android.wm.shell.startingsurface.StartingWindowController$$ExternalSyntheticLambda4.run:1460 
04-18 09:53:32.245  2427  4146 E NativeCustomFrequencyManager: [NativeCFMS] BpCustomFrequencyManager::acquire()
04-18 09:53:32.245  2331  2430 I HYPER-HAL: [RequestManager.cpp]acquire(): Acquired ID : 5874878 [2427 / 1000]  HINT : SF_GPU_MINLOCK   list : [TIMEOUT / 2000] 
04-18 09:53:32.245  5098  5175 I VRI[youtube]@ccf3e96: synced displayState. AttachInfo displayState=2
04-18 09:53:32.245  5098  5175 I VRI[youtube]@ccf3e96: setView = android.widget.FrameLayout@ccce3d2 IsHRR=false mFlingFrameRateChange=0 TM=true
04-18 09:53:32.245  3518  3666 D SGM:GameManager: identifyForegroundApp. com.google.android.youtube, mCurrentUserId: 0, callerUserId: 0
04-18 09:53:32.245  3518  3666 D SGM:SemGameManager: isForegroundGame(), ret=false
04-18 09:53:32.245  3518  3666 D NetworkPolicy: already checked 10292
04-18 09:53:32.245  3518  5197 W PackageConfigPersister: App-specific configuration not found for packageName: com.google.android.youtube and userId: 0
04-18 09:53:32.245  3518  5856 W PackageConfigPersister: App-specific configuration not found for packageName: com.google.android.youtube and userId: 0
04-18 09:53:32.245  3518  5856 W PackageConfigPersister: App-specific configuration not found for packageName: com.android.chrome and userId: 0
04-18 09:53:32.245  3518  5856 W PackageConfigPersister: App-specific configuration not found for packageName: com.google.android.apps.messaging and userId: 0
04-18 09:53:32.245  3518  5897 D HintManagerService: SystemUI make new AppHintSession but force pause
04-18 09:53:32.246  3518  5856 W PackageConfigPersister: App-specific configuration not found for packageName: com.samsung.android.dialer and userId: 0
04-18 09:53:32.246  3518  5856 W PackageConfigPersister: App-specific configuration not found for packageName: com.termux and userId: 0
04-18 09:53:32.246  3518  5856 W PackageConfigPersister: App-specific configuration not found for packageName: com.android.settings and userId: 0
04-18 09:53:32.246  3518  5856 W PackageConfigPersister: App-specific configuration not found for packageName: com.android.vending and userId: 0
04-18 09:53:32.246  5098  5231 E perf_hint: Session ID too large, must fit 32-bit integer
04-18 09:53:32.246  3518  3666 W PackageConfigPersister: App-specific configuration not found for packageName: com.google.android.youtube and userId: 0
04-18 09:53:32.246  3518  3666 W PackageConfigPersister: App-specific configuration not found for packageName: com.sec.android.app.launcher and userId: 0
04-18 09:53:32.246  3518  3666 W PackageConfigPersister: App-specific configuration not found for packageName: com.android.chrome and userId: 0
04-18 09:53:32.246  3518  3666 W PackageConfigPersister: App-specific configuration not found for packageName: com.google.android.apps.messaging and userId: 0
04-18 09:53:32.246  3518  3666 W PackageConfigPersister: App-specific configuration not found for packageName: com.samsung.android.dialer and userId: 0
04-18 09:53:32.246  3518  3666 W PackageConfigPersister: App-specific configuration not found for packageName: com.termux and userId: 0
04-18 09:53:32.246  3518  3666 W PackageConfigPersister: App-specific configuration not found for packageName: com.sec.android.app.launcher and userId: 0
04-18 09:53:32.246  3518  3666 W PackageConfigPersister: App-specific configuration not found for packageName: com.android.settings and userId: 0
04-18 09:53:32.246  3518  3666 W PackageConfigPersister: App-specific configuration not found for packageName: com.android.vending and userId: 0
04-18 09:53:32.246  3518  3668 W PackageConfigPersister: App-specific configuration not found for packageName: com.google.android.youtube and userId: 0
04-18 09:53:32.246 16727 16760 D ConnectivityManager: StackLog: [android.net.ConnectivityManager.sendRequestForNetwork(ConnectivityManager.java:4738)] [android.net.ConnectivityManager.registerDefaultNetworkCallbackForUid(ConnectivityManager.java:5463)] [android.net.ConnectivityManager.registerDefaultNetworkCallback(ConnectivityManager.java:5430)] [android.net.ConnectivityManager.registerDefaultNetworkCallback(ConnectivityManager.java:5404)] [a$$ExternalSyntheticApiModelOutline7.m(D8$$SyntheticClass:66)] [knp.b(PG:927)] [knp.a(PG:154)] [bpwn.d(PG:3)] [bpwm.b(PG:57)] [bpyz.b(PG:65)] [bpmh.eb(PG:11)] [bpsj.run(PG:107)] [acqc.run(PG:58)] [tgn.run(PG:7)] [aurd.run(PG:44)] [tig.run(PG:722)] [fct.run(PG:995)] [java.lang.Thread.run(Thread.java:1563)] [thi.run(PG:61)]
04-18 09:53:32.246  3518  7376 W PackageConfigPersister: App-specific configuration not found for packageName: com.google.android.youtube and userId: 0
04-18 09:53:32.246  3518  3668 D SGM:GameManager: identifyGamePackage. com.google.android.youtube, mCurrentUserId: 0, callingMethodInfo: com.samsung.android.game.SemGameManager.isGamePackage(SemGameManager.java:106)
04-18 09:53:32.246  3518  3668 D SGM:SemGameManager: isGamePackage(), pkgName=com.google.android.youtube, ret=false
04-18 09:53:32.246  7452 30232 I SAMSUNGWALLET: [Hint_ProcessStatusChange] fg Change, pid : 16727 , isNotify : true , isForeground : true , fg list : [7857, 16727]
04-18 09:53:32.246  3518  5197 D ConnectivityService: requestNetwork for uid/pid:10292/16727 activeRequest: null callbackRequest: 13379 [NetworkRequest [ REQUEST id=13380, [ Capabilities: INTERNET&NOT_RESTRICTED&TRUSTED&NOT_VCN_MANAGED&NOT_BANDWIDTH_CONSTRAINED Uid: 10292 RequestorUid: 10292 RequestorPkg: com.google.android.youtube UnderlyingNetworks: Null] ]] callback flags: 0 order: 2147483647 isUidTracked: false declaredMethods: AVAIL|LOST|NC|BLK
04-18 09:53:32.246 18860 18991 I Rubin   : [155] a.a.o(Unknown Source) : Notify com.samsung.android.rubin.inferenceengine.contextanalytics.engine.loggers.AppUsageLogger's database is updated.
04-18 09:53:32.246  3518  3668 W PackageConfigPersister: App-specific configuration not found for packageName: com.google.android.youtube and userId: 0
04-18 09:53:32.246  5098  5232 D HWUI    : HWUI - treat SMPTE_170M as sRGB
04-18 09:53:32.246  3518  3668 D SGM:FgCheckThread: noteResumeComponent(), received pkgName: com.google.android.youtube, userId: 0
04-18 09:53:32.246  2331  2430 I HYPER-HAL: [RequestManager.cpp]acquire(): Acquired ID : 25128171 [2333 / 4755]  HINT :     list : [TID_LOW_LATENCY / 0] [TID / 5230] [TID / 5231] [TID / 5175] [TID / 5232] 
04-18 09:53:32.247  3518  4036 D SGM:FgCheckThread: onLooperPrepared(), msg: MSG_APP_RESUME, pkgName: com.google.android.youtube, userid: 0
04-18 09:53:32.247  3518  4036 D SGM:FgCheckThread: handleResume().
04-18 09:53:32.247  3518  4036 D SGM:FgCheckThread:   handleResume(). pkgName: com.google.android.youtube, userId: 0, category: non-game
04-18 09:53:32.247  3518  4036 D SGM:FgCheckThread: notifyFocusInOut(). of pkg: com.google.android.youtube, type: 4, isSecGameFamily: false, userId: 0
04-18 09:53:32.247  3518  4036 D SGM:FgCheckThread:   notifyFocusInOut(). do nothing
04-18 09:53:32.247  3518  4036 D SGM:SystemHelper: callReleaseBlock needReleaseBlock:false
04-18 09:53:32.247  3518  5856 D SGM:GameManager: identifyForegroundApp. com.google.android.youtube, mCurrentUserId: 0, callerUserId: 0
04-18 09:53:32.247  7857 13842 I HoneySpace.HistoryViewModel@157918506@OneUI: Illegal access. Unknown type. skip load history items
04-18 09:53:32.247  3518  4928 I CocktailBarManagerServiceContainer: handleMessage: entry what = 5
04-18 09:53:32.247  3518  4874 D ConnectivityService:    accepting network in place of null for NetworkRequest [ REQUEST id=13380, [ Capabilities: INTERNET&NOT_RESTRICTED&TRUSTED&NOT_VCN_MANAGED&NOT_BANDWIDTH_CONSTRAINED Uid: 10292 RequestorUid: 10292 RequestorPkg: com.google.android.youtube UnderlyingNetworks: Null] ]
04-18 09:53:32.247  6799 18790 I SDHMS:k : handleResumeComponent : put = com.google.android.youtube, userid = 0 instanceid =93275324
04-18 09:53:32.247  3518  7376 W PackageConfigPersister: App-specific configuration not found for packageName: com.google.android.youtube and userId: 0
04-18 09:53:32.247  7857  7857 I HoneySpace.EdgePanel.CocktailHostRepositoryImpl: onNoteResume
04-18 09:53:32.247  7857  7857 I HoneySpace.EdgePanel.EdgePanelContainerViewModel: cocktailHostRepository.edgePanelOperation NoteResumeComponent(componentName=ComponentInfo{com.google.android.youtube/com.google.android.apps.youtube.app.application.Shell_UrlActivity})
04-18 09:53:32.248  7857  7857 I HoneySpace.EdgePanel.ActivityUtils: HomePackage : com.sec.android.app.launcher, resumePackageName : com.google.android.youtube, className : com.google.android.apps.youtube.app.application.Shell_UrlActivity
04-18 09:53:32.248  3518  4940 D BackgroundInstallControlService: Package event received: 0
04-18 09:53:32.248  3518  3668 W PackageConfigPersister: App-specific configuration not found for packageName: com.google.android.youtube and userId: 0
04-18 09:53:32.248 16113 16120 D PipelineWatcher: onInputBufferReleased: frameIndex not found (1); ignored
04-18 09:53:32.248  3518  5856 D SGM:GameManager: identifyGamePackage. com.google.android.youtube, mCurrentUserId: 0, callingMethodInfo: com.samsung.android.game.IGameManagerService$Stub.onTransact(IGameManagerService.java:247)
04-18 09:53:32.248  3518  3668 W PackageConfigPersister: App-specific configuration not found for packageName: com.google.android.youtube and userId: 0
04-18 09:53:32.248  3518  4874 D ConnectivityService: Rematched networks [computed 0ms] [applied 0ms] [issued 1]
04-18 09:53:32.248  2427  2427 I SurfaceFlinger: [LayerHierarchy{RequestedLayerState{ImeContainer#15 parentId=94 relativeParentId=94 z=1} 1 children}] RelativeParent to null
04-18 09:53:32.248  2427  2427 I SurfaceFlinger: [8702cc0 Splash Screen com.google.android.youtube#12025] attach to parent LayerHierarchy{RequestedLayerState{ActivityRecord{83118222 u0 com.google.android.youtube/.UrlActivity t170}#12024 parentId=12023} 1 children}
04-18 09:53:32.248  3518  5197 W PackageConfigPersister: App-specific configuration not found for packageName: com.google.android.youtube and userId: 0
04-18 09:53:32.248  3518  4874 D ConnectivityService: NetworkReassignment :
04-18 09:53:32.248  3518  4874 D ConnectivityService:   13380 : null → 108
04-18 09:53:32.248  2416  2525 V APM_AudioPolicyManager: setAppState(portId:187, state:2)
04-18 09:53:32.248  3518  3668 I DisplayDeviceRepository: Display device changed render timings: "기본으로 제공되는 화면", renderFrameRate=120.00002, presentationDeadlineNanos=9333443, appVsyncOffsetNanos=8333111, frameRateOverrides=[{uid=10048 frameRateHz=120.00002}, {uid=10151 frameRateHz=120.00002}, {uid=10159 frameRateHz=120.00002}, {uid=10337 frameRateHz=120.00002}]
04-18 09:53:32.248  3518  5197 W PackageConfigPersister: App-specific configuration not found for packageName: com.sec.android.app.launcher and userId: 0
04-18 09:53:32.248  3518  5197 W PackageConfigPersister: App-specific configuration not found for packageName: com.android.chrome and userId: 0
04-18 09:53:32.248  3518  5197 W PackageConfigPersister: App-specific configuration not found for packageName: com.google.android.apps.messaging and userId: 0
04-18 09:53:32.248  2416  2525 V APM_AudioPolicyManager: setAppState(portId:187, state:2)
04-18 09:53:32.248  3518  5197 W PackageConfigPersister: App-specific configuration not found for packageName: com.samsung.android.dialer and userId: 0
04-18 09:53:32.249  3518  4851 D OemPaidWifiNetworkFactory: got request NetworkRequest [ REQUEST id=13380, [ Capabilities: INTERNET&NOT_RESTRICTED&TRUSTED&NOT_VCN_MANAGED&NOT_BANDWIDTH_CONSTRAINED Uid: 10292 RequestorUid: 10292 RequestorPkg: com.google.android.youtube UnderlyingNetworks: Null] ]
04-18 09:53:32.249  3518  4851 D MultiInternetWifiNetworkFactory: got request NetworkRequest [ REQUEST id=13380, [ Capabilities: INTERNET&NOT_RESTRICTED&TRUSTED&NOT_VCN_MANAGED&NOT_BANDWIDTH_CONSTRAINED Uid: 10292 RequestorUid: 10292 RequestorPkg: com.google.android.youtube UnderlyingNetworks: Null] ]
04-18 09:53:32.249  3518  4851 D WifiNetworkFactory: got request NetworkRequest [ REQUEST id=13380, [ Capabilities: INTERNET&NOT_RESTRICTED&TRUSTED&NOT_VCN_MANAGED&NOT_BANDWIDTH_CONSTRAINED Uid: 10292 RequestorUid: 10292 RequestorPkg: com.google.android.youtube UnderlyingNetworks: Null] ]
04-18 09:53:32.249  3518  4851 D UntrustedWifiNetworkFactory: got request NetworkRequest [ REQUEST id=13380, [ Capabilities: INTERNET&NOT_RESTRICTED&TRUSTED&NOT_VCN_MANAGED&NOT_BANDWIDTH_CONSTRAINED Uid: 10292 RequestorUid: 10292 RequestorPkg: com.google.android.youtube UnderlyingNetworks: Null] ]
04-18 09:53:32.249  3518  7376 I WindowManager: Relayout Window{8702cc0 u0 Splash Screen com.google.android.youtube}: viewVisibility=0 req=1080x2340 ty=3 d0
04-18 09:53:32.249  2427  5864 I SurfaceFlinger: id=12026 createSurf, flag=44004, Splash Screen com.google.android.youtube$_5098#12026
04-18 09:53:32.249  3518  7376 D WindowManager: makeSurface duration=0 name=Splash Screen com.google.android.youtube$_5098
04-18 09:53:32.249  2331  2430 I HYPER-HAL: [RequestManager.cpp]releaseLocked(): Released ID : 25128171
04-18 09:53:32.249  2331  2430 I HYPER-HAL: [RequestManager.cpp]acquire(): Acquired ID : 25135261 [2333 / 4756]  HINT :     list : [UCLAMP_MIN_BOOST / 0] [TIMEOUT / 50] [TID / 5230] [TID / 5231] [TID / 5175] [TID / 5232] 
04-18 09:53:32.249  2355  2702 I SDM     : AIScalerFeatureIntfImpl::LookupConfig: Scale ratio = 1.780000
04-18 09:53:32.249  6838  6991 V OsAgent : broadcastSystemEvent - 7
04-18 09:53:32.249  2355  2702 I SDM     : AIScalerParserIntfImpl::LookupConfig: Scale Ratio Match Found Here
04-18 09:53:32.249  3518  7376 D BLASTSyncEngine: SyncGroup 995:  Unfinished container: Task{5f258af #170 type=standard A=10292:com.google.android.youtube} mSyncState=2
04-18 09:53:32.250  3518  7376 I WindowManager: Relayout hash=8702cc0, pid=5098, syncId=-1: mAttrs={(0,0)(fillxfill) sim={adjust=pan} layoutInDisplayCutoutMode=always ty=APPLICATION_STARTING fmt=TRANSLUCENT wanim=0x1030318
04-18 09:53:32.250  3518  7376 I WindowManager:   fl=81030118
04-18 09:53:32.250  3518  7376 I WindowManager:   pfl=10000810
04-18 09:53:32.250  3518  7376 I WindowManager:   bhv=1
04-18 09:53:32.250  3518  7376 I WindowManager:   fitSides=0
04-18 09:53:32.250  3518  7376 I WindowManager:   frameRateBoostOnTouch=true
04-18 09:53:32.250  3518  7376 I WindowManager:   dvrrWindowFrameRateHint=true naviIconColor=0}
04-18 09:53:32.250  5098  5175 I VRI[youtube]@ccf3e96: onActiveControlsChanged, removed=false, mAdded=true, caller=android.view.ViewRootImpl.handleInsetsControlChanged:3014 android.view.ViewRootImpl.relayoutWindow:11764 android.view.ViewRootImpl.performTraversals:4847 android.view.ViewRootImpl.doTraversal:3967 android.view.ViewRootImpl$TraversalRunnable.run:13038 
04-18 09:53:32.250 18860 18991 I Rubin   : [155] com.samsung.android.rubin.inferenceengine.contextanalytics.engine.monitors.moment.exercise.ExercisingWithCmhMonitor.isSatisfiedByCmh(Unknown Source) : isSatisfiedByCmh is false
04-18 09:53:32.250  3518  4940 D BackgroundInstallControlService: Package event received: 0
04-18 09:53:32.250  5098  5175 I BufferQueueProducer: [](id:13ea00000183,api:0,p:0,c:5098) setDequeueTimeout:2077252342
04-18 09:53:32.251  5098  5175 I BLASTBufferQueue_Java: new BLASTBufferQueue, mName= VRI[youtube]@ccf3e96 mNativeObject= 0xb4000072a4a6b1f0 caller= android.view.ViewRootImpl.updateBlastSurfaceIfNeeded:3611 android.view.ViewRootImpl.relayoutWindow:11817 android.view.ViewRootImpl.performTraversals:4847 android.view.ViewRootImpl.doTraversal:3967 android.view.ViewRootImpl$TraversalRunnable.run:13038 android.view.Choreographer$CallbackRecord.run:1961 android.view.Choreographer$CallbackRecord.run:1970 android.view.Choreographer.doCallbacks:1423 android.view.Choreographer.doFrame:1348 android.view.Choreographer$FrameDisplayEventReceiver.run:1930 
04-18 09:53:32.251  5098  5175 I BLASTBufferQueue_Java: update, w= 1080 h= 2340 mName = VRI[youtube]@ccf3e96 mNativeObject= 0xb4000072a4a6b1f0 sc.mNativeObject= 0xb4000072b4ad6390 format= -3 caller= android.view.ViewRootImpl.updateBlastSurfaceIfNeeded:3616 android.view.ViewRootImpl.relayoutWindow:11817 android.view.ViewRootImpl.performTraversals:4847 android.view.ViewRootImpl.doTraversal:3967 android.view.ViewRootImpl$TraversalRunnable.run:13038 android.view.Choreographer$CallbackRecord.run:1961 
04-18 09:53:32.251  7452  8297 I SAMSUNGWALLET: [Hint_SimpleHintProcessMonitor] isHomePackageRunning topPkgName = com.google.android.youtube, topClsName = com.google.android.apps.youtube.app.application.Shell_UrlActivity, return false , se : false
04-18 09:53:32.252  5098  5175 I VRI[youtube]@ccf3e96: Relayout returned: old=(0,0,1080,2340) new=(0,0,1080,2340) relayoutAsync=false req=(1080,2340)0 dur=2 res=0x3 s={true 0xb400007224fda170} ch=true seqId=0
04-18 09:53:32.252  7452  7452 I SAMSUNGWALLET: [Hint_IntroHintService] Hint Status - HIDE : Home Package Not Running
04-18 09:53:32.252  5827  5846 D PipelineWatcher: onInputBufferReleased: frameIndex not found (6184); ignored
04-18 09:53:32.252  5098  5175 I VRI[youtube]@ccf3e96: performConfigurationChange setNightDimText nightDimLevel=0
04-18 09:53:32.252  7452  7452 I SAMSUNGWALLET: [Hint_IntroHintService] getWindowLayoutParams
04-18 09:53:32.252  7452  7452 I SAMSUNGWALLET: [Hint_IntroHintService] S fit
04-18 09:53:32.252  5098  5175 D VRI[youtube]@ccf3e96: mThreadedRenderer.initialize() mSurface={isValid=true 0xb400007224fda170} hwInitialized=true
04-18 09:53:32.252  5098  5175 D VRI[youtube]@ccf3e96: reportNextDraw android.view.ViewRootImpl.performTraversals:5511 android.view.ViewRootImpl.doTraversal:3967 android.view.ViewRootImpl$TraversalRunnable.run:13038 android.view.Choreographer$CallbackRecord.run:1961 android.view.Choreographer$CallbackRecord.run:1970 
04-18 09:53:32.252  5098  5175 D VRI[youtube]@ccf3e96: Setup new sync=wmsSync-VRI[youtube]@ccf3e96#31
04-18 09:53:32.252  5098  5175 I VRI[youtube]@ccf3e96: Creating new active sync group VRI[youtube]@ccf3e96#32
04-18 09:53:32.252  5098  5175 D VRI[youtube]@ccf3e96: registerCallbacksForSync syncBuffer=false
04-18 09:53:32.253  5098  5230 D VRI[youtube]@ccf3e96: Received frameDrawingCallback syncResult=0 frameNum=1.
04-18 09:53:32.253  5098  5230 I VRI[youtube]@ccf3e96: mWNT: t=0xb400007254b97a80 mBlastBufferQueue=0xb4000072a4a6b1f0 fn= 1 HdrRenderState mRenderHdrSdrRatio=1.0 caller= android.view.ViewRootImpl$12.onFrameDraw:15565 android.view.ThreadedRenderer$1.onFrameDraw:751 <bottom of call stack> 
04-18 09:53:32.253  5098  5230 I VRI[youtube]@ccf3e96: Setting up sync and frameCommitCallback
04-18 09:53:32.253  3518  3668 I ActivityManager: Changes in 10281 8 to 19, 256 to 0
04-18 09:53:32.253  2416  2508 V APM_AudioPolicyManager: setAppState(portId:187, state:2)
04-18 09:53:32.253  5098  5098 D DisplayLifecycle: updateDisplay id = 0
04-18 09:53:32.253  3518  5190 D WifiDisplayAdapter: isFitToActiveDisplayLocked : false
04-18 09:53:32.253  3518  3669 D BLASTSyncEngine: SyncGroup 995:  Unfinished container: Task{5f258af #170 type=standard A=10292:com.google.android.youtube} mSyncState=2
04-18 09:53:32.254  7857 13842 I HoneySpace.Memory-Monitor: current state = 2, didTrim = false
04-18 09:53:32.254  3518  5856 E ActivityManager: Backup agent created for com.google.android.youtube but not requested!
04-18 09:53:32.254  5098  5206 D StackScroller: onDisplayChanged for predraw skip to 2
04-18 09:53:32.254  2427  3142 D SurfaceFlinger: [input] setFocusedWindow: <null>
04-18 09:53:32.254  1538  1538 D BoundBrokerSvc: onRebind: Intent { act=com.google.android.gms.potokens.service.START dat=chimera-action:/... xflg=0x4 cmp=com.google.android.gms/.chimera.GmsApiService }
04-18 09:53:32.254  3518  5190 D InputDispatcher: Once focus requested (0): <null>
04-18 09:53:32.254  3518  5190 D InputDispatcher: Focus request (0): <null> but waiting because NO_WINDOW
04-18 09:53:32.254  3518  5190 D InputDispatcher: Focus left window (0): 32abfe5 com.sec.android.app.launcher/com.sec.android.app.launcher.activities.LauncherActivity
04-18 09:53:32.255  5098  5232 I BLASTBufferQueue: [VRI[youtube]@ccf3e96#375](f:0,a:0,s:0) onFrameAvailable the first frame is available
04-18 09:53:32.255  5098  5232 I SurfaceComposerClient: apply transaction with the first frame. layerId: 12026, bufferData(ID: 21895743279144, frameNumber: 1)
04-18 09:53:32.255  2427  4142 I SurfaceFlinger: Current= 240, Period= 240, Distance= 43
04-18 09:53:32.255  2427  2427 I SurfaceFlinger: [Splash Screen com.google.android.youtube$_5098#12026] attach to parent LayerHierarchy{RequestedLayerState{8702cc0 Splash Screen com.google.android.youtube#12025 parentId=12024} 1 children}
04-18 09:53:32.255  7857  7857 I ImeFocusController: onPreWindowFocus: skipped hasWindowFocus=false mHasImeFocus=true
04-18 09:53:32.255  3518  5897 D GraphicsStatsService: requestRenderEngineFor(com.google.android.youtube)
