04-18 09:53:29.237 16113 16122 D CCodecConfig:     00000000:  00 00 00 01 67 64 00 34  ac b4 02 20 09 3f 2c f3  ....gd.4... .?,.
04-18 09:53:29.237 16113 16122 D CCodecConfig:     00000010:  50 10 10 10 6d 0a 13 50  00 00 00 01 68 ee 06 f2  P...m..P....h...
04-18 09:53:29.237 16113 16122 D CCodecConfig:     00000020:  c0                                                .
04-18 09:53:29.237 16113 16122 D CCodecConfig:   c2::u32 coded.pl.level = 20496
04-18 09:53:29.237 16113 16122 D CCodecConfig:   Buffer coding.qp-offset-rects = 0xb400007b42244100
04-18 09:53:29.237 16113 16122 D CCodecConfig:   c2::u32 output.delay.value = 6
04-18 09:53:29.237 16113 16122 D CCodecConfig:   c2::u32 vendor.qti-ext-comp-id.value = 250
04-18 09:53:29.238 16113 16113 D MPEG4Writer: fpathconf _PC_FILESIZEBITS:64
04-18 09:53:29.238 16113 16113 D MPEG4Writer: File size limit set to 4503599627370495 bytes implicitly
04-18 09:53:29.238 16113 16113 D MPEG4Writer: MP4WtrCtrlHlpLooper Started
04-18 09:53:29.239 16113 16121 I MediaCodec: setCodecState state(1), called in 6, domain 1, 0
04-18 09:53:29.239  6799  6957 I SemMediaResourceHelper: onState
04-18 09:53:29.240 16113 16161 I MPEG4Writer: setStartTimestampUs: 1307892399599 from Video track
04-18 09:53:29.240 16113 16161 I MPEG4Writer: Earliest track starting time: 1307892399599
04-18 09:53:29.288  2355  2632 I SDM     : DisplayBase::CommitThread: Received Idle Timeout, panel: video, timeout: 70000 us
04-18 09:53:29.302  2350 31348 I SnapAlloc: IsUBWCAlloc - Explicit ubwc format 265 passed by the clients
04-18 09:53:29.302  5827  5846 D PipelineWatcher: onInputBufferReleased: frameIndex not found (6174); ignored
04-18 09:53:29.302  2350 31348 I SnapAlloc: IsUBWCAlloc - Explicit ubwc format 265 passed by the clients
04-18 09:53:29.411  5827  5846 D PipelineWatcher: onInputBufferReleased: frameIndex not found (6175); ignored
04-18 09:53:29.450  3518  5856 W PackageConfigPersister: App-specific configuration not found for packageName: com.sec.android.app.launcher and userId: 0
04-18 09:53:29.451  3518  4964 I SemWifiServiceDetector: NSD results: [0, 1, 0, 1, 0, 0, 2, 1, 0] Traff. type 2 Thr 24
04-18 09:53:29.452  3518  4974 D SemWifiOptimizer: enable=1 state=0x10 prev=0x00 new=0x10 force=0 mode=1
04-18 09:53:29.489  3518  4949 W PackageConfigPersister: App-specific configuration not found for packageName: com.sec.android.app.launcher and userId: 0
04-18 09:53:29.511  5827  5846 D PipelineWatcher: onInputBufferReleased: frameIndex not found (6176); ignored
04-18 09:53:29.535  1216  1216 D io_stats: !@   8,0 r 7908270 226752712 w 8615225 96282432 d 1319645 284972688 f 250339 1145758 iot 1299600 0 th 0 0 0 pt 0 inp 0 0 1307892.718
04-18 09:53:29.551  3518  8250 D SemWifiUsabilityStatsMonitor: onWifiUsabilityStats - seqNum 389928, isSameBssidAndFreq true
04-18 09:53:29.551  3518  4966 I SemWifiLinkQualityMonitor: Link stat: 2067 / 82 / 1.00 (35) / 573 / -54.0 || 100.0 : 573.00 / 0.5 : 1.00 / 0.55 : 0.04 / G (G) || 5ab531545660: 0.089 / 89.952 / N / V || N N / 0 0 / Y 2.0 / Y -1 0.000 0.000 / Y / X 0 / 1307892734 0 0 || Invalid
04-18 09:53:29.553  3518  4968 I SemInsManager: 5ab531545 | X,0,0,0,0,0,600,600,null,N,Y,Y,0 | X, X, X | X,X,X,X,X
04-18 09:53:29.553  3518  4986 W PackageConfigPersister: App-specific configuration not found for packageName: com.sec.android.app.launcher and userId: 0
04-18 09:53:29.553  3518  4986 D SGM:GameManager: identifyGamePackage. com.sec.android.app.launcher, mCurrentUserId: 0, callingMethodInfo: com.samsung.android.game.SemGameManager.isGamePackage(SemGameManager.java:106)
04-18 09:53:29.553  3518  4986 D SGM:SemGameManager: isGamePackage(), pkgName=com.sec.android.app.launcher, ret=false
04-18 09:53:29.612  5827  5846 D PipelineWatcher: onInputBufferReleased: frameIndex not found (6177); ignored
04-18 09:53:29.694  3518  3951 I JobScheduler.HeavyJobController: #ObserverWorker#@androidx.work.systemjobscheduler@com.samsung.android.smartsuggestions/androidx.work.impl.background.systemjob.SystemJobService has heavy job's constraints.
04-18 09:53:29.694  3518  3951 I JobScheduler: HeavyJobController::heavy job upper limit: 600000(1800000|1800000)
04-18 09:53:29.698 22775 22961 W RemoteWorkerFactory: [RemoteWorkerFactory] ID=adb51b19-6cdd-4312-af33-249223c6b2d4, TAG=[com.sec.android.app.myfiles, com.samsung.android.smartsuggestions.search.data.collector.base.ObserverWorker], WorkerClassName: androidx.work.multiprocess.RemoteListenableDelegatingWorker, RunAttemptCount=0
04-18 09:53:29.700 25231 25455 W RemoteWorkerFactory: [RemoteWorkerFactory] ID=adb51b19-6cdd-4312-af33-249223c6b2d4, TAG=[com.sec.android.app.myfiles, com.samsung.android.smartsuggestions.search.data.collector.base.ObserverWorker], WorkerClassName: com.samsung.android.smartsuggestions.search.data.collector.base.ObserverWorker, RunAttemptCount=0
04-18 09:53:29.701 25231 25231 I SSS@search user 0: (ObserverWorker::AOSP_MP) [main] entering in startWork triggered by [content://media/external/file/140, content://media/external/file/141]():  
04-18 09:53:29.704 25231 25231 I SSS@search user 0: (BaseCollector::AOSP_MP) [main] entering in onChange():  
04-18 09:53:29.705 25231 25266 I SSS@search user 0: (BaseCollector::AOSP_MP) [AOSP_MP-0] entering in collectChanges():  
04-18 09:53:29.705  3518  5856 I BatteryService_BatteryPropertiesRegistrar: [getProperty]id:4
04-18 09:53:29.705  3518  5856 I BatteryService_BatteryPropertiesRegistrar: [getProperty]prop.long:-9223372036854775808 ,prop.string:null
04-18 09:53:29.706  3518  5897 I BatteryService_BatteryPropertiesRegistrar: [getProperty]id:6
04-18 09:53:29.706  3518  5897 I BatteryService_BatteryPropertiesRegistrar: [getProperty]prop.long:-9223372036854775808 ,prop.string:null
04-18 09:53:29.710  2361  5900 D AidlBufferPool: bufferpool2 0xb40000742de31b38 : 14(17379840 size) total buffers - 13(14856960 size) used buffers - 12050/12367 (recycle/alloc) - 0/0 (fetch/transfer)
04-18 09:53:29.710  5827  5846 D PipelineWatcher: onInputBufferReleased: frameIndex not found (6178); ignored
04-18 09:53:29.712 25231 25266 I SSS@search user 0: (BaseCollector::AOSP_MP) fetchInternal values : maxSyncId: 123 indexCount: 94 sourceCount: 94
04-18 09:53:29.715  2361  5893 D AidlBufferPool: bufferpool2 0xb40000742de1c748 : 5(9543680 size) total buffers - 5(9543680 size) used buffers - 6044/6183 (recycle/alloc) - 402/6178 (fetch/transfer)
04-18 09:53:29.717 25231 25266 I SSS@search user 0: (IndexManager) [AOSP_MP-0] entering in addIndex():  
04-18 09:53:29.717 25231 25266 I SSS@search user 0: (FileExtraInfoFetcher::aosp_mp) fetchNewExtraInfo observerName: aosp_mp
04-18 09:53:29.719 25231 25266 I SSS@search user 0: (BaseCollector::AOSP_MP) fetch: fetching took  9 ms
04-18 09:53:29.719 25231 25266 I SSS@search user 0: (BaseCollector::AOSP_MP) fetchChanges: applied 0 items
04-18 09:53:29.719 25231 25266 I SSS@search user 0: (BaseCollector::AOSP_MP) Collect finished. Result: true
04-18 09:53:29.719 25231 25266 I MetaDbManager: getTotalActiveVectors: total count: 1
04-18 09:53:29.719  3518  5897 I BatteryService_BatteryPropertiesRegistrar: [getProperty]id:4
04-18 09:53:29.719  3518  5897 I BatteryService_BatteryPropertiesRegistrar: [getProperty]prop.long:-9223372036854775808 ,prop.string:null
04-18 09:53:29.719  3518  5897 I BatteryService_BatteryPropertiesRegistrar: [getProperty]id:6
04-18 09:53:29.719  3518  5897 I BatteryService_BatteryPropertiesRegistrar: [getProperty]prop.long:-9223372036854775808 ,prop.string:null
04-18 09:53:29.719 25231 25266 I SSS@search user 0: (DeviceStatus::AOSP_MP) Collect Finished totalElapsedTime(14 ms)start[battery(100), charging(true), thermalLevel(0), temperature(318], finish[battery(100), charging(true), thermalLevel(0), temperature(318), syncCount(0), sourceCount(0)]
04-18 09:53:29.722 22775 22861 I WM-WorkerWrapper: Worker result SUCCESS for Work [ id=adb51b19-6cdd-4312-af33-249223c6b2d4, tags={ com.sec.android.app.myfiles,com.samsung.android.smartsuggestions.search.data.collector.base.ObserverWorker } ]
04-18 09:53:29.777  2375  3596 I thermal_core: pivot(AP) : 332, skin : 318
04-18 09:53:29.777  2375  3596 I vendor.samsung.hardware.thermal-service: index = 15.000000
04-18 09:53:29.777  2375  3596 I vendor.samsung.hardware.thermal-service: 7 / 10
04-18 09:53:29.812  5827  5846 D PipelineWatcher: onInputBufferReleased: frameIndex not found (6179); ignored
04-18 09:53:29.853  5282  5333 I Tethering: [OffloadHalAidlImpl] getForwardedStats(wlan0)
04-18 09:53:29.912  5827  5846 D PipelineWatcher: onInputBufferReleased: frameIndex not found (6180); ignored
04-18 09:53:29.951  3518  5897 W PackageConfigPersister: App-specific configuration not found for packageName: com.sec.android.app.launcher and userId: 0
04-18 09:53:29.989  3518  4949 W PackageConfigPersister: App-specific configuration not found for packageName: com.sec.android.app.launcher and userId: 0
04-18 09:53:30.013  5827  5846 D PipelineWatcher: onInputBufferReleased: frameIndex not found (6181); ignored
04-18 09:53:30.112  5827  5846 D PipelineWatcher: onInputBufferReleased: frameIndex not found (6182); ignored
04-18 09:53:30.182 26587 26587 I wpa_supplicant: Heartbeat 89766
04-18 09:53:30.196  3518  4024 D SemInputMotionEventDispatcher: registerMotionEventListener: already registered: com.samsung.android.hardware.secinputdev.taas.ExternalApi$5@27e9021
04-18 09:53:30.212  5827  5846 D PipelineWatcher: onInputBufferReleased: frameIndex not found (6183); ignored
04-18 09:53:30.233 22775 22963 W JobInfo : Requested important-while-foreground flag for job6032 is ignored and takes no effect
04-18 09:53:30.235 25231 25266 I SSS@search user 0: (BaseCollector::AOSP_MP) enqueue ObserverWorker name: AOSP_MP policy: APPEND_OR_REPLACE
04-18 09:53:30.418  6618  6618 D WM-DelayedWorkTracker: Scheduling work 4e789248-b6ad-4236-ad14-a9123c6c8f34
04-18 09:53:30.418  6618  6618 D WM-GreedyScheduler: Starting tracking for 4e789248-b6ad-4236-ad14-a9123c6c8f34
04-18 09:53:30.419  6618  6770 D WM-ConstraintTracker: BatteryNotLowTracker: initial state = true
04-18 09:53:30.419  6618  6770 D WM-BrdcstRcvrCnstrntTrc: BatteryNotLowTracker: registering receiver
04-18 09:53:30.420  6618  6770 D WM-GreedyScheduler: Constraints met: Scheduling work ID WorkGenerationalId(workSpecId=4e789248-b6ad-4236-ad14-a9123c6c8f34, generation=0)
04-18 09:53:30.421  6618  6770 D WM-Processor: Processor: processing WorkGenerationalId(workSpecId=4e789248-b6ad-4236-ad14-a9123c6c8f34, generation=0)
04-18 09:53:30.422  6618  6618 D WM-WorkerWrapper: Starting work for com.android.providers.media.photopicker.sync.ProactiveSyncWorker
04-18 09:53:30.423  6618 16164 I PSyncWorker: Starting proactive picker sync from sync source: 1
04-18 09:53:30.423  6618 16164 I PickerSyncTracker: Created new sync future java.util.concurrent.CompletableFuture@18ad4fe[Not completed, 1 dependents]. Future map: {4e789248-b6ad-4236-ad14-a9123c6c8f34=java.util.concurrent.CompletableFuture@18ad4fe[Not completed, 1 dependents]}
04-18 09:53:30.423  6618 16164 D PickerSyncController: syncAllMediaFromProvider() LOCAL, auth=com.android.providers.media.photopicker, retry=true
04-18 09:53:30.423  6618 16164 D PickerSyncController: getSyncRequestParams() LOCAL, auth=com.android.providers.media.photopicker
04-18 09:53:30.427  6618 16164 D PickerSyncController:    Latest ID/Gen=cbac4a1cf515afa3:external_primary/1342
04-18 09:53:30.427  6618 16164 D PickerSyncController:    Cached ID/Gen=cbac4a1cf515afa3:external_primary/1325
04-18 09:53:30.427  6618 16164 D PickerSyncController:    RESULT=SyncRequestParams{type=MEDIA_INCREMENTAL, gen=1325, latest=Bundle[{last_media_sync_generation=1342, media_collection_id=cbac4a1cf515afa3:external_primary}], pageSize=1000}
04-18 09:53:30.427  6618 16164 I PickerSyncController: Executing SyncAdd. isLocal: true. authority: com.android.providers.media.photopicker
04-18 09:53:30.427  6618 16164 D PickerSyncLockManager: Trying to acquire lock com.android.providers.media.photopicker.sync.CloseableReentrantLock@fe274c4[Unlocked]. Lock Name = CLOUD_PROVIDER_LOCK. Threads that may be waiting to acquire this lock = [] with timeout.
04-18 09:53:30.427  6618 16164 D CloseableReentrantLock: Successfully acquired lock com.android.providers.media.photopicker.sync.CloseableReentrantLock@fe274c4[Locked by thread pool-5-thread-184]. Lock Name = CLOUD_PROVIDER_LOCK. Threads that may be waiting to acquire this lock = []
04-18 09:53:30.427  6618 16164 D CloseableReentrantLock: Successfully released lock com.android.providers.media.photopicker.sync.CloseableReentrantLock@fe274c4[Unlocked]. Lock Name = CLOUD_PROVIDER_LOCK. Threads that may be waiting to acquire this lock = []
04-18 09:53:30.427  6618 16164 D ExternalDbFacade: Token received for queryMedia = null
04-18 09:53:30.428  6618 16164 D PickerSyncLockManager: Trying to acquire lock com.android.providers.media.photopicker.sync.CloseableReentrantLock@fe274c4[Unlocked]. Lock Name = CLOUD_PROVIDER_LOCK. Threads that may be waiting to acquire this lock = [] with timeout.
04-18 09:53:30.428  6618 16164 D CloseableReentrantLock: Successfully acquired lock com.android.providers.media.photopicker.sync.CloseableReentrantLock@fe274c4[Locked by thread pool-5-thread-184]. Lock Name = CLOUD_PROVIDER_LOCK. Threads that may be waiting to acquire this lock = []
04-18 09:53:30.428  6618 16164 D PickerSyncController: Clearing next page token for key: local_provider:media_add:resume
04-18 09:53:30.428  6618 16164 D CloseableReentrantLock: Successfully released lock com.android.providers.media.photopicker.sync.CloseableReentrantLock@fe274c4[Unlocked]. Lock Name = CLOUD_PROVIDER_LOCK. Threads that may be waiting to acquire this lock = []
04-18 09:53:30.428  6618 16164 D PickerNotificationSender: Sending a notification for media update
04-18 09:53:30.429  3518  5897 D SyncManager: userId - 0 auto - true
04-18 09:53:30.429  6618 16164 D PickerNotificationSender: Sending a notification for merged album media update Favorites
04-18 09:53:30.429  6618 16164 D PickerNotificationSender: Sending a notification for album media update Favorites
04-18 09:53:30.429  3518  5897 D SyncManager: userId - 0 auto - true
04-18 09:53:30.430  6618 16164 D PickerNotificationSender: Sending a notification for merged album media update Videos
04-18 09:53:30.430  6618 16164 D PickerNotificationSender: Sending a notification for album media update Videos
04-18 09:53:30.430  3518  5897 D SyncManager: userId - 0 auto - true
04-18 09:53:30.430  6618 16164 I PickerSyncController: Paged sync successful. QueryArgs: Bundle[{android.provider.extra.SYNC_GENERATION=1325, android.provider.extra.PAGE_SIZE=1000}] Total Rows: 0
04-18 09:53:30.430  6618 16164 I PickerSyncController: Executing SyncRemove. isLocal: true. authority: com.android.providers.media.photopicker
04-18 09:53:30.430  6618 16164 D PickerSyncLockManager: Trying to acquire lock com.android.providers.media.photopicker.sync.CloseableReentrantLock@fe274c4[Unlocked]. Lock Name = CLOUD_PROVIDER_LOCK. Threads that may be waiting to acquire this lock = [] with timeout.
04-18 09:53:30.430  6618 16164 D CloseableReentrantLock: Successfully acquired lock com.android.providers.media.photopicker.sync.CloseableReentrantLock@fe274c4[Locked by thread pool-5-thread-184]. Lock Name = CLOUD_PROVIDER_LOCK. Threads that may be waiting to acquire this lock = []
04-18 09:53:30.430  6618 16164 D CloseableReentrantLock: Successfully released lock com.android.providers.media.photopicker.sync.CloseableReentrantLock@fe274c4[Unlocked]. Lock Name = CLOUD_PROVIDER_LOCK. Threads that may be waiting to acquire this lock = []
04-18 09:53:30.432  6618 16164 W PickerDbFacade: Unable to promote cloud media with localId: 140
04-18 09:53:30.432  6618 16164 W PickerDbFacade: Unable to promote cloud media with localId: 141
04-18 09:53:30.433  6618 16164 D PickerSyncLockManager: Trying to acquire lock com.android.providers.media.photopicker.sync.CloseableReentrantLock@fe274c4[Unlocked]. Lock Name = CLOUD_PROVIDER_LOCK. Threads that may be waiting to acquire this lock = [] with timeout.
04-18 09:53:30.433  6618 16164 D CloseableReentrantLock: Successfully acquired lock com.android.providers.media.photopicker.sync.CloseableReentrantLock@fe274c4[Locked by thread pool-5-thread-184]. Lock Name = CLOUD_PROVIDER_LOCK. Threads that may be waiting to acquire this lock = []
04-18 09:53:30.433  6618 16164 D PickerSyncController: Clearing next page token for key: local_provider:media_remove:resume
04-18 09:53:30.433  6618 16164 D CloseableReentrantLock: Successfully released lock com.android.providers.media.photopicker.sync.CloseableReentrantLock@fe274c4[Unlocked]. Lock Name = CLOUD_PROVIDER_LOCK. Threads that may be waiting to acquire this lock = []
04-18 09:53:30.434  3518  5897 D SyncManager: userId - 0 auto - true
04-18 09:53:30.434  6618 16164 D PickerNotificationSender: Sending a notification for media update
04-18 09:53:30.434  3518  5897 D SyncManager: userId - 0 auto - true
04-18 09:53:30.434  6618 16164 D PickerNotificationSender: Sending a notification for merged album media update Favorites
04-18 09:53:30.434  6618 16164 D PickerNotificationSender: Sending a notification for album media update Favorites
04-18 09:53:30.434  3518  5897 D SyncManager: userId - 0 auto - true
04-18 09:53:30.434  6618 16164 D PickerNotificationSender: Sending a notification for merged album media update Videos
04-18 09:53:30.434  6618 16164 D PickerNotificationSender: Sending a notification for album media update Videos
04-18 09:53:30.435  3518  5897 D SyncManager: userId - 0 auto - true
04-18 09:53:30.435  6618 16164 I PickerSyncController: Paged sync successful. QueryArgs: Bundle[{android.provider.extra.SYNC_GENERATION=1325, android.provider.extra.PAGE_SIZE=1000}] Total Rows: 1
04-18 09:53:30.435  6618 16164 I PickerSyncTracker: Marked sync future complete for work id: 4e789248-b6ad-4236-ad14-a9123c6c8f34. Future map: {}
04-18 09:53:30.435  6618 16164 I PSyncWorker: Completed picker proactive sync complete from local provider.
04-18 09:53:30.435  6618  6772 I WM-WorkerWrapper: Worker result SUCCESS for Work [ id=4e789248-b6ad-4236-ad14-a9123c6c8f34, tags={ com.android.providers.media.photopicker.sync.ProactiveSyncWorker } ]
04-18 09:53:30.436  6618  6618 D WM-Processor: Processor 4e789248-b6ad-4236-ad14-a9123c6c8f34 executed; reschedule = false
04-18 09:53:30.436  6618  6618 D WM-GreedyScheduler: Stopping tracking for WorkGenerationalId(workSpecId=4e789248-b6ad-4236-ad14-a9123c6c8f34, generation=0)
04-18 09:53:30.437  1538  1669 I AndroidBackupEventsLogg: (REDACTED) Logging with sampling event %s
04-18 09:53:30.438  6618  6772 D WM-GreedyScheduler: Cancelling work ID 4e789248-b6ad-4236-ad14-a9123c6c8f34
04-18 09:53:30.438  1538  1669 W libbinder.Binder: Binder transaction to com.android.internal.backup.IBackupTransport code 9 took 1312ms. Data bytes: 15596 Reply bytes: 0 Flags: 17
04-18 09:53:30.439  6618  6772 D WM-GreedyScheduler: Ignoring {WorkSpec: 03999ae1-0f69-49c4-b27b-f45ee3e0becf}. Requires device idle.
04-18 09:53:30.439  6618  6772 D WM-GreedyScheduler: Ignoring {WorkSpec: e727c791-5db4-4a24-9659-6d28543ee9cd}. Requires device idle.
04-18 09:53:30.439  6618  6772 D WM-GreedyScheduler: Ignoring {WorkSpec: 75c8c293-6b92-427c-9906-8a67e6e0f12b}. Requires device idle.
04-18 09:53:30.439  6618  6772 D WM-BrdcstRcvrCnstrntTrc: BatteryNotLowTracker: unregistering receiver
04-18 09:53:30.442  1538 24080 E LoadedApk: Exception : java.lang.NullPointerException: Attempt to invoke virtual method 'boolean android.os.Looper.isPerfLogEnable()' on a null object reference
04-18 09:53:30.443 29244 15702 E LoadedApk: Exception : java.lang.NullPointerException: Attempt to invoke virtual method 'boolean android.os.Looper.isPerfLogEnable()' on a null object reference
04-18 09:53:30.444  1538 24080 E LoadedApk: Exception : java.lang.NullPointerException: Attempt to invoke virtual method 'boolean android.os.Looper.isPerfLogEnable()' on a null object reference
04-18 09:53:30.444  1538  1669 I Backup  : [GmsBackupTransport] Backup finished for com.google.android.gms
04-18 09:53:30.444  1538  1669 I AndroidBackupEventsLogg: (REDACTED) Logging with sampling event %s
04-18 09:53:30.445  3518 15803 D BackupManagerConstants: getBackupFinishedNotificationReceivers(...) returns 
04-18 09:53:30.445 29244 29244 I Backup  : [BackupNowBackupAgentsRunner] Backup done for com.google.android.gms, success: 0
04-18 09:53:30.445  3518 15803 D KeyValueBackupTask: Starting key-value backup of com.android.chrome
04-18 09:53:30.447  3518 15803 D BackupManagerService: [UserID:0] awaiting agent for com.android.chrome
04-18 09:53:30.447  2416 18644 V APM_AudioPolicyManager: setAppState(portId:187, state:2)
04-18 09:53:30.447  2416 18644 V APM_AudioPolicyManager: setAppState(portId:187, state:2)
04-18 09:53:30.447  2754 11158 I CameraService: onUidStateChanged: uid=10278, procState is changed. (15 -> 8)
04-18 09:53:30.448  2754 11158 W libbinder.IPCThreadState: Sending oneway calls to frozen process.
04-18 09:53:30.448  2754 11158 W libbinder.IPCThreadState: Sending oneway calls to frozen process.
04-18 09:53:30.448  2754 11158 W libbinder.IPCThreadState: Sending oneway calls to frozen process.
04-18 09:53:30.448  2754 11158 W libbinder.IPCThreadState: Sending oneway calls to frozen process.
04-18 09:53:30.449  3518  5190 D BackupManagerService: [UserID:0] agentConnected pkg=com.android.chrome agent=android.os.BinderProxy@52e4f05
04-18 09:53:30.449  3518 15803 D KeyValueBackupTask: Invoking agent on com.android.chrome
04-18 09:53:30.452  3518  5856 W PackageConfigPersister: App-specific configuration not found for packageName: com.sec.android.app.launcher and userId: 0
04-18 09:53:30.455 16124 16318 I cr_ChromeBackupAgent: Nothing has changed since the last backup. Backup skipped.
04-18 09:53:30.457  3518 15803 D BackupManagerConstants: getBackupFinishedNotificationReceivers(...) returns 
04-18 09:53:30.457 29244 29244 I Backup  : [BackupNowBackupAgentsRunner] Backup done for com.android.chrome, success: 0
04-18 09:53:30.457 29244 29256 W Binder  : Caught a RuntimeException from the binder stub implementation.
04-18 09:53:30.457 29244 29256 W Binder  : java.lang.NullPointerException: Attempt to invoke virtual method 'java.lang.Object iswb.iZ(int, java.lang.Object)' on a null object reference
04-18 09:53:30.457 29244 29256 W Binder  : 	at axoa.onEvent(:com.google.android.gms@261332035@26.13.32 (260400-895912391):17)
04-18 09:53:30.457 29244 29256 W Binder  : 	at android.app.backup.BackupManagerMonitorWrapper.onEvent(BackupManagerMonitorWrapper.java:50)
04-18 09:53:30.457 29244 29256 W Binder  : 	at android.app.backup.IBackupManagerMonitor$Stub.onTransact(IBackupManagerMonitor.java:99)
04-18 09:53:30.457 29244 29256 W Binder  : 	at android.os.Binder.execTransactInternal(Binder.java:1514)
04-18 09:53:30.457 29244 29256 W Binder  : 	at android.os.Binder.execTransact(Binder.java:1454)
04-18 09:53:30.458  3518 15803 D KeyValueBackupTask: Starting key-value backup of com.google.android.projection.gearhead
04-18 09:53:30.460  3518 15803 D BackupManagerService: [UserID:0] awaiting agent for com.google.android.projection.gearhead
04-18 09:53:30.472  2172  2172 D Zygote  : Forked child process 16165
04-18 09:53:30.474  3518  3686 I ActivityManager: Start proc 16165:com.google.android.projection.gearhead:projection/u0a259 for backup {com.google.android.projection.gearhead/com.google.android.apps.auto.components.settings.backup.SettingsBackupAgent}
04-18 09:53:30.482 16165 16165 I Zygote  : Process 16165 created for com.google.android.projection.gearhead:projection
04-18 09:53:30.482 16165 16165 I head:projection: Using CollectorTypeCMC GC.
04-18 09:53:30.484  5130  5151 I adbd    : jdwp connection from 16165
04-18 09:53:30.486 16165 16165 D nativeloader: Load libframework-connectivity-tiramisu-jni.so using APEX ns com_android_tethering for caller /apex/com.android.tethering/javalib/framework-connectivity-t.jar: ok
04-18 09:53:30.487 16165 16165 D ActivityThread: setConscryptValidator
04-18 09:53:30.487 16165 16165 D ActivityThread: setConscryptValidator - put
04-18 09:53:30.489  3518  4949 W PackageConfigPersister: App-specific configuration not found for packageName: com.sec.android.app.launcher and userId: 0
04-18 09:53:30.491  3518  5190 I ActivityManager: Changes in 10259 19 to 19, 0 to 384
04-18 09:53:30.492 21815 21845 I egip    : (REDACTED) appOpsListener %s %s
04-18 09:53:30.492  2416 18644 V APM_AudioPolicyManager: setAppState(portId:187, state:2)
04-18 09:53:30.492 21815 21845 I egip    : (REDACTED) Ignoring irrelevant audio permission changes for package %s
04-18 09:53:30.494 16165 16165 D ApplicationLoaders: Returning zygote-cached class loader: /system_ext/framework/androidx.window.extensions.jar
04-18 09:53:30.495 16165 16165 D ApplicationLoaders: Returning zygote-cached class loader: /system_ext/framework/androidx.window.sidecar.jar
04-18 09:53:30.511 16165 16165 W head:projection: Failed to find entry 'classes.dex': Entry not found
04-18 09:53:30.513 16165 16165 W head:projection: Failed to find entry 'classes.dex': Entry not found
04-18 09:53:30.514 16165 16165 W head:projection: Failed to find entry 'classes.dex': Entry not found
04-18 09:53:30.514 16165 16165 W head:projection: Failed to find entry 'classes.dex': Entry not found
04-18 09:53:30.515 16165 16165 D nativeloader: Configuring clns-9 for other apk /data/app/~~m39WNWzr7MM6evh8ZN76Og==/com.google.android.projection.gearhead--Smz3U71ORcZtnDhqq6GFg==/base.apk:/data/app/~~m39WNWzr7MM6evh8ZN76Og==/com.google.android.projection.gearhead--Smz3U71ORcZtnDhqq6GFg==/split_config.arm64_v8a.apk:/data/app/~~m39WNWzr7MM6evh8ZN76Og==/com.google.android.projection.gearhead--Smz3U71ORcZtnDhqq6GFg==/split_config.en.apk:/data/app/~~m39WNWzr7MM6evh8ZN76Og==/com.google.android.projection.gearhead--Smz3U71ORcZtnDhqq6GFg==/split_config.ko.apk:/data/app/~~m39WNWzr7MM6evh8ZN76Og==/com.google.android.projection.gearhead--Smz3U71ORcZtnDhqq6GFg==/split_config.xxhdpi.apk. target_sdk_version=36, uses_libraries=, library_path=/data/app/~~m39WNWzr7MM6evh8ZN76Og==/com.google.android.projection.gearhead--Smz3U71ORcZtnDhqq6GFg==/lib/arm64:/data/app/~~m39WNWzr7MM6evh8ZN76Og==/com.google.android.projection.gearhead--Smz3U71ORcZtnDhqq6GFg==/base.apk!/lib/arm64-v8a:/data/app/~~m39WNWzr7MM6evh8ZN76Og==/com.google.android.projection.gearhead--Smz3U71ORcZtnDhqq6
04-18 09:53:30.523 16165 16165 V GraphicsEnvironment: Currently set values for:
04-18 09:53:30.523 16165 16165 V GraphicsEnvironment:   angle_gl_driver_selection_pkgs=[]
04-18 09:53:30.523 16165 16165 V GraphicsEnvironment:   angle_gl_driver_selection_values=[]
04-18 09:53:30.523 16165 16165 V GraphicsEnvironment: com.google.android.projection.gearhead is not listed in per-application setting
04-18 09:53:30.524 16165 16165 V GraphicsEnvironment: ANGLE allowlist from config: com.dreamgames.royalmatch com.dts.freefiremax com.dxx.firenow com.gramgames.mergedragons com.ludo.king com.mojang.minecraftpe com.my.defense com.nintendo.zaka com.os.airforce com.playrix.fishdomdd.gplay io.teslatech.callbreak jp.konami.prospia net.peakgames.toonblast
04-18 09:53:30.524 16165 16165 V GraphicsEnvironment: No special selections for ANGLE, returning default driver choice
04-18 09:53:30.553 16165 16165 D ProcessLifecycleG3: androidx.startup is not available, initializing using ProcessLifecycleOwnerInitializer instead.
04-18 09:53:30.569 16165 16165 I CAR.GH  : onCreate
04-18 09:53:30.586 16165 16165 I GH.PrimesMgr: transmitting to prod
04-18 09:53:30.592 16165 16165 I CAR.GH  : Process: PROJECTION
04-18 09:53:30.592 16165 16165 I CAR.GH  : Channel: PROD
04-18 09:53:30.592  3518  5856 D PackageManager: setEnabledSetting : userId = 0 packageName = com.google.android.projection.gearhead cmp = com.google.android.apps.auto.components.telecom.service.NonCarInCallServiceImpl newState = 2 callingPackage = com.google.android.projection.gearhead
04-18 09:53:30.604 16165 16165 I GH.CallAdapterFactory: creating call adapter instance
04-18 09:53:30.607  3518  5190 D ActivityManager: sync unfroze 1105 com.google.android.projection.gearhead:shared for 6
04-18 09:53:30.607  2416 18644 V APM_AudioPolicyManager: setAppState(portId:187, state:2)
04-18 09:53:30.607  5130  5151 I adbd    : jdwp connection from 1105
04-18 09:53:30.607  3518  5190 D PackageManager: setEnabledSetting : userId = 0 packageName = com.google.android.projection.gearhead cmp = com.google.android.apps.auto.components.bugreport.BugreportHandlerActivity newState = 2 callingPackage = com.google.android.projection.gearhead
04-18 09:53:30.607 16165 16165 I CAR.GH  : onCreate completed
04-18 09:53:30.608  2416 18644 V APM_AudioPolicyManager: setAppState(portId:187, state:2)
04-18 09:53:30.609  1105  1105 D ActivityThread: Package [com.android.chrome] reported as REPLACED, but missing application info. Assuming REMOVED.
04-18 09:53:30.609  1105  1105 D ActivityThread: Package [com.android.chrome] reported as REPLACED, but missing application info. Assuming REMOVED.
04-18 09:53:30.609  1105  1105 D ActivityThread: Package [com.google.android.safetycore] reported as REPLACED, but missing application info. Assuming REMOVED.
04-18 09:53:30.609  1105  1105 D ActivityThread: Package [com.google.android.safetycore] reported as REPLACED, but missing application info. Assuming REMOVED.
04-18 09:53:30.609  1105  1105 D ActivityThread: Package [com.google.android.gm] reported as REPLACED, but missing application info. Assuming REMOVED.
04-18 09:53:30.609  1105  1105 D ActivityThread: Package [com.google.android.gm] reported as REPLACED, but missing application info. Assuming REMOVED.
04-18 09:53:30.609  1105  1105 D ActivityThread: Package [com.google.android.apps.tachyon] reported as REPLACED, but missing application info. Assuming REMOVED.
04-18 09:53:30.609  1105  1105 D ActivityThread: Package [com.google.android.apps.tachyon] reported as REPLACED, but missing application info. Assuming REMOVED.
04-18 09:53:30.610  3518  5190 D BackupManagerService: [UserID:0] agentConnected pkg=com.google.android.projection.gearhead agent=android.os.BinderProxy@d79dc86
04-18 09:53:30.610  1105  1105 D ActivityThread: Package [com.google.android.youtube] reported as REPLACED, but missing application info. Assuming REMOVED.
04-18 09:53:30.610  1105  1105 D ActivityThread: Package [com.google.android.youtube] reported as REPLACED, but missing application info. Assuming REMOVED.
04-18 09:53:30.610  3518 15803 D KeyValueBackupTask: Invoking agent on com.google.android.projection.gearhead
04-18 09:53:30.610  1105  1105 D ActivityThread: Package [com.microsoft.appmanager] reported as REPLACED, but missing application info. Assuming REMOVED.
04-18 09:53:30.610  1105  1105 D ActivityThread: Package [com.microsoft.appmanager] reported as REPLACED, but missing application info. Assuming REMOVED.
04-18 09:53:30.610  1105  1105 D ActivityThread: Package [com.google.android.tts] reported as REPLACED, but missing application info. Assuming REMOVED.
04-18 09:53:30.610  1105  1105 D ActivityThread: Package [com.google.android.tts] reported as REPLACED, but missing application info. Assuming REMOVED.
04-18 09:53:30.610  1105  1105 I GH.SharedService: Shared Service created
04-18 09:53:30.611 16165 16165 I GH.SharedServiceConnect: onServiceConnected(ComponentName:ComponentInfo{com.google.android.projection.gearhead/com.google.android.gearhead.service.SharedService}, service:android.os.BinderProxy@50417bc)
04-18 09:53:30.611  3518  5190 I ActivityManager: Changes in 10259 8 to 8, 384 to 256
04-18 09:53:30.611  2416 18644 V APM_AudioPolicyManager: setAppState(portId:187, state:2)
04-18 09:53:30.612  3518  5190 D LocationManagerService: gps provider getLastLocation from : 10259/com.google.android.projection.gearhead
04-18 09:53:30.612  3518 15803 D BackupManagerConstants: getBackupFinishedNotificationReceivers(...) returns 
04-18 09:53:30.613 29244 29277 W Binder  : Caught a RuntimeException from the binder stub implementation.
04-18 09:53:30.613 29244 29277 W Binder  : java.lang.NullPointerException: Attempt to invoke virtual method 'java.lang.Object iswb.iZ(int, java.lang.Object)' on a null object reference
04-18 09:53:30.613 29244 29277 W Binder  : 	at axoa.onEvent(:com.google.android.gms@261332035@26.13.32 (260400-895912391):17)
04-18 09:53:30.613 29244 29277 W Binder  : 	at android.app.backup.BackupManagerMonitorWrapper.onEvent(BackupManagerMonitorWrapper.java:50)
04-18 09:53:30.613 29244 29277 W Binder  : 	at android.app.backup.IBackupManagerMonitor$Stub.onTransact(IBackupManagerMonitor.java:99)
04-18 09:53:30.613 29244 29277 W Binder  : 	at android.os.Binder.execTransactInternal(Binder.java:1514)
04-18 09:53:30.613 29244 29277 W Binder  : 	at android.os.Binder.execTransact(Binder.java:1454)
04-18 09:53:30.613 29244 29244 I Backup  : [BackupNowBackupAgentsRunner] Backup done for com.google.android.projection.gearhead, success: 0
04-18 09:53:30.613  3518 15803 D KeyValueBackupTask: Starting key-value backup of com.android.calllogbackup
04-18 09:53:30.614  3518 15803 D BackupManagerService: [UserID:0] awaiting agent for com.android.calllogbackup
04-18 09:53:30.621  1105  1339 V ClearcutMetricXmitter: Transmission is done.
04-18 09:53:30.624  2172  2172 D Zygote  : Forked child process 16187
04-18 09:53:30.624  3518  3686 I ActivityManager: Start proc 16187:com.android.calllogbackup/u0a63 for backup {com.android.calllogbackup/com.android.calllogbackup.CallLogBackupAgent}
04-18 09:53:30.633 16187 16187 I Zygote  : Process 16187 created for com.android.calllogbackup
04-18 09:53:30.633 16187 16187 I d.calllogbackup: Using CollectorTypeCMC GC.
04-18 09:53:30.637 16187 16187 D nativeloader: Load libframework-connectivity-tiramisu-jni.so using APEX ns com_android_tethering for caller /apex/com.android.tethering/javalib/framework-connectivity-t.jar: ok
04-18 09:53:30.639 16187 16187 D ActivityThread: setConscryptValidator
04-18 09:53:30.639 16187 16187 D ActivityThread: setConscryptValidator - put
04-18 09:53:30.650 16187 16187 D nativeloader: Configuring clns-shared-9 for other apk /system/priv-app/CallLogBackup/CallLogBackup.apk. target_sdk_version=36, uses_libraries=, library_path=/system/priv-app/CallLogBackup/lib/arm64:/system/priv-app/CallLogBackup/CallLogBackup.apk!/lib/arm64-v8a:/system/lib64:/system_ext/lib64, permitted_path=/data:/mnt/expand:/data/user/0/com.android.calllogbackup:/system/priv-app/CallLogBackup:/system/lib64:/system_ext/lib64
04-18 09:53:30.653 16187 16187 V GraphicsEnvironment: Currently set values for:
04-18 09:53:30.653 16187 16187 V GraphicsEnvironment:   angle_gl_driver_selection_pkgs=[]
04-18 09:53:30.653 16187 16187 V GraphicsEnvironment:   angle_gl_driver_selection_values=[]
04-18 09:53:30.653 16187 16187 V GraphicsEnvironment: com.android.calllogbackup is not listed in per-application setting
04-18 09:53:30.653 16187 16187 V GraphicsEnvironment: ANGLE allowlist from config: com.dreamgames.royalmatch com.dts.freefiremax com.dxx.firenow com.gramgames.mergedragons com.ludo.king com.mojang.minecraftpe com.my.defense com.nintendo.zaka com.os.airforce com.playrix.fishdomdd.gplay io.teslatech.callbreak jp.konami.prospia net.peakgames.toonblast
04-18 09:53:30.653 16187 16187 V GraphicsEnvironment: No special selections for ANGLE, returning default driver choice
04-18 09:53:30.657 16187 16187 D CallLogBackupAgent: onCreate
04-18 09:53:30.657  3518  5190 D BackupManagerService: [UserID:0] agentConnected pkg=com.android.calllogbackup agent=android.os.BinderProxy@fe5314b
04-18 09:53:30.657  3518 15803 D KeyValueBackupTask: Invoking agent on com.android.calllogbackup
04-18 09:53:30.669  3518 15803 D BackupManagerConstants: getBackupFinishedNotificationReceivers(...) returns 
04-18 09:53:30.669 29244 29244 I Backup  : [BackupNowBackupAgentsRunner] Backup done for com.android.calllogbackup, success: 0
04-18 09:53:30.669 29244 29276 W Binder  : Caught a RuntimeException from the binder stub implementation.
04-18 09:53:30.669 29244 29276 W Binder  : java.lang.NullPointerException: Attempt to invoke virtual method 'java.lang.Object iswb.iZ(int, java.lang.Object)' on a null object reference
04-18 09:53:30.669 29244 29276 W Binder  : 	at axoa.onEvent(:com.google.android.gms@261332035@26.13.32 (260400-895912391):17)
04-18 09:53:30.669 29244 29276 W Binder  : 	at android.app.backup.BackupManagerMonitorWrapper.onEvent(BackupManagerMonitorWrapper.java:50)
04-18 09:53:30.669 29244 29276 W Binder  : 	at android.app.backup.IBackupManagerMonitor$Stub.onTransact(IBackupManagerMonitor.java:99)
04-18 09:53:30.669 29244 29276 W Binder  : 	at android.os.Binder.execTransactInternal(Binder.java:1514)
04-18 09:53:30.669 29244 29276 W Binder  : 	at android.os.Binder.execTransact(Binder.java:1454)
04-18 09:53:30.670  3518 15803 D KeyValueBackupTask: Starting key-value backup of com.google.android.gm
04-18 09:53:30.671  3518 15803 D ActivityManager: sync unfroze 16354 com.google.android.gm for 22
04-18 09:53:30.672  3518 15803 I ActivityManager: Changes in 10281 19 to 8, 0 to 256
04-18 09:53:30.672  3518 15803 D BackupManagerService: [UserID:0] awaiting agent for com.google.android.gm
04-18 09:53:30.673  2416 18644 V APM_AudioPolicyManager: setAppState(portId:187, state:2)
04-18 09:53:30.684  3518  5190 D BackupManagerService: [UserID:0] agentConnected pkg=com.google.android.gm agent=android.os.BinderProxy@a0aa36c
04-18 09:53:30.684  3518 15803 D KeyValueBackupTask: Invoking agent on com.google.android.gm
04-18 09:53:30.685 16354 16354 W TimedProcessReaper: Current importance is: 230
04-18 09:53:30.691 25231 25443 I SSS@search user 0: (BaseCollector::GALLERY) doesDataKeepChanging: postpone count: 0 - source count: very first = 6, previous = 6, current = 5
04-18 09:53:30.705 16354 25033 W bcwb    : Already started: bcwb@c6fe3bd
04-18 09:53:30.711 16354 16354 W bcwb    : Already started: bcwb@43fff14
04-18 09:53:30.716 29244 29276 W Binder  : Caught a RuntimeException from the binder stub implementation.
04-18 09:53:30.716 29244 29276 W Binder  : java.lang.NullPointerException: Attempt to invoke virtual method 'java.lang.Object iswb.iZ(int, java.lang.Object)' on a null object reference
04-18 09:53:30.716 29244 29276 W Binder  : 	at axoa.onEvent(:com.google.android.gms@261332035@26.13.32 (260400-895912391):17)
04-18 09:53:30.716 29244 29276 W Binder  : 	at android.app.backup.BackupManagerMonitorWrapper.onEvent(BackupManagerMonitorWrapper.java:50)
04-18 09:53:30.716 29244 29276 W Binder  : 	at android.app.backup.IBackupManagerMonitor$Stub.onTransact(IBackupManagerMonitor.java:99)
04-18 09:53:30.716 29244 29276 W Binder  : 	at android.os.Binder.execTransactInternal(Binder.java:1514)
04-18 09:53:30.716 29244 29276 W Binder  : 	at android.os.Binder.execTransact(Binder.java:1454)
04-18 09:53:30.716  1538  1669 I AndroidBackupEventsLogg: (REDACTED) Logging with sampling event %s
04-18 09:53:30.717  1538 24080 E LoadedApk: Exception : java.lang.NullPointerException: Attempt to invoke virtual method 'boolean android.os.Looper.isPerfLogEnable()' on a null object reference
04-18 09:53:30.717  1538  1669 I Backup  : [GmsBackupTransport] Performing encrypted kv backup: com.google.android.gm
04-18 09:53:30.719 29244 15702 E LoadedApk: Exception : java.lang.NullPointerException: Attempt to invoke virtual method 'boolean android.os.Looper.isPerfLogEnable()' on a null object reference
04-18 09:53:30.719  1538 24080 E LoadedApk: Exception : java.lang.NullPointerException: Attempt to invoke virtual method 'boolean android.os.Looper.isPerfLogEnable()' on a null object reference
04-18 09:53:30.719  3518  5856 I RecoverableAppKeyStore: Get 0/10266/com.google.android.gms.backup/folsom/12CAC1311E9C59F120F8EB5E6D87F548
04-18 09:53:30.720  1280  1280 W keymint_tee: [WRN] begin req PARAMS: A32, BM32, PD1, 
04-18 09:53:30.722  1280  1280 D keymint_swd: keymint_swd keymint [WRN] (km_add_tag:528) skip: non repetable tag already exists with different value: 268435458
04-18 09:53:30.722  1280  1280 D keymint_swd: keymint_swd keymint [WRN] (swd_run_cb:267) swd_begin() returns 0
04-18 09:53:30.722  1280  1280 D android.hardware.security.keymint-service: begin: ret 0
04-18 09:53:30.722  1264  1333 I keystore2: system/security/keystore2/src/security_level.rs:599 - In create_operation. Success to create IKeystoreOperation. AppUid(10266), None, TEE
04-18 09:53:30.722  1280  1280 D keymint_swd: keymint_swd keymint [WRN] (swd_run_cb:267) swd_update() returns 0
04-18 09:53:30.722  1280  1280 D android.hardware.security.keymint-service: update: ret 0
04-18 09:53:30.722  1280  1280 D keymint_swd: keymint_swd keymint [WRN] (swd_run_cb:267) swd_finish() returns 0
04-18 09:53:30.722  1280  1280 D android.hardware.security.keymint-service: finish: ret 0
04-18 09:53:30.723  1280  1280 W keymint_tee: [WRN] begin req PARAMS: A32, BM32, PD1, 
04-18 09:53:30.724  1280  1280 D keymint_swd: keymint_swd keymint [WRN] (km_add_tag:528) skip: non repetable tag already exists with different value: 268435458
04-18 09:53:30.724  1280  1280 D keymint_swd: keymint_swd keymint [WRN] (swd_run_cb:267) swd_begin() returns 0
04-18 09:53:30.724  1280  1280 D android.hardware.security.keymint-service: begin: ret 0
04-18 09:53:30.724  1264  1333 I keystore2: system/security/keystore2/src/security_level.rs:599 - In create_operation. Success to create IKeystoreOperation. AppUid(10266), None, TEE
04-18 09:53:30.724  1280  1280 D keymint_swd: keymint_swd keymint [WRN] (swd_run_cb:267) swd_update() returns 0
04-18 09:53:30.724  1280  1280 D android.hardware.security.keymint-service: update: ret 0
04-18 09:53:30.724  1280  1280 D keymint_swd: keymint_swd keymint [WRN] (swd_run_cb:267) swd_finish() returns 0
04-18 09:53:30.724  1280  1280 D android.hardware.security.keymint-service: finish: ret 0
04-18 09:53:30.728  3518  5023 D NetdEventListenerService: DNS Requested by 108, 10266(com.google.android.gms), SUCCESS, 0ms
04-18 09:53:30.729  2321 13351 I sensors-hal: handle_sns_std_sensor_event:401, [SSC_LIGHT] P: 460(460),c:3,b:98,m:0xd,cl:0,l:460,s:435,l0:6360,l1:280,s0:6000,s1:187,acl:1,opr:0.44,f(r):100,u(bl):100,if:100,sm:15,si:9,ps:435(N:64)
04-18 09:53:30.778  2375  3596 I thermal_core: pivot(AP) : 331, skin : 318
04-18 09:53:30.778  2375  3596 I vendor.samsung.hardware.thermal-service: index = 15.000000
04-18 09:53:30.778  2375  3596 I vendor.samsung.hardware.thermal-service: 8 / 10
04-18 09:53:30.913  2288  7744 I vendor.qti.bluetooth@1.0-ibs_handler: ProcessIbsCmd: Received IBS_WAKE_IND: 0xFD
04-18 09:53:30.913  2288  7744 D vendor.qti.bluetooth@1.0-ibs_handler: SerialClockVote: vote for UART CLK ON
04-18 09:53:30.913  2288  7744 D vendor.qti.bluetooth@1.0-wake_lock: Acquire wakelock is acquired 
04-18 09:53:30.913  2288  7744 I vendor.qti.bluetooth@1.0-ibs_handler: ProcessIbsCmd: Writing IBS_WAKE_ACK
04-18 09:53:30.921  5338  7794 I ScanController: onScanResult to scannerId: 8- eventType=0x0, addressType=1, address=XX:XX:XX:XX:B0:DE, primaryPhy=1, secondaryPhy=1, advertisingSid=0x1, txPower=127, rssi=-83, periodicAdvInt=0x0
04-18 09:53:30.947  5338  7794 I ScanController: onScanResult to scannerId: 8- eventType=0x0, addressType=1, address=XX:XX:XX:XX:46:1B, primaryPhy=1, secondaryPhy=1, advertisingSid=0x3, txPower=127, rssi=-79, periodicAdvInt=0x0
04-18 09:53:30.954  3518  5190 W PackageConfigPersister: App-specific configuration not found for packageName: com.sec.android.app.launcher and userId: 0
04-18 09:53:30.986  2288  7744 I vendor.qti.bluetooth@1.0-ibs_handler: ProcessIbsCmd: Received IBS_SLEEP_IND: 0xFE
04-18 09:53:30.987  2288  7744 D vendor.qti.bluetooth@1.0-ibs_handler: SerialClockVote: vote for UART CLK OFF
04-18 09:53:30.989  3518  4949 W PackageConfigPersister: App-specific configuration not found for packageName: com.sec.android.app.launcher and userId: 0
04-18 09:53:31.100  2288  7744 I vendor.qti.bluetooth@1.0-ibs_handler: ProcessIbsCmd: Received IBS_WAKE_IND: 0xFD
04-18 09:53:31.100  2288  7744 D vendor.qti.bluetooth@1.0-ibs_handler: SerialClockVote: vote for UART CLK ON
04-18 09:53:31.100  2288  7744 I vendor.qti.bluetooth@1.0-ibs_handler: ProcessIbsCmd: Writing IBS_WAKE_ACK
04-18 09:53:31.102  5338  7794 I ScanController: onScanResult to scannerId: 3- eventType=0x1, addressType=1, address=XX:XX:XX:XX:C9:52, primaryPhy=1, secondaryPhy=1, advertisingSid=0x1, txPower=127, rssi=-52, periodicAdvInt=0x0
04-18 09:53:31.139  3518  5856 D InputDispatcher: Inject key (16227/2000): action=0, f=0x0, d=-1, time=1307894322000000
04-18 09:53:31.139  3518  5856 D InputManager-JNI: !@interceptKeyBeforeQueueing(0), action=0, interactive=true
04-18 09:53:31.139  3518  5856 D PhoneWindowManager: interceptKeyTq keycode=3 interactive=true keyguardActive=false policyFlags=2b000000
04-18 09:53:31.139  3518  5856 D SingleKeyGesture: interceptKeyDown, info : KeyCode=KEYCODE_UNKNOWN, size=0
04-18 09:53:31.139  3518  5856 D PhoneWindowManagerExt: interceptKeyTq code=3 down=true repeatCount=0 displayId=-1 interactive=true powerCombination=false
04-18 09:53:31.139  3518  5856 D PhoneWindowManager: interceptKeyTq interceptKeyResult=1
04-18 09:53:31.139  3518  5856 D InputManager-JNI: !@handleInterceptActions(0), action=0, wmActions=1
04-18 09:53:31.139  3518  4010 D PowerManagerService: [api] userActivityFromNative : button displayId=0 eventTime=1307894322
04-18 09:53:31.140  3518  4010 D PhoneWindowManager: interceptKeyTi keyCode=3 action=0 repeatCount=0 keyguardOn=false canceled=false
04-18 09:53:31.140  3518  4010 D PhoneWindowManagerExt: interceptKeyTi code=3 down=true repeatCount=0 displayId=0 interactive=true
04-18 09:53:31.140  3518  4010 D PhoneWindowManagerExt: startSearcleByHomeKey, down=true longPress=false displayId=0
04-18 09:53:31.140  3518  4010 D StatusBarManagerService: startSearcleByHomeKey down=true longPress=false
04-18 09:53:31.140  3518  5856 D InputDispatcher: Inject key (16227/2000): action=1, f=0x0, d=-1, time=1307894323000000
04-18 09:53:31.140  3518  5856 D InputManager-JNI: !@interceptKeyBeforeQueueing(0), action=1, interactive=true
04-18 09:53:31.140  3518  5856 D PhoneWindowManager: interceptKeyTq keycode=3 interactive=true keyguardActive=false policyFlags=2b000000
04-18 09:53:31.140  3518  5856 D PhoneWindowManagerExt: interceptKeyTq code=3 down=false repeatCount=0 displayId=-1 interactive=true powerCombination=false
04-18 09:53:31.140  3518  5856 D PhoneWindowManager: interceptKeyTq interceptKeyResult=1
04-18 09:53:31.140  3518  5856 D InputManager-JNI: !@handleInterceptActions(0), action=1, wmActions=1
04-18 09:53:31.140  5098  5098 D SearcleManager: startSearcleByHomeKey down = true, longPress = false
04-18 09:53:31.140  3518  4010 D PhoneWindowManager: interceptKeyTi keyCode=3 action=1 repeatCount=0 keyguardOn=false canceled=false
04-18 09:53:31.140  3518  4010 D PhoneWindowManagerExt: interceptKeyTi code=3 down=false repeatCount=0 displayId=0 interactive=true
04-18 09:53:31.140  3518  4010 D PhoneWindowManagerExt: startSearcleByHomeKey, down=false longPress=false displayId=0
04-18 09:53:31.140  3518  4010 D StatusBarManagerService: startSearcleByHomeKey down=false longPress=false
04-18 09:53:31.140  5098  5098 D SearcleManager: startSearcleByHomeKey down = false, longPress = false
04-18 09:53:31.140  5098  5098 D SearcleManager: startSearcleByHomeKey currentDownCount = 0 tipShownCount = 2 
04-18 09:53:31.140  5098  5098 D SearcleManager: startSearcleByHomeKey isInstalledCTSApp = UNINSTALLED
04-18 09:53:31.141  3518  3666 D PowerManagerService: [api] userActivity : other (uid: 1000 pid: 3518) <- awaken() in com.android.server.dreams.DreamManagerService$BinderService:25 displayId=0 eventTime=1307894324
04-18 09:53:31.142  3518  3666 D PhoneWindowManagerExt: startDockOrHome, Callers=com.android.server.policy.PhoneWindowManager.startDockOrHome:136 com.android.server.policy.PhoneWindowManager.launchHomeFromHotKey:218 com.android.server.policy.PhoneWindowManager.handleShortPressOnHome:59 com.android.server.policy.PhoneWindowManager$DisplayHomeButtonHandler$$ExternalSyntheticLambda0.run:154 android.os.Handler.handleCallback:1070 android.os.Handler.dispatchMessage:125 android.os.Looper.dispatchMessage:358 android.os.Looper.loopOnce:288 android.os.Looper.loop:392 android.os.HandlerThread.run:139 
04-18 09:53:31.142  3518  3666 D PhoneWindowManager: startDockOrHome: startReason= startDockOrHome
04-18 09:53:31.142  2288  7744 I vendor.qti.bluetooth@1.0-ibs_handler: ProcessIbsCmd: Received IBS_SLEEP_IND: 0xFE
04-18 09:53:31.142  2288  7744 D vendor.qti.bluetooth@1.0-ibs_handler: SerialClockVote: vote for UART CLK OFF
04-18 09:53:31.142  7857  9674 I HoneySpace.OneUiSpace: received close system dialog reason=homekey
04-18 09:53:31.143  5098  5098 V ShellDragAndDrop: Receive android.intent.action.CLOSE_SYSTEM_DIALOGS
04-18 09:53:31.143  7452  7452 I SAMSUNGWALLET: [Hint_IntroHintService] onReceive() action=android.intent.action.CLOSE_SYSTEM_DIALOGS
04-18 09:53:31.143  5098  5098 D PopupUI.PopupUI: PopupUIReceiver.onReceive() action : android.intent.action.CLOSE_SYSTEM_DIALOGS
04-18 09:53:31.143  3518  3666 W ActivityTaskManager: callingPackage for (uid=-1, pid=0) has no WPC
04-18 09:53:31.143  5098  5136 V ShellDragAndDrop: Do not update drop target window visibility: window is already set to 4.
04-18 09:53:31.143  3518  3666 V WindowManager: DesktopModeLaunchParamsModifier: phase= 0 task=null activity=null display-area-token-from-option=DefaultTaskDisplayArea_d0@232835871 display-id=0 task-display-area-windowing-mode=1 suggested-display-area=DefaultTaskDisplayArea_d0@232835871 task null, skipping
04-18 09:53:31.143  3518  3666 V WindowManager: TaskLaunchParamsModifier:phase=0 task=null activity=null display-area-token-from-option=DefaultTaskDisplayArea_d0@232835871 display-id=0 task-display-area-windowing-mode=1 suggested-display-area=DefaultTaskDisplayArea_d0@232835871
04-18 09:53:31.143  3518  3666 W ActivityStartInterceptor: Starting home with component specified, uid=0
