04-18 09:53:32.303  3518  5190 V WindowManager: TaskLaunchParamsModifier:phase=0 task=null activity=ActivityRecord{203111829 u0 com.google.android.youtube/com.google.android.apps.youtube.app.watchwhile.InternalMainActivity t-1} display-area-from-source=DefaultTaskDisplayArea_d0@232835871 display-id=0 task-display-area-windowing-mode=1 suggested-display-area=DefaultTaskDisplayArea_d0@232835871
04-18 09:53:32.303  3518  5190 V WindowManager: DesktopModeLaunchParamsModifier: phase= 3 task=Task{5f258af #170 type=standard A=10292:com.google.android.youtube} activity=ActivityRecord{203111829 u0 com.google.android.youtube/com.google.android.apps.youtube.app.watchwhile.InternalMainActivity t-1} display-area-from-source=DefaultTaskDisplayArea_d0@232835871 display-id=0 task-display-area-windowing-mode=1 suggested-display-area=DefaultTaskDisplayArea_d0@232835871 non-desktop, skipping
04-18 09:53:32.303  3518  5190 V WindowManager: TaskLaunchParamsModifier:phase=3 task=Task{5f258af #170 type=standard A=10292:com.google.android.youtube} activity=ActivityRecord{203111829 u0 com.google.android.youtube/com.google.android.apps.youtube.app.watchwhile.InternalMainActivity t-1} display-area-from-source=DefaultTaskDisplayArea_d0@232835871 display-id=0 task-display-area-windowing-mode=1 suggested-display-area=DefaultTaskDisplayArea_d0@232835871 inherit-from-source=fullscreen non-freeform-task-display-area display-area=DefaultTaskDisplayArea_d0@232835871 default-portrait freeform-size-mismatch=Rect(81, 570 - 999, 1740)
04-18 09:53:32.303  3518  5190 V WindowManager: DesktopModeLaunchParamsModifier: phase= 3 task=Task{5f258af #170 type=standard A=10292:com.google.android.youtube} activity=ActivityRecord{203111829 u0 com.google.android.youtube/com.google.android.apps.youtube.app.watchwhile.InternalMainActivity t-1} display-area-from-source=DefaultTaskDisplayArea_d0@232835871 display-id=0 task-display-area-windowing-mode=1 suggested-display-area=DefaultTaskDisplayArea_d0@232835871 non-desktop, skipping
04-18 09:53:32.303  3518  5190 V WindowManager: TaskLaunchParamsModifier:phase=3 task=Task{5f258af #170 type=standard A=10292:com.google.android.youtube} activity=ActivityRecord{203111829 u0 com.google.android.youtube/com.google.android.apps.youtube.app.watchwhile.InternalMainActivity t-1} display-area-from-source=DefaultTaskDisplayArea_d0@232835871 display-id=0 task-display-area-windowing-mode=1 suggested-display-area=DefaultTaskDisplayArea_d0@232835871 inherit-from-source=fullscreen non-freeform-task-display-area display-area=DefaultTaskDisplayArea_d0@232835871 default-portrait freeform-size-mismatch=Rect(81, 570 - 999, 1740)
04-18 09:53:32.303  3518  5190 V WindowManager: DesktopModeLaunchParamsModifier: phase= 3 task=Task{5f258af #170 type=standard A=10292:com.google.android.youtube} activity=ActivityRecord{203111829 u0 com.google.android.youtube/com.google.android.apps.youtube.app.watchwhile.InternalMainActivity t-1} display-area-from-source=DefaultTaskDisplayArea_d0@232835871 display-id=0 task-display-area-windowing-mode=1 suggested-display-area=DefaultTaskDisplayArea_d0@232835871 non-desktop, skipping
04-18 09:53:32.303  3518  5190 V WindowManager: TaskLaunchParamsModifier:phase=3 task=Task{5f258af #170 type=standard A=10292:com.google.android.youtube} activity=ActivityRecord{203111829 u0 com.google.android.youtube/com.google.android.apps.youtube.app.watchwhile.InternalMainActivity t-1} display-area-from-source=DefaultTaskDisplayArea_d0@232835871 display-id=0 task-display-area-windowing-mode=1 suggested-display-area=DefaultTaskDisplayArea_d0@232835871 inherit-from-source=fullscreen non-freeform-task-display-area display-area=DefaultTaskDisplayArea_d0@232835871 default-portrait freeform-size-mismatch=Rect(81, 570 - 999, 1740)
04-18 09:53:32.303  3518  5190 W PackageConfigPersister: App-specific configuration not found for packageName: com.google.android.youtube and userId: 0
04-18 09:53:32.304  2427  4142 I SurfaceFlinger: id=12031 createSurf, flag=84004, ActivityRecord{203111829 u0 com.google.android.youtube/com.google.android.apps.youtube.app.watchwhile.InternalMainActivity t170}#12031
04-18 09:53:32.304  3518  5190 W PackageConfigPersister: App-specific configuration not found for packageName: com.google.android.youtube and userId: 0
04-18 09:53:32.304  3518  5190 V WindowManager: Checking theme of starting window: 0x7f1508e6
04-18 09:53:32.304  3518  5190 V WindowManager: Translucent=false Floating=false ShowWallpaper=false Disable=false
04-18 09:53:32.304  3518  5190 D ActivityTaskManager: addStartingWindow: type=0 typeParameter=2c
04-18 09:53:32.304  3518  5190 V WindowManager: Moving existing starting Window{8702cc0 u0 Splash Screen com.google.android.youtube} from ActivityRecord{83118222 u0 com.google.android.youtube/.UrlActivity t170} to ActivityRecord{203111829 u0 com.google.android.youtube/com.google.android.apps.youtube.app.watchwhile.InternalMainActivity t170}
04-18 09:53:32.304  3518  5190 V WindowManager: Collecting in transition 996: ActivityRecord{83118222 u0 com.google.android.youtube/.UrlActivity t170}, caller=com.android.server.wm.TransitionController.collect:7 com.android.server.wm.ActivityRecord.transferStartingWindow:265 com.android.server.wm.ActivityRecord.addStartingWindow:792 com.android.server.wm.ActivityRecord.showStartingWindow:58 com.android.server.wm.Task.startActivityLocked:401 
04-18 09:53:32.304  3518  5190 D WindowManager: prepareSync <SYNC_STATE_WAITING_FOR_DRAW>, mPrepareSyncSeqId=0, win=Window{8702cc0 u0 Splash Screen com.google.android.youtube}
04-18 09:53:32.304  3518  5190 V WindowManager: Collecting in transition 996: Window{8702cc0 u0 Splash Screen com.google.android.youtube}, caller=com.android.server.wm.TransitionController.collect:7 com.android.server.wm.ActivityRecord.transferStartingWindow:270 com.android.server.wm.ActivityRecord.addStartingWindow:792 com.android.server.wm.ActivityRecord.showStartingWindow:58 com.android.server.wm.Task.startActivityLocked:401 
04-18 09:53:32.304  3518  5190 D ActivityTaskManager: scheduleTopResumedActivityChanged, onTop=false, r=ActivityRecord{83118222 u0 com.google.android.youtube/.UrlActivity t170}, caller=com.android.server.wm.ActivityTaskSupervisor.scheduleTopResumedActivityStateLossIfNeeded:19 com.android.server.wm.ActivityTaskSupervisor.updateTopResumedActivityIfNeeded:44 com.android.server.wm.TaskFragment.setResumedActivity:29 com.android.server.wm.ActivityRecord.setState:91 com.android.server.wm.TaskFragment.startPausing$1:231 com.android.server.wm.TaskFragment.resumeTopActivity:765 
04-18 09:53:32.304  3518  5190 V WindowManager: Collecting in transition 996: ActivityRecord{203111829 u0 com.google.android.youtube/com.google.android.apps.youtube.app.watchwhile.InternalMainActivity t170}, caller=com.android.server.wm.Transition.collectExistenceChange:40 com.android.server.wm.ActivityStarter.handleStartResult:742 com.android.server.wm.ActivityStarter.startActivityUnchecked:124 com.android.server.wm.ActivityStarter.executeRequest:3754 com.android.server.wm.ActivityStarter.execute:1751 
04-18 09:53:32.304  3518  5190 V WindowManager: Requesting StartTransition: TransitionRecord{b6bb94c id=996 type=OPEN flags=0x0 parallelCollectType=NONE recentsDisplayId=-1 c=[
04-18 09:53:32.304  3518  5190 V WindowManager:    ChangeInfo{f3f1e11 container=WindowedMagnification:0:31@50727657 flags=0x0}
04-18 09:53:32.304  3518  5190 V WindowManager:    ChangeInfo{b2f2b76 container=ActivityRecord{83118222 u0 com.google.android.youtube/.UrlActivity t170} flags=0x0}
04-18 09:53:32.304  3518  5190 V WindowManager:    ChangeInfo{597a577 container=Task{5f258af #170 type=standard A=10292:com.google.android.youtube} flags=0x0}
04-18 09:53:32.304  3518  5190 V WindowManager:    ChangeInfo{705e5e4 container=Window{8702cc0 u0 Splash Screen com.google.android.youtube} flags=0x0}
04-18 09:53:32.304  3518  5190 V WindowManager:    ChangeInfo{be68a4d container=Display{#0 state=ON size=1080x2340 ROTATION_0} flags=0x0}
04-18 09:53:32.304  3518  5190 V WindowManager:    ChangeInfo{3da8902 container=AppZoomOut:2:14@171890544 flags=0x0}
04-18 09:53:32.304  3518  5190 V WindowManager:    ChangeInfo{3572213 container=ActivityRecord{203111829 u0 com.google.android.youtube/com.google.android.apps.youtube.app.watchwhile.InternalMainActivity t170} flags=0x0}
04-18 09:53:32.304  3518  5190 V WindowManager:    ChangeInfo{62d7c50 container=DefaultTaskDisplayArea_d0@232835871 flags=0x0}
04-18 09:53:32.304  3518  5190 V WindowManager: ]
04-18 09:53:32.304  3518  5190 V WindowManager: }, caller=com.android.server.wm.ActivityStarter.handleStartResult:970 com.android.server.wm.ActivityStarter.startActivityUnchecked:124 com.android.server.wm.ActivityStarter.executeRequest:3754 com.android.server.wm.ActivityStarter.execute:1751 com.android.server.wm.ActivityTaskManagerService.startActivityAsUser:95 
04-18 09:53:32.304  3518  5190 W PackageConfigPersister: App-specific configuration not found for packageName: com.google.android.youtube and userId: 0
04-18 09:53:32.305  3518  5190 W PackageConfigPersister: App-specific configuration not found for packageName: com.google.android.youtube and userId: 0
04-18 09:53:32.305  3518  5190 W PackageConfigPersister: App-specific configuration not found for packageName: com.google.android.youtube and userId: 0
04-18 09:53:32.305  3518  5190 I Pageboost: stop alp
04-18 09:53:32.305  3518  5190 I ActivityTaskManager: START u0 {act=android.intent.action.VIEW dat=https://www.youtube.com/... flg=0x14000000 xflg=0x4 pkg=com.google.android.youtube cmp=com.google.android.youtube/com.google.android.apps.youtube.app.watchwhile.InternalMainActivity (has extras)} with LAUNCH_SINGLE_TOP from uid 10292 (com.google.android.youtube) (sr=83118222) (BAL_ALLOW_VISIBLE_WINDOW) result code=0
04-18 09:53:32.305  2427  2427 I SurfaceFlinger: [ActivityRecord{203111829 u0 com.google.android.youtube/com.google.android.apps.youtube.app.watchwhile.InternalMainActivity t170}#12031] attach to parent LayerHierarchy{RequestedLayerState{Task=170#12023 parentId=12027 z=7} 2 children}
04-18 09:53:32.305  5098  5136 V WindowManagerShell: Transition requested (#996): android.os.BinderProxy@b72a2da TransitionRequestInfo { type = OPEN, triggerTask = TaskInfo{userId=0 taskId=170 effectiveUid=10292 displayId=0 isRunning=true baseIntent=Intent { act=android.intent.action.VIEW dat=https://www.youtube.com/... flg=0x10000000 pkg=com.google.android.youtube cmp=com.google.android.youtube/.UrlActivity } baseActivity=ComponentInfo{com.google.android.youtube/com.google.android.apps.youtube.app.application.Shell_UrlActivity} topActivity=ComponentInfo{com.google.android.youtube/com.google.android.apps.youtube.app.watchwhile.MainActivity} origActivity=ComponentInfo{com.google.android.youtube/com.google.android.youtube.UrlActivity} realActivity=ComponentInfo{com.google.android.youtube/com.google.android.apps.youtube.app.application.Shell_UrlActivity} numActivities=2 lastActiveTime=1388657389 supportsMultiWindow=true resizeMode=1 isResizeable=true minWidth=-1 minHeight=-1 maxWidth=-1 maxHeight=-1 defaultMinSize=220 desktopDefaultMinSize=304 token=WCT{android.os.BinderProxy@22ef61f} topActivityType=1 pictureInPictureParams=null shouldDockBigOverlays=false launchIntoPipHostTaskId=-1 lastParentTaskIdBeforePip=-1 displayCutoutSafeInsets=Rect(0, 0 - 0, 0) topActivityInfo=ActivityInfo{c09f30b com.google.android.apps.youtube.app.watchwhile.InternalMainActivity} launchCookies=[] positionInParent=Point(0, 0) parentTaskId=-1 isFocused=true isVisible=true isVisibleRequested=true isTopActivityNoDisplay=false isSleeping=false locusId=null displayAreaFeatureId=1 isTopActivityTransparent=false isActivityStackTransparent=false lastNonFullscreenBounds=Rect(81, 570 - 999, 1740) capturedLink=null capturedLinkTimestamp=0 requestedVisibleTypes=503 topActivityRequestOpenInBrowserEducationTimestamp=0 appCompatTaskInfo=AppCompatTaskInfo { topActivityInSizeCompat=false isLeafTask= true eligibleForLetterboxEducation= false isLetterboxEducationEnabled= false isLetterboxDoubleTapEnabled= false eligibleForUserAspectRatioButton= false topActivityBoundsLetterboxed= false isFromLetterboxDoubleTap= false topActivityLetterboxVerticalPosition= -1 topActivityLetterboxHorizontalPosition= -1 topActivityLetterboxWidth=-1 topActivityLetterboxHeight=-1 topActivityAppBounds=Rect(0, 0 - 1080, 2340) isUserFullscreenOverrideEnabled=false isSystemFullscreenOverrideEnabled=false hasMinAspectRatioOverride=false topActivityLetterboxBounds=null cameraCompatTaskInfo=CameraCompatTaskInfo { cameraCompatMode=undefinedundefined} topActivityBounds=null topActivityInDisplayCompat=false showForceRotationButton=false forceRotationButtonState=0 singleTapFromLetterbox=false topNonResizableActivityAspectRatio=-1.0} topActivityMainWindowFrame=null originallySupportedMultiWindow=true hasWallpaper=false rootAffinity=10292:com.google.android.youtube isTopTaskInStage=false CoverLauncherWidgetTask=false LaunchedFromAppsCoverLauncherTask=false LaunchedFromMultistarCoverLauncherTask=false isAllowedSeamlessRotation=false isTopTransparentActivity=false isAliasManaged=false hasConfigChanged=false isAiKeyRemoveAppTask=false lastDesktopWindowingBounds=null lastExternalDesktopWindowingBounds=nullisPackageNightModeActive=true safeCutoutInsets=null isAppBubble=false}, pipChange = null, remoteTransition = null, displayChange = null, requestedLocation = null, userChange = null, windowingLayerChange = null, flags = 0, debugId = 996 }
04-18 09:53:32.305  5098  5136 D ShellSplitScreen: logExit: no-op, mLoggerSessionId is null
04-18 09:53:32.305  5098  5136 D ShellDesktopMode: handleRequest: TransitionRequestInfo {type=1, tid=170, debugId=996}
04-18 09:53:32.305  3518  3574 W system_server: Missing inline cache for boolean com.android.server.wm.RootWindowContainer$FindTaskResult.test(java.lang.Object)
04-18 09:53:32.305  3518  3574 W system_server: Missing inline cache for boolean com.android.server.wm.RootWindowContainer$FindTaskResult.test(java.lang.Object)
04-18 09:53:32.305  3518  3574 W system_server: Missing inline cache for boolean com.android.server.wm.RootWindowContainer$FindTaskResult.test(java.lang.Object)
04-18 09:53:32.305  3518  3574 W system_server: Missing inline cache for boolean com.android.server.wm.RootWindowContainer$FindTaskResult.test(java.lang.Object)
04-18 09:53:32.305  5098  5136 V ShellDesktopMode: DesktopTasksController: skipping handleRequest reason=triggerTask's display doesn't support desktop mode
04-18 09:53:32.305  6003  6003 E pageboostd: Received HALT command code 2
04-18 09:53:32.305  3518  7417 V WindowManager: Collecting in transition 996: ActivityRecord{83118222 u0 com.google.android.youtube/.UrlActivity t170 f}}, caller=com.android.server.wm.Transition.collectExistenceChange:40 com.android.server.wm.ActivityRecord.finishIfPossible:62 com.android.server.wm.ActivityClientController.finishActivity:268 android.app.IActivityClientController$Stub.onTransact:929 com.android.server.wm.ActivityClientController.onTransact:1 
04-18 09:53:32.306  3518  7417 V WindowManager: Collecting in transition 996: ActivityRecord{83118222 u0 com.google.android.youtube/.UrlActivity t170 f}}, caller=com.android.server.wm.TransitionController.collect:7 com.android.server.wm.ActivityRecord.setVisibility:132 com.android.server.wm.ActivityRecord.finishIfPossible:89 com.android.server.wm.ActivityClientController.finishActivity:268 android.app.IActivityClientController$Stub.onTransact:929 
04-18 09:53:32.306  3518  3574 W system_server: Missing inline cache for boolean com.android.server.wm.RootWindowContainer$FindTaskResult.test(java.lang.Object)
04-18 09:53:32.306  3518  3574 W system_server: Missing inline cache for boolean com.android.server.wm.RootWindowContainer$FindTaskResult.test(java.lang.Object)
04-18 09:53:32.306  3518  3574 W system_server: Missing inline cache for boolean com.android.server.wm.RootWindowContainer$FindTaskResult.test(java.lang.Object)
04-18 09:53:32.306  3518  5897 V WindowManager: Starting Transition 996, caller=com.android.server.wm.WindowOrganizerController.startTransition:43 com.android.server.wm.WindowOrganizerController.startTransition:1 android.window.IWindowOrganizerController$Stub.onTransact:268 
04-18 09:53:32.306 16727 16727 D CompatChangeReporter: Compat change id reported: 377864165; UID 10292; state: ENABLED
04-18 09:53:32.307 16727 16727 D DesktopModeFlags: Toggle override initialized to: OVERRIDE_UNSET
04-18 09:53:32.308 16727 16727 I DecorView: setWindowBackground: isPopOver=false color=ff010102 d=android.graphics.drawable.LayerDrawable@bd324ad
04-18 09:53:32.310  3518  5197 V WindowManager: rotationForOrientation(orient=SCREEN_ORIENTATION_UNSPECIFIED (-1), last=ROTATION_0 (0)); user=ROTATION_0 (0) 
04-18 09:53:32.310  3518  5197 D WindowManager: rotationForOrientation, orientationSource=ActivityRecord{203111829 u0 com.google.android.youtube/com.google.android.apps.youtube.app.watchwhile.InternalMainActivity t170}
04-18 09:53:32.310  6799 18790 I FASProvider: makeValuesForFasUpdate contentValues = package_name=com.google.android.youtube extras=0 reason=deleted_from_mars_auto disableReason=deleted_from_mars_auto disableResetTime=1776473612310 uid=10292 mode=0 level=1 resetTime=0
04-18 09:53:32.310  3518  5197 V WindowManager: Computed rotation=ROTATION_0 (0) for display id=0 based on lastOrientation=SCREEN_ORIENTATION_UNSPECIFIED (-1) and oldRotation=ROTATION_0 (0), caller=com.android.server.wm.DisplayRotation.updateOrientation:86 com.android.server.wm.DisplayContent.updateOrientation:41 com.android.server.wm.DisplayContent.updateOrientationAndComputeConfig:43 com.android.server.wm.RootWindowContainer.ensureVisibilityAndConfig:7 com.android.server.wm.ActivityTaskSupervisor.realStartActivityLocked:182 com.android.server.wm.ActivityTaskSupervisor.startSpecificActivity:27 
04-18 09:53:32.310  3518  5197 W PackageConfigPersister: App-specific configuration not found for packageName: com.google.android.youtube and userId: 0
04-18 09:53:32.310  3518  5197 D SGM:FgCheckThread: notifyAppCreated(), packageName: com.google.android.youtube, userId: 0, sendRet: true
04-18 09:53:32.310  3518  5197 D InputDispatcher: Focused application(0): ActivityRecord{203111829 u0 com.google.android.youtube/com.google.android.apps.youtube.app.watchwhile.InternalMainActivity t170}
04-18 09:53:32.310  3518  5197 D BLASTSyncEngine: SyncGroup 996: Set ready true, caller=com.android.server.wm.BLASTSyncEngine.setReady:31 com.android.server.wm.Transition.applyReady:48 com.android.server.wm.Transition$ReadyCondition.meet:190 com.android.server.wm.Transition$ReadyTrackerOld.checkReady:22 com.android.server.wm.Transition.setReady:73 com.android.server.wm.TransitionController.setReady:6 
04-18 09:53:32.310  3518  5197 D WindowManagerServiceExt: updateTaskbarTargetIfNeeded: cn=ComponentInfo{com.google.android.youtube/com.google.android.apps.youtube.app.watchwhile.InternalMainActivity} occludesParent=true isInSplitScreenMode=false
04-18 09:53:32.311  3518  5197 D ActivityTaskManager: scheduleTopResumedActivityChanged, onTop=true, r=ActivityRecord{203111829 u0 com.google.android.youtube/com.google.android.apps.youtube.app.watchwhile.InternalMainActivity t170}, caller=com.android.server.wm.ActivityTaskSupervisor.scheduleTopResumedActivityStateIfNeeded:18 com.android.server.wm.ActivityTaskSupervisor.handleTopResumedStateReleasedIfNeeded:57 com.android.server.wm.ActivityRecord.activityPaused:94 com.android.server.wm.ActivityClientController.activityPaused:26 android.app.IActivityClientController$Stub.onTransact:812 com.android.server.wm.ActivityClientController.onTransact:1 
04-18 09:53:32.311  3518  4036 D SGM:FgCheckThread: onLooperPrepared(), msg: MSG_APP_CREATE, pkgName: com.google.android.youtube, userId: 0
04-18 09:53:32.311  3518  5197 V WindowManager: SyncGroup 996: Finished!
04-18 09:53:32.311  3518  5197 D ChangeTransitionController: onTransactionReady: TransitionRecord{b6bb94c id=996 type=OPEN flags=0x0 parallelCollectType=NONE recentsDisplayId=-1 overrideAnimOptions={t=CUSTOM enterResId=17432576 changeResId=0 exitResId=17432577 mUserId=0} c=[
04-18 09:53:32.311  3518  5197 D ChangeTransitionController:    ChangeInfo{f3f1e11 container=WindowedMagnification:0:31@50727657 flags=0x0}
04-18 09:53:32.311  3518  5197 D ChangeTransitionController:    ChangeInfo{b2f2b76 container=ActivityRecord{83118222 u0 com.google.android.youtube/.UrlActivity t170 f}} flags=0x0}
04-18 09:53:32.311  3518  5197 D ChangeTransitionController:    ChangeInfo{597a577 container=Task{5f258af #170 type=standard A=10292:com.google.android.youtube} flags=0x0}
04-18 09:53:32.311  3518  5197 D ChangeTransitionController:    ChangeInfo{705e5e4 container=Window{8702cc0 u0 Splash Screen com.google.android.youtube} flags=0x0}
04-18 09:53:32.311  3518  5197 D ChangeTransitionController:    ChangeInfo{be68a4d container=Display{#0 state=ON size=1080x2340 ROTATION_0} flags=0x0}
04-18 09:53:32.311  3518  5197 D ChangeTransitionController:    ChangeInfo{3da8902 container=AppZoomOut:2:14@171890544 flags=0x0}
04-18 09:53:32.311  3518  5197 D ChangeTransitionController:    ChangeInfo{3572213 container=ActivityRecord{203111829 u0 com.google.android.youtube/com.google.android.apps.youtube.app.watchwhile.InternalMainActivity t170} flags=0x0}
04-18 09:53:32.311  3518  5197 D ChangeTransitionController:    ChangeInfo{62d7c50 container=DefaultTaskDisplayArea_d0@232835871 flags=0x0}
04-18 09:53:32.311  3518  5197 D ChangeTransitionController: ]
04-18 09:53:32.311  3518  5197 D ChangeTransitionController: }
04-18 09:53:32.311  3518  5197 V WindowManager: Start calculating TransitionInfo based on participants: {ActivityRecord{83118222 u0 com.google.android.youtube/.UrlActivity t170 f}}, Window{8702cc0 u0 Splash Screen com.google.android.youtube}, ActivityRecord{203111829 u0 com.google.android.youtube/com.google.android.apps.youtube.app.watchwhile.InternalMainActivity t170}}
04-18 09:53:32.311  3518  5197 V WindowManager:   Final targets: [ChangeInfo{3572213 container=ActivityRecord{203111829 u0 com.google.android.youtube/com.google.android.apps.youtube.app.watchwhile.InternalMainActivity t170} flags=0x0}, ChangeInfo{b2f2b76 container=ActivityRecord{83118222 u0 com.google.android.youtube/.UrlActivity t170 f}} flags=0x0}]
04-18 09:53:32.311  3518  4940 D BackgroundInstallControlService: Package event received: 0
04-18 09:53:32.311  2427  3133 I SurfaceFlinger: id=12032 createSurf, flag=84004, Transition Root: ActivityRecord{203111829 u0 com.google.android.youtube/com.google.android.apps.youtube.app.watchwhile.InternalMainActivity t170}#12032
04-18 09:53:32.311  3518  5197 I SurfaceControlRegistry: show, t=StartTransaction_SyncId<996> sc=ActivityRecord{203111829 u0 com.google.android.youtube/com.google.android.apps.youtube.app.watchwhile.InternalMainActivity t170}#12031, caller=android.view.SurfaceControl$Transaction.show:3676 com.android.server.wm.Transition.onTransactionReady:2236 com.android.server.wm.BLASTSyncEngine$SyncGroup.finishNow:261 com.android.server.wm.BLASTSyncEngine.onSurfacePlacement:263 com.android.server.wm.RootWindowContainer.performSurfacePlacement:1105 com.android.server.wm.WindowSurfacePlacer.performSurfacePlacement:163 
04-18 09:53:32.311  3518  4940 D BackgroundInstallControlService: Package event received: 0
04-18 09:53:32.311  3518  5197 V WindowManager: Calling onTransitionReady: {id=996 t=OPEN f=0x0 trk=0 r=[0@Point(0, 0)] c=[
04-18 09:53:32.311  3518  5197 V WindowManager:         {m=OPEN f=STARTING_WINDOW_TRANSFER|FILLS_TASK|IS_BEHIND_STARTING_WINDOW|IS_ACTIVITY leash=Surface(name=ActivityRecord{203111829 u0 com.google.android.youtube/com.google.android.apps.youtube.app.watchwhile.InternalMainActivity t170}#12031)/@0xabba0bd sb=Rect(0, 0 - 0, 0) eb=Rect(0, 0 - 1080, 2340) epz=Point(1080, 2340) d=-1->0 r=-1->0:-1 activity=ActivityTransitionInfo { component = ComponentInfo{com.google.android.youtube/com.google.android.apps.youtube.app.watchwhile.MainActivity}, taskId = 170, appCompatTransitionInfo = null } opt={t=CUSTOM enterResId=17432576 changeResId=0 exitResId=17432577 mUserId=0} inset=Rect(0, 0 - 0, 0) dim=true taskIdForActivity=170},
04-18 09:53:32.311  3518  5197 V WindowManager:         {m=CLOSE f=FILLS_TASK|IS_BEHIND_STARTING_WINDOW|IS_OCCLUDED|IS_ACTIVITY|EDGE_EXTENSION_RESTRICTION leash=Surface(name=ActivityRecord{83118222 u0 com.google.android.youtube/.UrlActivity t170}#12024)/@0x3a09014 sb=Rect(0, 0 - 1080, 2340) eb=Rect(0, 0 - 1080, 2340) epz=Point(1080, 2340) d=0 activity=ActivityTransitionInfo { component = ComponentInfo{com.google.android.youtube/com.google.android.apps.youtube.app.application.Shell_UrlActivity}, taskId = 170, appCompatTransitionInfo = null } opt={t=CUSTOM enterResId=17432576 changeResId=0 exitResId=17432577 mUserId=0} inset=Rect(0, 0 - 0, 0) dim=true taskIdForActivity=170}
04-18 09:53:32.311  3518  5197 V WindowManager:     ]}
04-18 09:53:32.312  3518  5197 W WindowManager: Failed to take screenshot. No visible windows for ActivityRecord{83118222 u0 com.google.android.youtube/.UrlActivity t170 f}}
04-18 09:53:32.312 16113 16120 D PipelineWatcher: onInputBufferReleased: frameIndex not found (8); ignored
04-18 09:53:32.312  3518  5190 D GraphicsStatsService: requestRenderEngineFor(com.google.android.youtube)
04-18 09:53:32.312 16727 16727 D ActivityThread: com.google.android.youtube will use render engine as VK
04-18 09:53:32.312  3518  3668 W PackageConfigPersister: App-specific configuration not found for packageName: com.google.android.youtube and userId: 0
04-18 09:53:32.312  3518  7417 W PackageConfigPersister: App-specific configuration not found for packageName: com.google.android.youtube and userId: 0
04-18 09:53:32.312  3518  3668 D SGM:FgCheckThread: notePauseComponent(), received pkgName: com.google.android.youtube, userId: 0
04-18 09:53:32.313  3518  3665 V WindowManager: Sent Transition (#996) createdAt=04-18 09:53:32.303 via request=TransitionRequestInfo { type = OPEN, triggerTask = TaskInfo{userId=0 taskId=170 effectiveUid=10292 displayId=0 isRunning=true baseIntent=Intent { act=android.intent.action.VIEW dat=https://www.youtube.com/... flg=0x10000000 pkg=com.google.android.youtube cmp=com.google.android.youtube/.UrlActivity } baseActivity=ComponentInfo{com.google.android.youtube/com.google.android.apps.youtube.app.application.Shell_UrlActivity} topActivity=ComponentInfo{com.google.android.youtube/com.google.android.apps.youtube.app.watchwhile.MainActivity} origActivity=ComponentInfo{com.google.android.youtube/com.google.android.youtube.UrlActivity} realActivity=ComponentInfo{com.google.android.youtube/com.google.android.apps.youtube.app.application.Shell_UrlActivity} numActivities=2 lastActiveTime=1388657389 supportsMultiWindow=true resizeMode=1 isResizeable=true minWidth=-1 minHeight=-1 maxWidth=-1 maxHeight=-1 defaultMinSize=220 desktopDefaultMinSize=304 token=WCT{RemoteToken{c7390ab Task{5f258af #170 type=standard A=10292:com.google.android.youtube}}} topActivityType=1 pictureInPictureParams=null shouldDockBigOverlays=false launchIntoPipHostTaskId=-1 lastParentTaskIdBeforePip=-1 displayCutoutSafeInsets=Rect(0, 0 - 0, 0) topActivityInfo=ActivityInfo{c068bb9 com.google.android.apps.youtube.app.watchwhile.InternalMainActivity} launchCookies=[] positionInParent=Point(0, 0) parentTaskId=-1 isFocused=true isVisible=true isVisibleRequested=true isTopActivityNoDisplay=false isSleeping=false locusId=null displayAreaFeatureId=1 isTopActivityTransparent=false isActivityStackTransparent=false lastNonFullscreenBounds=Rect(81, 570 - 999, 1740) capturedLink=null capturedLinkTimestamp=0 requestedVisibleTypes=503 topActivityRequestOpenInBrowserEducationTimestamp=0 appCompatTaskInfo=AppCompatTaskInfo { topActivityInSizeCompat=false isLeafTask= true eligibleForLetterboxEducation= false isLetterboxEducationEnabled= false isLetterboxDoubleTapEnabled= false eligibleForUserAspectRatioButton= false topActivityBoundsLetterboxed= false isFromLetterboxDoubleTap= false topActivityLetterboxVerticalPosition= -1 topActivityLetterboxHorizontalPosition= -1 topActivityLetterboxWidth=-1 topActivityLetterboxHeight=-1 topActivityAppBounds=Rect(0, 0 - 1080, 2340) isUserFullscreenOverrideEnabled=false isSystemFullscreenOverrideEnabled=false hasMinAspectRatioOverride=false topActivityLetterboxBounds=null cameraCompatTaskInfo=CameraCompatTaskInfo { cameraCompatMode=undefinedundefined} topActivityBounds=null topActivityInDisplayCompat=false showForceRotationButton=false forceRotationButtonState=0 singleTapFromLetterbox=false topNonResizableActivityAspectRatio=-1.0} topActivityMainWindowFrame=null originallySupportedMultiWindow=true hasWallpaper=false rootAffinity=10292:com.google.android.youtube isTopTaskInStage=false CoverLauncherWidgetTask=false LaunchedFromAppsCoverLauncherTask=false LaunchedFromMultistarCoverLauncherTask=false isAllowedSeamlessRotation=false isTopTransparentActivity=false isAliasManaged=false hasConfigChanged=false isAiKeyRemoveAppTask=false lastDesktopWindowingBounds=null lastExternalDesktopWindowingBounds=nullisPackageNightModeActive=true safeCutoutInsets=null isAppBubble=false}, pipChange = null, remoteTransition = null, displayChange = null, requestedLocation = null, userChange = null, windowingLayerChange = null, flags = 0, debugId = 996 }
04-18 09:53:32.313  3518  3665 V WindowManager:     startWCT=WindowContainerTransaction { changes= {} hops= [] errorCallbackToken=null taskFragmentOrganizer=null }
04-18 09:53:32.313  3518  4928 I CocktailBarManagerServiceContainer: handleMessage: entry what = 6
04-18 09:53:32.313  3518  3665 V WindowManager:     info={id=996 t=OPEN f=0x0 trk=0 r=[0@Point(0, 0)] c=[
04-18 09:53:32.313  3518  3665 V WindowManager:         {m=OPEN f=STARTING_WINDOW_TRANSFER|FILLS_TASK|IS_BEHIND_STARTING_WINDOW|IS_ACTIVITY leash=Surface(name=ActivityRecord{203111829 u0 com.google.android.youtube/com.google.android.apps.youtube.app.watchwhile.InternalMainActivity t170}#12031)/@0xabba0bd sb=Rect(0, 0 - 0, 0) eb=Rect(0, 0 - 1080, 2340) epz=Point(1080, 2340) d=-1->0 r=-1->0:-1 activity=ActivityTransitionInfo { component = ComponentInfo{com.google.android.youtube/com.google.android.apps.youtube.app.watchwhile.MainActivity}, taskId = 170, appCompatTransitionInfo = null } opt={t=CUSTOM enterResId=17432576 changeResId=0 exitResId=17432577 mUserId=0} inset=Rect(0, 0 - 0, 0) dim=true taskIdForActivity=170},
04-18 09:53:32.313  3518  3665 V WindowManager:         {m=CLOSE f=FILLS_TASK|IS_BEHIND_STARTING_WINDOW|IS_OCCLUDED|IS_ACTIVITY|EDGE_EXTENSION_RESTRICTION leash=Surface(name=ActivityRecord{83118222 u0 com.google.android.youtube/.UrlActivity t170}#12024)/@0x3a09014 sb=Rect(0, 0 - 1080, 2340) eb=Rect(0, 0 - 1080, 2340) epz=Point(1080, 2340) d=0 activity=ActivityTransitionInfo { component = ComponentInfo{com.google.android.youtube/com.google.android.apps.youtube.app.application.Shell_UrlActivity}, taskId = 170, appCompatTransitionInfo = null } opt={t=CUSTOM enterResId=17432576 changeResId=0 exitResId=17432577 mUserId=0} inset=Rect(0, 0 - 0, 0) dim=true taskIdForActivity=170}
04-18 09:53:32.313  3518  3665 V WindowManager:     ]}
04-18 09:53:32.313  2427  2427 I SurfaceFlinger: [Transition Root: ActivityRecord{203111829 u0 com.google.android.youtube/com.google.android.apps.youtube.app.watchwhile.InternalMainActivity t170}#12032] attach to parent LayerHierarchy{RequestedLayerState{Task=170#12023 parentId=12027 z=7} 3 children}
04-18 09:53:32.313 16113 16120 D PipelineWatcher: onInputBufferReleased: frameIndex not found (9); ignored
04-18 09:53:32.313  3518  5181 W PackageConfigPersister: App-specific configuration not found for packageName: com.google.android.youtube and userId: 0
04-18 09:53:32.314  2427  3133 I SurfaceFlinger: id=12033 createSurf, flag=84000, fc857f ActivityRecordInputSink com.google.android.youtube/com.google.android.apps.youtube.app.watchwhile.MainActivity#12033
04-18 09:53:32.314  3518  4940 D BackgroundInstallControlService: Package event received: 0
04-18 09:53:32.314  3518  3669 W PackageConfigPersister: App-specific configuration not found for packageName: com.google.android.youtube and userId: 0
04-18 09:53:32.314  3518  3668 W PackageConfigPersister: App-specific configuration not found for packageName: com.google.android.youtube and userId: 0
04-18 09:53:32.314  3518  3668 W PackageConfigPersister: App-specific configuration not found for packageName: com.google.android.youtube and userId: 0
04-18 09:53:32.314  3518  3668 D SGM:FgCheckThread: noteResumeComponent(), received pkgName: com.google.android.youtube, userId: 0
04-18 09:53:32.314  3518  4036 D SGM:FgCheckThread: onLooperPrepared(), msg: MSG_APP_RESUME, pkgName: com.google.android.youtube, userid: 0
04-18 09:53:32.314  6799 18790 I SDHMS:k : handleResumeComponent : put = com.google.android.youtube, userid = 0 instanceid =177917610
04-18 09:53:32.315  3518  4036 D SGM:FgCheckThread: handleResume().
04-18 09:53:32.315  3518  4036 D SGM:FgCheckThread:   handleResume(). pkgName: com.google.android.youtube, userId: 0, category: non-game
04-18 09:53:32.315  3518  4036 D SGM:FgCheckThread: notifyFocusInOut(). of pkg: com.google.android.youtube, type: 4, isSecGameFamily: false, userId: 0
04-18 09:53:32.315  3518  4036 D SGM:FgCheckThread:   notifyFocusInOut(). do nothing
04-18 09:53:32.315  3518  4036 D SGM:SystemHelper: callReleaseBlock needReleaseBlock:false
04-18 09:53:32.315  5098  5210 V WindowManagerShell: onTransitionReady(transaction=15109696594635)
04-18 09:53:32.315  5827  5910 D PipelineWatcher: onInputBufferReleased: frameIndex not found (6191); ignored
04-18 09:53:32.315  3518  3668 W PackageConfigPersister: App-specific configuration not found for packageName: com.google.android.youtube and userId: 0
04-18 09:53:32.315  5827  5910 D PipelineWatcher: onInputBufferReleased: frameIndex not found (6192); ignored
04-18 09:53:32.315  3518  3668 W PackageConfigPersister: App-specific configuration not found for packageName: com.google.android.youtube and userId: 0
04-18 09:53:32.315  3518  4928 I CocktailBarManagerServiceContainer: handleMessage: entry what = 5
04-18 09:53:32.315  5098  5136 V WindowManagerShell: onTransitionReady (#996) android.os.BinderProxy@b72a2da: {id=996 t=OPEN f=0x0 trk=0 r=[0@Point(0, 0)] c=[
04-18 09:53:32.315  5098  5136 V WindowManagerShell:         {m=OPEN f=STARTING_WINDOW_TRANSFER|FILLS_TASK|IS_BEHIND_STARTING_WINDOW|IS_ACTIVITY leash=Surface(name=ActivityRecord{203111829 u0 com.google.android.youtube/com.google.android.apps.youtube.app.watchwhile.InternalMainActivity t170}#12031)/@0xdcc05e8 sb=Rect(0, 0 - 0, 0) eb=Rect(0, 0 - 1080, 2340) epz=Point(1080, 2340) d=-1->0 r=-1->0:-1 activity=ActivityTransitionInfo { component = ComponentInfo{com.google.android.youtube/com.google.android.apps.youtube.app.watchwhile.MainActivity}, taskId = 170, appCompatTransitionInfo = null } opt={t=CUSTOM enterResId=17432576 changeResId=0 exitResId=17432577 mUserId=0} inset=Rect(0, 0 - 0, 0) dim=true taskIdForActivity=170},
04-18 09:53:32.315  5098  5136 V WindowManagerShell:         {m=CLOSE f=FILLS_TASK|IS_BEHIND_STARTING_WINDOW|IS_OCCLUDED|IS_ACTIVITY|EDGE_EXTENSION_RESTRICTION leash=Surface(name=ActivityRecord{83118222 u0 com.google.android.youtube/.UrlActivity t170}#12024)/@0x31b6401 sb=Rect(0, 0 - 1080, 2340) eb=Rect(0, 0 - 1080, 2340) epz=Point(1080, 2340) d=0 activity=ActivityTransitionInfo { component = ComponentInfo{com.google.android.youtube/com.google.android.apps.youtube.app.application.Shell_UrlActivity}, taskId = 170, appCompatTransitionInfo = null } opt={t=CUSTOM enterResId=17432576 changeResId=0 exitResId=17432577 mUserId=0} inset=Rect(0, 0 - 0, 0) dim=true taskIdForActivity=170}
04-18 09:53:32.315  5098  5136 V WindowManagerShell:     ]}
04-18 09:53:32.315  5098  5136 V ShellDesktopMode: DesktopModeLogger: taskInfo map after processing changes 0
04-18 09:53:32.315  5098  5136 V WindowManagerShell: Non-visible anim so abort: (#996) android.os.BinderProxy@b72a2da@0
04-18 09:53:32.315  3518  4940 D BackgroundInstallControlService: Package event received: 0
04-18 09:53:32.315  5098  5136 V WindowManagerShell: Transition was merged: (#996) android.os.BinderProxy@b72a2da@0 into (#995) android.os.BinderProxy@35435be@0
04-18 09:53:32.316  7857  7857 I HoneySpace.EdgePanel.CocktailHostRepositoryImpl: onNoteResume
04-18 09:53:32.316  7857  7857 I HoneySpace.EdgePanel.EdgePanelContainerViewModel: cocktailHostRepository.edgePanelOperation NoteResumeComponent(componentName=ComponentInfo{com.google.android.youtube/com.google.android.apps.youtube.app.watchwhile.MainActivity})
04-18 09:53:32.316  7857  7857 I HoneySpace.EdgePanel.ActivityUtils: HomePackage : com.sec.android.app.launcher, resumePackageName : com.google.android.youtube, className : com.google.android.apps.youtube.app.watchwhile.MainActivity
04-18 09:53:32.317  3518  7417 W PackageConfigPersister: App-specific configuration not found for packageName: com.google.android.youtube and userId: 0
04-18 09:53:32.321  2427  2427 I SurfaceFlinger: [fc857f ActivityRecordInputSink com.google.android.youtube/com.google.android.apps.youtube.app.watchwhile.MainActivity#12033] attach to parent LayerHierarchy{RequestedLayerState{ActivityRecord{203111829 u0 com.google.android.youtube/com.google.android.apps.youtube.app.watchwhile.InternalMainActivity t170}#12031 parentId=12023} 1 children}
04-18 09:53:32.326 16113 16156 D PipelineWatcher: onInputBufferReleased: frameIndex not found (10); ignored
04-18 09:53:32.327  5827  5846 D PipelineWatcher: onInputBufferReleased: frameIndex not found (6193); ignored
04-18 09:53:32.327 16113 16156 D PipelineWatcher: onInputBufferReleased: frameIndex not found (11); ignored
04-18 09:53:32.328  5827  5910 D PipelineWatcher: onInputBufferReleased: frameIndex not found (6194); ignored
04-18 09:53:32.337  3962  3962 I bvhy    : onPause
04-18 09:53:32.340 16727 16727 I DecorView: setWindowBackground: isPopOver=false color=ff0f0f0f d=android.graphics.drawable.ColorDrawable@4f51c2f
04-18 09:53:32.340 16727 16727 I DecorView: setWindowBackground: isPopOver=false color=ff010102 d=null
04-18 09:53:32.341 16113 16156 D PipelineWatcher: onInputBufferReleased: frameIndex not found (12); ignored
04-18 09:53:32.342  5827  5910 D PipelineWatcher: onInputBufferReleased: frameIndex not found (6195); ignored
04-18 09:53:32.343 16113 16156 D PipelineWatcher: onInputBufferReleased: frameIndex not found (13); ignored
04-18 09:53:32.343 16727 16727 I WindowExtensionsImpl: Initializing Window Extensions, vendor API level=9, activity embedding enabled=true
04-18 09:53:32.344  5827  5910 D PipelineWatcher: onInputBufferReleased: frameIndex not found (6196); ignored
04-18 09:53:32.358 16113 16156 D PipelineWatcher: onInputBufferReleased: frameIndex not found (14); ignored
04-18 09:53:32.359  5827  5910 D PipelineWatcher: onInputBufferReleased: frameIndex not found (6197); ignored
04-18 09:53:32.359  3518  5181 I BatteryService_BatteryPropertiesRegistrar: [getProperty]id:4
04-18 09:53:32.359  3518  5181 I BatteryService_BatteryPropertiesRegistrar: [getProperty]prop.long:-9223372036854775808 ,prop.string:null
04-18 09:53:32.359 16113 16156 D PipelineWatcher: onInputBufferReleased: frameIndex not found (15); ignored
04-18 09:53:32.360  5827  5910 D PipelineWatcher: onInputBufferReleased: frameIndex not found (6198); ignored
04-18 09:53:32.361  3518  5547 W PackageConfigPersister: App-specific configuration not found for packageName: com.google.android.youtube and userId: 0
04-18 09:53:32.369  1216  1218 D io_stats: !@ cpu-boost: status(ON), traffic_level(2), io_cpus(0xff), boosted_cpus(0xff), set_freq(2000000)
04-18 09:53:32.372  3518  4888 W PackageConfigPersister: App-specific configuration not found for packageName: com.google.android.youtube and userId: 0
04-18 09:53:32.372  3518  4888 W PackageConfigPersister: App-specific configuration not found for packageName: com.google.android.youtube and userId: 0
04-18 09:53:32.372  3518  4888 D MdnieScenarioControlService:  packageName : com.google.android.youtube    className : com.google.android.apps.youtube.app.watchwhile.MainActivity
04-18 09:53:32.374  3518  5547 W DisplayManagerService: Permission Denial: getWifiDisplayStatus() from pid=16727, uid=10292 requires android.permission.CONFIGURE_WIFI_DISPLAY
04-18 09:53:32.376  3518  5190 D MediaRouterService: Client com.google.android.youtube (pid 16727): Registered
04-18 09:53:32.376 16727 16727 V MediaRouter: Selecting route: RouteInfo{ name=휴대전화, description=null, status=null, category=RouteCategory{ name=시스템 types=ROUTE_TYPE_LIVE_AUDIO ROUTE_TYPE_LIVE_VIDEO  groupable=false }, supportedTypes=ROUTE_TYPE_LIVE_AUDIO ROUTE_TYPE_LIVE_VIDEO , presentationDisplay=null }
04-18 09:53:32.376 16727 16727 I MediaRouter: Skip setBluetoothA2dpOn(): types=8388615, isPlaybackActive()=false, BT route=null
04-18 09:53:32.376  3518  7417 W DisplayManagerService: Permission Denial: getWifiDisplayStatus() from pid=16727, uid=10292 requires android.permission.CONFIGURE_WIFI_DISPLAY
04-18 09:53:32.377 16113 16156 D PipelineWatcher: onInputBufferReleased: frameIndex not found (16); ignored
04-18 09:53:32.378  5827  5910 D PipelineWatcher: onInputBufferReleased: frameIndex not found (6199); ignored
04-18 09:53:32.378 16113 16156 D PipelineWatcher: onInputBufferReleased: frameIndex not found (17); ignored
04-18 09:53:32.379  5827  5910 D PipelineWatcher: onInputBufferReleased: frameIndex not found (6200); ignored
04-18 09:53:32.392 16727 16727 E abza    : No overlay to dismiss.
04-18 09:53:32.392 16113 16156 D PipelineWatcher: onInputBufferReleased: frameIndex not found (18); ignored
04-18 09:53:32.393  5827  5910 D PipelineWatcher: onInputBufferReleased: frameIndex not found (6201); ignored
04-18 09:53:32.394 16113 16156 D PipelineWatcher: onInputBufferReleased: frameIndex not found (19); ignored
04-18 09:53:32.395  5827  5910 D PipelineWatcher: onInputBufferReleased: frameIndex not found (6202); ignored
04-18 09:53:32.395 16727 16727 W Bundle  : Key android.intent.extra.REFERRER expected android.net.Uri but value was of a different type.  The default value <null> was returned.
04-18 09:53:32.396 16727 16727 W Bundle  : Attempt to cast generated internal exception:
04-18 09:53:32.396 16727 16727 W Bundle  : java.lang.ClassCastException: Cannot cast java.lang.String to android.net.Uri
04-18 09:53:32.396 16727 16727 W Bundle  : 	at java.lang.Class.cast(Class.java:4178)
04-18 09:53:32.396 16727 16727 W Bundle  : 	at android.os.BaseBundle.getValueAt(BaseBundle.java:436)
04-18 09:53:32.396 16727 16727 W Bundle  : 	at android.os.BaseBundle.getValue(BaseBundle.java:398)
04-18 09:53:32.396 16727 16727 W Bundle  : 	at android.os.BaseBundle.getValue(BaseBundle.java:381)
04-18 09:53:32.396 16727 16727 W Bundle  : 	at android.os.BaseBundle.get(BaseBundle.java:782)
04-18 09:53:32.396 16727 16727 W Bundle  : 	at android.os.Bundle.getParcelable(Bundle.java:1121)
04-18 09:53:32.396 16727 16727 W Bundle  : 	at android.content.Intent.getParcelableExtra(Intent.java:10517)
04-18 09:53:32.396 16727 16727 W Bundle  : 	at android.app.Activity.getReferrer(Activity.java:7572)
04-18 09:53:32.396 16727 16727 W Bundle  : 	at acbq.b(PG:1)
04-18 09:53:32.396 16727 16727 W Bundle  : 	at meg.a(PG:349)
04-18 09:53:32.396 16727 16727 W Bundle  : 	at auwg.a(PG:65)
04-18 09:53:32.396 16727 16727 W Bundle  : 	at auvs.c(PG:3)
04-18 09:53:32.396 16727 16727 W Bundle  : 	at auvu.run(PG:47)
04-18 09:53:32.396 16727 16727 W Bundle  : 	at a.bO(PG:1)
04-18 09:53:32.396 16727 16727 W Bundle  : 	at gan.execute(PG:15)
04-18 09:53:32.396 16727 16727 W Bundle  : 	at aveo.R(PG:1)
04-18 09:53:32.396 16727 16727 W Bundle  : 	at auyg.execute(PG:5)
04-18 09:53:32.396 16727 16727 W Bundle  : 	at auxy.addListener(PG:7)
04-18 09:53:32.396 16727 16727 W Bundle  : 	at auvu.f(PG:10)
04-18 09:53:32.396 16727 16727 W Bundle  : 	at pvh.n(PG:35)
04-18 09:53:32.396 16727 16727 W Bundle  : 	at pvh.a(PG:1210)
04-18 09:53:32.396 16727 16727 W Bundle  : 	at pvh.q(PG:147)
04-18 09:53:32.396 16727 16727 W Bundle  : 	at pvh.b(PG:25)
04-18 09:53:32.396 16727 16727 W Bundle  : 	at com.google.android.apps.youtube.app.watchwhile.MainActivity.onPostCreate(PG:195)
04-18 09:53:32.396 16727 16727 W Bundle  : 	at android.app.Instrumentation.callActivityOnPostCreate(Instrumentation.java:1618)
04-18 09:53:32.396 16727 16727 W Bundle  : 	at android.app.ActivityThread.handleStartActivity(ActivityThread.java:5123)
04-18 09:53:32.396 16727 16727 W Bundle  : 	at android.app.servertransaction.TransactionExecutor.performLifecycleSequence(TransactionExecutor.java:214)
04-18 09:53:32.396 16727 16727 W Bundle  : 	at android.app.servertransaction.TransactionExecutor.cycleToPath(TransactionExecutor.java:194)
04-18 09:53:32.396 16727 16727 W Bundle  : 	at android.app.servertransaction.TransactionExecutor.executeLifecycleItem(TransactionExecutor.java:166)
04-18 09:53:32.396 16727 16727 W Bundle  : 	at android.app.servertransaction.TransactionExecutor.executeTransactionItems(TransactionExecutor.java:101)
04-18 09:53:32.396 16727 16727 W Bundle  : 	at android.app.servertransaction.TransactionExecutor.execute(TransactionExecutor.java:80)
04-18 09:53:32.396 16727 16727 W Bundle  : 	at android.app.ActivityThread$H.handleMessage(ActivityThread.java:3287)
04-18 09:53:32.396 16727 16727 W Bundle  : 	at android.os.Handler.dispatchMessage(Handler.java:132)
04-18 09:53:32.396 16727 16727 W Bundle  : 	at android.os.Looper.dispatchMessage(Looper.java:358)
04-18 09:53:32.396 16727 16727 W Bundle  : 	at android.os.Looper.loopOnce(Looper.java:288)
04-18 09:53:32.396 16727 16727 W Bundle  : 	at android.os.Looper.loop(Looper.java:392)
04-18 09:53:32.396 16727 16727 W Bundle  : 	at android.app.ActivityThread.main(ActivityThread.java:10343)
04-18 09:53:32.396 16727 16727 W Bundle  : 	at java.lang.reflect.Method.invoke(Native Method)
04-18 09:53:32.396 16727 16727 W Bundle  : 	at com.android.internal.os.RuntimeInit$MethodAndArgsCaller.run(RuntimeInit.java:605)
04-18 09:53:32.396 16727 16727 W Bundle  : 	at com.android.internal.os.ZygoteInit.main(ZygoteInit.java:972)
04-18 09:53:32.396 16727 16727 W Bundle  : Key android.intent.extra.REFERRER expected android.net.Uri but value was of a different type.  The default value <null> was returned.
04-18 09:53:32.396 16727 16727 W Bundle  : Attempt to cast generated internal exception:
04-18 09:53:32.396 16727 16727 W Bundle  : java.lang.ClassCastException: Cannot cast java.lang.String to android.net.Uri
04-18 09:53:32.396 16727 16727 W Bundle  : 	at java.lang.Class.cast(Class.java:4178)
04-18 09:53:32.396 16727 16727 W Bundle  : 	at android.os.BaseBundle.getValueAt(BaseBundle.java:436)
04-18 09:53:32.396 16727 16727 W Bundle  : 	at android.os.BaseBundle.getValue(BaseBundle.java:398)
04-18 09:53:32.396 16727 16727 W Bundle  : 	at android.os.BaseBundle.getValue(BaseBundle.java:381)
04-18 09:53:32.396 16727 16727 W Bundle  : 	at android.os.BaseBundle.get(BaseBundle.java:782)
04-18 09:53:32.396 16727 16727 W Bundle  : 	at android.os.Bundle.getParcelable(Bundle.java:1121)
04-18 09:53:32.396 16727 16727 W Bundle  : 	at android.content.Intent.getParcelableExtra(Intent.java:10517)
04-18 09:53:32.396 16727 16727 W Bundle  : 	at android.app.Activity.getReferrer(Activity.java:7572)
04-18 09:53:32.396 16727 16727 W Bundle  : 	at acbq.b(PG:11)
04-18 09:53:32.396 16727 16727 W Bundle  : 	at meg.a(PG:349)
04-18 09:53:32.396 16727 16727 W Bundle  : 	at auwg.a(PG:65)
04-18 09:53:32.396 16727 16727 W Bundle  : 	at auvs.c(PG:3)
04-18 09:53:32.396 16727 16727 W Bundle  : 	at auvu.run(PG:47)
04-18 09:53:32.396 16727 16727 W Bundle  : 	at a.bO(PG:1)
04-18 09:53:32.396 16727 16727 W Bundle  : 	at gan.execute(PG:15)
04-18 09:53:32.396 16727 16727 W Bundle  : 	at aveo.R(PG:1)
04-18 09:53:32.396 16727 16727 W Bundle  : 	at auyg.execute(PG:5)
04-18 09:53:32.396 16727 16727 W Bundle  : 	at auxy.addListener(PG:7)
04-18 09:53:32.396 16727 16727 W Bundle  : 	at auvu.f(PG:10)
04-18 09:53:32.396 16727 16727 W Bundle  : 	at pvh.n(PG:35)
04-18 09:53:32.396 16727 16727 W Bundle  : 	at pvh.a(PG:1210)
04-18 09:53:32.396 16727 16727 W Bundle  : 	at pvh.q(PG:147)
04-18 09:53:32.396 16727 16727 W Bundle  : 	at pvh.b(PG:25)
04-18 09:53:32.396 16727 16727 W Bundle  : 	at com.google.android.apps.youtube.app.watchwhile.MainActivity.onPostCreate(PG:195)
04-18 09:53:32.396 16727 16727 W Bundle  : 	at android.app.Instrumentation.callActivityOnPostCreate(Instrumentation.java:1618)
04-18 09:53:32.396 16727 16727 W Bundle  : 	at android.app.ActivityThread.handleStartActivity(ActivityThread.java:5123)
04-18 09:53:32.396 16727 16727 W Bundle  : 	at android.app.servertransaction.TransactionExecutor.performLifecycleSequence(TransactionExecutor.java:214)
04-18 09:53:32.396 16727 16727 W Bundle  : 	at android.app.servertransaction.TransactionExecutor.cycleToPath(TransactionExecutor.java:194)
04-18 09:53:32.396 16727 16727 W Bundle  : 	at android.app.servertransaction.TransactionExecutor.executeLifecycleItem(TransactionExecutor.java:166)
04-18 09:53:32.396 16727 16727 W Bundle  : 	at android.app.servertransaction.TransactionExecutor.executeTransactionItems(TransactionExecutor.java:101)
04-18 09:53:32.396 16727 16727 W Bundle  : 	at android.app.servertransaction.TransactionExecutor.execute(TransactionExecutor.java:80)
04-18 09:53:32.396 16727 16727 W Bundle  : 	at android.app.ActivityThread$H.handleMessage(ActivityThread.java:3287)
04-18 09:53:32.396 16727 16727 W Bundle  : 	at android.os.Handler.dispatchMessage(Handler.java:132)
04-18 09:53:32.396 16727 16727 W Bundle  : 	at android.os.Looper.dispatchMessage(Looper.java:358)
04-18 09:53:32.396 16727 16727 W Bundle  : 	at android.os.Looper.loopOnce(Looper.java:288)
04-18 09:53:32.396 16727 16727 W Bundle  : 	at android.os.Looper.loop(Looper.java:392)
04-18 09:53:32.396 16727 16727 W Bundle  : 	at android.app.ActivityThread.main(ActivityThread.java:10343)
