04-18 09:51:37.161  3518  3669 I SurfaceControlRegistry: show, t=StartTransaction_SyncId<981> sc=ActivityRecord{258815710 u0 com.samsung.android.dialer/.DialtactsActivity t165}#11878, caller=android.view.SurfaceControl$Transaction.show:3676 com.android.server.wm.Transition.onTransactionReady:2236 com.android.server.wm.BLASTSyncEngine$SyncGroup.finishNow:261 com.android.server.wm.BLASTSyncEngine.onSurfacePlacement:263 com.android.server.wm.RootWindowContainer.performSurfacePlacement:1105 com.android.server.wm.WindowSurfacePlacer.performSurfacePlacement:163 
04-18 09:51:37.161  3518  3669 V WindowManager: Calling onTransitionReady: {id=981 t=OPEN f=0x0 trk=0 r=[0@Point(0, 0)] c=[
04-18 09:51:37.161  3518  3669 V WindowManager:         {WCT{RemoteToken{4f25e20 Task{4e978b7 #165 type=standard A=10129:samsung.android.task.dialtacts}}} m=OPEN f=NONE leash=Surface(name=Task=165#11877)/@0x3ec0252 sb=Rect(0, 0 - 1080, 2340) eb=Rect(0, 0 - 1080, 2340) epz=Point(1080, 2340) d=0 taskParent=-1 winMode=1 userId=0 inset=Rect(0, 105 - 0, 135) dim=true},
04-18 09:51:37.161  3518  3669 V WindowManager:         {WCT{RemoteToken{bca97b2 Task{6f675b3 #1 type=home}}} m=TO_BACK f=SHOW_WALLPAPER|EDGE_EXTENSION_RESTRICTION leash=Surface(name=Task=1#46)/@0x1045b05 sb=Rect(0, 0 - 1080, 2340) eb=Rect(0, 0 - 1080, 2340) epz=Point(1080, 2340) d=0 taskParent=-1 winMode=1 userId=0 inset=Rect(0, 105 - 0, 135) dim=true},
04-18 09:51:37.161  3518  3669 V WindowManager:         {m=TO_BACK f=IS_WALLPAPER|IS_FIXED_PORTRAIT p=WCT{RemoteToken{b0e0091 RemoteWallpaperAnim:1:1@135178324}} leash=Surface(name=WallpaperWindowToken{a9e9ca6}#8471)/@0x4efaf3c sb=Rect(0, 0 - 1080, 2340) eb=Rect(0, 0 - 1080, 2340) epz=Point(1080, 2340) d=0 inset=Rect(0, 0 - 0, 0)}
04-18 09:51:37.161  3518  3669 V WindowManager:     ]}
04-18 09:51:37.162  3518  3669 D PowerManagerService: [api] setPowerBoost(L) boost:0, durationMs:0, caller (uid: 1000 pid: 3518) <- m() in com.android.server.display.DisplayManagerService$BinderService$$ExternalSyntheticOutline0:1
04-18 09:51:37.163  5098  5366 V WindowManagerShell: onTransitionReady(transaction=15109696593061)
04-18 09:51:37.163  3518  3669 I WindowManager: Cancelling animation restarting=true, leash=Surface(name=Surface(name=86cafd5 StatusBar#83)/@0xda385b7 - animation-leash of insets_animation#11854)/@0x8a0c90b
04-18 09:51:37.163  3518  3669 I WindowManager: Reparenting to original parent: Surface(name=WindowToken{bae8c8c type=2000 android.os.BinderProxy@60437de}#82)/@0x3e7e124, destroy=false, surface=Surface(name=86cafd5 StatusBar#83)/@0xda385b7
04-18 09:51:37.163  5098  5136 V WindowManagerShell: onTransitionReady (#981) android.os.BinderProxy@7157aed: {id=981 t=OPEN f=0x0 trk=0 r=[0@Point(0, 0)] c=[
04-18 09:51:37.163  5098  5136 V WindowManagerShell:         {m=OPEN f=NONE leash=Surface(name=Task=165#11877)/@0x57f68cc sb=Rect(0, 0 - 1080, 2340) eb=Rect(0, 0 - 1080, 2340) epz=Point(1080, 2340) d=0 taskParent=-1 winMode=1 userId=0 inset=Rect(0, 105 - 0, 135) dim=true},
04-18 09:51:37.163  5098  5136 V WindowManagerShell:         {m=TO_BACK f=SHOW_WALLPAPER|EDGE_EXTENSION_RESTRICTION leash=Surface(name=Task=1#46)/@0x2f5f715 sb=Rect(0, 0 - 1080, 2340) eb=Rect(0, 0 - 1080, 2340) epz=Point(1080, 2340) d=0 taskParent=-1 winMode=1 userId=0 inset=Rect(0, 105 - 0, 135) dim=true},
04-18 09:51:37.163  5098  5136 V WindowManagerShell:         {m=TO_BACK f=IS_WALLPAPER|IS_FIXED_PORTRAIT p=WCT{android.os.BinderProxy@8c6b3be} leash=Surface(name=WallpaperWindowToken{a9e9ca6}#8471)/@0x340ca2a sb=Rect(0, 0 - 1080, 2340) eb=Rect(0, 0 - 1080, 2340) epz=Point(1080, 2340) d=0 inset=Rect(0, 0 - 0, 0)}
04-18 09:51:37.163  5098  5136 V WindowManagerShell:     ]}
04-18 09:51:37.163  3518  3665 V WindowManager: Sent Transition (#981) createdAt=04-18 09:51:37.125 via request=TransitionRequestInfo { type = OPEN, triggerTask = TaskInfo{userId=0 taskId=165 effectiveUid=10129 displayId=0 isRunning=true baseIntent=Intent { flg=0x10000000 cmp=com.samsung.android.dialer/.DialtactsActivity } baseActivity=ComponentInfo{com.samsung.android.dialer/com.samsung.android.dialer.DialtactsActivity} topActivity=ComponentInfo{com.samsung.android.dialer/com.samsung.android.dialer.DialtactsActivity} origActivity=null realActivity=ComponentInfo{com.samsung.android.dialer/com.samsung.android.dialer.DialtactsActivity} numActivities=1 lastActiveTime=1388542221 supportsMultiWindow=true resizeMode=2 isResizeable=true minWidth=-1 minHeight=-1 maxWidth=-1 maxHeight=-1 defaultMinSize=220 desktopDefaultMinSize=304 token=WCT{RemoteToken{4f25e20 Task{4e978b7 #165 type=standard A=10129:samsung.android.task.dialtacts}}} topActivityType=1 pictureInPictureParams=null shouldDockBigOverlays=false launchIntoPipHostTaskId=-1 lastParentTaskIdBeforePip=-1 displayCutoutSafeInsets=Rect(0, 104 - 0, 0) topActivityInfo=ActivityInfo{823f19e com.samsung.android.dialer.DialtactsActivity} launchCookies=[] positionInParent=Point(0, 0) parentTaskId=-1 isFocused=false isVisible=false isVisibleRequested=false isTopActivityNoDisplay=false isSleeping=false locusId=null displayAreaFeatureId=1 isTopActivityTransparent=false isActivityStackTransparent=false lastNonFullscreenBounds=Rect(81, 570 - 999, 1740) capturedLink=null capturedLinkTimestamp=0 requestedVisibleTypes=503 topActivityRequestOpenInBrowserEducationTimestamp=0 appCompatTaskInfo=AppCompatTaskInfo { topActivityInSizeCompat=false isLeafTask= true eligibleForLetterboxEducation= false isLetterboxEducationEnabled= false isLetterboxDoubleTapEnabled= false eligibleForUserAspectRatioButton= false topActivityBoundsLetterboxed= false isFromLetterboxDoubleTap= false topActivityLetterboxVerticalPosition= -1 topActivityLetterboxHorizontalPosition= -1 topActivityLetterboxWidth=-1 topActivityLetterboxHeight=-1 topActivityAppBounds=Rect(0, 0 - 1080, 2340) isUserFullscreenOverrideEnabled=false isSystemFullscreenOverrideEnabled=false hasMinAspectRatioOverride=false topActivityLetterboxBounds=null cameraCompatTaskInfo=CameraCompatTaskInfo { cameraCompatMode=undefinedundefined} topActivityBounds=null topActivityInDisplayCompat=false showForceRotationButton=false forceRotationButtonState=0 singleTapFromLetterbox=false topNonResizableActivityAspectRatio=-1.0} topActivityMainWindowFrame=null originallySupportedMultiWindow=true hasWallpaper=false rootAffinity=10129:samsung.android.task.dialtacts isTopTaskInStage=false CoverLauncherWidgetTask=false LaunchedFromAppsCoverLauncherTask=false LaunchedFromMultistarCoverLauncherTask=false isAllowedSeamlessRotation=false isTopTransparentActivity=false isAliasManaged=false hasConfigChanged=false isAiKeyRemoveAppTask=false lastDesktopWindowingBounds=null lastExternalDesktopWindowingBounds=nullisPackageNightModeActive=true safeCutoutInsets=null isAppBubble=false}, pipChange = null, remoteTransition = null, displayChange = null, requestedLocation = null, userChange = null, windowingLayerChange = null, flags = 0, debugId = 981 }
04-18 09:51:37.163  3518  3665 V WindowManager:     startWCT=WindowContainerTransaction { changes= {} hops= [] errorCallbackToken=null taskFragmentOrganizer=null }
04-18 09:51:37.163  3518  3669 I WindowManager: Reparenting to leash, surface=Surface(name=86cafd5 StatusBar#83)/@0xda385b7, leashParent=Surface(name=WindowToken{bae8c8c type=2000 android.os.BinderProxy@60437de}#82)/@0x3e7e124
04-18 09:51:37.163  3518  3665 V WindowManager:     info={id=981 t=OPEN f=0x0 trk=0 r=[0@Point(0, 0)] c=[
04-18 09:51:37.163  3518  3665 V WindowManager:         {WCT{RemoteToken{4f25e20 Task{4e978b7 #165 type=standard A=10129:samsung.android.task.dialtacts}}} m=OPEN f=NONE leash=Surface(name=Task=165#11877)/@0x3ec0252 sb=Rect(0, 0 - 1080, 2340) eb=Rect(0, 0 - 1080, 2340) epz=Point(1080, 2340) d=0 taskParent=-1 winMode=1 userId=0 inset=Rect(0, 105 - 0, 135) dim=true},
04-18 09:51:37.163  3518  3665 V WindowManager:         {WCT{RemoteToken{bca97b2 Task{6f675b3 #1 type=home}}} m=TO_BACK f=SHOW_WALLPAPER|EDGE_EXTENSION_RESTRICTION leash=Surface(name=Task=1#46)/@0x1045b05 sb=Rect(0, 0 - 1080, 2340) eb=Rect(0, 0 - 1080, 2340) epz=Point(1080, 2340) d=0 taskParent=-1 winMode=1 userId=0 inset=Rect(0, 105 - 0, 135) dim=true},
04-18 09:51:37.163  3518  3665 V WindowManager:         {m=TO_BACK f=IS_WALLPAPER|IS_FIXED_PORTRAIT p=WCT{RemoteToken{b0e0091 RemoteWallpaperAnim:1:1@135178324}} leash=Surface(name=WallpaperWindowToken{a9e9ca6}#8471)/@0x4efaf3c sb=Rect(0, 0 - 1080, 2340) eb=Rect(0, 0 - 1080, 2340) epz=Point(1080, 2340) d=0 inset=Rect(0, 0 - 0, 0)}
04-18 09:51:37.163  3518  3665 V WindowManager:     ]}
04-18 09:51:37.163  2427  2501 I SurfaceFlinger: id=11882 createSurf, flag=24000, Surface(name=86cafd5 StatusBar#83)/@0xda385b7 - animation-leash of insets_animation#11882
04-18 09:51:37.164  3518  3669 D WindowManager: makeSurface duration=0 leash=Surface(name=Surface(name=86cafd5 StatusBar#83)/@0xda385b7 - animation-leash of insets_animation#11882)/@0x8040495
04-18 09:51:37.164  3518  3669 D InsetsSourceProvider: updateControlForTarget: control=InsetsSourceControl: {13aa0000 mType=statusBars initiallyVisible mSurfacePosition=Point(0, 0) mInsetsHint=Insets{left=0, top=105, right=0, bottom=0}}, target=Window{4c894f9 u0 Splash Screen com.samsung.android.dialer}, from=com.android.server.wm.InsetsStateController.onControlTargetChanged:82 com.android.server.wm.InsetsPolicy.updateBarControlTarget:203 com.android.server.wm.DisplayPolicy.updateSystemBarAttributes:425 com.android.server.wm.DisplayPolicy.finishPostLayoutPolicyLw:17 com.android.server.wm.RootWindowContainer.applySurfaceChangesTransaction$1:188 
04-18 09:51:37.164  3518  3669 I WindowManager: Cancelling animation restarting=true, leash=Surface(name=Surface(name=43797e9 NavigationBar0#79)/@0xc2f1642 - animation-leash of insets_animation#11861)/@0xc317ad
04-18 09:51:37.164  3518  3669 I WindowManager: Reparenting to original parent: Surface(name=WindowToken{43a7870 type=2019 android.os.BinderProxy@91ae022}#78)/@0x1e0c653, destroy=false, surface=Surface(name=43797e9 NavigationBar0#79)/@0xc2f1642
04-18 09:51:37.164  3518  3669 I WindowManager: Reparenting to leash, surface=Surface(name=43797e9 NavigationBar0#79)/@0xc2f1642, leashParent=Surface(name=WindowToken{43a7870 type=2019 android.os.BinderProxy@91ae022}#78)/@0x1e0c653
04-18 09:51:37.164 14478 14478 I Zygote  : Process 14478 created for com.samsung.android.dialer
04-18 09:51:37.164  2427  2501 I SurfaceFlinger: id=11883 createSurf, flag=24000, Surface(name=43797e9 NavigationBar0#79)/@0xc2f1642 - animation-leash of insets_animation#11883
04-18 09:51:37.164  3518  3669 D WindowManager: makeSurface duration=0 leash=Surface(name=Surface(name=43797e9 NavigationBar0#79)/@0xc2f1642 - animation-leash of insets_animation#11883)/@0x1f9d138
04-18 09:51:37.164 14478 14478 I .android.dialer: Using CollectorTypeCMC GC.
04-18 09:51:37.164  3518  3669 D InsetsSourceProvider: updateControlForTarget: control=InsetsSourceControl: {e1c40001 mType=navigationBars initiallyVisible mSurfacePosition=Point(0, 2205) mInsetsHint=Insets{left=0, top=0, right=0, bottom=135}}, target=Window{4c894f9 u0 Splash Screen com.samsung.android.dialer}, from=com.android.server.wm.InsetsStateController.onControlTargetChanged:82 com.android.server.wm.InsetsPolicy.updateBarControlTarget:216 com.android.server.wm.DisplayPolicy.updateSystemBarAttributes:425 com.android.server.wm.DisplayPolicy.finishPostLayoutPolicyLw:17 com.android.server.wm.RootWindowContainer.applySurfaceChangesTransaction$1:188 
04-18 09:51:37.164  3518  3669 D WindowManager: updateSystemBarAttributes: displayId=0, focusedCanBeNavColorWin=false, win=Window{4c894f9 u0 Splash Screen com.samsung.android.dialer}, navColorWin=Window{4c894f9 u0 Splash Screen com.samsung.android.dialer}, caller=com.android.server.wm.DisplayPolicy.finishPostLayoutPolicyLw:17 com.android.server.wm.RootWindowContainer.applySurfaceChangesTransaction$1:188 com.android.server.wm.RootWindowContainer.performSurfacePlacement:59 
04-18 09:51:37.164  3518  3669 D WindowManager: updateSystemBarAttributes, bhv=1, apr=0, statusBarAprRegions=[AppearanceRegion{ bounds=[0,0][1080,2340]}], requestedVisibilities=503
04-18 09:51:37.164  5098  5136 V ShellDesktopMode: DesktopModeLogger: taskInfo map after processing changes 0
04-18 09:51:37.164  3518  3669 W PackageConfigPersister: App-specific configuration not found for packageName: com.samsung.android.dialer and userId: 0
04-18 09:51:37.164  5098  5136 D ShellDesktopMode: DesktopTaskChangeListener: onTaskMovingToBack for taskId=1, displayId=0 - desktop not supported
04-18 09:51:37.164  5098  5136 D ShellDesktopMode: DesktopTaskChangeListener: onTaskOpening for taskId=165, displayId=0 userId=0 currentUserId=0 parentTaskId=-1 isFreeform=false isActive=false
04-18 09:51:37.164  5098  5136 D ShellDesktopMode: DesktopTaskChangeListener: onTaskOpening for taskId=165, displayId=0 - desktop not supported
04-18 09:51:37.165  3518  7409 W PackageConfigPersister: App-specific configuration not found for packageName: com.samsung.android.dialer and userId: 0
04-18 09:51:37.165  5098  5136 I SurfaceControlRegistry: hide, t=FinishTransaction_SyncId<981> sc=Task=1#46, caller=android.view.SurfaceControl$Transaction.hide:3702 com.android.wm.shell.transition.Transitions.dispatchReady:1266 com.android.wm.shell.transition.Transitions$TransitionPlayerImpl$$ExternalSyntheticLambda2.run:284 android.os.Handler.handleCallback:1070 android.os.Handler.dispatchMessage:125 android.os.Looper.dispatchMessage:358 
04-18 09:51:37.165  5098  5136 I SurfaceControlRegistry: show, t=StartTransaction_SyncId<981> sc=Task=165#11877, caller=android.view.SurfaceControl$Transaction.show:3676 com.android.wm.shell.transition.Transitions.dispatchReady:1280 com.android.wm.shell.transition.Transitions$TransitionPlayerImpl$$ExternalSyntheticLambda2.run:284 android.os.Handler.handleCallback:1070 android.os.Handler.dispatchMessage:125 android.os.Looper.dispatchMessage:358 
04-18 09:51:37.165  2427  2501 I SurfaceFlinger: id=11884 createSurf, flag=84000, e5c5160 ActivityRecordInputSink com.samsung.android.dialer/.DialtactsActivity#11884
04-18 09:51:37.165  5098  5136 I SurfaceControlRegistry: show, t=FinishTransaction_SyncId<981> sc=Task=165#11877, caller=android.view.SurfaceControl$Transaction.show:3676 com.android.wm.shell.transition.Transitions.dispatchReady:1363 com.android.wm.shell.transition.Transitions$TransitionPlayerImpl$$ExternalSyntheticLambda2.run:284 android.os.Handler.handleCallback:1070 android.os.Handler.dispatchMessage:125 android.os.Looper.dispatchMessage:358 
04-18 09:51:37.165  5098  5136 V WindowManagerShell: Playing animation for (#981) android.os.BinderProxy@7157aed@0
04-18 09:51:37.165  5098  5136 I SurfaceControlRegistry: show, t=StartTransaction_SyncId<981> sc=Transition Root: Task=165#11881, caller=android.view.SurfaceControl$Transaction.show:3676 com.android.wm.shell.transition.Transitions.playTransition:78 com.android.wm.shell.transition.Transitions.processReadyQueue:296 com.android.wm.shell.transition.Transitions.dispatchReady:1385 com.android.wm.shell.transition.Transitions$TransitionPlayerImpl$$ExternalSyntheticLambda2.run:284 android.os.Handler.handleCallback:1070 
04-18 09:51:37.165  5098  5136 V ShellRecents: RecentsTransitionHandler.startAnimation: no controller found
04-18 09:51:37.165  5098  5136 V ShellDesktopMode: DesktopMixedTransitionHandler: No pending desktop transition
04-18 09:51:37.165  5098  5136 V WindowManagerShell: Transition doesn't have explicit remote, search filters for match for {id=981 t=OPEN f=0x0 trk=0 r=[0@Point(0, 0)] c=[{m=OPEN f=NONE leash=Surface(name=Task=165#11877)/@0x57f68cc sb=Rect(0, 0 - 1080, 2340) eb=Rect(0, 0 - 1080, 2340) epz=Point(1080, 2340) d=0 taskParent=-1 winMode=1 userId=0 inset=Rect(0, 105 - 0, 135) dim=true},{m=TO_BACK f=SHOW_WALLPAPER|EDGE_EXTENSION_RESTRICTION leash=Surface(name=Task=1#46)/@0x2f5f715 sb=Rect(0, 0 - 1080, 2340) eb=Rect(0, 0 - 1080, 2340) epz=Point(1080, 2340) d=0 taskParent=-1 winMode=1 userId=0 inset=Rect(0, 105 - 0, 135) dim=true},{m=TO_BACK f=IS_WALLPAPER|IS_FIXED_PORTRAIT p=WCT{android.os.BinderProxy@8c6b3be} leash=Surface(name=WallpaperWindowToken{a9e9ca6}#8471)/@0x340ca2a sb=Rect(0, 0 - 1080, 2340) eb=Rect(0, 0 - 1080, 2340) epz=Point(1080, 2340) d=0 inset=Rect(0, 0 - 0, 0)}]}
04-18 09:51:37.165  5098  5136 V WindowManagerShell:  Checking filter Pair{{types=[] flags=0x0] notFlags=0x100 checks=[{atype=home independent=true modes=[OPEN,TO_FRONT] flags=NONE mustBeTask=false order=TOP topActivity=ComponentInfo{com.sec.android.app.launcher/com.sec.android.app.launcher.Launcher} launchCookie=null windowingMode=undefined isCrossDisplayMove=false},{atype=recents independent=true modes=[CLOSE,TO_BACK] flags=NONE mustBeTask=false order=ANY topActivity=null launchCookie=null windowingMode=undefined isCrossDisplayMove=false}]} RemoteTransition { remoteTransition = android.window.IRemoteTransition$Stub$Proxy@e5fbf30, appThread = android.app.IApplicationThread$Stub$Proxy@a2537a9, debugName = QuickstepLaunchHomeFromRecentsflags =NONE }}
04-18 09:51:37.165  5098  5136 V WindowManagerShell:  Checking filter Pair{{types=[] flags=0x0] notFlags=0x100 checks=[{atype=home independent=true modes=[OPEN,TO_FRONT] flags=NONE mustBeTask=false order=TOP topActivity=ComponentInfo{com.sec.android.app.launcher/com.sec.android.app.launcher.Launcher} launchCookie=null windowingMode=undefined isCrossDisplayMove=false},{atype=standard independent=true modes=[CLOSE,TO_BACK] flags=NONE mustBeTask=false order=ANY topActivity=null launchCookie=null windowingMode=undefined isCrossDisplayMove=false}]} RemoteTransition { remoteTransition = android.window.IRemoteTransition$Stub$Proxy@e84612e, appThread = android.app.IApplicationThread$Stub$Proxy@b8d94cf, debugName = QuickstepLaunchHomeflags =NONE }}
04-18 09:51:37.165  5098  5136 V WindowManagerShell:  Delegate animation for (#981) to null
04-18 09:51:37.165  5098  5136 V WindowManagerShell: start default transition animation, info = {id=981 t=OPEN f=0x0 trk=0 r=[0@Point(0, 0)] c=[{m=OPEN f=NONE leash=Surface(name=Task=165#11877)/@0x57f68cc sb=Rect(0, 0 - 1080, 2340) eb=Rect(0, 0 - 1080, 2340) epz=Point(1080, 2340) d=0 taskParent=-1 winMode=1 userId=0 inset=Rect(0, 105 - 0, 135) dim=true},{m=TO_BACK f=SHOW_WALLPAPER|EDGE_EXTENSION_RESTRICTION leash=Surface(name=Task=1#46)/@0x2f5f715 sb=Rect(0, 0 - 1080, 2340) eb=Rect(0, 0 - 1080, 2340) epz=Point(1080, 2340) d=0 taskParent=-1 winMode=1 userId=0 inset=Rect(0, 105 - 0, 135) dim=true},{m=TO_BACK f=IS_WALLPAPER|IS_FIXED_PORTRAIT p=WCT{android.os.BinderProxy@8c6b3be} leash=Surface(name=WallpaperWindowToken{a9e9ca6}#8471)/@0x340ca2a sb=Rect(0, 0 - 1080, 2340) eb=Rect(0, 0 - 1080, 2340) epz=Point(1080, 2340) d=0 inset=Rect(0, 0 - 0, 0)}]}
04-18 09:51:37.165  3518  5181 W PackageConfigPersister: App-specific configuration not found for packageName: com.samsung.android.dialer and userId: 0
04-18 09:51:37.165  3518  7409 D SGM:GameManager: identifyGamePackage. com.samsung.android.dialer, mCurrentUserId: 0, callingMethodInfo: com.samsung.android.game.IGameManagerService$Stub.onTransact(IGameManagerService.java:247)
04-18 09:51:37.166  5098  5136 V WindowManagerShell: loadAnimation: anim=android.view.animation.AnimationSet@f6092f7 animAttr=0x13 type=OPEN isEntrance=false
04-18 09:51:37.166  5098  5136 V WindowManagerShell:    wallpaperTransit=WALLPAPER_CLOSE translucent=false
04-18 09:51:37.166  5098  5136 V WindowManagerShell:    change={m=TO_BACK f=SHOW_WALLPAPER|EDGE_EXTENSION_RESTRICTION leash=Surface(name=Task=1#46)/@0x2f5f715 sb=Rect(0, 0 - 1080, 2340) eb=Rect(0, 0 - 1080, 2340) epz=Point(1080, 2340) d=0 taskParent=-1 winMode=1 userId=0 inset=Rect(0, 105 - 0, 135) dim=true}
04-18 09:51:37.166  5098  5136 V WindowManagerShell: loadAnimation: anim=android.view.animation.AnimationSet@8816793 animAttr=0x12 type=OPEN isEntrance=true
04-18 09:51:37.166  5098  5136 V WindowManagerShell:    wallpaperTransit=WALLPAPER_CLOSE translucent=false
04-18 09:51:37.166  5098  5136 V WindowManagerShell:    change={m=OPEN f=NONE leash=Surface(name=Task=165#11877)/@0x57f68cc sb=Rect(0, 0 - 1080, 2340) eb=Rect(0, 0 - 1080, 2340) epz=Point(1080, 2340) d=0 taskParent=-1 winMode=1 userId=0 inset=Rect(0, 105 - 0, 135) dim=true}
04-18 09:51:37.166  5098  5136 I SurfaceControlRegistry: apply, t=StartTransaction_SyncId<981>, caller=android.view.SurfaceControl$Transaction.apply:3578 android.view.SurfaceControl$Transaction.apply:3566 android.view.SurfaceControl$Transaction.apply:3516 com.android.wm.shell.transition.DefaultTransitionHandler.startAnimation:3499 com.android.wm.shell.transition.Transitions.dispatchTransition:104 com.android.wm.shell.transition.Transitions.playTransition:890 
04-18 09:51:37.166  7857  7857 I HoneySpace.SystemUiRepository: systemUiFlags: allow_gesture|awake
04-18 09:51:37.166  7857  8352 I HoneySpace.TaskbarEventTracker: invokeEvent() called with: event = SystemUiStateChanged(stateFlags=268566528, displayId=0)
04-18 09:51:37.166  5098  5136 V WindowManagerShell:  animated by com.android.wm.shell.transition.DefaultTransitionHandler@b552ae1
04-18 09:51:37.166  5098  5136 V ShellTaskOrganizer: Task appeared taskId=165 listener=FullscreenTaskListener
04-18 09:51:37.166  5098  5136 V ShellTaskOrganizer: Fullscreen Task Appeared: #165
04-18 09:51:37.167  7857  9674 I HoneySpace.RecentTasks: onRunningTaskAppeared
04-18 09:51:37.167  7857  8356 I HoneySpace.RecentTasks: onRecentTasksChanged l:228631508
04-18 09:51:37.167  3518  5181 W PackageConfigPersister: App-specific configuration not found for packageName: com.samsung.android.dialer and userId: 0
04-18 09:51:37.167  3518  5181 W PackageConfigPersister: App-specific configuration not found for packageName: com.termux and userId: 0
04-18 09:51:37.167  3518  5181 W PackageConfigPersister: App-specific configuration not found for packageName: com.android.settings and userId: 0
04-18 09:51:37.167  3518  5181 W PackageConfigPersister: App-specific configuration not found for packageName: com.android.chrome and userId: 0
04-18 09:51:37.167  3518  5181 W PackageConfigPersister: App-specific configuration not found for packageName: com.android.vending and userId: 0
04-18 09:51:37.167  2427  2427 I SurfaceFlinger: RequestedLayer [4c894f9 Splash Screen com.samsung.android.dialer#11879] hidden!! flag  from(1) --> to(0)
04-18 09:51:37.168  2427  2427 I SurfaceFlinger: RequestedLayer [Splash Screen com.samsung.android.dialer$_5098#11880] hidden!! flag  from(1) --> to(0)
04-18 09:51:37.168  2427  2427 I SurfaceFlinger: RequestedLayer [Task=165#11877] hidden!! flag  from(1) --> to(0)
04-18 09:51:37.168  2427  2427 E SurfaceFlinger: alpha changed 1.000 -> 0.000 - Task=165#11877
04-18 09:51:37.168  2427  2427 I SurfaceFlinger: RequestedLayer [Transition Root: Task=165#11881] hidden!! flag  from(1) --> to(0)
04-18 09:51:37.168  2427  2427 I SurfaceFlinger: RequestedLayer [ActivityRecord{258815710 u0 com.sams[...]ialer/.DialtactsActivity t165}#11878] hidden!! flag  from(1) --> to(0)
04-18 09:51:37.168  2427  2427 E SurfaceFlinger: alpha changed 0.000 -> 0.000 - Task=165#11877
04-18 09:51:37.168  2427  2427 I SurfaceFlinger: [LayerHierarchy{RequestedLayerState{Task=1#46 parentId=11881 z=3} 2 children}] reparent to LayerHierarchy{RequestedLayerState{Transition Root: Task=165#11881 parentId=10 z=6} 1 children}
04-18 09:51:37.168  2427  2427 I SurfaceFlinger: [LayerHierarchy{RequestedLayerState{Surface(name=43797e9 NavigationBar0#79)/@0xc2f1642 - animation-leash of insets_animation#11861} 1 children}] reparent to OffscreenRoot
04-18 09:51:37.168  2427  2427 I SurfaceFlinger: [LayerHierarchy{RequestedLayerState{Surface(name=43797e9 NavigationBar0#79)/@0xc2f1642 - animation-leash of insets_animation#11861} 1 children}] RelativeParent to null
04-18 09:51:37.168  2427  2427 I SurfaceFlinger: [LayerHierarchy{RequestedLayerState{43797e9 NavigationBar0#79 parentId=11883} 1 children}] reparent to LayerHierarchy{RequestedLayerState{Surface(name=43797e9 NavigationBar0#79)/@0xc2f1642 - animation-leash of insets_animation#11883 parentId=78} 1 children}
04-18 09:51:37.168  2427  2427 I SurfaceFlinger: [LayerHierarchy{RequestedLayerState{86cafd5 StatusBar#83 parentId=11882} 1 children}] reparent to LayerHierarchy{RequestedLayerState{Surface(name=86cafd5 StatusBar#83)/@0xda385b7 - animation-leash of insets_animation#11882 parentId=82} 1 children}
04-18 09:51:37.168  2427  2427 I SurfaceFlinger: [LayerHierarchy{RequestedLayerState{Surface(name=86cafd5 StatusBar#83)/@0xda385b7 - animation-leash of insets_animation#11854} no children}] reparent to OffscreenRoot
04-18 09:51:37.168  2427  2427 I SurfaceFlinger: [LayerHierarchy{RequestedLayerState{Surface(name=86cafd5 StatusBar#83)/@0xda385b7 - animation-leash of insets_animation#11854} no children}] RelativeParent to null
04-18 09:51:37.168  2427  2427 I SurfaceFlinger: [LayerHierarchy{RequestedLayerState{Task=165#11877 parentId=11881 z=7} 1 children}] reparent to LayerHierarchy{RequestedLayerState{Transition Root: Task=165#11881 parentId=10 z=6} 2 children}
04-18 09:51:37.168  2427  2427 I SurfaceFlinger: [Transition Root: Task=165#11881] attach to parent LayerHierarchy{RequestedLayerState{DefaultTaskDisplayArea_d0#10 parentId=9} 8 children}
04-18 09:51:37.168  2427  2427 I SurfaceFlinger: [Surface(name=86cafd5 StatusBar#83)/@0xda385b7 - animation-leash of insets_animation#11882] attach to parent LayerHierarchy{RequestedLayerState{WindowToken{bae8c8c type=2000 android.os.BinderProxy@60437de}#82 parentId=17} 1 children}
04-18 09:51:37.168  2427  2427 I SurfaceFlinger: [Surface(name=43797e9 NavigationBar0#79)/@0xc2f1642 - animation-leash of insets_animation#11883] attach to parent LayerHierarchy{RequestedLayerState{WindowToken{43a7870 type=2019 android.os.BinderProxy@91ae022}#78 parentId=30} 1 children}
04-18 09:51:37.168  2427  2427 I SurfaceFlinger: [e5c5160 ActivityRecordInputSink com.samsung.android.dialer/.DialtactsActivity#11884] attach to parent LayerHierarchy{RequestedLayerState{ActivityRecord{258815710 u0 com.samsung.android.dialer/.DialtactsActivity t165}#11878 parentId=11877} 2 children}
04-18 09:51:37.172 14399 14407 D PipelineWatcher: onInputBufferReleased: frameIndex not found (4); ignored
04-18 09:51:37.173  5827  5846 D PipelineWatcher: onInputBufferReleased: frameIndex not found (4764); ignored
04-18 09:51:37.173 14399 14407 D PipelineWatcher: onInputBufferReleased: frameIndex not found (5); ignored
04-18 09:51:37.174  5827  5846 D PipelineWatcher: onInputBufferReleased: frameIndex not found (4765); ignored
04-18 09:51:37.175  7857 16226 I HoneySpace.HistoryViewModel@157918506@OneUI: Illegal access. Unknown type. skip load history items
04-18 09:51:37.175  2427  4142 I SurfaceFlinger: id=11854 Removed Surface(name=86cafd5 StatusBar#83)/@0xda385b7 - animation-leash of insets_animation#11854 (159)
04-18 09:51:37.175  2427  2501 I SurfaceFlinger: id=11861 Removed Surface(name=43797e9 NavigationBar0#79)/@0xc2f1642 - animation-leash of insets_animation#11861 (159)
04-18 09:51:37.175  5098  5175 I VRI[dialer]@e901aa5: onActiveControlsChanged, removed=false, mAdded=true, caller=android.view.ViewRootImpl.handleInsetsControlChanged:3014 android.view.ViewRootImpl$ViewRootHandler.handleMessageImpl:8434 android.view.ViewRootImpl$ViewRootHandler.handleMessage:8387 android.os.Handler.dispatchMessage:132 android.os.Looper.dispatchMessage:358 
04-18 09:51:37.175  5098  5175 I InsetsSourceConsumer: applyRequestedVisibilityToControl: visible=true, type=statusBars, host=Splash Screen com.samsung.android.dialer
04-18 09:51:37.176  5098  5175 I InsetsSourceConsumer: applyRequestedVisibilityToControl: visible=true, type=navigationBars, host=Splash Screen com.samsung.android.dialer
04-18 09:51:37.176  2427  2427 I SurfaceFlinger: destroyed Surface(name=43797e9 NavigationBar0#79)/@0xc2f1642 - animation-leash of insets_animation#11861 form LifecycleManager
04-18 09:51:37.176  2427  2427 I SurfaceFlinger: destroyed Surface(name=86cafd5 StatusBar#83)/@0xda385b7 - animation-leash of insets_animation#11854 form LifecycleManager
04-18 09:51:37.176  2427  2427 I SurfaceFlinger: id=11861 onLayerDestroyed from LayerHierarchyBuilder(RequestedLayerState{Surface(name=43797e9 NavigationBar0#79)/@0xc2f1642 - animation-leash of insets_animation#11861 !handle})
04-18 09:51:37.176  2427  2427 I SurfaceFlinger: id=11854 onLayerDestroyed from LayerHierarchyBuilder(RequestedLayerState{Surface(name=86cafd5 StatusBar#83)/@0xda385b7 - animation-leash of insets_animation#11854 !handle})
04-18 09:51:37.176  2427  2427 I SurfaceFlinger: id=11861 Destroyed Surface(name=43797e9 NavigationBar0#79)/@0xc2f1642 - animation-leash of insets_animation#11861
04-18 09:51:37.176  2427  2427 I SurfaceFlinger: id=11854 Destroyed Surface(name=86cafd5 StatusBar#83)/@0xda385b7 - animation-leash of insets_animation#11854
04-18 09:51:37.180  3518  4940 D BackgroundInstallControlService: Package event received: 0
04-18 09:51:37.180  3518  3666 W PackageConfigPersister: App-specific configuration not found for packageName: com.samsung.android.dialer and userId: 0
04-18 09:51:37.180  3518  3666 W PackageConfigPersister: App-specific configuration not found for packageName: com.sec.android.app.launcher and userId: 0
04-18 09:51:37.180  3518  3666 W PackageConfigPersister: App-specific configuration not found for packageName: com.termux and userId: 0
04-18 09:51:37.180  3518  3666 W PackageConfigPersister: App-specific configuration not found for packageName: com.sec.android.app.launcher and userId: 0
04-18 09:51:37.181  3518  3666 W PackageConfigPersister: App-specific configuration not found for packageName: com.android.settings and userId: 0
04-18 09:51:37.181  3518  3666 W PackageConfigPersister: App-specific configuration not found for packageName: com.android.vending and userId: 0
04-18 09:51:37.181  3518  7409 I ActivityManager: Changes in 10129 19 to 2, 0 to 511
04-18 09:51:37.182  3518  3666 D PkgPredictorService-SecIpmManagerServiceImpl: onForegroundActivitiesChanged pid:14478 uid:10129
04-18 09:51:37.184  2427  2427 E SurfaceFlinger: alpha changed 0.000 -> 0.080 - Task=165#11877
04-18 09:51:37.186  2358  2566 E PERFHAL-BOOSTCONFIG: PERFHAL-BOOSTCONFIG: GetBoostConfig() 1872: Not able to fetch object
04-18 09:51:37.186  3518  3666 D SGM:GameManager: identifyForegroundApp. com.sec.android.app.launcher, mCurrentUserId: 0, callerUserId: 0
04-18 09:51:37.186  3518  3666 D SGM:SemGameManager: isForegroundGame(), ret=false
04-18 09:51:37.186  3518  5190 W PackageConfigPersister: App-specific configuration not found for packageName: com.samsung.android.dialer and userId: 0
04-18 09:51:37.187  3518  5181 W PackageConfigPersister: App-specific configuration not found for packageName: com.samsung.android.dialer and userId: 0
04-18 09:51:37.187  3518  3666 D SGM:GameManager: identifyForegroundApp. com.sec.android.app.launcher, mCurrentUserId: 0, callerUserId: 0
04-18 09:51:37.187  3518  3666 D SGM:SemGameManager: isForegroundGame(), ret=false
04-18 09:51:37.187  3518  3666 D NetworkPolicy: already checked 10129
04-18 09:51:37.187  3518  3666 W PackageConfigPersister: App-specific configuration not found for packageName: com.samsung.android.dialer and userId: 0
04-18 09:51:37.188  3518  3666 W PackageConfigPersister: App-specific configuration not found for packageName: com.sec.android.app.launcher and userId: 0
04-18 09:51:37.188  3518  3666 W PackageConfigPersister: App-specific configuration not found for packageName: com.termux and userId: 0
04-18 09:51:37.188  3518  3666 W PackageConfigPersister: App-specific configuration not found for packageName: com.sec.android.app.launcher and userId: 0
04-18 09:51:37.188  3518  3666 W PackageConfigPersister: App-specific configuration not found for packageName: com.android.settings and userId: 0
04-18 09:51:37.188  3518  3666 W PackageConfigPersister: App-specific configuration not found for packageName: com.android.vending and userId: 0
04-18 09:51:37.188  3518  5190 W PackageConfigPersister: App-specific configuration not found for packageName: com.samsung.android.dialer and userId: 0
04-18 09:51:37.188  7452 30355 I SAMSUNGWALLET: [Hint_ProcessStatusChange] fg Change, pid : 14478 , isNotify : true , isForeground : true , fg list : [7857, 14478]
04-18 09:51:37.188 18860 18991 I Rubin   : [155] a.a.o(Unknown Source) : Notify com.samsung.android.rubin.inferenceengine.contextanalytics.engine.loggers.AppUsageLogger's database is updated.
04-18 09:51:37.189  3518  5181 W PackageConfigPersister: App-specific configuration not found for packageName: com.samsung.android.dialer and userId: 0
04-18 09:51:37.189  3518  3933 W PackageConfigPersister: App-specific configuration not found for packageName: com.samsung.android.dialer and userId: 0
04-18 09:51:37.189  3518  7409 D SGM:GameManager: identifyForegroundApp. com.sec.android.app.launcher, mCurrentUserId: 0, callerUserId: 0
04-18 09:51:37.189  3518  5181 D SGM:GameManager: identifyGamePackage. com.samsung.android.dialer, mCurrentUserId: 0, callingMethodInfo: com.samsung.android.game.IGameManagerService$Stub.onTransact(IGameManagerService.java:247)
04-18 09:51:37.190  2416  2509 V APM_AudioPolicyManager: setAppState(portId:187, state:2)
04-18 09:51:37.190  2416  2509 V APM_AudioPolicyManager: setAppState(portId:187, state:2)
04-18 09:51:37.190  3518  5181 W PackageConfigPersister: App-specific configuration not found for packageName: com.samsung.android.dialer and userId: 0
04-18 09:51:37.190  3518  5181 W PackageConfigPersister: App-specific configuration not found for packageName: com.sec.android.app.launcher and userId: 0
04-18 09:51:37.190  3518  5181 W PackageConfigPersister: App-specific configuration not found for packageName: com.termux and userId: 0
04-18 09:51:37.190  3518  5181 W PackageConfigPersister: App-specific configuration not found for packageName: com.sec.android.app.launcher and userId: 0
04-18 09:51:37.190  3518  5181 W PackageConfigPersister: App-specific configuration not found for packageName: com.android.settings and userId: 0
04-18 09:51:37.190 18860 18991 I Rubin   : [155] com.samsung.android.rubin.inferenceengine.contextanalytics.engine.monitors.moment.exercise.ExercisingWithCmhMonitor.isSatisfiedByCmh(Unknown Source) : isSatisfiedByCmh is false
04-18 09:51:37.191  7452  8297 I SAMSUNGWALLET: [Hint_SimpleHintProcessMonitor] isHomePackageRunning topPkgName = com.samsung.android.dialer, topClsName = com.samsung.android.dialer.DialtactsActivity, return false , se : false
04-18 09:51:37.191  3518  4848 V NetworkPolicy: getFirewallRuleWifi UID:10129 policy:0
04-18 09:51:37.192  7452  7452 I SAMSUNGWALLET: [Hint_IntroHintService] Hint Status - HIDE : Home Package Not Running
04-18 09:51:37.192  7452  7452 I SAMSUNGWALLET: [Hint_IntroHintService] getWindowLayoutParams
04-18 09:51:37.192  7452  7452 I SAMSUNGWALLET: [Hint_IntroHintService] S fit
04-18 09:51:37.192  6838  6991 V OsAgent : broadcastSystemEvent - 7
04-18 09:51:37.192  2427  2427 D SurfaceFlinger: Display 4630947077158959251 HWC layers:
04-18 09:51:37.192  2427  2427 D SurfaceFlinger:        DEVICE |          127964255625334 | 00000100 | 0x7fa30c09   |    0.0    0.0 1440.0 3120.0 |    0    0 1080 2340 | Wallpaper BBQ wrapper 7_systemlock#8475 (6894)
04-18 09:51:37.192  2427  2427 D SurfaceFlinger:        DEVICE |           33745558047564 | 00002100 | RGBA_8888    |    0.0    0.0 1080.0 2340.0 |    0    0 1080 2340 | com.sec.android.app.launcher/com.sec[...]ivities.LauncherActivity$_7857#11853 (302)
04-18 09:51:37.192  2427  2427 D SurfaceFlinger:        CLIENT |           21895743279120 | 00002100 | RGBA_8888    |    0.0    0.0 1080.0 2340.0 |   79  170 1001 2170 | Splash Screen com.samsung.android.dialer$_5098#11880 (1)
04-18 09:51:37.192  2427  2427 D SurfaceFlinger:        DEVICE |           21895743278772 | 00002100 | RGBA_8888    |    0.0    0.0 1080.0  105.0 |    0    0 1080  105 | StatusBar$_5098#90 (32309)
04-18 09:51:37.192  2427  2427 D SurfaceFlinger:        DEVICE |           33745558047539 | 00002100 | RGBA_8888    |    0.0    0.0   80.0  342.0 | 1000  438 1080  780 | com.sec.android.app.launcher/com.sam[...]l.app.CocktailBarService$_7857#11785 (1)
04-18 09:51:37.192  2427  2427 D SurfaceFlinger:        DEVICE |           21895743278755 | 00002100 | RGBA_8888    |    0.0    0.
04-18 09:51:37.192  2427  2427 D SurfaceFlinger: 0 1080.0  135.0 |    0 2205 1080 2340 | NavigationBar0$_5098#88 (20039)
04-18 09:51:37.192  2427  2427 D SurfaceFlinger:        DEVICE |           32006096290441 | 00002100 | RGBA_8888    |    0.0    0.0  522.0   67.0 |  279 2273  801 2340 | com.samsung.android.spay.pay.HintService$_7452#11859 (1)
04-18 09:51:37.192  2427  2427 D SurfaceFlinger: 
04-18 09:51:37.192  3518  3951 D OlafRestriction: source/com.google.android.youtube/10292 is system
04-18 09:51:37.192  3518  3951 D OlafRestriction: source/com.google.android.youtube/10292 is system
04-18 09:51:37.193  3518  3951 D OlafRestriction: source/com.google.android.as.oss/10274 is system
04-18 09:51:37.193  3518  3951 D OlafRestriction: source/com.android.vending/10273 is system
04-18 09:51:37.193  5827  5846 D PipelineWatcher: onInputBufferReleased: frameIndex not found (4766); ignored
04-18 09:51:37.194  3518  5181 I WindowManager: Relayout Window{d1ae8bd u0 com.samsung.android.spay.pay.HintService}: viewVisibility=8 req=522x67 ty=2634 d0
04-18 09:51:37.194 14399 14428 D PipelineWatcher: onInputBufferReleased: frameIndex not found (6); ignored
04-18 09:51:37.195  3518  5181 E WindowManager: win=Window{d1ae8bd u0 com.samsung.android.spay.pay.HintService} destroySurfaces: appStopped=true cleanupOnResume=false win.mWindowRemovalAllowed=false win.mRemoveOnExit=false win.mViewVisibility=8 caller=com.android.server.wm.WindowManagerService.tryStartExitingAnimation:128 com.android.server.wm.WindowManagerService.relayoutWindow:1121 com.android.server.wm.Session.relayout:30 android.view.IWindowSession$Stub.onTransact:840 com.android.server.wm.Session.onTransact:1 android.os.Binder.execTransactInternal:1509 android.os.Binder.execTransact:1454 
04-18 09:51:37.196  3518  5181 I WindowManager: Relayout hash=d1ae8bd, pid=7452, syncId=-1: mAttrs={(0,0)(522x67) gr=BOTTOM CENTER sim={adjust=pan} layoutInDisplayCutoutMode=shortEdges ty=2634 fmt=TRANSLUCENT
04-18 09:51:37.196  3518  5181 I WindowManager:   fl=1800308
04-18 09:51:37.196  3518  5181 I WindowManager:   pfl=10000000
04-18 09:51:37.196  3518  5181 I WindowManager:   bhv=1
04-18 09:51:37.196  3518  5181 I WindowManager:   fitTypes=2
04-18 09:51:37.196  3518  5181 I WindowManager:   fitSides=5
04-18 09:51:37.196  3518  5181 I WindowManager:   frameRateBoostOnTouch=true
04-18 09:51:37.196  3518  5181 I WindowManager:   dvrrWindowFrameRateHint=true naviIconColor=0}
04-18 09:51:37.196  5827  5846 D PipelineWatcher: onInputBufferReleased: frameIndex not found (4767); ignored
04-18 09:51:37.197 14399 14407 D PipelineWatcher: onInputBufferReleased: frameIndex not found (7); ignored
04-18 09:51:37.197  2331 14475 I HYPER-HAL: [RequestManager.cpp]releaseLocked(): Released ID : 24894762
04-18 09:51:37.197  7452  7452 I VRI[HintService]@f05ea01: Relayout returned: old=(279,2273,801,2340) new=(279,2273,801,2340) relayoutAsync=false req=(522,67)8 dur=3 res=0x2 s={false 0x0} ch=true seqId=0
04-18 09:51:37.198  1216  1218 D io_stats: !@ ufs-boost: status(ON)
04-18 09:51:37.201  2427  2427 I SurfaceFlinger: [LayerHierarchy{RequestedLayerState{com.samsung.android.spay.pay.HintService$_7452#11859} no children}] reparent to OffscreenRoot
04-18 09:51:37.201  2427  2427 I SurfaceFlinger: [LayerHierarchy{RequestedLayerState{com.samsung.android.spay.pay.HintService$_7452#11859} no children}] RelativeParent to null
04-18 09:51:37.201  2427  2427 I SurfaceFlinger: id=11859 Removed com.samsung.android.spay.pay.HintService$_7452#11859 (157)
04-18 09:51:37.201  3518  3668 D LocalDisplayAdapter: updateActiveModeLocked for d=4630947077158959251, mActiveModeId=2, mActiveSfDisplayMode=DisplayMode{id=1, width=1080, height=2340, xDpi=375.78082, yDpi=373.81134, peakRefreshRate=120.00001, vsyncRate=240.00005, appVsyncOffsetNanos=8333111, presentationDeadlineNanos=9333444, supportedHdrTypes=[4, 2, 3], group=1}
04-18 09:51:37.201  3518  3668 I DisplayDeviceRepository: Display device changed render timings: "기본으로 제공되는 화면", renderFrameRate=120.00002, presentationDeadlineNanos=9333443, appVsyncOffsetNanos=8333111, frameRateOverrides=[{uid=10048 frameRateHz=120.00002}, {uid=10151 frameRateHz=120.00002}, {uid=10159 frameRateHz=120.00002}]
04-18 09:51:37.204  2427  2427 D SurfaceFlinger: Display 4630947077158959251 HWC layers:
04-18 09:51:37.204  2427  2427 D SurfaceFlinger:        DEVICE |          127964255625334 | 00000100 | 0x7fa30c09   |    0.0    0.0 1440.0 3120.0 |    0    0 1080 2340 | Wallpaper BBQ wrapper 7_systemlock#8475 (6894)
04-18 09:51:37.204  2427  2427 D SurfaceFlinger:        DEVICE |           33745558047564 | 00002100 | RGBA_8888    |    0.0    0.0 1080.0 2340.0 |    0    0 1080 2340 | com.sec.android.app.launcher/com.sec[...]ivities.LauncherActivity$_7857#11853 (302)
04-18 09:51:37.204  2427  2427 D SurfaceFlinger:        CLIENT |           21895743279120 | 00002100 | RGBA_8888    |    0.0    0.0 1080.0 2340.0 |   71  154 1009 2186 | Splash Screen com.samsung.android.dialer$_5098#11880 (1)
04-18 09:51:37.204  2427  2427 D SurfaceFlinger:        DEVICE |           21895743278772 | 00002100 | RGBA_8888    |    0.0    0.0 1080.0  105.0 |    0    0 1080  105 | StatusBar$_5098#90 (32309)
04-18 09:51:37.204  2427  2427 D SurfaceFlinger:        DEVICE |           33745558047539 | 00002100 | RGBA_8888    |    0.0    0.0   80.0  342.0 | 1000  438 1080  780 | com.sec.android.app.launcher/com.sam[...]l.app.CocktailBarService$_7857#11785 (1)
04-18 09:51:37.204  2427  2427 D SurfaceFlinger:        DEVICE |           21895743278755 | 00002100 | RGBA_8888    |    0.0    0.
04-18 09:51:37.204  2427  2427 D SurfaceFlinger: 0 1080.0  135.0 |    0 2205 1080 2340 | NavigationBar0$_5098#88 (20039)
04-18 09:51:37.204  2427  2427 D SurfaceFlinger: 
04-18 09:51:37.206 14399 14428 D PipelineWatcher: onInputBufferReleased: frameIndex not found (8); ignored
04-18 09:51:37.208 14399 14428 D PipelineWatcher: onInputBufferReleased: frameIndex not found (9); ignored
04-18 09:51:37.208  5827  5846 D PipelineWatcher: onInputBufferReleased: frameIndex not found (4768); ignored
04-18 09:51:37.209  2427  2427 I SurfaceFlinger: destroyed com.samsung.android.spay.pay.HintService$_7452#11859 form LifecycleManager
04-18 09:51:37.209  2427  2427 I SurfaceFlinger: id=11859 onLayerDestroyed from LayerHierarchyBuilder(RequestedLayerState{com.samsung.android.spay.pay.HintService$_7452#11859 !handle})
04-18 09:51:37.210  2427  2427 I SurfaceFlinger: id=11859 Destroyed com.samsung.android.spay.pay.HintService$_7452#11859
04-18 09:51:37.210  5827  5846 D PipelineWatcher: onInputBufferReleased: frameIndex not found (4769); ignored
04-18 09:51:37.222 14399 14428 D PipelineWatcher: onInputBufferReleased: frameIndex not found (10); ignored
04-18 09:51:37.223  5827  5846 D PipelineWatcher: onInputBufferReleased: frameIndex not found (4770); ignored
04-18 09:51:37.224 14478 14478 I MultiDex: VM with version 2.1.0 has multidex support
04-18 09:51:37.224 14478 14478 I MultiDex: Installing application
04-18 09:51:37.224 14478 14478 I MultiDex: VM has multidex support, MultiDex support library is disabled.
04-18 09:51:37.224 14478 14478 W ContactsApplication: context : null ,Try get context using hidden api 
04-18 09:51:37.224 14478 14478 I AppLogDataSource: isSecLogEnabled : false
04-18 09:51:37.224 14478 14478 I AppLogDataSource: isShipBuild : true
04-18 09:51:37.224 14399 14428 D PipelineWatcher: onInputBufferReleased: frameIndex not found (11); ignored
04-18 09:51:37.224  5827  5846 D PipelineWatcher: onInputBufferReleased: frameIndex not found (4771); ignored
04-18 09:51:37.224 14478 14478 I CapsuleProvider_1.0.29: onCreate
04-18 09:51:37.225  3518  3575 I system_server: Background young concurrent mark compact GC freed 39MB AllocSpace bytes, 211(9484KB) LOS objects, 27% free, 115MB/159MB, paused 2.730ms,6.117ms total 103.169ms
04-18 09:51:37.226 14478 14478 I ContactKLVC: -56|1776473497226|onApplicationStarted
04-18 09:51:37.227 14478 14478 I DialerApplication: [D] onCreate 16.1.26.7
04-18 09:51:37.227 14478 14512 I ContactBixbyHelper: [D] bixbyInit : upp
04-18 09:51:37.228 14478 14512 I CapsuleProvider_1.0.29: releasing initialize wait lock.
04-18 09:51:37.228 14478 14513 I DeviceSpecUtil: [D] isTablet: false, isFold: false, isFlip: false
04-18 09:51:37.228 14478 14512 I a_1.0.29: initialized
04-18 09:51:37.228  3518  7286 V WindowManager: Computed rotation=ROTATION_0 (0) for display id=0 based on lastOrientation=SCREEN_ORIENTATION_UNSPECIFIED (-1) and oldRotation=ROTATION_0 (0), caller=com.android.server.wm.DisplayRotation.updateOrientation:86 com.android.server.wm.DisplayContent.updateOrientation:41 com.android.server.wm.DisplayContent.updateOrientationAndComputeConfig:43 com.android.server.wm.RootWindowContainer.ensureVisibilityAndConfig:7 com.android.server.wm.ActivityTaskSupervisor.realStartActivityLocked:182 com.android.server.wm.RootWindowContainer.attachApplication:100 
04-18 09:51:37.228  3518  7286 W PackageConfigPersister: App-specific configuration not found for packageName: com.samsung.android.dialer and userId: 0
04-18 09:51:37.228  3518  7286 D SGM:FgCheckThread: notifyAppCreated(), packageName: com.samsung.android.dialer, userId: 0, sendRet: true
04-18 09:51:37.228  3518  7286 D SGM:FgCheckThread: TaskStackListener.onTaskFocusChanged(), taskId=44, focused=false
04-18 09:51:37.228  3518  7286 D SGM:FgCheckThread: TaskStackListener.onTaskFocusChanged(), taskId=165, focused=true
04-18 09:51:37.228 14478 14512 I ContactBixbyHelper: [D] bixbyInit : 
04-18 09:51:37.228  3518  7286 W PackageConfigPersister: App-specific configuration not found for packageName: com.samsung.android.dialer and userId: 0
04-18 09:51:37.228  3518  7286 W PackageConfigPersister: App-specific configuration not found for packageName: com.sec.android.app.launcher and userId: 0
04-18 09:51:37.228  3518  7286 W PackageConfigPersister: App-specific configuration not found for packageName: com.termux and userId: 0
04-18 09:51:37.228  3518  7286 W PackageConfigPersister: App-specific configuration not found for packageName: com.sec.android.app.launcher and userId: 0
04-18 09:51:37.228  3518  7286 W PackageConfigPersister: App-specific configuration not found for packageName: com.android.settings and userId: 0
04-18 09:51:37.228  3518  7286 W PackageConfigPersister: App-specific configuration not found for packageName: com.android.vending and userId: 0
04-18 09:51:37.228  3518  7286 D SGM:FgCheckThread:   sendRunningComponentFocus(), pkgName: com.samsung.android.dialer, userId: 0
04-18 09:51:37.228  3518  7286 D InputDispatcher: Focused application(0): ActivityRecord{258815710 u0 com.samsung.android.dialer/.DialtactsActivity t165}
04-18 09:51:37.228  3518  7286 D ActivityTaskManager: scheduleTopResumedActivityChanged, onTop=true, r=ActivityRecord{258815710 u0 com.samsung.android.dialer/.DialtactsActivity t165}, caller=com.android.server.wm.ActivityTaskSupervisor.scheduleTopResumedActivityStateIfNeeded:18 com.android.server.wm.ActivityTaskSupervisor.updateTopResumedActivityIfNeeded:94 com.android.server.wm.TaskFragment.setResumedActivity:29 com.android.server.wm.ActivityRecord.setState:100 com.android.server.wm.ActivityTaskSupervisor.realStartActivityLocked:533 com.android.server.wm.RootWindowContainer.attachApplication:100 
04-18 09:51:37.228  3518  4902 W PackageConfigPersister: App-specific configuration not found for packageName: com.samsung.android.dialer and userId: 0
04-18 09:51:37.228  3518  4902 W PackageConfigPersister: App-specific configuration not found for packageName: com.sec.android.app.launcher and userId: 0
04-18 09:51:37.228  3518  4902 W PackageConfigPersister: App-specific configuration not found for packageName: com.termux and userId: 0
04-18 09:51:37.228  3518  4902 W PackageConfigPersister: App-specific configuration not found for packageName: com.sec.android.app.launcher and userId: 0
04-18 09:51:37.228  3518  4902 W PackageConfigPersister: App-specific configuration not found for packageName: com.android.settings and userId: 0
04-18 09:51:37.228  3518  4902 W PackageConfigPersister: App-specific configuration not found for packageName: com.android.vending and userId: 0
04-18 09:51:37.229  3518  4902 D AS.MultiSoundManager: mForegroundUid = 10129
04-18 09:51:37.229  3518  7409 D GraphicsStatsService: requestRenderEngineFor(com.samsung.android.dialer)
04-18 09:51:37.229  3518  4036 D SGM:FgCheckThread: onLooperPrepared(), msg: MSG_APP_CREATE, pkgName: com.samsung.android.dialer, userId: 0
04-18 09:51:37.229  3518  4036 D SGM:FgCheckThread: onLooperPrepared(), msg: MSG_TASK_FOCUSED, pkgName: com.samsung.android.dialer, userId: 0
04-18 09:51:37.229  3518  4036 D SGM:FgCheckThread: handleTaskFocused().
04-18 09:51:37.229  3518  4036 D SGM:FgCheckThread:   handleTaskFocused(), pkgName: com.samsung.android.dialer, userID:0
04-18 09:51:37.229  3518  4036 D SGM:FgCheckThread: handleResume().
04-18 09:51:37.229  3518  4036 D SGM:FgCheckThread:   handleResume(). pkgName: com.samsung.android.dialer, userId: 0, category: non-game
04-18 09:51:37.229  3518  4036 D SGM:FgCheckThread: notifyFocusInOut(). of pkg: com.samsung.android.dialer, type: 4, isSecGameFamily: false, userId: 0
04-18 09:51:37.229  3518  4036 D SGM:FgCheckThread:   notifyFocusInOut(). do nothing
04-18 09:51:37.229  3518  4036 D SGM:SystemHelper: callReleaseBlock needReleaseBlock:false
04-18 09:51:37.229 14478 14519 I DisplayManager: Choreographer implicitly registered for the refresh rate.
04-18 09:51:37.229  7857  8401 I HoneySpace.TopTaskSource: onTaskFocusChanged(): taskId = 165
04-18 09:51:37.229  5098  5098 I {OngoingActivityController}: onTaskFocusChanged but OA data is empty
