04-18 09:51:34.664 25231 25266 I MetaDbManager: getTotalActiveVectors: total count: 1
04-18 09:51:34.664  3518  3933 I BatteryService_BatteryPropertiesRegistrar: [getProperty]id:4
04-18 09:51:34.664  3518  3933 I BatteryService_BatteryPropertiesRegistrar: [getProperty]prop.long:-9223372036854775808 ,prop.string:null
04-18 09:51:34.664  3518  3933 I BatteryService_BatteryPropertiesRegistrar: [getProperty]id:6
04-18 09:51:34.664  3518  3933 I BatteryService_BatteryPropertiesRegistrar: [getProperty]prop.long:-9223372036854775808 ,prop.string:null
04-18 09:51:34.664 25231 25266 I SSS@search user 0: (DeviceStatus::AOSP_MP) Collect Finished totalElapsedTime(21 ms)start[battery(100), charging(true), thermalLevel(0), temperature(307], finish[battery(100), charging(true), thermalLevel(0), temperature(307), syncCount(0), sourceCount(0)]
04-18 09:51:34.667  3518  3933 I ActivityManager: Changes in 10074 5 to 10, 400 to 384
04-18 09:51:34.667  2416  2509 V APM_AudioPolicyManager: setAppState(portId:187, state:2)
04-18 09:51:34.667 25231 25231 I SSS@search user 0: (SearchProvider) onTrimMemory(): 40
04-18 09:51:34.667  3518  7409 I ActivityManager: Changes in 10074 10 to 19, 384 to 0
04-18 09:51:34.668  2416  2509 V APM_AudioPolicyManager: setAppState(portId:187, state:2)
04-18 09:51:34.668 22775 22963 I WM-WorkerWrapper: Worker result SUCCESS for Work [ id=ec55d8c3-0303-4055-90af-3bb562877cfc, tags={ com.sec.android.app.myfiles,com.samsung.android.smartsuggestions.search.data.collector.base.ObserverWorker } ]
04-18 09:51:34.730  5827  5846 D PipelineWatcher: onInputBufferReleased: frameIndex not found (4756); ignored
04-18 09:51:34.828  5827  5846 D PipelineWatcher: onInputBufferReleased: frameIndex not found (4757); ignored
04-18 09:51:34.860  3518  4949 W PackageConfigPersister: App-specific configuration not found for packageName: com.sec.android.app.launcher and userId: 0
04-18 09:51:34.909  3518  8250 D SemWifiUsabilityStatsMonitor: onWifiUsabilityStats - seqNum 389890, isSameBssidAndFreq true
04-18 09:51:34.909  3518  4966 I SemWifiLinkQualityMonitor: Link stat: 2529 / 390 / 1.04 (143) / 573 / -53.0 || 100.0 : 573.00 / 0.5 : 0.97 / 0.55 : 0.15 / G (G) || 5ab531545660: 0.099 / 80.735 / N / V || N V / 0 0 / Y 2.0 / Y -1 0.000 0.000 / Y / X 0 / 1307778092 0 0 || Invalid
04-18 09:51:34.910  3518  4986 W PackageConfigPersister: App-specific configuration not found for packageName: com.sec.android.app.launcher and userId: 0
04-18 09:51:34.910  3518  4986 D SGM:GameManager: identifyGamePackage. com.sec.android.app.launcher, mCurrentUserId: 0, callingMethodInfo: com.samsung.android.game.SemGameManager.isGamePackage(SemGameManager.java:106)
04-18 09:51:34.910  3518  4986 D SGM:SemGameManager: isGamePackage(), pkgName=com.sec.android.app.launcher, ret=false
04-18 09:51:34.911  3518  4968 I SemInsManager: 5ab531545 | X,0,0,0,0,0,600,600,null,N,Y,Y,0 | X, X, X | X,X,X,X,X
04-18 09:51:34.930  5827  5846 D PipelineWatcher: onInputBufferReleased: frameIndex not found (4758); ignored
04-18 09:51:34.942  2421  2496 D HeatmapThread: Updated plugType via uevent: 2
04-18 09:51:34.944  3518 10191 V [SS]SleepChargingTimeController: [isActivated]mSleepChargingStatus null => false
04-18 09:51:34.944  2375  2375 I seh_thermal_service: getTemperaturesWithType SehTemperatureType: 3
04-18 09:51:34.944  2371  2461 E BatteryDump: !@new_battery_dump : 4444,-4,475,550,100,283,278,309,283,0,283,309,0,Full,NO_CHARGING,None,Good,USB,1,Normal,0,0,0,8340,0x0,0x10000,0x0,0,0,272,v0005,0,0/0-0-0-0,0,0,0,0,0x0000,0x0000,0x00000000,0,0,0,0,0,0,2,4444,9948,966,0,
04-18 09:51:34.944  2371  2371 I sehhealth-service: updateLrpSysfs: write: 307
04-18 09:51:35.031  5827  5846 D PipelineWatcher: onInputBufferReleased: frameIndex not found (4759); ignored
04-18 09:51:35.131  5827  5846 D PipelineWatcher: onInputBufferReleased: frameIndex not found (4760); ignored
04-18 09:51:35.159  3518  7409 W PackageConfigPersister: App-specific configuration not found for packageName: com.sec.android.app.launcher and userId: 0
04-18 09:51:35.176 22775 22965 W JobInfo : Requested important-while-foreground flag for job6013 is ignored and takes no effect
04-18 09:51:35.178 25231 25266 I SSS@search user 0: (BaseCollector::AOSP_MP) enqueue ObserverWorker name: AOSP_MP policy: APPEND_OR_REPLACE
04-18 09:51:35.267  2288  7744 I vendor.qti.bluetooth@1.0-ibs_handler: ProcessIbsCmd: Received IBS_WAKE_IND: 0xFD
04-18 09:51:35.267  2288  7744 D vendor.qti.bluetooth@1.0-ibs_handler: SerialClockVote: vote for UART CLK ON
04-18 09:51:35.267  2288  7744 D vendor.qti.bluetooth@1.0-wake_lock: Acquire wakelock is acquired 
04-18 09:51:35.267  2288  7744 I vendor.qti.bluetooth@1.0-ibs_handler: ProcessIbsCmd: Writing IBS_WAKE_ACK
04-18 09:51:35.275  5338  7794 I ScanController: onScanResult to scannerId: 8- eventType=0x10, addressType=1, address=XX:XX:XX:XX:B3:41, primaryPhy=1, secondaryPhy=0, advertisingSid=0xff, txPower=127, rssi=-84, periodicAdvInt=0x0
04-18 09:51:35.278  5338  7794 I ScanController: onScanResult to scannerId: 3- eventType=0x1b, addressType=1, address=XX:XX:XX:XX:D9:2F, primaryPhy=1, secondaryPhy=0, advertisingSid=0xff, txPower=127, rssi=-55, periodicAdvInt=0x0
04-18 09:51:35.291  5338  7794 I ScanController: onScanResult to scannerId: 3- eventType=0x1, addressType=1, address=XX:XX:XX:XX:C9:52, primaryPhy=1, secondaryPhy=1, advertisingSid=0x1, txPower=127, rssi=-53, periodicAdvInt=0x0
04-18 09:51:35.331  2288  7744 I vendor.qti.bluetooth@1.0-ibs_handler: ProcessIbsCmd: Received IBS_SLEEP_IND: 0xFE
04-18 09:51:35.331  2288  7744 D vendor.qti.bluetooth@1.0-ibs_handler: SerialClockVote: vote for UART CLK OFF
04-18 09:51:35.354  2375  3596 I thermal_core: pivot(AP) : 307, skin : 307
04-18 09:51:35.354  2375  3596 I vendor.samsung.hardware.thermal-service: index = -1.400000
04-18 09:51:35.355  2375  3596 I vendor.samsung.hardware.thermal-service: 3 / 10
04-18 09:51:35.360  3518  4949 W PackageConfigPersister: App-specific configuration not found for packageName: com.sec.android.app.launcher and userId: 0
04-18 09:51:35.370  2321  5055 I sensors-hal: handle_sns_std_sensor_event:127, [SSC_LIGHT] A: 500(500),c:3,b:98,m:0xd,cl:0,l:500,s:472,l0:6892,l1:348,s0:6500,s1:250,acl:1,opr:0.44,f(r):100,u(bl):100,if:100,sm:18,si:12,ps:472(N:64)
04-18 09:51:35.436  2288  7744 I vendor.qti.bluetooth@1.0-ibs_handler: ProcessIbsCmd: Received IBS_WAKE_IND: 0xFD
04-18 09:51:35.436  2288  7744 D vendor.qti.bluetooth@1.0-ibs_handler: SerialClockVote: vote for UART CLK ON
04-18 09:51:35.436  2288  7744 I vendor.qti.bluetooth@1.0-ibs_handler: ProcessIbsCmd: Writing IBS_WAKE_ACK
04-18 09:51:35.442  5338  7794 I ScanController: onScanResult to scannerId: 8- eventType=0x10, addressType=1, address=XX:XX:XX:XX:59:51, primaryPhy=1, secondaryPhy=0, advertisingSid=0xff, txPower=127, rssi=-85, periodicAdvInt=0x0
04-18 09:51:35.482  2288  7744 I vendor.qti.bluetooth@1.0-ibs_handler: ProcessIbsCmd: Received IBS_SLEEP_IND: 0xFE
04-18 09:51:35.482  2288  7744 D vendor.qti.bluetooth@1.0-ibs_handler: SerialClockVote: vote for UART CLK OFF
04-18 09:51:35.483  1216  1216 D io_stats: !@   8,64 r 1 4 w 0 0 d 0 0 f 0 0 iot 0 0 th 0 0 0 pt 0 inp 0 0 1307778.666
04-18 09:51:35.484  1216  1216 D io_stats: !@   8,0 r 7892710 226333032 w 8609319 96194048 d 1319635 284954316 f 250221 1145169 iot 1297980 0 th 0 0 0 pt 0 inp 0 0 1307778.666
04-18 09:51:35.484  1216  1216 D io_stats: !@ Read_top(KB): sh:normal(14399) 712 providers.media:low(29163) 616 kworker/u33:4:/(32308) 552
04-18 09:51:35.484  1216  1216 D io_stats: !@ Write_top(KB): .gms.persistent:high(29244) 52 gestions:search:high(25231) 32 id.diagmonagent:normal(6731) 24
04-18 09:51:35.484  1216  1216 D io_stats: !@ fuse-log: WORST (2000 35 13 2 10) (2000 10 6 1 6) (0 18 0 1 0) TOTAL_LATENCY (2000 19 35 13 2 10 6 1 1 0 2) (0 0 18 0 1) TOTAL_CNT (2000 14 1 2 4 2 25 2) (0 1 18 1) 
04-18 09:51:35.621  6618  6618 D WM-DelayedWorkTracker: Scheduling work 8c9b3e21-c56f-4b58-a25f-385afa2067d5
04-18 09:51:35.621  6618  6618 D WM-GreedyScheduler: Starting tracking for 8c9b3e21-c56f-4b58-a25f-385afa2067d5
04-18 09:51:35.623  6618  6770 D WM-ConstraintTracker: BatteryNotLowTracker: initial state = true
04-18 09:51:35.623  6618  6770 D WM-BrdcstRcvrCnstrntTrc: BatteryNotLowTracker: registering receiver
04-18 09:51:35.624  6618  6770 D WM-GreedyScheduler: Constraints met: Scheduling work ID WorkGenerationalId(workSpecId=8c9b3e21-c56f-4b58-a25f-385afa2067d5, generation=0)
04-18 09:51:35.625  6618  6770 D WM-Processor: Processor: processing WorkGenerationalId(workSpecId=8c9b3e21-c56f-4b58-a25f-385afa2067d5, generation=0)
04-18 09:51:35.626  6618  6618 D WM-SystemJobService: onStartJob for WorkGenerationalId(workSpecId=8c9b3e21-c56f-4b58-a25f-385afa2067d5, generation=0)
04-18 09:51:35.630  6618  6618 D WM-WorkerWrapper: Starting work for com.android.providers.media.photopicker.sync.ProactiveSyncWorker
04-18 09:51:35.631  6618 14440 I PSyncWorker: Starting proactive picker sync from sync source: 1
04-18 09:51:35.631  6618  6765 D WM-Processor: Work WorkGenerationalId(workSpecId=8c9b3e21-c56f-4b58-a25f-385afa2067d5, generation=0) is already enqueued for processing
04-18 09:51:35.632  6618 14440 I PickerSyncTracker: Created new sync future java.util.concurrent.CompletableFuture@ebf0b06[Not completed, 1 dependents]. Future map: {8c9b3e21-c56f-4b58-a25f-385afa2067d5=java.util.concurrent.CompletableFuture@ebf0b06[Not completed, 1 dependents]}
04-18 09:51:35.632  6618 14440 D PickerSyncController: syncAllMediaFromProvider() LOCAL, auth=com.android.providers.media.photopicker, retry=true
04-18 09:51:35.632  6618 14440 D PickerSyncController: getSyncRequestParams() LOCAL, auth=com.android.providers.media.photopicker
04-18 09:51:35.632  2288  5848 D vendor.qti.bluetooth@1.0-wake_lock: Release wakelock is released 
04-18 09:51:35.634  6618 14440 D PickerSyncController:    Latest ID/Gen=cbac4a1cf515afa3:external_primary/1271
04-18 09:51:35.634  6618 14440 D PickerSyncController:    Cached ID/Gen=cbac4a1cf515afa3:external_primary/1256
04-18 09:51:35.634  6618 14440 D PickerSyncController:    RESULT=SyncRequestParams{type=MEDIA_INCREMENTAL, gen=1256, latest=Bundle[{last_media_sync_generation=1271, media_collection_id=cbac4a1cf515afa3:external_primary}], pageSize=1000}
04-18 09:51:35.634  6618 14440 I PickerSyncController: Executing SyncAdd. isLocal: true. authority: com.android.providers.media.photopicker
04-18 09:51:35.634  6618 14440 D PickerSyncLockManager: Trying to acquire lock com.android.providers.media.photopicker.sync.CloseableReentrantLock@fe274c4[Unlocked]. Lock Name = CLOUD_PROVIDER_LOCK. Threads that may be waiting to acquire this lock = [] with timeout.
04-18 09:51:35.634  6618 14440 D CloseableReentrantLock: Successfully acquired lock com.android.providers.media.photopicker.sync.CloseableReentrantLock@fe274c4[Locked by thread pool-5-thread-173]. Lock Name = CLOUD_PROVIDER_LOCK. Threads that may be waiting to acquire this lock = []
04-18 09:51:35.634  6618 14440 D CloseableReentrantLock: Successfully released lock com.android.providers.media.photopicker.sync.CloseableReentrantLock@fe274c4[Unlocked]. Lock Name = CLOUD_PROVIDER_LOCK. Threads that may be waiting to acquire this lock = []
04-18 09:51:35.634  6618 14440 D ExternalDbFacade: Token received for queryMedia = null
04-18 09:51:35.635  6618 14440 D PickerSyncLockManager: Trying to acquire lock com.android.providers.media.photopicker.sync.CloseableReentrantLock@fe274c4[Unlocked]. Lock Name = CLOUD_PROVIDER_LOCK. Threads that may be waiting to acquire this lock = [] with timeout.
04-18 09:51:35.635  6618 14440 D CloseableReentrantLock: Successfully acquired lock com.android.providers.media.photopicker.sync.CloseableReentrantLock@fe274c4[Locked by thread pool-5-thread-173]. Lock Name = CLOUD_PROVIDER_LOCK. Threads that may be waiting to acquire this lock = []
04-18 09:51:35.635  6618 14440 D PickerSyncController: Clearing next page token for key: local_provider:media_add:resume
04-18 09:51:35.635  6618 14440 D CloseableReentrantLock: Successfully released lock com.android.providers.media.photopicker.sync.CloseableReentrantLock@fe274c4[Unlocked]. Lock Name = CLOUD_PROVIDER_LOCK. Threads that may be waiting to acquire this lock = []
04-18 09:51:35.635  6618 14440 D PickerNotificationSender: Sending a notification for media update
04-18 09:51:35.636  3518  7409 D SyncManager: userId - 0 auto - true
04-18 09:51:35.636  6618 14440 D PickerNotificationSender: Sending a notification for merged album media update Favorites
04-18 09:51:35.636  6618 14440 D PickerNotificationSender: Sending a notification for album media update Favorites
04-18 09:51:35.636  3518  7409 D SyncManager: userId - 0 auto - true
04-18 09:51:35.636  6618 14440 D PickerNotificationSender: Sending a notification for merged album media update Videos
04-18 09:51:35.637  6618 14440 D PickerNotificationSender: Sending a notification for album media update Videos
04-18 09:51:35.637  3518  7409 D SyncManager: userId - 0 auto - true
04-18 09:51:35.637  6618 14440 I PickerSyncController: Paged sync successful. QueryArgs: Bundle[{android.provider.extra.SYNC_GENERATION=1256, android.provider.extra.PAGE_SIZE=1000}] Total Rows: 0
04-18 09:51:35.637  6618 14440 I PickerSyncController: Executing SyncRemove. isLocal: true. authority: com.android.providers.media.photopicker
04-18 09:51:35.637  6618 14440 D PickerSyncLockManager: Trying to acquire lock com.android.providers.media.photopicker.sync.CloseableReentrantLock@fe274c4[Unlocked]. Lock Name = CLOUD_PROVIDER_LOCK. Threads that may be waiting to acquire this lock = [] with timeout.
04-18 09:51:35.637  6618 14440 D CloseableReentrantLock: Successfully acquired lock com.android.providers.media.photopicker.sync.CloseableReentrantLock@fe274c4[Locked by thread pool-5-thread-173]. Lock Name = CLOUD_PROVIDER_LOCK. Threads that may be waiting to acquire this lock = []
04-18 09:51:35.637  6618 14440 D CloseableReentrantLock: Successfully released lock com.android.providers.media.photopicker.sync.CloseableReentrantLock@fe274c4[Unlocked]. Lock Name = CLOUD_PROVIDER_LOCK. Threads that may be waiting to acquire this lock = []
04-18 09:51:35.638  6618 14440 E PickerDbFacade: Could not get first date taken millis for media id: 138
04-18 09:51:35.638  6618 14440 W PickerDbFacade: Unable to promote cloud media with localId: 138
04-18 09:51:35.638  6618 14440 D PickerSyncLockManager: Trying to acquire lock com.android.providers.media.photopicker.sync.CloseableReentrantLock@fe274c4[Unlocked]. Lock Name = CLOUD_PROVIDER_LOCK. Threads that may be waiting to acquire this lock = [] with timeout.
04-18 09:51:35.639  6618 14440 D CloseableReentrantLock: Successfully acquired lock com.android.providers.media.photopicker.sync.CloseableReentrantLock@fe274c4[Locked by thread pool-5-thread-173]. Lock Name = CLOUD_PROVIDER_LOCK. Threads that may be waiting to acquire this lock = []
04-18 09:51:35.639  6618 14440 D PickerSyncController: Clearing next page token for key: local_provider:media_remove:resume
04-18 09:51:35.639  6618 14440 D CloseableReentrantLock: Successfully released lock com.android.providers.media.photopicker.sync.CloseableReentrantLock@fe274c4[Unlocked]. Lock Name = CLOUD_PROVIDER_LOCK. Threads that may be waiting to acquire this lock = []
04-18 09:51:35.639  6618 14440 D PickerNotificationSender: Sending a notification for media update
04-18 09:51:35.639  3518  7409 D SyncManager: userId - 0 auto - true
04-18 09:51:35.639  6618 14440 D PickerNotificationSender: Sending a notification for merged album media update Favorites
04-18 09:51:35.639  6618 14440 D PickerNotificationSender: Sending a notification for album media update Favorites
04-18 09:51:35.639  3518  7409 D SyncManager: userId - 0 auto - true
04-18 09:51:35.639  6618 14440 D PickerNotificationSender: Sending a notification for merged album media update Videos
04-18 09:51:35.639  6618 14440 D PickerNotificationSender: Sending a notification for album media update Videos
04-18 09:51:35.640  3518  7409 D SyncManager: userId - 0 auto - true
04-18 09:51:35.640  6618 14440 I PickerSyncController: Paged sync successful. QueryArgs: Bundle[{android.provider.extra.SYNC_GENERATION=1256, android.provider.extra.PAGE_SIZE=1000}] Total Rows: 0
04-18 09:51:35.641  6618 14440 I PickerSyncTracker: Marked sync future complete for work id: 8c9b3e21-c56f-4b58-a25f-385afa2067d5. Future map: {}
04-18 09:51:35.641  6618 14440 I PSyncWorker: Completed picker proactive sync complete from local provider.
04-18 09:51:35.641  6618  6772 I WM-WorkerWrapper: Worker result SUCCESS for Work [ id=8c9b3e21-c56f-4b58-a25f-385afa2067d5, tags={ com.android.providers.media.photopicker.sync.ProactiveSyncWorker } ]
04-18 09:51:35.642  6618  6618 D WM-Processor: Processor 8c9b3e21-c56f-4b58-a25f-385afa2067d5 executed; reschedule = false
04-18 09:51:35.642  6618  6618 D WM-GreedyScheduler: Stopping tracking for WorkGenerationalId(workSpecId=8c9b3e21-c56f-4b58-a25f-385afa2067d5, generation=0)
04-18 09:51:35.642  6618  6618 D WM-SystemJobService: 8c9b3e21-c56f-4b58-a25f-385afa2067d5 executed on JobScheduler
04-18 09:51:35.644  6618  6772 D WM-GreedyScheduler: Cancelling work ID 8c9b3e21-c56f-4b58-a25f-385afa2067d5
04-18 09:51:35.644  6618  6772 D WM-GreedyScheduler: Ignoring {WorkSpec: 03999ae1-0f69-49c4-b27b-f45ee3e0becf}. Requires device idle.
04-18 09:51:35.644  6618  6772 D WM-GreedyScheduler: Ignoring {WorkSpec: e727c791-5db4-4a24-9659-6d28543ee9cd}. Requires device idle.
04-18 09:51:35.645  6618  6772 D WM-GreedyScheduler: Ignoring {WorkSpec: 75c8c293-6b92-427c-9906-8a67e6e0f12b}. Requires device idle.
04-18 09:51:35.645  6618  6772 D WM-BrdcstRcvrCnstrntTrc: BatteryNotLowTracker: unregistering receiver
04-18 09:51:35.660  3518  7409 W PackageConfigPersister: App-specific configuration not found for packageName: com.sec.android.app.launcher and userId: 0
04-18 09:51:35.861  3518  4949 W PackageConfigPersister: App-specific configuration not found for packageName: com.sec.android.app.launcher and userId: 0
04-18 09:51:36.051  3518  7409 D InputDispatcher: Inject key (14447/2000): action=0, f=0x0, d=-1, time=1307779233000000
04-18 09:51:36.051  3518  7409 D InputManager-JNI: !@interceptKeyBeforeQueueing(0), action=0, interactive=true
04-18 09:51:36.051  3518  7409 D PhoneWindowManager: interceptKeyTq keycode=3 interactive=true keyguardActive=false policyFlags=2b000000
04-18 09:51:36.051  3518  7409 D SingleKeyGesture: interceptKeyDown, info : KeyCode=KEYCODE_UNKNOWN, size=0
04-18 09:51:36.051  3518  7409 D PhoneWindowManagerExt: interceptKeyTq code=3 down=true repeatCount=0 displayId=-1 interactive=true powerCombination=false
04-18 09:51:36.051  3518  7409 D PhoneWindowManager: interceptKeyTq interceptKeyResult=1
04-18 09:51:36.051  3518  7409 D InputManager-JNI: !@handleInterceptActions(0), action=0, wmActions=1
04-18 09:51:36.051  3518  4010 D PowerManagerService: [api] userActivityFromNative : button displayId=0 eventTime=1307779233
04-18 09:51:36.051  3518  4010 D PhoneWindowManager: interceptKeyTi keyCode=3 action=0 repeatCount=0 keyguardOn=false canceled=false
04-18 09:51:36.051  3518  4010 D PhoneWindowManagerExt: interceptKeyTi code=3 down=true repeatCount=0 displayId=0 interactive=true
04-18 09:51:36.051  3518  4010 D PhoneWindowManagerExt: startSearcleByHomeKey, down=true longPress=false displayId=0
04-18 09:51:36.051  3518  4010 D StatusBarManagerService: startSearcleByHomeKey down=true longPress=false
04-18 09:51:36.052  3518  7409 D InputDispatcher: Inject key (14447/2000): action=1, f=0x0, d=-1, time=1307779235000000
04-18 09:51:36.052  5098  5098 D SearcleManager: startSearcleByHomeKey down = true, longPress = false
04-18 09:51:36.052  3518  7409 D InputManager-JNI: !@interceptKeyBeforeQueueing(0), action=1, interactive=true
04-18 09:51:36.052  3518  7409 D PhoneWindowManager: interceptKeyTq keycode=3 interactive=true keyguardActive=false policyFlags=2b000000
04-18 09:51:36.052  3518  7409 D PhoneWindowManagerExt: interceptKeyTq code=3 down=false repeatCount=0 displayId=-1 interactive=true powerCombination=false
04-18 09:51:36.052  3518  7409 D PhoneWindowManager: interceptKeyTq interceptKeyResult=1
04-18 09:51:36.052  3518  7409 D InputManager-JNI: !@handleInterceptActions(0), action=1, wmActions=1
04-18 09:51:36.052  3518  4010 D PhoneWindowManager: interceptKeyTi keyCode=3 action=1 repeatCount=0 keyguardOn=false canceled=false
04-18 09:51:36.052  3518  4010 D PhoneWindowManagerExt: interceptKeyTi code=3 down=false repeatCount=0 displayId=0 interactive=true
04-18 09:51:36.052  3518  4010 D PhoneWindowManagerExt: startSearcleByHomeKey, down=false longPress=false displayId=0
04-18 09:51:36.052  3518  4010 D StatusBarManagerService: startSearcleByHomeKey down=false longPress=false
04-18 09:51:36.052  5098  5098 D SearcleManager: startSearcleByHomeKey down = false, longPress = false
04-18 09:51:36.052  5098  5098 D SearcleManager: startSearcleByHomeKey currentDownCount = 0 tipShownCount = 2 
04-18 09:51:36.052  5098  5098 D SearcleManager: startSearcleByHomeKey isInstalledCTSApp = UNINSTALLED
04-18 09:51:36.053  3518  3666 D PowerManagerService: [api] userActivity : other (uid: 1000 pid: 3518) <- awaken() in com.android.server.dreams.DreamManagerService$BinderService:25 displayId=0 eventTime=1307779236
04-18 09:51:36.053  3518  3666 D PhoneWindowManagerExt: startDockOrHome, Callers=com.android.server.policy.PhoneWindowManager.startDockOrHome:136 com.android.server.policy.PhoneWindowManager.launchHomeFromHotKey:218 com.android.server.policy.PhoneWindowManager.handleShortPressOnHome:59 com.android.server.policy.PhoneWindowManager$DisplayHomeButtonHandler$$ExternalSyntheticLambda0.run:154 android.os.Handler.handleCallback:1070 android.os.Handler.dispatchMessage:125 android.os.Looper.dispatchMessage:358 android.os.Looper.loopOnce:288 android.os.Looper.loop:392 android.os.HandlerThread.run:139 
04-18 09:51:36.053  3518  3666 D PhoneWindowManager: startDockOrHome: startReason= startDockOrHome
04-18 09:51:36.053  5098  5098 V ShellDragAndDrop: Receive android.intent.action.CLOSE_SYSTEM_DIALOGS
04-18 09:51:36.054  5098  5098 D LocationControllerImpl: onReceive() = android.intent.action.CLOSE_SYSTEM_DIALOGS
04-18 09:51:36.054  5098  5136 V ShellDragAndDrop: Do not update drop target window visibility: window is already set to 4.
04-18 09:51:36.054  7452  7452 I SAMSUNGWALLET: [Hint_IntroHintService] onReceive() action=android.intent.action.CLOSE_SYSTEM_DIALOGS
04-18 09:51:36.055  3518  3666 W ActivityTaskManager: callingPackage for (uid=-1, pid=0) has no WPC
04-18 09:51:36.055  3518  3666 V WindowManager: DesktopModeLaunchParamsModifier: phase= 0 task=null activity=null display-area-token-from-option=DefaultTaskDisplayArea_d0@232835871 display-id=0 task-display-area-windowing-mode=1 suggested-display-area=DefaultTaskDisplayArea_d0@232835871 task null, skipping
04-18 09:51:36.055  3518  3666 V WindowManager: TaskLaunchParamsModifier:phase=0 task=null activity=null display-area-token-from-option=DefaultTaskDisplayArea_d0@232835871 display-id=0 task-display-area-windowing-mode=1 suggested-display-area=DefaultTaskDisplayArea_d0@232835871
04-18 09:51:36.055  3518  3666 W ActivityStartInterceptor: Starting home with component specified, uid=0
04-18 09:51:36.055  7857 26494 I HoneySpace.LauncherProvider: call - android.uid.systemui:10048, get_internal_Dex_status, internal_dex_status
04-18 09:51:36.055  7857 26494 I HoneySpace.ExternalMethodItem: updateRefsItemsByEntryPoints. HoneySpaceInfo(name=OneUI, displayId=0)
04-18 09:51:36.055  5098  5098 D SecMultiSIMPreferredBarViewModel: onReceive() - action = android.intent.action.CLOSE_SYSTEM_DIALOGS
04-18 09:51:36.055  5098  5098 D SecMultiSIMPreferredBarViewModel: Received broadcast that should dismiss popup: android.intent.action.CLOSE_SYSTEM_DIALOGS
04-18 09:51:36.055  3518  3666 E TransitionChain: Likely improperly balanced ActionChain: [finishTransitionInner]
04-18 09:51:36.055  3518  3666 E TransitionChain: android.util.Log$TerribleFailure: Likely improperly balanced ActionChain: [finishTransitionInner]
04-18 09:51:36.055  3518  3666 E TransitionChain: 	at android.util.Log.wtf(Log.java:466)
04-18 09:51:36.055  3518  3666 E TransitionChain: 	at android.util.Slog.wtfStack(Slog.java:349)
04-18 09:51:36.055  3518  3666 E TransitionChain: 	at com.android.server.wm.ActionChain$Tracker.makeChain(qb/107044592 550dcb89f8e2393d7521f70c682252e5eaf8c2937577d531e8c495bb7390f10e:126)
04-18 09:51:36.055  3518  3666 E TransitionChain: 	at com.android.server.wm.ActionChain$Tracker.startTransit(qb/107044592 550dcb89f8e2393d7521f70c682252e5eaf8c2937577d531e8c495bb7390f10e:12)
04-18 09:51:36.055  3518  3666 E TransitionChain: 	at com.android.server.wm.ActivityStarter.executeRequest(qb/107044592 550dcb89f8e2393d7521f70c682252e5eaf8c2937577d531e8c495bb7390f10e:3689)
04-18 09:51:36.055  3518  3666 E TransitionChain: 	at com.android.server.wm.ActivityStarter.execute(qb/107044592 550dcb89f8e2393d7521f70c682252e5eaf8c2937577d531e8c495bb7390f10e:1751)
04-18 09:51:36.055  3518  3666 E TransitionChain: 	at com.android.server.wm.RootWindowContainer.startHomeOnTaskDisplayArea(qb/107044592 550dcb89f8e2393d7521f70c682252e5eaf8c2937577d531e8c495bb7390f10e:387)
04-18 09:51:36.055  3518  3666 E TransitionChain: 	at com.android.server.wm.RootWindowContainer$$ExternalSyntheticLambda39.apply(qb/107044592 550dcb89f8e2393d7521f70c682252e5eaf8c2937577d531e8c495bb7390f10e:20)
04-18 09:51:36.055  3518  3666 E TransitionChain: 	at com.android.server.wm.TaskDisplayArea.reduceOnAllTaskDisplayAreas(qb/107044592 550dcb89f8e2393d7521f70c682252e5eaf8c2937577d531e8c495bb7390f10e:7)
04-18 09:51:36.055  3518  3666 E TransitionChain: 	at com.android.server.wm.DisplayArea.reduceOnAllTaskDisplayAreas(qb/107044592 550dcb89f8e2393d7521f70c682252e5eaf8c2937577d531e8c495bb7390f10e:42)
04-18 09:51:36.055  3518  3666 E TransitionChain: 	at com.android.server.wm.DisplayArea.reduceOnAllTaskDisplayAreas(qb/107044592 550dcb89f8e2393d7521f70c682252e5eaf8c2937577d531e8c495bb7390f10e:42)
04-18 09:51:36.055  3518  3666 E TransitionChain: 	at com.android.server.wm.DisplayArea.reduceOnAllTaskDisplayAreas(qb/107044592 550dcb89f8e2393d7521f70c682252e5eaf8c2937577d531e8c495bb7390f10e:42)
04-18 09:51:36.055  3518  3666 E TransitionChain: 	at com.android.server.wm.DisplayArea.reduceOnAllTaskDisplayAreas(qb/107044592 550dcb89f8e2393d7521f70c682252e5eaf8c2937577d531e8c495bb7390f10e:42)
04-18 09:51:36.055  3518  3666 E TransitionChain: 	at com.android.server.wm.DisplayArea.reduceOnAllTaskDisplayAreas(qb/107044592 550dcb89f8e2393d7521f70c682252e5eaf8c2937577d531e8c495bb7390f10e:42)
04-18 09:51:36.055  3518  3666 E TransitionChain: 	at com.android.server.wm.WindowContainer.reduceOnAllTaskDisplayAreas(qb/107044592 550dcb89f8e2393d7521f70c682252e5eaf8c2937577d531e8c495bb7390f10e:4)
04-18 09:51:36.055  3518  3666 E TransitionChain: 	at com.android.server.wm.RootWindowContainer.startHomeOnDisplay(qb/107044592 550dcb89f8e2393d7521f70c682252e5eaf8c2937577d531e8c495bb7390f10e:44)
04-18 09:51:36.055  3518  3666 E TransitionChain: 	at com.android.server.policy.PhoneWindowManager.startDockOrHome(qb/107044592 550dcb89f8e2393d7521f70c682252e5eaf8c2937577d531e8c495bb7390f10e:280)
04-18 09:51:36.055  3518  3666 E TransitionChain: 	at com.android.server.policy.PhoneWindowManager.launchHomeFromHotKey(qb/107044592 550dcb89f8e2393d7521f70c682252e5eaf8c2937577d531e8c495bb7390f10e:218)
04-18 09:51:36.055  3518  3666 E TransitionChain: 	at com.android.server.policy.PhoneWindowManager.handleShortPressOnHome(qb/107044592 550dcb89f8e2393d7521f70c682252e5eaf8c2937577d531e8c495bb7390f10e:59)
04-18 09:51:36.055  3518  3666 E TransitionChain: 	at com.android.server.policy.PhoneWindowManager$DisplayHomeButtonHandler$$ExternalSyntheticLambda0.run(qb/107044592 550dcb89f8e2393d7521f70c682252e5eaf8c2937577d531e8c495bb7390f10e:154)
04-18 09:51:36.055  3518  3666 E TransitionChain: 	at android.os.Handler.handleCallback(Handler.java:1070)
04-18 09:51:36.055  3518  3666 E TransitionChain: 	at android.os.Handler.dispatchMessage(Handler.java:125)
04-18 09:51:36.055  3518  3666 E TransitionChain: 	at android.os.Looper.dispatchMessage(Looper.java:358)
04-18 09:51:36.055  3518  3666 E TransitionChain: 	at android.os.Looper.loopOnce(Looper.java:288)
04-18 09:51:36.055  3518  3666 E TransitionChain: 	at android.os.Looper.loop(Looper.java:392)
04-18 09:51:36.055  3518  3666 E TransitionChain: 	at android.os.HandlerThread.run(HandlerThread.java:139)
04-18 09:51:36.055  3518  3666 E TransitionChain: 	at com.android.server.ServiceThread.run(ServiceThread.java:46)
04-18 09:51:36.055  3518  3666 E TransitionChain: 	at com.android.server.UiThread.run(qb/107044592 550dcb89f8e2393d7521f70c682252e5eaf8c2937577d531e8c495bb7390f10e:16)
04-18 09:51:36.055  5098  5098 D SecVolume.VolumePanelStore: dispatch [ACTION_DISMISS_REQUESTED with [STATE_NO_DISPATCH], currentAction={isFromOutside : true}, currentState={activeStream=3(vol=1500), stream=3(vol=1500) } isSetupWizardComplete : true, isConfigurationChanged : true, isVoiceCapable : true, isHasVibrator : true, isMediaDefaultEnabled : true, timeOutControls : 0, stream : 3, activeStream : 3, iconTargetState : 1, timeOut : 3000, timeOutControlsText : 0, pinDevice : 0, earProtectLevel : 909, cutoutHeight : 0, iconCurrentState : 1, ringerModeInternal : 1, systemTimeNow : 1303239836}
04-18 09:51:36.056  5098  5098 D SecVolume.VolumePanelStore:   > New State : [STATE_NO_DISPATCH]
04-18 09:51:36.056  5098  5098 D PopupUI.PopupUI: PopupUIReceiver.onReceive() action : android.intent.action.CLOSE_SYSTEM_DIALOGS
04-18 09:51:36.056  5098  5098 D SimTrayProtectionViewModel: dismiss : isFoldedState()falseisRemoveSimtray() : true
04-18 09:51:36.056  3518  3666 D WindowManager: Transition is created, t=TransitionRecord{ae2735d id=-1 type=OPEN flags=0x0 parallelCollectType=NONE recentsDisplayId=-1}, caller=com.android.server.wm.Transition.<init>:201 com.android.server.wm.TransitionController.createAndStartCollecting:106 com.android.server.wm.ActivityStarter.executeRequest:3702 com.android.server.wm.ActivityStarter.execute:1751 com.android.server.wm.RootWindowContainer.startHomeOnTaskDisplayArea:387 
04-18 09:51:36.056  3518  3666 D BLASTSyncEngine: SyncGroup is created, id=980, name=Transition-OPEN, caller=com.android.server.wm.BLASTSyncEngine.prepareSyncSet:60 com.android.server.wm.TransitionController.moveToCollecting:67 com.android.server.wm.TransitionController.createAndStartCollecting:109 com.android.server.wm.ActivityStarter.executeRequest:3702 com.android.server.wm.ActivityStarter.execute:1751 com.android.server.wm.RootWindowContainer.startHomeOnTaskDisplayArea:387 com.android.server.wm.RootWindowContainer$$ExternalSyntheticLambda39.apply:20 
04-18 09:51:36.056  3518  3666 W BLASTSyncEngine: setSyncMethod, id=980, method=0, caller=com.android.server.wm.TransitionController.moveToCollecting:80 com.android.server.wm.TransitionController.createAndStartCollecting:109 com.android.server.wm.ActivityStarter.executeRequest:3702 
04-18 09:51:36.056  3518  3666 V WindowManager: Start collecting in Transition: TransitionRecord{ae2735d id=980 type=OPEN flags=0x0 parallelCollectType=NONE recentsDisplayId=-1}, caller=com.android.server.wm.TransitionController.createAndStartCollecting:109 com.android.server.wm.ActivityStarter.executeRequest:3702 com.android.server.wm.ActivityStarter.execute:1751 com.android.server.wm.RootWindowContainer.startHomeOnTaskDisplayArea:387 com.android.server.wm.RootWindowContainer$$ExternalSyntheticLambda39.apply:20 
04-18 09:51:36.056  3518  3666 V WindowManager: Collecting in transition 980: ActivityRecord{142582994 u0 com.sec.android.app.launcher/.activities.LauncherActivity, caller=com.android.server.wm.TransitionController.collect:7 com.android.server.wm.ActivityStarter.startActivityUnchecked:98 com.android.server.wm.ActivityStarter.executeRequest:3754 com.android.server.wm.ActivityStarter.execute:1751 com.android.server.wm.RootWindowContainer.startHomeOnTaskDisplayArea:387 
04-18 09:51:36.056  3518  3666 V WindowManager: DesktopModeLaunchParamsModifier: phase= 0 task=null activity=ActivityRecord{142582994 u0 com.sec.android.app.launcher/.activities.LauncherActivity t-1} display-area-token-from-option=DefaultTaskDisplayArea_d0@232835871 display-id=0 task-display-area-windowing-mode=1 suggested-display-area=DefaultTaskDisplayArea_d0@232835871 task null, skipping
04-18 09:51:36.056  3518  3666 V WindowManager: TaskLaunchParamsModifier:phase=0 task=null activity=ActivityRecord{142582994 u0 com.sec.android.app.launcher/.activities.LauncherActivity t-1} display-area-token-from-option=DefaultTaskDisplayArea_d0@232835871 display-id=0 task-display-area-windowing-mode=1 suggested-display-area=DefaultTaskDisplayArea_d0@232835871
04-18 09:51:36.056  3518  3666 V WindowManager: DesktopModeLaunchParamsModifier: phase= 3 task=Task{c283a93 #44 type=home I=com.sec.android.app.launcher/.activities.LauncherActivity} activity=ActivityRecord{142582994 u0 com.sec.android.app.launcher/.activities.LauncherActivity t-1} display-area-token-from-option=DefaultTaskDisplayArea_d0@232835871 display-id=0 task-display-area-windowing-mode=1 suggested-display-area=DefaultTaskDisplayArea_d0@232835871 non-desktop, skipping
04-18 09:51:36.056  3518  3666 V WindowManager: TaskLaunchParamsModifier:phase=3 task=Task{c283a93 #44 type=home I=com.sec.android.app.launcher/.activities.LauncherActivity} activity=ActivityRecord{142582994 u0 com.sec.android.app.launcher/.activities.LauncherActivity t-1} display-area-token-from-option=DefaultTaskDisplayArea_d0@232835871 display-id=0 task-display-area-windowing-mode=1 suggested-display-area=DefaultTaskDisplayArea_d0@232835871 non-freeform-task-display-area display-area=DefaultTaskDisplayArea_d0@232835871 default-portrait freeform-size-mismatch=Rect(81, 570 - 999, 1740)
04-18 09:51:36.056  3518  3666 V WindowManager: DesktopModeLaunchParamsModifier: phase= 3 task=Task{c283a93 #44 type=home I=com.sec.android.app.launcher/.activities.LauncherActivity} activity=ActivityRecord{142582994 u0 com.sec.android.app.launcher/.activities.LauncherActivity t-1} display-area-token-from-option=DefaultTaskDisplayArea_d0@232835871 display-id=0 task-display-area-windowing-mode=1 suggested-display-area=DefaultTaskDisplayArea_d0@232835871 non-desktop, skipping
04-18 09:51:36.056  3518  3666 V WindowManager: TaskLaunchParamsModifier:phase=3 task=Task{c283a93 #44 type=home I=com.sec.android.app.launcher/.activities.LauncherActivity} activity=ActivityRecord{142582994 u0 com.sec.android.app.launcher/.activities.LauncherActivity t-1} display-area-token-from-option=DefaultTaskDisplayArea_d0@232835871 display-id=0 task-display-area-windowing-mode=1 suggested-display-area=DefaultTaskDisplayArea_d0@232835871 non-freeform-task-display-area display-area=DefaultTaskDisplayArea_d0@232835871 default-portrait freeform-size-mismatch=Rect(81, 570 - 999, 1740)
04-18 09:51:36.057  7857 16226 I HoneySpace.OneUiSpace: received close system dialog reason=homekey
04-18 09:51:36.057  3518  3666 D WindowManager: Aborting Transition: 980 in state 0 called from com.android.server.wm.ActivityStarter.handleStartResult:867
04-18 09:51:36.057  3518  3666 V WindowManager: SyncGroup 980: Finished!
04-18 09:51:36.057  3518  3666 D PhoneWindowManager: transition/occluded commit occluded=false changed=false
04-18 09:51:36.058  3518  3666 D PhoneWindowManager: setKeyguardOccluded occluded=false
04-18 09:51:36.058  5098  5133 I KeyguardService: setOccluded isOccluded=false animate=false
04-18 09:51:36.058  5098  5133 D KeyguardService: setOccluded(false)
04-18 09:51:36.058  3518  3666 W PackageConfigPersister: App-specific configuration not found for packageName: com.sec.android.app.launcher and userId: 0
04-18 09:51:36.058  3518  3666 W PackageConfigPersister: App-specific configuration not found for packageName: com.sec.android.app.launcher and userId: 0
04-18 09:51:36.058  3518  3666 I Pageboost: stop alp
04-18 09:51:36.058  3518  3666 I ActivityTaskManager: START u0 {act=android.intent.action.MAIN cat=[android.intent.category.HOME] flg=0x10000100 cmp=com.sec.android.app.launcher/.activities.LauncherActivity (has extras)} with LAUNCH_SINGLE_TASK from uid 0 (BAL_ALLOW_ALLOWLISTED_UID) result code=3
04-18 09:51:36.058  7857  7857 I HoneySpace.Launcher: !@Boot_EBS_D: Launcher.onPause()
04-18 09:51:36.058  5098  5136 D WindowManagerShell: onActivityRestartAttempt: topActivity=ComponentInfo{com.sec.android.app.launcher/com.sec.android.app.launcher.Launcher}, wasVisible=true, displayId=0, pipDisplayLayoutState#displayId=0
04-18 09:51:36.058  7857  9674 I HoneySpace.SPayHandler: skip update when launcher activity is paused
04-18 09:51:36.058  7857  7857 I HoneySpace.Launcher: updateLauncherShowing true -> false
04-18 09:51:36.059  7857  7857 I HoneySpace.HotseatAdapter: updateDragOperator - HotseatOnHomeDragOperator
04-18 09:51:36.059  7857  7857 E HoneySpace.HotseatPot@160959436: Illegal access
04-18 09:51:36.059  7857  7857 I HoneySpace.OneUiSpace: onNewIntent() intent: Intent { act=android.intent.action.MAIN cat=[android.intent.category.HOME] flg=0x10000100 cmp=com.sec.android.app.launcher/.activities.LauncherActivity (has extras) }
04-18 09:51:36.059  5098  5098 D KeyguardViewMediator: handleMessage 9
04-18 09:51:36.059  5098  5098 D KeyguardViewMediator: handleSetOccluded(false) seq=146
04-18 09:51:36.059  7857  7857 I HoneySpace.OneUiSpace: isLaunchAllAppsAction() action: null, isHomeOnly: false, currentHoneyScreen: HOME
04-18 09:51:36.059  5098  5098 D KeyguardViewMediator: isOccluded=false,mPowerGestureIntercepted=false
04-18 09:51:36.059  6003  6003 E pageboostd: Received HALT command code 2
04-18 09:51:36.059  5098  5098 D KeyguardViewMediator: KeyguardViewMediator queue processing message: SET_OCCLUDED
04-18 09:51:36.059  7857  7857 I HoneySpace.HomescreenPot: onHomeKeyClick
04-18 09:51:36.059  7857  7857 I HoneySpace.DiscoverPageMover: closeMinusOnePage : isSwipe true
04-18 09:51:36.059  7857  7857 I HoneySpace.WorkspacePot: moveHomePage
04-18 09:51:36.059  7857  7857 I HoneySpace.HomescreenPot: changeState, com.honeyspace.sdk.HomeScreen$Normal@dc8a5a3, cancelOpen: false reapplyState: false
04-18 09:51:36.059  7857  8317 I HoneySpace.SALoggingUtils: SA Logging screenID: 201 eventId: 2006 detail: {det=2} value: -1
04-18 09:51:36.059  7857  7857 I HoneySpace.HomescreenPot: updateChangeState? false, changedState = com.honeyspace.sdk.HomeScreen$Normal@dc8a5a3
04-18 09:51:36.059  7857  7857 I HoneySpace.BackgroundManagerImpl: checkAndUpdateBackgroundEffect: com.honeyspace.sdk.HomeScreen$Normal@dc8a5a3, ch=132969574, forceApply=false
04-18 09:51:36.059  7857  7857 I HoneySpace.Launcher: !@Boot_EBS_D: Launcher.onResume()
04-18 09:51:36.059  7857  5988 I HoneySpace.Memory-Monitor: cancelTrimIfNeeded
04-18 09:51:36.059  7857  7857 I HoneySpace.Launcher: updateLauncherShowing false -> true
04-18 09:51:36.060  7857 16225 I HoneySpace.Memory-Monitor: updateMaxHeap isHighScreenSize=false
04-18 09:51:36.060  7857 16225 I HoneySpace.Memory-Monitor: PROPERTY_HOME_MEMORY_CACHE_LEVEL: -1
04-18 09:51:36.060  7857 16225 I HoneySpace.Memory-Monitor: updateGraphicResourceCache curMemoryCacheLevel=1
04-18 09:51:36.060  7857  7857 I HoneySpace.HotseatAdapter: updateDragOperator - HotseatOnHomeDragOperator
04-18 09:51:36.060  7857  7857 E HoneySpace.HotseatPot@160959436: Illegal access
04-18 09:51:36.060  7857 16225 I HoneySpace.PredictionDataSourceImpl: requestPredictionUpdate 0 true
04-18 09:51:36.060  7857  7857 I HoneySpace.ShellTransitionManager: myHomeResumed
04-18 09:51:36.060  7857  7857 I HoneySpace.WorkspacePot: startWidgetListening
04-18 09:51:36.060  7857  7857 I HoneySpace.ResumeTimer: last resume updated : 1307779243
04-18 09:51:36.060  7857  7857 I SearchHoneyPot: onViewCreated: onResume
04-18 09:51:36.060  7857  7857 I HoneySpace.SearchScreenController: initialize: M3.p@52e74e0
04-18 09:51:36.060  7857  7857 I HoneySpace.SearchUI: resetTransition
04-18 09:51:36.060  7857  7857 I FeatureUtils: Rune : trueisAiosScreenType : true
04-18 09:51:36.060  7857  7857 I HoneySpace.SearchUI: updateSearchBarEffect true true null true 255 Rect(0, 0 - 0, 0) false
04-18 09:51:36.060  7857  7857 I FeatureUtils: Rune : trueisAiosScreenType : true
04-18 09:51:36.060  7857  7857 I HoneySpace.WorkspaceFastRecyclerView: goToDefaultPage
04-18 09:51:36.060  7857 16225 I HoneySpace.PredictionDataSourceImpl: requestPredictionUpdate 1 true
04-18 09:51:36.061  2427  3133 I SurfaceFlinger: Current= 240, Period= 240, Distance= 1
04-18 09:51:36.061  3518  3669 I SurfaceControlRegistry: apply, t=AbortTransition_SyncId<980>, caller=android.view.SurfaceControl$Transaction.apply:3578 android.view.SurfaceControl$Transaction.apply:3566 android.view.SurfaceControl$Transaction.apply:3516 com.android.server.wm.WindowAnimator.animate:468 com.android.server.wm.WindowAnimator$$ExternalSyntheticLambda1.doFrame:14 android.view.Choreographer$CallbackRecord.run:1959 
04-18 09:51:36.066  7857  8409 I HoneySpace.SPayHandler: updateSpayHandler(), show = true, defaultPage = true, minusOnePage = false, e6.r.invokeSuspend(Unknown Source:81)
04-18 09:51:36.067  3518 14464 D PerProcessNandswap$NandswapHandler: nandswap start for non-activity com.samsung.android.scloud(pid 28947) action:14 adj:915 type:1
04-18 09:51:36.067  7452  7452 I SAMSUNGWALLET: [Hint_IntroHintService] onReceive() action=com.sec.android.app.launcher.intent.action.UPDATE_SPAY_HANDLER
04-18 09:51:36.067  7452  7452 I SAMSUNGWALLET: [Hint_IntroHintService] home change, s home : true , default : true , gesture : false , s result : true , prev : true
04-18 09:51:36.068  7857  9262 I HoneySpace.PredictionDataSourceImpl: TYPE_SUGGESTED_APPS updated: 9
04-18 09:51:36.068  7857  9255 I HoneySpace.PredictionDataSourceImpl: TYPE_RECOMMENDED_WIDGETS updated: 15
04-18 09:51:36.093  3518 14464 D PerProcessNandswap$NandswapHandler: nandswap end for non-activity com.samsung.android.scloud(pid 28947) ret:19129217024 adj:915
04-18 09:51:36.094  3518 14464 D PerProcessNandswap$NandswapHandler: nandswap start for non-activity com.samsung.mediasearch(pid 27620) action:14 adj:915 type:1
04-18 09:51:36.105  3518 14464 D PerProcessNandswap$NandswapHandler: nandswap end for non-activity com.samsung.mediasearch(pid 27620) ret:17087938560 adj:915
04-18 09:51:36.106  3518 14464 D PerProcessNandswap$NandswapHandler: nandswap start for non-activity com.samsung.mfcontents(pid 27636) action:14 adj:915 type:1
04-18 09:51:36.106 14399 14409 I MediaCodec: setCodecState state(0), called in 6, domain 1, 0
04-18 09:51:36.107  6799  6957 I SemMediaResourceHelper: onState
04-18 09:51:36.115  3518 14464 D PerProcessNandswap$NandswapHandler: nandswap end for non-activity com.samsung.mfcontents(pid 27636) ret:17029677056 adj:915
04-18 09:51:36.116  3518 14464 D PerProcessNandswap$NandswapHandler: nandswap start for non-activity com.samsung.videoscan(pid 29142) action:14 adj:925 type:1
04-18 09:51:36.123  3518 14464 D PerProcessNandswap$NandswapHandler: nandswap end for non-activity com.samsung.videoscan(pid 29142) ret:16950194176 adj:925
04-18 09:51:36.124  3518 14464 D PerProcessNandswap$NandswapHandler: nandswap start for non-activity com.samsung.android.samsungpositioning(pid 27608) action:14 adj:925 type:1
04-18 09:51:36.136  3518 14464 D PerProcessNandswap$NandswapHandler: nandswap end for non-activity com.samsung.android.samsungpositioning(pid 27608) ret:17179836416 adj:925
04-18 09:51:36.137  3518 14464 D PerProcessNandswap$NandswapHandler: nandswap start for non-activity com.samsung.sait.sohservice(pid 23268) action:14 adj:925 type:1
04-18 09:51:36.138  2331 14431 I HYPER-HAL: [RequestManager.cpp]releaseLocked(): Released ID : 5874878
04-18 09:51:36.145  3518 14464 D PerProcessNandswap$NandswapHandler: nandswap end for non-activity com.samsung.sait.sohservice(pid 23268) ret:17165185024 adj:925
04-18 09:51:36.147  3518 14464 D PerProcessNandswap$NandswapHandler: nandswap start for non-activity com.google.android.apps.tachyon(pid 16582) action:14 adj:925 type:1
04-18 09:51:36.160  3518  7286 W PackageConfigPersister: App-specific configuration not found for packageName: com.sec.android.app.launcher and userId: 0
04-18 09:51:36.161  3518 14464 D PerProcessNandswap$NandswapHandler: nandswap end for non-activity com.google.android.apps.tachyon(pid 16582) ret:18080231424 adj:925
04-18 09:51:36.161  3518 14464 D PerProcessNandswap$NandswapHandler: nandswap start for non-activity com.android.providers.calendar(pid 28104) action:14 adj:925 type:1
04-18 09:51:36.171  3518 14464 D PerProcessNandswap$NandswapHandler: nandswap end for non-activity com.android.providers.calendar(pid 28104) ret:16952172544 adj:925
04-18 09:51:36.172  3518 14464 D PerProcessNandswap$NandswapHandler: nandswap start for non-activity com.samsung.faceservice(pid 27939) action:14 adj:925 type:1
04-18 09:51:36.182  3518 14464 D PerProcessNandswap$NandswapHandler: nandswap end for non-activity com.samsung.faceservice(pid 27939) ret:18466668544 adj:925
04-18 09:51:36.182  3518 14464 D PerProcessNandswap$NandswapHandler: nandswap start for non-activity com.google.android.googlequicksearchbox:search(pid 3863) action:14 adj:925 type:1
04-18 09:51:36.210  3518 14464 D PerProcessNandswap$NandswapHandler: nandswap end for non-activity com.google.android.googlequicksearchbox:search(pid 3863) ret:18411225088 adj:925
04-18 09:51:36.356  2375  3596 I thermal_core: pivot(AP) : 308, skin : 307
04-18 09:51:36.356  2375  3596 I vendor.samsung.hardware.thermal-service: index = -0.800000
04-18 09:51:36.356  2375  3596 I vendor.samsung.hardware.thermal-service: 4 / 10
04-18 09:51:36.361  3518  4949 W PackageConfigPersister: App-specific configuration not found for packageName: com.sec.android.app.launcher and userId: 0
04-18 09:51:36.362 26587 26587 I wpa_sslib: oem_data_cmd=32
04-18 09:51:36.378 26587 26587 I wpa_sslib: OEM DATA RESPONSE RECEIVED
04-18 09:51:36.378  3518  4977 I SemWifiScheduledPmControl: Teardown requested
04-18 09:51:36.378  3518  4977 I SemWifiScheduledPmControl: Teardown reason: 254 (0)
04-18 09:51:36.379  3518  4979 I SemTwtInfo: Deact. reason: 8
04-18 09:51:36.489  2321 13351 I sensors-hal: handle_sns_std_sensor_event:401, [SSC_LIGHT] P: 499(499),c:3,b:98,m:0xd,cl:0,l:500,s:472,l0:6892,l1:352,s0:6500,s1:250,acl:1,opr:0.44,f(r):100,u(bl):100,if:100,sm:18,si:12,ps:472(N:64)
04-18 09:51:36.663  3518  7286 W PackageConfigPersister: App-specific configuration not found for packageName: com.sec.android.app.launcher and userId: 0
04-18 09:51:36.826  2361  5890 I StatsHandler: [avcE_245] Stats: Pending(0) i/p-done(0) Works: Q: 4761/Done 4761|Work-Rate: Q(0.0/s Avg=1.0/s) Done(6.447/s Avg=1.049/s)| Stream: 10.00fps 163.8Kbps
04-18 09:51:36.826  2361  5890 I StatsHandler: [avcE_245] Mem-usage:  [In-2D: 18 bufs 175.852 MB] [1D-331: 64 bufs 1.000 MB] [1D-332: 65 bufs 118.320 MB] | Total: 295.172 MB
04-18 09:51:36.826  2361  5890 I StatsHandler: [avcE_246] Stats: Pending(0) i/p-done(0) Works: Q: 1/Done 1|Work-Rate: Q(0.0/s Avg=0.4/s) Done(0.372/s Avg=0.364/s)| Stream: 30.00fps 0.0Kbps
04-18 09:51:36.826  2361  5890 I StatsHandler: [avcE_246] Mem-usage:  [In-2D: 1 bufs 9.836 MB] [1D-335: 8 bufs 0.125 MB] [1D-336: 7 bufs 12.906 MB] | Total: 22.867 MB
04-18 09:51:36.861  3518  4949 W PackageConfigPersister: App-specific configuration not found for packageName: com.sec.android.app.launcher and userId: 0
04-18 09:51:36.886  1538 23167 I gle.android.gms: Explicit concurrent mark compact GC freed 448KB AllocSpace bytes, 0(0B) LOS objects, 40% free, 20MB/34MB, paused 435us,3.093ms total 147.956ms
04-18 09:51:37.121  3518  3951 D ActivityManager: sync unfroze 29142 com.samsung.videoscan for 6
04-18 09:51:37.122  3518  3951 I ActivityManager: Changes in 10161 19 to 8, 0 to 384
04-18 09:51:37.122  3518  3684 I SemDvfsHyPerManager: acquire hyper - APP_LAUNCH/3518@30, type = -999
04-18 09:51:37.122  2331  2430 I HYPER-HAL: [RequestManager.cpp]acquire(): Acquired ID : 6295956 [3518 / 30]  HINT : APP_LAUNCH   list : [TIMEOUT / 700] 
04-18 09:51:37.122  2331  2430 E PERFHAL-CLIENT: PERFHAL-CLIENT: perf_lock_acq() 164: opcode=1673904128 isMvOpcode=1
04-18 09:51:37.123  2331  2430 E PERFHAL-CLIENT: PERFHAL-CLIENT: perf_lock_acq() 164: opcode=1673854976 isMvOpcode=1
04-18 09:51:37.123  2331  2430 E PERFHAL-CLIENT: PERFHAL-CLIENT: perf_lock_acq() 164: opcode=1090519552 isMvOpcode=0
04-18 09:51:37.123  2331  2430 E PERFHAL-CLIENT: PERFHAL-CLIENT: perf_lock_acq() 164: opcode=1673904640 isMvOpcode=1
04-18 09:51:37.123  2331  2430 E PERFHAL-CLIENT: PERFHAL-CLIENT: perf_lock_acq() 164: opcode=1077936128 isMvOpcode=0
04-18 09:51:37.123  2331  2430 E PERFHAL-CLIENT: PERFHAL-CLIENT: perf_lock_acq() 164: opcode=1090519040 isMvOpcode=0
04-18 09:51:37.123  2331  2430 E PERFHAL-CLIENT: PERFHAL-CLIENT: perf_lock_acq() 164: opcode=1673855488 isMvOpcode=1
04-18 09:51:37.123  2416  2509 V APM_AudioPolicyManager: setAppState(portId:187, state:2)
04-18 09:51:37.123  6799  6799 I SemDvfsHyPerManager: acquire hyper - APP_START_SHORT/6799@21, type = -999
04-18 09:51:37.124  3518  3933 D ActivityTaskManager: startActivityAsUser: callingPid=14458, callingUid=2000, caller=com.android.server.am.ActivityManagerService.startActivityAsUserWithFeature:27 com.android.server.am.ActivityManagerShellCommand.runStartActivity:591 com.android.server.am.ActivityManagerShellCommand.onCommand:1059 com.android.modules.utils.BasicShellCommandHandler.exec:97 android.os.ShellCommand.exec:38 com.android.server.am.ActivityManagerService.onShellCommand:164 android.os.Binder.shellCommand:1219 
04-18 09:51:37.124  2331  2430 I HYPER-HAL: [RequestManager.cpp]acquire(): Acquired ID : 23259631 [6799 / 21]  HINT : APP_START   list : [TIMEOUT / 1500] 
04-18 09:51:37.125  3518  3933 W ActivityTaskManager: callingPackage for (uid=2000, pid=14458) has no WPC
