04-18 09:51:37.338  2427  2427 D SurfaceFlinger:        DEVICE |           33745558047539 | 00002100 | RGBA_8888    |    0.0    0.
04-18 09:51:37.338  2427  2427 D SurfaceFlinger: 0   80.0  342.0 | 1000  438 1080  780 | com.sec.android.app.launcher/com.sam[...]l.app.CocktailBarService$_7857#11785 (1)
04-18 09:51:37.338  2427  2427 D SurfaceFlinger:        DEVICE |           21895743278755 | 00002100 | RGBA_8888    |    0.0    0.0 1080.0  135.0 |    0 2205 1080 2340 | NavigationBar0$_5098#88 (20039)
04-18 09:51:37.338  2427  2427 D SurfaceFlinger: 
04-18 09:51:37.338 14478 14570 I AccountTypeLoader: [D]  > added account: com.google
04-18 09:51:37.338 14478 14570 I AccountTypeLoader: [D]  > added account: com.google
04-18 09:51:37.338 14478 14478 I CscFeatureUtil: [D] getOpStyleVariation mOpStyleVariation (DSA)
04-18 09:51:37.338 14478 14570 I AccountTypeLoader: [D]  > added account: com.google.android.apps.tachyon
04-18 09:51:37.338 14478 14570 W AccountTypeLoader: [D]  > FAILED no account type: com.samsung.android.mobileservice
04-18 09:51:37.338  3518  5190 D InputDispatcher: Focus entered window (0): d2e8600 com.samsung.android.dialer/com.samsung.android.dialer.DialtactsActivity
04-18 09:51:37.338 14478 14478 I CarrierFeatureDataSource: [D] isSupportCarrierMatching: 
04-18 09:51:37.339 14478 14478 I TelephonyDataSource: [D] isMultiSimModel multiSimConfig : dsds
04-18 09:51:37.339 14478 14478 I SimModel: [D] isMultiSimModel : true
04-18 09:51:37.339 14478 14478 I SimModel: [D] countInsertedSim : 0, isVirtualSims : [false, false]
04-18 09:51:37.339 14478 14478 I SimModel: [D] isMultiSimInserted : false
04-18 09:51:37.339 14478 14478 I SimModel: [D] No Multi Sim isPreferredSimAlwaysAsk false
04-18 09:51:37.339 14478 14478 I DialPadSearchImpl: [D] mSearchItemList : 0, hasFirstSearchItem : false
04-18 09:51:37.339 14478 14478 I DialpadButtonImpl: [D] initButtonView
04-18 09:51:37.339 14478 14478 I TelephonyDataSource: [D] isMultiSimModel multiSimConfig : dsds
04-18 09:51:37.339 14478 14478 I SimModel: [D] isMultiSimModel : true
04-18 09:51:37.339 14478 14478 I SimModel: [D] countInsertedSim : 0, isVirtualSims : [false, false]
04-18 09:51:37.339 14478 14478 I SimModel: [D] isMultiSimInserted : false
04-18 09:51:37.339 14478 14478 I CarrierFeatureDataSource: [D] isSupportRTT(0): true
04-18 09:51:37.339 14478 14478 I CscFeatureUtil: [D] getOpStyleVariation mOpStyleVariation (DSA)
04-18 09:51:37.339 14478 14478 I RttModel: [D] isRttCallAlwaysVisibleEnabled : false
04-18 09:51:37.339 14478 14478 I CarrierFeatureDataSource: [D] isSupportRTT(1): true
04-18 09:51:37.339 14478 14478 I CscFeatureUtil: [D] getOpStyleVariation mOpStyleVariation (DSA)
04-18 09:51:37.339 14478 14478 I RttModel: [D] isRttCallAlwaysVisibleEnabled : false
04-18 09:51:37.339 14478 14478 I TelephonyDataSource: [D] isMultiSimModel multiSimConfig : dsds
04-18 09:51:37.339 14478 14478 I SimModel: [D] isMultiSimModel : true
04-18 09:51:37.339 14478 14478 I SimModel: [D] countInsertedSim : 0, isVirtualSims : [false, false]
04-18 09:51:37.339 14478 14478 I SimModel: [D] isMultiSimInserted : false
04-18 09:51:37.339 14478 14478 I SimModel: [D] No Multi Sim isPreferredSimAlwaysAsk false
04-18 09:51:37.339 14478 14478 I TelephonyDataSource: [D] getDefaultVoiceSubscriptionId : -1
04-18 09:51:37.339 14478 14478 I TelephonyDataSource: [D] getSlotId(-1) : -1
04-18 09:51:37.339 14478 14478 I RCS-ImsCommonModel: [D] isSimMobility : false
04-18 09:51:37.339 14478 14478 I RCS-ImsCommonMultiSimModel: [D] isSimMobility(0) : false
04-18 09:51:37.339 14478 14570 I AccountTypeLoader: [D]  > added account: com.osp.app.signin
04-18 09:51:37.339 14478 14570 I AccountTypeLoader: [D]  > added account: com.samsung.android.coreapps
04-18 09:51:37.339  5390  6754 I ImsServiceStub<0>: isServiceAvailable: mmtel-video, rat: -1, profileFind:false, Enabled:true
04-18 09:51:37.339 14478 14478 I RCS-ImsCommonMultiSimModel: [D] isVideoCallEnabled(0) : false
04-18 09:51:37.339 14478 14478 I RCS-ImsUiVideoCallCommon: [D] isDialerVideoButtonAvailable(0) : false
04-18 09:51:37.339 14478 14478 I DialpadButtonHelperUSA: [D] isVideoCallAvailable : false
04-18 09:51:37.339 14478 14478 I RCS-ImsUiManager: [D] getDialerVideoCallIcon slotId : -1
04-18 09:51:37.339 14478 14478 I TelephonyDataSource: [D] getDefaultVoiceSubscriptionId : -1
04-18 09:51:37.339 14478 14478 I TelephonyDataSource: [D] getSlotId(-1) : -1
04-18 09:51:37.339 14478 14478 I TelephonyDataSource: [D] isMultiSimModel multiSimConfig : dsds
04-18 09:51:37.339 14478 14478 I SimModel: [D] isMultiSimModel : true
04-18 09:51:37.339 14478 14478 I SimModel: [D] countInsertedSim : 0, isVirtualSims : [false, false]
04-18 09:51:37.339 14478 14478 I SimModel: [D] isMultiSimInserted : false
04-18 09:51:37.339 14478 14478 I SimModel: [D] No Multi Sim isPreferredSimAlwaysAsk false
04-18 09:51:37.339 14478 14478 I RCS-ImsCommonModel: [D] isSimMobility : false
04-18 09:51:37.339 14478 14478 I RCS-ImsCommonMultiSimModel: [D] isSimMobility(0) : false
04-18 09:51:37.339 14478 14478 I RCS-ImsUiVideoCallCommon: [D] isVtCallEnabled(0)
04-18 09:51:37.339 14478 14478 I RCS-ImsUiVideoCallCommon: [D] isVtCallEnabled(SIM1) NOT_SUPPORT
04-18 09:51:37.339 14478 14478 I OpenCommunicationModel: [D] getVideoCallType() isViLteEnabled : false, videoMethod : 
04-18 09:51:37.339 14478 14478 I RCS-DuoUiVideoCall: [D] getDialerDuoIcon type : 4
04-18 09:51:37.339 14399 14428 D PipelineWatcher: onInputBufferReleased: frameIndex not found (24); ignored
04-18 09:51:37.340 14478 14478 I CarrierFeatureDataSource: [D] isSupportRTT(0): true
04-18 09:51:37.340 14478 14478 I CscFeatureUtil: [D] getOpStyleVariation mOpStyleVariation (DSA)
04-18 09:51:37.340 14478 14478 I RttModel: [D] isRttCallAlwaysVisibleEnabled : false
04-18 09:51:37.340 14478 14478 I CarrierFeatureDataSource: [D] isSupportRTT(1): true
04-18 09:51:37.340 14478 14478 I CscFeatureUtil: [D] getOpStyleVariation mOpStyleVariation (DSA)
04-18 09:51:37.340 14478 14478 I RttModel: [D] isRttCallAlwaysVisibleEnabled : false
04-18 09:51:37.340 14478 14478 I TelephonyDataSource: [D] getDefaultVoiceSubscriptionId : -1
04-18 09:51:37.340 14478 14478 I TelephonyDataSource: [D] getSlotId(-1) : -1
04-18 09:51:37.340 14478 14478 I RCS-ImsUiCallCommon: [D] getDialerVoiceCallIcon forceSetVoWifi false, slotId 0, accountHandle : -1
04-18 09:51:37.340 14478 14478 I TelephonyDataSource: [D] isMultiSimModel multiSimConfig : dsds
04-18 09:51:37.340 14478 14478 I SimModel: [D] isMultiSimModel : true
04-18 09:51:37.340 14478 14478 I SimModel: [D] countInsertedSim : 0, isVirtualSims : [false, false]
04-18 09:51:37.340 14478 14478 I SimModel: [D] isMultiSimInserted : false
04-18 09:51:37.340 14478 14478 I SimModel: [D] No Multi Sim isPreferredSimAlwaysAsk false
04-18 09:51:37.340 14478 14478 I RCS-ImsCommonModel: [D] isVowifiEnabled for sim1 : false
04-18 09:51:37.340 14478 14478 I RCS-ImsCommonMultiSimModel: [D] isVowifiEnabled(0) : false
04-18 09:51:37.340 14478 14478 I DialpadButtonHelper: [D] layoutType : 0
04-18 09:51:37.340 14478 14478 I DialpadContainerViewManager: [D] totalWidth : 1080
04-18 09:51:37.340 14478 14478 I DialpadContainerViewManager: [D] Normal vertical
04-18 09:51:37.340 14478 14478 I DialpadContainerViewManager: [D] totalwidth : 1080
04-18 09:51:37.340 14478 14478 I DialPadEventHandler: [D] onFlexModeChanged : false
04-18 09:51:37.340 14478 14478 I AppBarLayout: [calculateInternalHeight] orientation:1, density:450, windowHeight:2100, heightDp:203.0, [1]mCustomHeightProportion : 0.0
04-18 09:51:37.341 14399 14428 D PipelineWatcher: onInputBufferReleased: frameIndex not found (25); ignored
04-18 09:51:37.341  5827  5846 D PipelineWatcher: onInputBufferReleased: frameIndex not found (4784); ignored
04-18 09:51:37.341 14478 14478 I AppBarLayout: [calculateInternalHeight] orientation:1, density:450, windowHeight:2100, heightDp:203.0, [1]mCustomHeightProportion : 0.0
04-18 09:51:37.342  5827  5846 D PipelineWatcher: onInputBufferReleased: frameIndex not found (4785); ignored
04-18 09:51:37.342 14478 14478 I AppBarLayout: [calculateInternalHeight] orientation:1, density:450, windowHeight:2100, heightDp:203.0, [1]mCustomHeightProportion : 0.0
04-18 09:51:37.342 14478 14478 I AppBarLayout: [calculateInternalHeight] orientation:1, density:450, windowHeight:2100, heightDp:203.0, [1]mCustomHeightProportion : 0.0
04-18 09:51:37.343  5098  5231 I VRI[dialer]@e901aa5: mWNT: t=0xb400007254aada90 mBlastBufferQueue=0xb4000072a4abb460 fn= 4 HdrRenderState mRenderHdrSdrRatio=1.0 caller= android.view.SyncRtSurfaceTransactionApplier.applyTransaction:102 android.view.SyncRtSurfaceTransactionApplier.lambda$scheduleApply$0:75 android.view.SyncRtSurfaceTransactionApplier.$r8$lambda$afI4fXg3U3-nBZQEDQMiNy-B06s:0 
04-18 09:51:37.343 14478 14478 W Settings: Setting show_button_background has moved from android.provider.Settings.System to android.provider.Settings.Global, returning read-only value.
04-18 09:51:37.343 14478 14478 W Settings: Setting show_button_background has moved from android.provider.Settings.System to android.provider.Settings.Global, returning read-only value.
04-18 09:51:37.343 14478 14478 W Settings: Setting show_button_background has moved from android.provider.Settings.System to android.provider.Settings.Global, returning read-only value.
04-18 09:51:37.343 14478 14478 I [sesl8-material:2.0.80].FloatingActionBehavior: onLayoutChild of Behavior First AppBarState [ COLLAPSED ]
04-18 09:51:37.343 14478 14478 I DialpadWindowManager: [D] heightPixels : 2137
04-18 09:51:37.344 14478 14478 I [sesl8-material:2.0.80].SeslProjectionView: [FloatingItemBG Animation: anim:true should:false tag[start_first] hashCode{177605160} visible:0 alpha:1.0 Rect(0, 0 - 0, 0) -> Rect(213, 0 - 867, 158), paddingRect:[0,0][0,0] com.google.android.material.oneui.floatingactioncontainer.FloatingBottomLayout{60ea8f2 V.E...... ......ID 0,1908-1080,2235 #7f0a03c3 app:id/floating_bottom_container}
04-18 09:51:37.344 14478 14478 I [sesl8-material:2.0.80].SeslProjectionView: [FloatingItemBG Animation: anim:true should:false tag[end_first] hashCode{33347700} visible:0 alpha:0.0 Rect(0, 0 - 0, 0) -> Rect(808, 45 - 1046, 181), paddingRect:[23,22][34,22] com.google.android.material.oneui.floatingactioncontainer.FloatingToolbarLayout{50ba854 V.E...... ......ID 0,0-1080,203 #7f0a0783 app:id/sesl_floating_toolbar_layout}
04-18 09:51:37.344 14478 14478 I [sesl8-material:2.0.80].SeslProjectionView: [FloatingItemBG Animation: anim:true should:false tag[end_first] hashCode{33347700} visible:0 alpha:0.0 Rect(808, 45 - 1046, 181) -> Rect(808, 45 - 1046, 181), paddingRect:[23,22][34,22] com.google.android.material.oneui.floatingactioncontainer.FloatingToolbarLayout{50ba854 V.E...... ......ID 0,0-1080,203 #7f0a0783 app:id/sesl_floating_toolbar_layout}
04-18 09:51:37.344 14478 14570 I AccountTypeModel: [D] Accounts change = true, types change = true, loaded = true
04-18 09:51:37.344 14478 14570 I AccountTypeModel: [D] account reload finish: 1
04-18 09:51:37.346 14478 14478 I GuidingLightEffect: setCornerRadiusPixel: 103.0
04-18 09:51:37.346 14478 14478 W GuidingLightEffect: setColorState is deprecated: Common(Spot0[Color=#FF3E85FB, Scale=2.5, Position=(0.22, 0.15)], Spot1[Color=#FF88E6E3, Scale=2.25, Position=(1.2, 0.38)], Spot2[Color=#FF3E85FB, Scale=0.95, Position=(-0.1, 0.75)], Spot3[Color=#FFBDFAA5, Scale=2.25, Position=(0.72, 1.32)])
04-18 09:51:37.346 14478 14478 W GuidingLightEffect: setOutlineThickness: 0.0
04-18 09:51:37.346 14478 14478 I GuidingLightEffect: setLightMovement: NONE, isRunning: false
04-18 09:51:37.346 14478 14478 I GuidingLightEffect: Light movement disabled - colorControl paused
04-18 09:51:37.346 14478 14478 I [sesl8-material:2.0.80].FloatingActionBehavior: onLayoutChild of Behavior First AppBarState [ COLLAPSED ]
04-18 09:51:37.346 14478 14478 I DialpadWindowManager: [D] heightPixels : 2137
04-18 09:51:37.346 14478 14478 I [sesl8-material:2.0.80].SeslProjectionView: [FloatingItemBG Animation: anim:true should:false tag[start_first] hashCode{177605160} visible:0 alpha:0.968641 Rect(213, 0 - 867, 158) -> Rect(213, 0 - 867, 158), paddingRect:[0,0][0,0] com.google.android.material.oneui.floatingactioncontainer.FloatingBottomLayout{60ea8f2 V.E...... .......D 0,1908-1080,2235 #7f0a03c3 app:id/floating_bottom_container}
04-18 09:51:37.351  5098  5230 I VRI[dialer]@e901aa5: mWNT: t=0xb400007254a3ece0 mBlastBufferQueue=0xb4000072a4abb460 fn= 5 HdrRenderState mRenderHdrSdrRatio=1.0 caller= android.view.SyncRtSurfaceTransactionApplier.applyTransaction:102 android.view.SyncRtSurfaceTransactionApplier.lambda$scheduleApply$0:75 android.view.SyncRtSurfaceTransactionApplier.$r8$lambda$afI4fXg3U3-nBZQEDQMiNy-B06s:0 
04-18 09:51:37.351 14478 14478 I InsetsSourceConsumer: applyRequestedVisibilityToControl: visible=true, type=statusBars, host=com.samsung.android.dialer/com.samsung.android.dialer.DialtactsActivity
04-18 09:51:37.351 14478 14478 I InsetsSourceConsumer: applyRequestedVisibilityToControl: visible=true, type=navigationBars, host=com.samsung.android.dialer/com.samsung.android.dialer.DialtactsActivity
04-18 09:51:37.352 14478 14478 I AppBarLayout: [calculateInternalHeight] orientation:1, density:450, windowHeight:2100, heightDp:203.0, [1]mCustomHeightProportion : 0.0
04-18 09:51:37.352 14478 14478 I AppBarLayout: [calculateInternalHeight] orientation:1, density:450, windowHeight:2100, heightDp:203.0, [1]mCustomHeightProportion : 0.0
04-18 09:51:37.352 14478 14478 I [sesl8-material:2.0.80].FloatingActionBehavior: onLayoutChild of Behavior First AppBarState [ COLLAPSED ]
04-18 09:51:37.352 14478 14478 I DialpadWindowManager: [D] heightPixels : 2137
04-18 09:51:37.352 14478 14478 I [sesl8-material:2.0.80].SeslProjectionView: [FloatingItemBG Animation: anim:true should:false tag[start_first] hashCode{177605160} visible:0 alpha:0.968641 Rect(213, 0 - 867, 158) -> Rect(213, 0 - 867, 158), paddingRect:[0,0][0,0] com.google.android.material.oneui.floatingactioncontainer.FloatingBottomLayout{60ea8f2 V.E...... ........ 0,1908-1080,2235 #7f0a03c3 app:id/floating_bottom_container}
04-18 09:51:37.352 14478 14478 I [sesl8-material:2.0.80].SeslProjectionView: [FloatingItemBG Animation: anim:true should:false tag[end_first] hashCode{33347700} visible:0 alpha:0.0070019662 Rect(808, 45 - 1046, 181) -> Rect(808, 45 - 1046, 181), paddingRect:[23,22][34,22] com.google.android.material.oneui.floatingactioncontainer.FloatingToolbarLayout{50ba854 V.E...... ......ID 0,0-1080,203 #7f0a0783 app:id/sesl_floating_toolbar_layout}
04-18 09:51:37.356 14478 14478 I InputMethodManager: startInputInner - IInputMethodManagerGlobalInvoker.startInputOrWindowGainedFocus
04-18 09:51:37.356 14478 14478 I GuidingLightEffect: Show Guiding Light Effect: NONE
04-18 09:51:37.356 14478 14478 I VibeRenderEffectBase: start - runningState: READY
04-18 09:51:37.356 14478 14478 I VibeRenderEffectBase: attachFrameCallback
04-18 09:51:37.356 14478 14478 I VibeRenderEffectBase: start - runningState: RUNNING
04-18 09:51:37.356 14478 14478 I AnimationManager: Show animation: NONE
04-18 09:51:37.356  3518  4027 V InputMethodManagerService: startInputOrWindowGainedFocus: userId=0 callingUserId=0 editorInfo=android.view.inputmethod.EditorInfo@ecba5c1
04-18 09:51:37.357  3518  4027 V InputMethodManagerService: startInputOrWindowGainedFocusInternalLocked: reason=WINDOW_FOCUS_GAIN client=android.os.BinderProxy@fe57bff inputContext=null editorInfo=android.view.inputmethod.EditorInfo@ecba5c1 startInputFlags=VIEW_HAS_FOCUS|INITIAL_CONNECTION softInputMode=STATE_ALWAYS_HIDDEN|ADJUST_NOTHING|IS_FORWARD_NAVIGATION windowFlags=#81810100 unverifiedTargetSdkVersion=36 bindingController=com.android.server.inputmethod.InputMethodBindingController@5404abe imeBackCallbackReceiver=android.os.ResultReceiver@d7c9166 cs=ClientState{d3b2ca7 mUid=10129 mPid=14478 mSelfReportedDisplayId=0} imeRequestedVisible=false
04-18 09:51:37.357  3518  4027 V InputMethodManagerService: setWindowStateInner, windowToken=android.os.BinderProxy@ad48483, state=ImeTargetWindowState{ softInputModeState STATE_ALWAYS_HIDDEN|ADJUST_NOTHING|IS_FORWARD_NAVIGATION windowFlags: 81810100 imeFocusChanged true hasFocusedEditor false isStartInputByWindowGainFocus true toolType: 0 requestedImeVisible false requestImeToken null imeDisplayId 0}
04-18 09:51:37.357  3518  4027 D SemInputMethodManagerServiceUtil: restorePreviousUsedInputMethod : failed to return the previous ime becuase the stored info is null or do not need restore
04-18 09:51:37.357  2375  3596 I thermal_core: pivot(AP) : 310, skin : 307
04-18 09:51:37.357  3518  4027 V InputMethodManagerService: semComputeImeDisplayIdForTarget: displayToShowIme=0
04-18 09:51:37.357  2375  3596 I vendor.samsung.hardware.thermal-service: index = 0.200000
04-18 09:51:37.357  2375  3596 I vendor.samsung.hardware.thermal-service: 5 / 10
04-18 09:51:37.357  3518  4027 V InputMethodManagerService: unbindCurrentInputLocked: client=android.os.BinderProxy@a351b5a
04-18 09:51:37.357  3518  4027 V InputMethodManagerService: Creating new session for client ClientState{d3b2ca7 mUid=10129 mPid=14478 mSelfReportedDisplayId=0}
04-18 09:51:37.357  3518  4027 V InputMethodManagerService: Creating new session for client ClientState{d3b2ca7 mUid=10129 mPid=14478 mSelfReportedDisplayId=0}
04-18 09:51:37.357  3518  4027 D InputTransport: Input channel constructed: 'ClientS', fd=1358
04-18 09:51:37.357  3518  4027 D InputTransport: Input channel constructed: 'ClientS', fd=1359
04-18 09:51:37.357  3518  4027 D InputTransport: Input channel destroyed: 'ClientS', fd=1359
04-18 09:51:37.358  3518  4027 V InputMethodManagerService: Creating new accessibility sessions for client ClientState{d3b2ca7 mUid=10129 mPid=14478 mSelfReportedDisplayId=0}
04-18 09:51:37.358 14399 14428 D PipelineWatcher: onInputBufferReleased: frameIndex not found (26); ignored
04-18 09:51:37.358  3518  7417 D InputMethodManagerService: isImeSwitcherDisabledPackage : false
04-18 09:51:37.358  3518  7417 D InputMethodManagerService: shouldShowImeSwitcherLocked : checking vis : 3
04-18 09:51:37.358  3518  7417 V InputMethodManagerService: Disabling: SessionState{uid=10159 pid=7857 method=bb378f session=1e4cb18 channel=ClientState{50a6b98 mUid=10159 mPid=7857 mSelfReportedDisplayId=0} userId=0}
04-18 09:51:37.358  3518  7417 V InputMethodManagerService: Enabling: SessionState{uid=10129 pid=14478 method=bb378f session=9abdcfd channel=ClientState{d3b2ca7 mUid=10129 mPid=14478 mSelfReportedDisplayId=0} userId=0}
04-18 09:51:37.358  3518  7417 D InputMethodManagerService: checkDisplayOfStartInputAndUpdateKeyboard: displayId=0, mFocusedDisplayId=0
04-18 09:51:37.359  3518  7417 D InputTransport: Input channel constructed: 'ClientS', fd=1359
04-18 09:51:37.359  3518  7417 D InputTransport: Input channel destroyed: 'ClientS', fd=1359
04-18 09:51:37.359  3518  5897 D RestrictionPolicy: isScreenCaptureEnabled : ret=true userId=0
04-18 09:51:37.359  3518  5897 I WindowManager: Cancelling animation restarting=true, leash=Surface(name=Surface(name=1f36831 InputMethod#8506)/@0xe614c97 - animation-leash of insets_animation#11862)/@0xc68f754
04-18 09:51:37.359  3518  5897 I WindowManager: Reparenting to original parent: Surface(name=WindowToken{fa92c4d type=2011 android.os.Binder@f85cfe4}#7964)/@0x474e286, destroy=false, surface=Surface(name=1f36831 InputMethod#8506)/@0xe614c97
04-18 09:51:37.359  3518  5897 I WindowManager: Reparenting to leash, surface=Surface(name=1f36831 InputMethod#8506)/@0xe614c97, leashParent=Surface(name=WindowToken{fa92c4d type=2011 android.os.Binder@f85cfe4}#7964)/@0x474e286
04-18 09:51:37.359  2427  2501 I SurfaceFlinger: id=11890 createSurf, flag=24004, Surface(name=1f36831 InputMethod#8506)/@0xe614c97 - animation-leash of insets_animation#11890
04-18 09:51:37.359  3518  5897 D WindowManager: makeSurface duration=0 leash=Surface(name=Surface(name=1f36831 InputMethod#8506)/@0xe614c97 - animation-leash of insets_animation#11890)/@0x63ec43
04-18 09:51:37.359  5827  5846 D PipelineWatcher: onInputBufferReleased: frameIndex not found (4786); ignored
04-18 09:51:37.360 17536 17536 I InputMethodService: onNavButtonFlagsChanged: navButtonFlags=2 imeDrawsImeNavBar=false
04-18 09:51:37.360  3518  5897 D InsetsSourceProvider: updateControlForTarget: control=InsetsSourceControl: {3 mType=ime mSurfacePosition=Point(0, 105) mInsetsHint=Insets{left=0, top=0, right=0, bottom=1008}}, target=Window{d2e8600 u0 com.samsung.android.dialer/com.samsung.android.dialer.DialtactsActivity}, from=com.android.server.wm.ImeInsetsSourceProvider.updateControlForTarget:23 com.android.server.wm.InsetsStateController.onControlTargetChanged:82 com.android.server.wm.DisplayContent.updateImeControlTarget:48 com.android.server.wm.DisplayContent.updateImeInputAndControlTarget:273 com.android.server.wm.WindowManagerService$LocalService.updateImeTargetWindow:82 
04-18 09:51:37.360  3518  5897 I ImeTracker: system_server:605703ae: onRequestHide at ORIGIN_SERVER reason IME_REQUESTED_CHANGED_LISTENER fromUser false
04-18 09:51:37.360  3518  5190 I SemDvfsHyPerManager: acquire hyper - AMS_RESUME_TAIL/3518@17, type = -999
04-18 09:51:37.360 17536 17536 I HBD     : HoneyBoardService onFinishInput 
04-18 09:51:37.360  3518  5190 I SemDvfsHyPerManager: acquire hyper - AMS_ACT_LAZY/3518@18, type = -999
04-18 09:51:37.360  3518  5190 D ActivityManagerPerformance: AMP_acquire() TAIL
04-18 09:51:37.360  3518  5190 D ActivityManagerPerformance: AMP_release() APP_SWITCH
04-18 09:51:37.360  3518  3668 V InputMethodManagerService: Client requesting input be hidden
04-18 09:51:37.360 17536 17536 I HBD     : a IC have been unbinding,  RemoteInputConnection{idHash=#d2f5c31}
04-18 09:51:37.360 17536 17536 I HBD     : HoneyBoardService [PF_CL][onFinishInput]  0 ms 
04-18 09:51:37.360 17536 17536 W HBD     : a inputConnection will be used on unbinded state 
04-18 09:51:37.360 17536 17536 W HBD     : java.lang.Exception
04-18 09:51:37.360 17536 17536 W HBD     : 	at Y7.a.c(Unknown Source:26)
04-18 09:51:37.360 17536 17536 W HBD     : 	at Y7.a.getExtractedText(Unknown Source:20)
04-18 09:51:37.360 17536 17536 W HBD     : 	at A.c.f(Unknown Source:5)
04-18 09:51:37.360 17536 17536 W HBD     : 	at Me.a.a(Unknown Source:9)
04-18 09:51:37.360 17536 17536 W HBD     : 	at com.samsung.android.honeyboard.service.HoneyBoardService.onStartInput(Unknown Source:31)
04-18 09:51:37.360 17536 17536 W HBD     : 	at android.inputmethodservice.InputMethodService.doStartInput(InputMethodService.java:3859)
04-18 09:51:37.360 17536 17536 W HBD     : 	at android.inputmethodservice.InputMethodService$InputMethodImpl.startInput(InputMethodService.java:857)
04-18 09:51:37.360 17536 17536 W HBD     : 	at android.inputmethodservice.InputMethodService$InputMethodImpl.dispatchStartInput(InputMethodService.java:888)
04-18 09:51:37.360 17536 17536 W HBD     : 	at android.inputmethodservice.IInputMethodWrapper.executeMessage(IInputMethodWrapper.java:205)
04-18 09:51:37.360 17536 17536 W HBD     : 	at com.android.internal.os.HandlerCaller$MyHandler.handleMessage(HandlerCaller.java:44)
04-18 09:51:37.360 17536 17536 W HBD     : 	at android.os.Handler.dispatchMessage(Handler.java:132)
04-18 09:51:37.360 17536 17536 W HBD     : 	at android.os.Looper.dispatchMessage(Looper.java:358)
04-18 09:51:37.360 17536 17536 W HBD     : 	at android.os.Looper.loopOnce(Looper.java:288)
04-18 09:51:37.360 17536 17536 W HBD     : 	at android.os.Looper.loop(Looper.java:392)
04-18 09:51:37.360 17536 17536 W HBD     : 	at android.app.ActivityThread.main(ActivityThread.java:10343)
04-18 09:51:37.360 17536 17536 W HBD     : 	at java.lang.reflect.Method.invoke(Native Method)
04-18 09:51:37.360 17536 17536 W HBD     : 	at com.android.internal.os.RuntimeInit$MethodAndArgsCaller.run(RuntimeInit.java:605)
04-18 09:51:37.360 17536 17536 W HBD     : 	at com.android.internal.os.ZygoteInit.main(ZygoteInit.java:972)
04-18 09:51:37.360  3518  5190 W ActivityTaskManager: Request to remove task ignored for non-existent task 164
04-18 09:51:37.361  3518  3668 V InputMethodManagerService: setWindowStateInner, windowToken=android.os.BinderProxy@ad48483, state=ImeTargetWindowState{ softInputModeState STATE_ALWAYS_HIDDEN|ADJUST_NOTHING|IS_FORWARD_NAVIGATION windowFlags: 81810100 imeFocusChanged true hasFocusedEditor false isStartInputByWindowGainFocus true toolType: 0 requestedImeVisible false requestImeToken android.os.Binder@15e4bf9 imeDisplayId 0}
04-18 09:51:37.361 17536 17536 I HBD     : a extractedText.isEmpty() true, isPackageMatched():false boardConfig.keyboardBodyVisibility:true editorFieldType:UNKNOWN 
04-18 09:51:37.361 17536 17536 I HBD     : a extractedText skip, update invalid field type 
04-18 09:51:37.361 17536 17536 I HBD     : HoneyBoardService [IMI] onStartInput - caller pid : 14478 , caller uid : 10129 
04-18 09:51:37.361 17536 17536 I HBD     : r updateConfigs 
04-18 09:51:37.361 17536 17536 I HBD     : r isEnabledNightMode : true 
04-18 09:51:37.361  3518  3668 I ImeTracker: system_server:605703ae: onCancelled at PHASE_SERVER_SHOULD_HIDE
04-18 09:51:37.361 17536 17536 I HBD     : a IC have been binding, RemoteInputConnection{idHash=#6c9f677} 
04-18 09:51:37.361  3518  3668 V InputMethodManagerService: hideCurrentInputLocked : canceled, shouldHideSoftInput=false, mInputShown=false, mImeWindowVis=0
04-18 09:51:37.361  5098  5231 I VRI[dialer]@e901aa5: mWNT: t=0xb400007254addef0 mBlastBufferQueue=0xb4000072a4abb460 fn= 6 HdrRenderState mRenderHdrSdrRatio=1.0 caller= android.view.SyncRtSurfaceTransactionApplier.applyTransaction:102 android.view.SyncRtSurfaceTransactionApplier.lambda$scheduleApply$0:75 android.view.SyncRtSurfaceTransactionApplier.$r8$lambda$afI4fXg3U3-nBZQEDQMiNy-B06s:0 
04-18 09:51:37.361 14399 14428 D PipelineWatcher: onInputBufferReleased: frameIndex not found (27); ignored
04-18 09:51:37.361  2331  2430 I HYPER-HAL: [RequestManager.cpp]acquire(): Acquired ID : 6249897 [3518 / 17]  HINT : AMS_RESUME_TAIL   list : 
04-18 09:51:37.361 17536 17536 I HBD     : g [EditorInputType]setPrivateImeOptionsToTable privateImeOptions ( null )
04-18 09:51:37.361 17536 17536 I HBD     : b incognitoMode : false 
04-18 09:51:37.361 17536 17536 I HBD     : e needOff = true , isForceOff = false, isNullInputClass : true 
04-18 09:51:37.361 17536 17536 I HBD     : g getDefaultInputRange : UNKNOWN 
04-18 09:51:37.361 17536 17536 I HBD     : g getDefaultInputRange : UNKNOWN 
04-18 09:51:37.361 17536 17536 I HBD     : g getDefaultInputRange : UNKNOWN 
04-18 09:51:37.361  2331  2430 E PERFHAL-CLIENT: PERFHAL-CLIENT: perf_lock_acq() 164: opcode=1077936128 isMvOpcode=0
04-18 09:51:37.362 17536 17536 I HBD     : e needOff = true , isForceOff = false, isNullInputClass : true 
04-18 09:51:37.362 17536 17536 I HBD     : e update cached prediction status : false 
04-18 09:51:37.362  2331  2430 E PERFHAL-CLIENT: PERFHAL-CLIENT: perf_lock_acq() 164: opcode=1090519552 isMvOpcode=0
04-18 09:51:37.362 17536 17536 I HBD     : g getDefaultInputRange : UNKNOWN 
04-18 09:51:37.362 17536 17536 I HBD     : a currentState : 0 
04-18 09:51:37.362  2331  2430 E PERFHAL-CLIENT: PERFHAL-CLIENT: perf_lock_acq() 164: opcode=1090519040 isMvOpcode=0
04-18 09:51:37.362  2331  2430 I HYPER-HAL: [RequestManager.cpp]acquire(): Acquired ID : 6253434 [3518 / 18]  HINT : AMS_ACT_LAZY   list : 
04-18 09:51:37.362  2331  2430 E PERFHAL-CLIENT: PERFHAL-CLIENT: perf_lock_acq() 164: opcode=1086799872 isMvOpcode=0
04-18 09:51:37.362  2331  2430 E PERFHAL-CLIENT: PERFHAL-CLIENT: perf_lock_acq() 164: opcode=1077968896 isMvOpcode=0
04-18 09:51:37.362  2331  2430 E PERFHAL-CLIENT: PERFHAL-CLIENT: perf_lock_acq() 164: opcode=1673904640 isMvOpcode=1
04-18 09:51:37.362  2331  2430 E PERFHAL-CLIENT: PERFHAL-CLIENT: perf_lock_acq() 164: opcode=1673904128 isMvOpcode=1
04-18 09:51:37.363  2331  2430 E PERFHAL-CLIENT: PERFHAL-CLIENT: perf_lock_acq() 164: opcode=1090519552 isMvOpcode=0
04-18 09:51:37.363  2331  2430 E PERFHAL-CLIENT: PERFHAL-CLIENT: perf_lock_acq() 164: opcode=1086799872 isMvOpcode=0
04-18 09:51:37.363  2331  2430 E PERFHAL-CLIENT: PERFHAL-CLIENT: perf_lock_acq() 164: opcode=1673854976 isMvOpcode=1
04-18 09:51:37.363  7857  8356 I HoneySpace.RecentTasks: onRecentTasksChanged l:228631508
04-18 09:51:37.363  2331  2430 E PERFHAL-CLIENT: PERFHAL-CLIENT: perf_lock_acq() 164: opcode=1077968896 isMvOpcode=0
04-18 09:51:37.363  3518  5190 D SecContentProvider: query(), uri = 17 selection = isSettingsChangesAllowed
04-18 09:51:37.363  3518  5190 D SecContentProvider: called from android.uid.honeyboard:10196
04-18 09:51:37.363  2331  2430 E PERFHAL-CLIENT: PERFHAL-CLIENT: perf_lock_acq() 164: opcode=1077936128 isMvOpcode=0
04-18 09:51:37.363  3518  5190 D RestrictionPolicy: isSettingsChangesAllowedAsUser, userId 0 : true
04-18 09:51:37.363  2331  2430 E PERFHAL-CLIENT: PERFHAL-CLIENT: perf_lock_acq() 164: opcode=1090519040 isMvOpcode=0
04-18 09:51:37.363  2331  2430 E PERFHAL-CLIENT: PERFHAL-CLIENT: perf_lock_acq() 164: opcode=1673855488 isMvOpcode=1
04-18 09:51:37.363  3518  5190 D SecContentProvider: query(), uri = 17 selection = isSettingsChangesAllowed
04-18 09:51:37.363  3518  5190 D SecContentProvider: called from android.uid.honeyboard:10196
04-18 09:51:37.363  3518  5190 D RestrictionPolicy: isSettingsChangesAllowedAsUser, userId 0 : true
04-18 09:51:37.363  2331  2430 I HYPER-HAL: [RequestManager.cpp]releaseLocked(): Released ID : 6260511
04-18 09:51:37.363 17536 17536 I HBD     : a [UpdatePolicy] [post] a: 0 cl: 65537 kit: [0/0] vt: 0 ir: 1 
04-18 09:51:37.364  3518  4949 W PackageConfigPersister: App-specific configuration not found for packageName: com.samsung.android.dialer and userId: 0
04-18 09:51:37.364  3518  7409 W PackageConfigPersister: App-specific configuration not found for packageName: com.samsung.android.dialer and userId: 0
04-18 09:51:37.364  3518  7409 W PackageConfigPersister: App-specific configuration not found for packageName: com.termux and userId: 0
04-18 09:51:37.364  3518  7409 W PackageConfigPersister: App-specific configuration not found for packageName: com.android.settings and userId: 0
04-18 09:51:37.364  3518  7409 W PackageConfigPersister: App-specific configuration not found for packageName: com.android.chrome and userId: 0
04-18 09:51:37.364  3518  7409 W PackageConfigPersister: App-specific configuration not found for packageName: com.android.vending and userId: 0
04-18 09:51:37.364  5827  5910 D PipelineWatcher: onInputBufferReleased: frameIndex not found (4787); ignored
04-18 09:51:37.364  3518  4970 I SemWifiCtlFeatureMediator: Trf ratio: 0.4% (1.30 / 355.96) (TWT/S-PM: 1.0) v ( R) || Query: TWT/S-PM true (false) 1.0 1.0 1.0 / BW false (false) 1.0 1.0 1.0 
04-18 09:51:37.364 17536  4278 I HBD     : o updated Sub Types. English 
04-18 09:51:37.365 17536 14575 I HBD     : a InputMethodSubtype is set as local:en_US 
04-18 09:51:37.365  7857 16225 I HoneySpace.HistoryViewModel@157918506@OneUI: Illegal access. Unknown type. skip load history items
04-18 09:51:37.365  3518  4979 I SemTwtInfo: Waiting grant 0.92250234 8192 40960
04-18 09:51:37.365  3518  3518 I InputMethodManagerService: subtype state: oldSubtype = android.view.inputmethod.InputMethodSubtype@10001 newSubtype = android.view.inputmethod.InputMethodSubtype@10001 force = false, intent received : false
04-18 09:51:37.366 14399 14407 D PipelineWatcher: onInputBufferReleased: frameIndex not found (28); ignored
04-18 09:51:37.367  2350  2492 I SnapAlloc: IsUBWCAlloc - Explicit ubwc format 265 passed by the clients
04-18 09:51:37.367  3518  6055 D FreecessController: BG freezed, skip OLAF unfreeze for (com.microsoft.skydrive, 10111)
04-18 09:51:37.367  2350  2492 I SnapAlloc: IsUBWCAlloc - Explicit ubwc format 265 passed by the clients
04-18 09:51:37.367  2427  2427 I SurfaceFlinger: [Surface(name=1f36831 InputMethod#8506)/@0xe614c97 - animation-leash of insets_animation#11890] attach to parent LayerHierarchy{RequestedLayerState{WindowToken{fa92c4d type=2011 android.os.Binder@f85cfe4}#7964 parentId=15} 2 children}
04-18 09:51:37.368  5827  5910 D PipelineWatcher: onInputBufferReleased: frameIndex not found (4788); ignored
04-18 09:51:37.368  5098  5230 I VRI[dialer]@e901aa5: mWNT: t=0xb400007254a469c0 mBlastBufferQueue=0xb4000072a4abb460 fn= 7 HdrRenderState mRenderHdrSdrRatio=1.0 caller= android.view.SyncRtSurfaceTransactionApplier.applyTransaction:102 android.view.SyncRtSurfaceTransactionApplier.lambda$scheduleApply$0:75 android.view.SyncRtSurfaceTransactionApplier.$r8$lambda$afI4fXg3U3-nBZQEDQMiNy-B06s:0 
04-18 09:51:37.373  3518  6055 D FreecessController: BG freezed, skip OLAF unfreeze for (com.google.android.youtube, 10292)
04-18 09:51:37.374  3518  6055 D FreecessController: BG freezed, skip OLAF unfreeze for (com.samsung.android.app.reminder, 10341)
04-18 09:51:37.374  3518  6055 D FreecessController: restrictJobsByOlaf: restrict=false, uid=-1
04-18 09:51:37.375  3518  3518 D OlafRestriction:  olaf state update: state=false
04-18 09:51:37.375  3518  3518 D OlafRestriction:  sending trigger onRestrictionStateChanged msg.
04-18 09:51:37.376  2427  2427 I SurfaceFlinger: RequestedLayer [Surface(name=1f36831 InputMethod#850[...]tion-leash of insets_animation#11890] hidden!! flag  from(1) --> to(0)
04-18 09:51:37.376  2427  2427 E SurfaceFlinger: alpha changed 1.000 -> 0.000 - Surface(name=1f36831 InputMethod#8506)/@0xe614c97 - animation-leash of insets_animation#11890
04-18 09:51:37.376  2427  2427 I SurfaceFlinger: [LayerHierarchy{RequestedLayerState{ImeContainer#15 parentId=11878 relativeParentId=11878 z=3} 1 children}] reparent to LayerHierarchy{RequestedLayerState{ActivityRecord{258815710 u0 com.samsung.android.dialer/.DialtactsActivity t165}#11878 parentId=11877} 4 children}
04-18 09:51:37.376  2427  2427 I SurfaceFlinger: [LayerHierarchy{RequestedLayerState{ImeContainer#15 parentId=11878 relativeParentId=11878 z=3} 1 children}] RelativeParent to null
04-18 09:51:37.376  2427  2427 I SurfaceFlinger: [LayerHierarchy{RequestedLayerState{1f36831 InputMethod#8506 parentId=11890} no children}] reparent to LayerHierarchy{RequestedLayerState{Surface(name=1f36831 InputMethod#8506)/@0xe614c97 - animation-leash of insets_animation#11890 parentId=7964} 1 children}
04-18 09:51:37.376  2427  2427 I SurfaceFlinger: [LayerHierarchy{RequestedLayerState{Surface(name=1f36831 InputMethod#8506)/@0xe614c97 - animation-leash of insets_animation#11862} no children}] reparent to OffscreenRoot
04-18 09:51:37.376  2427  2427 I SurfaceFlinger: [LayerHierarchy{RequestedLayerState{Surface(name=1f36831 InputMethod#8506)/@0xe614c97 - animation-leash of insets_animation#11862} no children}] RelativeParent to null
04-18 09:51:37.376  5098  5231 I VRI[dialer]@e901aa5: mWNT: t=0xb400007254a643d0 mBlastBufferQueue=0xb4000072a4abb460 fn= 8 HdrRenderState mRenderHdrSdrRatio=1.0 caller= android.view.SyncRtSurfaceTransactionApplier.applyTransaction:102 android.view.SyncRtSurfaceTransactionApplier.lambda$scheduleApply$0:75 android.view.SyncRtSurfaceTransactionApplier.$r8$lambda$afI4fXg3U3-nBZQEDQMiNy-B06s:0 
04-18 09:51:37.376  2427  4142 I SurfaceFlinger: id=11862 Removed Surface(name=1f36831 InputMethod#8506)/@0xe614c97 - animation-leash of insets_animation#11862 (160)
04-18 09:51:37.377 17536 17536 I HBD     : a [NRIC] resetNoResponseState 
04-18 09:51:37.377 17536 17536 I HBD     : e needOff = true , isForceOff = false, isNullInputClass : true 
04-18 09:51:37.377 17536 17536 I HBD     : e update cached prediction status : false 
04-18 09:51:37.377 17536 17536 I HBD     : b [AiWriter] setContact : com.samsung.android.dialer
04-18 09:51:37.377 17536 17536 I HBD     : a [AiWriter] setContact : com.samsung.android.dialer
04-18 09:51:37.377 17536 17536 I HBD     : F EBD si S 0 
04-18 09:51:37.377 17536 17536 I HBD     : m updateContactDBLanguage : 65537 
04-18 09:51:37.377 17536 17536 I HBD     : g isCoverDisplay : false, cached selected json info : SelectedLanguageInfo(languageVersion=4.2, currentLanguageOrder=0, selectedLanguageList=[SelectedLanguage(id=65537, isUsed=true, engName=English, inputType=qwerty, activeOptionList=[auto_replace, auto_spacing, writing_assistant, prediction], bilingualId=-1), SelectedLanguage(id=4521984, isUsed=true, engName=Korean, inputType=qwerty, activeOptionList=[auto_spacing, prediction], bilingualId=-1)]) 
04-18 09:51:37.377 17536 17536 I HBD     : g updateSelectedLanguageCache is succeeded. English 
04-18 09:51:37.378 17536 17536 I HBD     : g writeToFile path : /data/user/0/com.samsung.android.honeyboard/files/selected.json 
04-18 09:51:37.378 17536 17536 I HBD     : g writeToFile json : {"version":"4.2","currentLanguageOrder":0,"selected":[{"activeOptionList":["auto_replace","auto_spacing","writing_assistant","prediction"],"bilingualId":-1,"engName":"English","id":65537,"inputType":"qwerty","isUsed":true},{"activeOptionList":["auto_spacing","prediction"],"bilingualId":-1,"engName":"Korean","id":4521984,"inputType":"qwerty","isUsed":true}]} 
04-18 09:51:37.379 17536 17536 I HBD     : g writeToFile complete 
04-18 09:51:37.379 17536 14582 I HBD     : g Write selected lang for DE  
04-18 09:51:37.379 17536 14582 I HBD     : g writeToFile path : /data/user_de/0/com.samsung.android.honeyboard/files/selected.json 
04-18 09:51:37.379 17536 14582 I HBD     : g writeToFile json : {"version":"4.2","currentLanguageOrder":0,"selected":[{"activeOptionList":["auto_replace","auto_spacing","writing_assistant","prediction"],"bilingualId":-1,"engName":"English","id":65537,"inputType":"qwerty","isUsed":true},{"activeOptionList":["auto_spacing","prediction"],"bilingualId":-1,"engName":"Korean","id":4521984,"inputType":"qwerty","isUsed":true}]} 
04-18 09:51:37.379 17536 17536 I HBD     : g isCoverDisplay : false, cached selected json info : SelectedLanguageInfo(languageVersion=4.2, currentLanguageOrder=0, selectedLanguageList=[SelectedLanguage(id=65537, isUsed=true, engName=English, inputType=qwerty, activeOptionList=[auto_replace, auto_spacing, writing_assistant, prediction], bilingualId=-1), SelectedLanguage(id=4521984, isUsed=true, engName=Korean, inputType=qwerty, activeOptionList=[auto_spacing, prediction], bilingualId=-1)]) 
04-18 09:51:37.379 17536 17536 I HBD     : n updateActionOptionFromPreference isCover = false 
04-18 09:51:37.379 17536 17536 I HBD     : n before lang.activeOptionList =  [auto_replace, auto_spacing, writing_assistant, prediction] 
04-18 09:51:37.379 17536 14582 I HBD     : g writeToFile complete 
04-18 09:51:37.379 17536 17536 I HBD     : n after lang.activeOptionList = [auto_replace, auto_spacing, writing_assistant, prediction] 
04-18 09:51:37.380 17536 17536 I HBD     : g writeToFile path : /data/user/0/com.samsung.android.honeyboard/files/selected.json 
04-18 09:51:37.380 17536 17536 I HBD     : g writeToFile json : {"version":"4.2","currentLanguageOrder":0,"selected":[{"activeOptionList":["auto_replace","auto_spacing","writing_assistant","prediction"],"bilingualId":-1,"engName":"English","id":65537,"inputType":"qwerty","isUsed":true},{"activeOptionList":["auto_spacing","prediction"],"bilingualId":-1,"engName":"Korean","id":4521984,"inputType":"qwerty","isUsed":true}]} 
04-18 09:51:37.380 17536 17536 I HBD     : g writeToFile complete 
04-18 09:51:37.380 17536 17536 I HBD     : m normal : updateLanguage : English 
04-18 09:51:37.380 17536 14583 I HBD     : g Write selected lang for DE  
04-18 09:51:37.380 17536 14583 I HBD     : g writeToFile path : /data/user_de/0/com.samsung.android.honeyboard/files/selected.json 
04-18 09:51:37.380 17536 14583 I HBD     : g writeToFile json : {"version":"4.2","currentLanguageOrder":0,"selected":[{"activeOptionList":["auto_replace","auto_spacing","writing_assistant","prediction"],"bilingualId":-1,"engName":"English","id":65537,"inputType":"qwerty","isUsed":true},{"activeOptionList":["auto_spacing","prediction"],"bilingualId":-1,"engName":"Korean","id":4521984,"inputType":"qwerty","isUsed":true}]} 
04-18 09:51:37.380 17536 17536 I HBD     : g isCoverDisplay : false, cached selected json info : SelectedLanguageInfo(languageVersion=4.2, currentLanguageOrder=0, selectedLanguageList=[SelectedLanguage(id=65537, isUsed=true, engName=English, inputType=qwerty, activeOptionList=[auto_replace, auto_spacing, writing_assistant, prediction], bilingualId=-1), SelectedLanguage(id=4521984, isUsed=true, engName=Korean, inputType=qwerty, activeOptionList=[auto_spacing, prediction], bilingualId=-1)]) 
04-18 09:51:37.380 17536 17536 I HBD     : g isCoverDisplay : false, cached selected json info : SelectedLanguageInfo(languageVersion=4.2, currentLanguageOrder=0, selectedLanguageList=[SelectedLanguage(id=65537, isUsed=true, engName=English, inputType=qwerty, activeOptionList=[auto_replace, auto_spacing, writing_assistant, prediction], bilingualId=-1), SelectedLanguage(id=4521984, isUsed=true, engName=Korean, inputType=qwerty, activeOptionList=[auto_spacing, prediction], bilingualId=-1)]) 
04-18 09:51:37.380 17536 17536 I HBD     : n updateActionOptionFromPreference isCover = false 
04-18 09:51:37.380 17536 17536 I HBD     : n before lang.activeOptionList =  [auto_replace, auto_spacing, writing_assistant, prediction] 
04-18 09:51:37.380 17536 17536 I HBD     : n after lang.activeOptionList = [auto_replace, auto_spacing, writing_assistant, prediction] 
04-18 09:51:37.380 17536 14583 I HBD     : g writeToFile complete 
04-18 09:51:37.380 17536 17536 I HBD     : g writeToFile path : /data/user/0/com.samsung.android.honeyboard/files/selected.json 
04-18 09:51:37.380 17536 17536 I HBD     : g writeToFile json : {"version":"4.2","currentLanguageOrder":0,"selected":[{"activeOptionList":["auto_replace","auto_spacing","writing_assistant","prediction"],"bilingualId":-1,"engName":"English","id":65537,"inputType":"qwerty","isUsed":true},{"activeOptionList":["auto_spacing","prediction"],"bilingualId":-1,"engName":"Korean","id":4521984,"inputType":"qwerty","isUsed":true}]} 
04-18 09:51:37.381 17536 17536 I HBD     : g writeToFile complete 
04-18 09:51:37.381 17536 17536 I HBD     : m normal : updateLanguage : English 
04-18 09:51:37.381 17536 14584 I HBD     : g Write selected lang for DE  
04-18 09:51:37.381 17536 17536 I HBD     : g isCoverDisplay : false, cached selected json info : SelectedLanguageInfo(languageVersion=4.2, currentLanguageOrder=0, selectedLanguageList=[SelectedLanguage(id=65537, isUsed=true, engName=English, inputType=qwerty, activeOptionList=[auto_replace, auto_spacing, writing_assistant, prediction], bilingualId=-1), SelectedLanguage(id=4521984, isUsed=true, engName=Korean, inputType=qwerty, activeOptionList=[auto_spacing, prediction], bilingualId=-1)]) 
04-18 09:51:37.381 17536 14584 I HBD     : g writeToFile path : /data/user_de/0/com.samsung.android.honeyboard/files/selected.json 
04-18 09:51:37.381 17536 14584 I HBD     : g writeToFile json : {"version":"4.2","currentLanguageOrder":0,"selected":[{"activeOptionList":["auto_replace","auto_spacing","writing_assistant","prediction"],"bilingualId":-1,"engName":"English","id":65537,"inputType":"qwerty","isUsed":true},{"activeOptionList":["auto_spacing","prediction"],"bilingualId":-1,"engName":"Korean","id":4521984,"inputType":"qwerty","isUsed":true}]} 
04-18 09:51:37.381 17536 17536 I HBD     : g isCoverDisplay : false, cached selected json info : SelectedLanguageInfo(languageVersion=4.2, currentLanguageOrder=0, selectedLanguageList=[SelectedLanguage(id=65537, isUsed=true, engName=English, inputType=qwerty, activeOptionList=[auto_replace, auto_spacing, writing_assistant, prediction], bilingualId=-1), SelectedLanguage(id=4521984, isUsed=true, engName=Korean, inputType=qwerty, activeOptionList=[auto_spacing, prediction], bilingualId=-1)]) 
04-18 09:51:37.381 17536 17536 I HBD     : g updateSelectedLanguageCache is succeeded. English 
04-18 09:51:37.381 17536 17536 I HBD     : g writeToFile path : /data/user/0/com.samsung.android.honeyboard/files/selected.json 
04-18 09:51:37.381 17536 17536 I HBD     : g writeToFile json : {"version":"4.2","currentLanguageOrder":0,"selected":[{"activeOptionList":["auto_replace","auto_spacing","writing_assistant","prediction"],"bilingualId":-1,"engName":"English","id":65537,"inputType":"qwerty","isUsed":true},{"activeOptionList":["auto_spacing","prediction"],"bilingualId":-1,"engName":"Korean","id":4521984,"inputType":"qwerty","isUsed":true}]} 
04-18 09:51:37.381 17536 14584 I HBD     : g writeToFile complete 
04-18 09:51:37.381 17536 17536 I HBD     : g writeToFile complete 
04-18 09:51:37.381 17536 14585 I HBD     : g Write selected lang for DE  
04-18 09:51:37.381 17536 14585 I HBD     : g writeToFile path : /data/user_de/0/com.samsung.android.honeyboard/files/selected.json 
04-18 09:51:37.381 17536 14585 I HBD     : g writeToFile json : {"version":"4.2","currentLanguageOrder":0,"selected":[{"activeOptionList":["auto_replace","auto_spacing","writing_assistant","prediction"],"bilingualId":-1,"engName":"English","id":65537,"inputType":"qwerty","isUsed":true},{"activeOptionList":["auto_spacing","prediction"],"bilingualId":-1,"engName":"Korean","id":4521984,"inputType":"qwerty","isUsed":true}]} 
04-18 09:51:37.381 17536 17536 I HBD     : g isCoverDisplay : false, cached selected json info : SelectedLanguageInfo(languageVersion=4.2, currentLanguageOrder=0, selectedLanguageList=[SelectedLanguage(id=65537, isUsed=true, engName=English, inputType=qwerty, activeOptionList=[auto_replace, auto_spacing, writing_assistant, prediction], bilingualId=-1), SelectedLanguage(id=4521984, isUsed=true, engName=Korean, inputType=qwerty, activeOptionList=[auto_spacing, prediction], bilingualId=-1)]) 
04-18 09:51:37.381 17536 17536 I HBD     : g updateSelectedLanguageCache is succeeded. English 
04-18 09:51:37.381 17536 17536 I HBD     : g writeToFile path : /data/user/0/com.samsung.android.honeyboard/files/selected.json 
04-18 09:51:37.382 17536 17536 I HBD     : g writeToFile json : {"version":"4.2","currentLanguageOrder":0,"selected":[{"activeOptionList":["auto_replace","auto_spacing","writing_assistant","prediction"],"bilingualId":-1,"engName":"English","id":65537,"inputType":"qwerty","isUsed":true},{"activeOptionList":["auto_spacing","prediction"],"bilingualId":-1,"engName":"Korean","id":4521984,"inputType":"qwerty","isUsed":true}]} 
04-18 09:51:37.382 17536 14585 I HBD     : g writeToFile complete 
04-18 09:51:37.382  3518  7409 D SecContentProvider: query(), uri = 17 selection = isSettingsChangesAllowed
04-18 09:51:37.382  3518  7409 D SecContentProvider: called from android.uid.honeyboard:10196
04-18 09:51:37.382  3518  7409 D RestrictionPolicy: isSettingsChangesAllowedAsUser, userId 0 : true
04-18 09:51:37.382 17536 17536 I HBD     : g writeToFile complete 
04-18 09:51:37.382  3518  7409 D SecContentProvider: query(), uri = 17 selection = isSettingsChangesAllowed
04-18 09:51:37.382  3518  7409 D SecContentProvider: called from android.uid.honeyboard:10196
04-18 09:51:37.382  3518  7409 D RestrictionPolicy: isSettingsChangesAllowedAsUser, userId 0 : true
04-18 09:51:37.382 17536 14586 I HBD     : g Write selected lang for DE  
04-18 09:51:37.382 17536 14586 I HBD     : g writeToFile path : /data/user_de/0/com.samsung.android.honeyboard/files/selected.json 
04-18 09:51:37.382 17536 17536 I HBD     : a [UpdatePolicy] [post] a: 31 cl: 65537 kit: [0/0] vt: 0 ir: 1 
04-18 09:51:37.382 17536 17536 I HBD     : [HitRate] b clear candidateHistory 
04-18 09:51:37.382 17536 17536 I HBD     : [SwypeStatistics] c setOnEdit : false 
04-18 09:51:37.382 17536 17536 I HBD     : [SwypeStatistics] c clear swypeHistory 
04-18 09:51:37.382  3518  7409 D SecContentProvider: query(), uri = 17 selection = isSettingsChangesAllowed
04-18 09:51:37.382  3518  7409 D SecContentProvider: called from android.uid.honeyboard:10196
04-18 09:51:37.382  3518  7409 D RestrictionPolicy: isSettingsChangesAllowedAsUser, userId 0 : true
04-18 09:51:37.382 14399 14407 D PipelineWatcher: onInputBufferReleased: frameIndex not found (29); ignored
04-18 09:51:37.382 17536 14586 I HBD     : g writeToFile json : {"version":"4.2","currentLanguageOrder":0,"selected":[{"activeOptionList":["auto_replace","auto_spacing","writing_assistant","prediction"],"bilingualId":-1,"engName":"English","id":65537,"inputType":"qwerty","isUsed":true},{"activeOptionList":["auto_spacing","prediction"],"bilingualId":-1,"engName":"Korean","id":4521984,"inputType":"qwerty","isUsed":true}]} 
04-18 09:51:37.382 17536 17536 I HBD     : d onStartInput 
04-18 09:51:37.382 17536  4278 I HBD     : o updated Sub Types. English 
04-18 09:51:37.382  3518  7409 D SecContentProvider: query(), uri = 17 selection = isSettingsChangesAllowed
04-18 09:51:37.382  3518  7409 D SecContentProvider: called from android.uid.honeyboard:10196
04-18 09:51:37.382  3518  7409 D RestrictionPolicy: isSettingsChangesAllowedAsUser, userId 0 : true
04-18 09:51:37.382 17536 14587 I HBD     : a InputMethodSubtype is set as local:en_US 
04-18 09:51:37.382 17536 14586 I HBD     : g writeToFile complete 
04-18 09:51:37.382 17536 17536 I HBD     : HoneyBoardService [PF_OP][onStartInput]  22 ms 
04-18 09:51:37.382 17536 17626 I HBD     : o updated Sub Types. English 
04-18 09:51:37.383 17536 14589 I HBD     : a InputMethodSubtype is set as local:en_US 
04-18 09:51:37.383  3518  3518 I InputMethodManagerService: subtype state: oldSubtype = android.view.inputmethod.InputMethodSubtype@10001 newSubtype = android.view.inputmethod.InputMethodSubtype@10001 force = false, intent received : false
04-18 09:51:37.383 17536 17536 I InputMethodService: scheduleImeSurfaceRemoval: removeImeSurface is posted.
04-18 09:51:37.383  3518  3518 I InputMethodManagerService: subtype state: oldSubtype = android.view.inputmethod.InputMethodSubtype@10001 newSubtype = android.view.inputmethod.InputMethodSubtype@10001 force = false, intent received : false
04-18 09:51:37.383 17536 17536 I HBD     : [DirectWriting] DirectWriting emitInputConnection : RemoteInputConnection{idHash=#6c9f677} 
