04-18 09:51:37.531 14399 14407 D PipelineWatcher: onInputBufferReleased: frameIndex not found (47); ignored
04-18 09:51:37.531  3518  3668 I ActivityManager: Changes in 10159 2 to 5, 511 to 440
04-18 09:51:37.532  2416  2509 V APM_AudioPolicyManager: setAppState(portId:187, state:2)
04-18 09:51:37.532  5827  5910 D PipelineWatcher: onInputBufferReleased: frameIndex not found (4807); ignored
04-18 09:51:37.532  2416  2509 V APM_AudioPolicyManager: setAppState(portId:187, state:2)
04-18 09:51:37.532  2416  2509 V APM_AudioPolicyManager: setAppState(portId:187, state:2)
04-18 09:51:37.532  2416  2509 V APM_AudioPolicyManager: setAppState(portId:187, state:2)
04-18 09:51:37.532  2754  2754 I CameraService: onUidStateChanged: uid=10276, procState is changed. (3 -> 5)
04-18 09:51:37.532  2416  2509 V APM_AudioPolicyManager: setAppState(portId:187, state:2)
04-18 09:51:37.532  2754  2754 W libbinder.IPCThreadState: Sending oneway calls to frozen process.
04-18 09:51:37.532  2754  2754 W libbinder.IPCThreadState: Sending oneway calls to frozen process.
04-18 09:51:37.532  2754  2754 W libbinder.IPCThreadState: Sending oneway calls to frozen process.
04-18 09:51:37.532  2754  2754 W libbinder.IPCThreadState: Sending oneway calls to frozen process.
04-18 09:51:37.532  2754  2754 W libbinder.IPCThreadState: Sending oneway calls to frozen process.
04-18 09:51:37.532 22775 22775 I SSS:AugmentedAutofillService: AugmentedAutofillService: onConnected()
04-18 09:51:37.532  6838  6991 V OsAgent : broadcastSystemEvent - 7
04-18 09:51:37.533  6838  6991 V OsAgent : broadcastSystemEvent - 7
04-18 09:51:37.533 14399 14407 D PipelineWatcher: onInputBufferReleased: frameIndex not found (48); ignored
04-18 09:51:37.534 22775 22775 I SSS:AugmentedAutofillService: AugmentedAutofillService: onFillRequest()
04-18 09:51:37.534 22775 22775 I SSS:AugmentedAutofillService: autofill id: 1073741824, packageName: com.samsung.android.dialer
04-18 09:51:37.534  2427  2427 I SurfaceFlinger: RequestedLayer [Task=1#46] hidden!! flag  from(0) --> to(1)
04-18 09:51:37.534  2427  2427 I SurfaceFlinger: [Display 0 name="기본으로 제공되는 화면"#41] setFrameRateCategory: Default
04-18 09:51:37.534  2427  2427 I SurfaceFlinger: [LayerHierarchy{RequestedLayerState{Task=1#46 parentId=10} 2 children}] reparent to LayerHierarchy{RequestedLayerState{DefaultTaskDisplayArea_d0#10 parentId=9} 9 children}
04-18 09:51:37.534  2427  2427 I SurfaceFlinger: [LayerHierarchy{RequestedLayerState{WallpaperWindowToken{a9e9ca6}#8471 parentId=8} 1 children}] reparent to LayerHierarchy{RequestedLayerState{Leaf:1:1#8 parentId=7} 2 children}
04-18 09:51:37.534  2427  2427 I SurfaceFlinger: [LayerHierarchy{RequestedLayerState{Task=165#11877 parentId=10 z=6} 1 children}] reparent to LayerHierarchy{RequestedLayerState{DefaultTaskDisplayArea_d0#10 parentId=9} 10 children}
04-18 09:51:37.534  2427  2427 I SurfaceFlinger: [LayerHierarchy{RequestedLayerState{Transition Root: Task=165#11881 z=6} no children}] reparent to OffscreenRoot
04-18 09:51:37.534  2427  2427 I SurfaceFlinger: [LayerHierarchy{RequestedLayerState{Transition Root: Task=165#11881 z=6} no children}] RelativeParent to null
04-18 09:51:37.534  5827  5910 D PipelineWatcher: onInputBufferReleased: frameIndex not found (4808); ignored
04-18 09:51:37.535  5098  5098 I VRI[NavigationBar0]@7f557cf: call setFrameRateCategory category=dirty hint, reason=category counts, vri=VRI[NavigationBar0]@7f557cf
04-18 09:51:37.535  5098  5098 D SystemUIService: SYSUI_RAM_OPTIMIZATION onTrimMemory=20
04-18 09:51:37.535  5098  5098 D CentralSurfaces: SYSUI_RAM_OPTIMIZATION onTrimMemory=20
04-18 09:51:37.535  5098  5232 D HWUI    : CacheManager::trimMemory(20)
04-18 09:51:37.535  2427  2427 I SurfaceFlinger: id=11881 Removed Transition Root: Task=165#11881 (158)
04-18 09:51:37.535  3518  3668 D LocalDisplayAdapter: updateActiveModeLocked for d=4630947077158959251, mActiveModeId=2, mActiveSfDisplayMode=DisplayMode{id=1, width=1080, height=2340, xDpi=375.78082, yDpi=373.81134, peakRefreshRate=120.00001, vsyncRate=240.00005, appVsyncOffsetNanos=8333111, presentationDeadlineNanos=9333444, supportedHdrTypes=[4, 2, 3], group=1}
04-18 09:51:37.535  3518  7286 I WindowManager: Relayout Window{32abfe5 u0 com.sec.android.app.launcher/com.sec.android.app.launcher.activities.LauncherActivity}: viewVisibility=8 req=1080x2340 ty=1 d0
04-18 09:51:37.536  3518  3668 I DisplayDeviceRepository: Display device changed render timings: "기본으로 제공되는 화면", renderFrameRate=120.00002, presentationDeadlineNanos=9333443, appVsyncOffsetNanos=8333111, frameRateOverrides=[{uid=10129 frameRateHz=120.00002}]
04-18 09:51:37.536 22775 22775 I AFL#AutoFillPolicyManager: isNudgeBlocked: true (ComponentInfo{com.samsung.android.dialer/com.samsung.android.dialer.DialtactsActivity}), isLocaleAllowed: true (en-US)
04-18 09:51:37.536 22775 22775 I AFL#SSS:AugmentedAutofillService: onFillRequest(), autofill id: 1073741824, packageName: com.samsung.android.dialer, autofill condition : true, false, false, true
04-18 09:51:37.536  3518  7286 I WindowManager: Relayout hash=32abfe5, pid=7857, syncId=-1: mAttrs={(0,0)(fillxfill) sim={adjust=nothing forwardNavigation} layoutInDisplayCutoutMode=always ty=BASE_APPLICATION fmt=TRANSPARENT wanim=0x1030307
04-18 09:51:37.536  3518  7286 I WindowManager:   fl=81910100
04-18 09:51:37.536  3518  7286 I WindowManager:   pfl=10008840
04-18 09:51:37.536  3518  7286 I WindowManager:   bhv=2
04-18 09:51:37.536  3518  7286 I WindowManager:   fitSides=0
04-18 09:51:37.536  3518  7286 I WindowManager:   frameRateBoostOnTouch=true
04-18 09:51:37.536  3518  7286 I WindowManager:   dvrrWindowFrameRateHint=true naviIconColor=0}
04-18 09:51:37.537  7857  7857 I VRI[LauncherActivity]@d4e7497: Relayout returned: old=(0,0,1080,2340) new=(0,0,1080,2340) relayoutAsync=false req=(1080,2340)8 dur=1 res=0x2 s={false 0x0} ch=true seqId=0
04-18 09:51:37.537  5098  5098 D DisplayLifecycle: updateDisplay id = 0
04-18 09:51:37.537  7857  7857 I SearchHoneyPot: onViewCreated: onStop
04-18 09:51:37.537  7857  7857 I HoneySpace.WorkspacePot: stopWidgetListening
04-18 09:51:37.537  7857  8510 I HoneySpace.HoneyAppWidgetHost: stopListening, host: @6c616ce, hostId: 1024
04-18 09:51:37.537  7857  7857 I HoneySpace.ContentsAnimator: end call
04-18 09:51:37.537  7857  7857 I HoneySpace.BlurAnimator: end
04-18 09:51:37.537  7857  7857 I HoneySpace.BlurAnimator: reset
04-18 09:51:37.537  3518  7286 I AppWidgetServiceImpl: stopListening callbacks : null
04-18 09:51:37.537  7857  7857 I VRI[LauncherActivity]@d4e7497: stopped(true) old = false
04-18 09:51:37.537  7857  7857 I HoneySpace.Launcher: !@Boot_EBS_D: Launcher.onStop()
04-18 09:51:37.537  5098  5206 D StackScroller: onDisplayChanged for predraw skip to 2
04-18 09:51:37.538  7857  7857 I HoneySpace.OneUiSpace: onSaveInstanceState honeyScreen=e6.G@da5bd47
04-18 09:51:37.538  7857  9372 I HoneySpace.Memory-Monitor: scheduleTrim delayTime=30000
04-18 09:51:37.538  7857  9674 I HoneySpace.Memory-Monitor: current state = 2, didTrim = false
04-18 09:51:37.538  2427  2427 D SurfaceFlinger: Display 4630947077158959251 HWC layers:
04-18 09:51:37.538  2427  2427 D SurfaceFlinger:        DEVICE |           62182536511491 | 00002102 | RGBA_8888    |    0.0    0.0 1080.0 2340.0 |    0    0 1080 2340 | com.samsung.android.dialer/com.samsu[...]ialer.DialtactsActivity$_14478#11886 (22)
04-18 09:51:37.538  2427  2427 D SurfaceFlinger:        DEVICE |           21895743278772 | 00002100 | RGBA_8888    |    0.0    0.0 1080.0  105.0 |    0    0 1080  105 | StatusBar$_5098#90 (32309)
04-18 09:51:37.538  2427  2427 D SurfaceFlinger:        DEVICE |           33745558047539 | 00002100 | RGBA_8888    |    0.0    0.0   80.0  342.0 | 1000  438 1080  780 | com.sec.android.app.launcher/com.sam[...]l.app.CocktailBarService$_7857#11785 (1)
04-18 09:51:37.538  2427  2427 D SurfaceFlinger:        DEVICE |           21895743278755 | 00002100 | RGBA_8888    |    0.0    0.0 1080.0  135.0 |    0 2205 1080 2340 | NavigationBar0$_5098#88 (20039)
04-18 09:51:37.538  2427  2427 D SurfaceFlinger: 
04-18 09:51:37.538  3518  5190 D WifiDisplayAdapter: isFitToActiveDisplayLocked : false
04-18 09:51:37.539 22775 22775 I SSS:HintsManager: getEntityTypeFromResourceMap map: com.samsung.android.dialer.DialtactsActivity_com.samsung.android.dialer_digits, value: null
04-18 09:51:37.539  3962  3962 I bvhy    : onStop
04-18 09:51:37.539 22775 22775 I SSS:CommonUtil: getTargetActivityComponent() activityComponent:ComponentInfo{com.samsung.android.dialer/com.samsung.android.dialer.DialtactsActivity} target:null
04-18 09:51:37.539 22775 22775 I SSS:CommonUtil: getTargetActivityComponent() activityComponent:ComponentInfo{com.samsung.android.dialer/com.samsung.android.dialer.DialtactsActivity} target:null
04-18 09:51:37.539  3518  7286 I AssistStructure: Flattened final assist data: 18316 bytes, containing 1 windows, 141 views
04-18 09:51:37.540 22775 22775 I SSS: CustomAssistStructure: Time Test - tree creation time: 1 mS
04-18 09:51:37.540 22775 22775 I SSS:AssistStructureParser: Setting hint '{postalAddress}' on 1073741829@1471525245
04-18 09:51:37.542  2427  2427 I SurfaceFlinger: [NavigationBar0$_5098#88] setFrameRateCategory: DirtyHint
04-18 09:51:37.542  2427  2427 I SurfaceFlinger: RequestedLayer [ActivityRecord{50490468 u0 com.sec.a[...].activities.LauncherActivity t44}#94] hidden!! flag  from(0) --> to(1)
04-18 09:51:37.542  2427  2427 I SurfaceFlinger: RequestedLayer [WallpaperWindowToken{a9e9ca6}#8471] hidden!! flag  from(0) --> to(1)
04-18 09:51:37.542  2427  2427 I SurfaceFlinger: RequestedLayer [com.sec.android.app.launcher/com.sec[...]ivities.LauncherActivity$_7857#11853] hidden!! flag  from(0) --> to(1)
04-18 09:51:37.542  2427  2427 I SurfaceFlinger: RequestedLayer [com.samsung.android.wallpaper.live.infinity.InfinityWallpaper$_29794#8473] hidden!! flag  from(0) --> to(1)
04-18 09:51:37.542  2427  2427 I SurfaceFlinger: destroyed Transition Root: Task=165#11881 form LifecycleManager
04-18 09:51:37.542  2427  2427 I SurfaceFlinger: [LayerHierarchy{RequestedLayerState{ImeContainer#15 parentId=11878 relativeParentId=11885 z=1} 1 children}] RelativeParent to LayerHierarchy{RequestedLayerState{d2e8600 com.samsung.android.dialer/com.samsung.android.dialer.DialtactsActivity#11885 parentId=11878} 2 children}
04-18 09:51:37.542  2427  2427 I SurfaceFlinger: [LayerHierarchy{RequestedLayerState{4c894f9 Splash Screen com.samsung.android.dialer#11879 z=2147483647} 1 children}] reparent to OffscreenRoot
04-18 09:51:37.542  2427  2427 I SurfaceFlinger: [LayerHierarchy{RequestedLayerState{4c894f9 Splash Screen com.samsung.android.dialer#11879 z=2147483647} 1 children}] RelativeParent to null
04-18 09:51:37.542  2427  2427 I SurfaceFlinger: [LayerHierarchy{RequestedLayerState{Splash Screen com.samsung.android.dialer$_5098#11880} no children}] reparent to OffscreenRoot
04-18 09:51:37.542  2427  2427 I SurfaceFlinger: [LayerHierarchy{RequestedLayerState{Splash Screen com.samsung.android.dialer$_5098#11880} no children}] RelativeParent to null
04-18 09:51:37.542  2427  2427 I SurfaceFlinger: id=11881 onLayerDestroyed from LayerHierarchyBuilder(RequestedLayerState{Transition Root: Task=165#11881 !handle z=6})
04-18 09:51:37.543  3518  3668 D SGM:FgCheckThread: getForegroundApp(), foregroundPkgName=com.samsung.android.dialer
04-18 09:51:37.543  3518  7286 E WindowManager: win=Window{32abfe5 u0 com.sec.android.app.launcher/com.sec.android.app.launcher.activities.LauncherActivity} destroySurfaces: appStopped=true cleanupOnResume=false win.mWindowRemovalAllowed=false win.mRemoveOnExit=false win.mViewVisibility=8 caller=com.android.server.wm.ActivityRecord.destroySurfaces:24 com.android.server.wm.ActivityRecord.activityStopped:209 com.android.server.wm.ActivityClientController.activityStopped:102 android.app.IActivityClientController$Stub.onTransact:829 com.android.server.wm.ActivityClientController.onTransact:1 android.os.Binder.execTransactInternal:1514 android.os.Binder.execTransact:1454 
04-18 09:51:37.543  2427  2427 I SurfaceFlinger: id=11881 Destroyed Transition Root: Task=165#11881
04-18 09:51:37.543  3518  3668 D SGM:FgCheckThread: pkgName: com.sec.android.app.launcher is not in foreground
04-18 09:51:37.543  3518  3668 D SGM:FgCheckThread: noteStopComponent(), received pkgName: com.sec.android.app.launcher, focusedPkgName: com.samsung.android.dialer, userId: 0
04-18 09:51:37.543  2427  2427 I SurfaceFlinger: id=11879 Removed 4c894f9 Splash Screen com.samsung.android.dialer#11879 (157)
04-18 09:51:37.543  2427  2427 I SurfaceFlinger: id=11880 Removed Splash Screen com.samsung.android.dialer$_5098#11880 (157)
04-18 09:51:37.543  3518  3668 D LocalDisplayAdapter: updateActiveModeLocked for d=4630947077158959251, mActiveModeId=2, mActiveSfDisplayMode=DisplayMode{id=1, width=1080, height=2340, xDpi=375.78082, yDpi=373.81134, peakRefreshRate=120.00001, vsyncRate=240.00005, appVsyncOffsetNanos=8333111, presentationDeadlineNanos=9333444, supportedHdrTypes=[4, 2, 3], group=1}
04-18 09:51:37.543 22775 22775 I SSS:AssistStructureParser: Found Hint by Parent and sibling flow. Hint = [{postalAddress}] for autofillId = [1073741824@1471525245], ViewId = [1073741824]
04-18 09:51:37.543  3518  3668 I DisplayDeviceRepository: Display device changed render timings: "기본으로 제공되는 화면", renderFrameRate=120.00002, presentationDeadlineNanos=9333443, appVsyncOffsetNanos=8333111, frameRateOverrides=[{uid=10048 frameRateHz=120.00002}, {uid=10129 frameRateHz=120.00002}]
04-18 09:51:37.544  3518  4940 D BackgroundInstallControlService: Package event received: 0
04-18 09:51:37.544  5098  5098 D DisplayLifecycle: updateDisplay id = 0
04-18 09:51:37.545  3518  7409 D WifiDisplayAdapter: isFitToActiveDisplayLocked : false
04-18 09:51:37.545  5098  5206 D StackScroller: onDisplayChanged for predraw skip to 2
04-18 09:51:37.545  3518  3666 W PackageConfigPersister: App-specific configuration not found for packageName: com.samsung.android.dialer and userId: 0
04-18 09:51:37.545  3518  3666 W PackageConfigPersister: App-specific configuration not found for packageName: com.sec.android.app.launcher and userId: 0
04-18 09:51:37.545  3518  3666 W PackageConfigPersister: App-specific configuration not found for packageName: com.termux and userId: 0
04-18 09:51:37.545  3518  3666 W PackageConfigPersister: App-specific configuration not found for packageName: com.sec.android.app.launcher and userId: 0
04-18 09:51:37.545  3518  3666 W PackageConfigPersister: App-specific configuration not found for packageName: com.android.settings and userId: 0
04-18 09:51:37.545  3518  3666 W PackageConfigPersister: App-specific configuration not found for packageName: com.android.vending and userId: 0
04-18 09:51:37.545  3518  3666 D PkgPredictorService-SecIpmManagerServiceImpl: bg information pid:7857 uid:10159 pkgName:com.sec.android.app.launcher
04-18 09:51:37.545  3518  3666 D SGM:GameManager: identifyForegroundApp. com.samsung.android.dialer, mCurrentUserId: 0, callerUserId: 0
04-18 09:51:37.545  3518  3666 D SGM:SemGameManager: isForegroundGame(), ret=false
04-18 09:51:37.545  3518  7286 W PackageConfigPersister: App-specific configuration not found for packageName: com.samsung.android.dialer and userId: 0
04-18 09:51:37.545  3518  3666 D SGM:GameManager: identifyForegroundApp. com.samsung.android.dialer, mCurrentUserId: 0, callerUserId: 0
04-18 09:51:37.545  3518  3666 D SGM:SemGameManager: isForegroundGame(), ret=false
04-18 09:51:37.545  3518  3666 W PackageConfigPersister: App-specific configuration not found for packageName: com.samsung.android.dialer and userId: 0
04-18 09:51:37.545  3518  3666 W PackageConfigPersister: App-specific configuration not found for packageName: com.sec.android.app.launcher and userId: 0
04-18 09:51:37.545  3518  3666 W PackageConfigPersister: App-specific configuration not found for packageName: com.termux and userId: 0
04-18 09:51:37.545  3518  3666 W PackageConfigPersister: App-specific configuration not found for packageName: com.sec.android.app.launcher and userId: 0
04-18 09:51:37.545  3518  3666 W PackageConfigPersister: App-specific configuration not found for packageName: com.android.settings and userId: 0
04-18 09:51:37.545  3518  3666 W PackageConfigPersister: App-specific configuration not found for packageName: com.android.vending and userId: 0
04-18 09:51:37.546  3518  7417 W PackageConfigPersister: App-specific configuration not found for packageName: com.samsung.android.dialer and userId: 0
04-18 09:51:37.546 22775 22775 I SSS:AugmentedAutofillService: AssistStructureParser Hint: [postalAddress]
04-18 09:51:37.546 22775 22775 I SSS:AugmentedAutofillService: onFillRequest hint: {postalAddress}
04-18 09:51:37.546  3518  3518 I WALLPAPER_SVC:SemWallpaperManagerService: isHomeActivityVisible : false 
04-18 09:51:37.546  3518  3518 D WALLPAPER_SVC:WallpaperData: getWallpaperFile: file = /data/system/users/0/wallpaper_orig 
04-18 09:51:37.546  3518  3518 D WALLPAPER_SVC:WallpaperData: getWallpaperFile: file = /data/system/users/0/wallpaper_orig 
04-18 09:51:37.546  3518  3518 D WALLPAPER_SVC:WallpaperManagerService: dispatchHomeVisibilityChanged: visible = false, connection = com.android.server.wallpaper.WallpaperManagerService$WallpaperConnection@c6021f7, systemWallpaper = WallpaperData@b34a19e, id: 21, which: 7, file mod: 0, info: WallpaperInfo{com.samsung.android.wallpaper.live.infinity.InfinityWallpaper, settings: null}, engine(s): Proxy@570dd59, type = 7, userId = 0, uri= null, allowBackup= false, wallpaperComponent = ComponentInfo{com.samsung.android.wallpaper.live/com.samsung.android.wallpaper.live.infinity.InfinityWallpaper} 
04-18 09:51:37.546  7452 30355 I SAMSUNGWALLET: [Hint_ProcessStatusChange] fg Change, pid : 7857 , isNotify : true , isForeground : false , fg list : [14478]
04-18 09:51:37.546  3518  7417 W PackageConfigPersister: App-specific configuration not found for packageName: com.samsung.android.dialer and userId: 0
04-18 09:51:37.546 14399 14407 D PipelineWatcher: onInputBufferReleased: frameIndex not found (49); ignored
04-18 09:51:37.547  3518  7417 W PackageConfigPersister: App-specific configuration not found for packageName: com.samsung.android.dialer and userId: 0
04-18 09:51:37.547  3518  7417 W PackageConfigPersister: App-specific configuration not found for packageName: com.sec.android.app.launcher and userId: 0
04-18 09:51:37.547  3518  7417 W PackageConfigPersister: App-specific configuration not found for packageName: com.termux and userId: 0
04-18 09:51:37.547  3518  7417 W PackageConfigPersister: App-specific configuration not found for packageName: com.sec.android.app.launcher and userId: 0
04-18 09:51:37.547  3518  7417 W PackageConfigPersister: App-specific configuration not found for packageName: com.android.settings and userId: 0
04-18 09:51:37.547  7452  8297 I SAMSUNGWALLET: [Hint_SimpleHintProcessMonitor] isHomePackageRunning topPkgName = com.samsung.android.dialer, topClsName = com.samsung.android.dialer.DialtactsActivity, return false , se : false
04-18 09:51:37.547  7452  7452 I SAMSUNGWALLET: [Hint_IntroHintService] Hint Status - already invisible, skip hide : Home Package Not Running
04-18 09:51:37.548  5827  5910 D PipelineWatcher: onInputBufferReleased: frameIndex not found (4809); ignored
04-18 09:51:37.549  5827  5910 D PipelineWatcher: onInputBufferReleased: frameIndex not found (4810); ignored
04-18 09:51:37.549 14399 14407 D PipelineWatcher: onInputBufferReleased: frameIndex not found (50); ignored
04-18 09:51:37.551  2427  2427 I SurfaceFlinger: destroyed 4c894f9 Splash Screen com.samsung.android.dialer#11879 form LifecycleManager
04-18 09:51:37.551  2427  2427 I SurfaceFlinger: destroyed Splash Screen com.samsung.android.dialer$_5098#11880 form LifecycleManager
04-18 09:51:37.551  2427  2427 I SurfaceFlinger: [LayerHierarchy{RequestedLayerState{com.sec.android.app.launcher/com.sec.android.app.launcher.activities.LauncherActivity$_7857#11853} no children}] reparent to OffscreenRoot
04-18 09:51:37.551  2427  2427 I SurfaceFlinger: [LayerHierarchy{RequestedLayerState{com.sec.android.app.launcher/com.sec.android.app.launcher.activities.LauncherActivity$_7857#11853} no children}] RelativeParent to null
04-18 09:51:37.551  2427  2427 I SurfaceFlinger: id=11879 onLayerDestroyed from LayerHierarchyBuilder(RequestedLayerState{4c894f9 Splash Screen com.samsung.android.dialer#11879 !handle z=2147483647})
04-18 09:51:37.551  2427  2427 I SurfaceFlinger: id=11880 onLayerDestroyed from LayerHierarchyBuilder(RequestedLayerState{Splash Screen com.samsung.android.dialer$_5098#11880 !handle})
04-18 09:51:37.551  5098  5098 I VRI[NavigationBar0]@7f557cf: call setFrameRateCategory category=normal, reason=intermittent, vri=VRI[NavigationBar0]@7f557cf
04-18 09:51:37.551  2427  2427 I SurfaceFlinger: id=11879 Destroyed 4c894f9 Splash Screen com.samsung.android.dialer#11879
04-18 09:51:37.551  2427  2427 I SurfaceFlinger: id=11880 Destroyed Splash Screen com.samsung.android.dialer$_5098#11880
04-18 09:51:37.551  2427  2427 I SurfaceFlinger: id=11853 Removed com.sec.android.app.launcher/com.sec.android.app.launcher.activities.LauncherActivity$_7857#11853 (155)
04-18 09:51:37.559  2427  2427 I SurfaceFlinger: [NavigationBar0$_5098#88] setFrameRateCategory: Normal
04-18 09:51:37.559  2427  2427 I SurfaceFlinger: destroyed com.sec.android.app.launcher/com.sec.android.app.launcher.activities.LauncherActivity$_7857#11853 form LifecycleManager
04-18 09:51:37.559  2427  2427 I SurfaceFlinger: id=11853 onLayerDestroyed from LayerHierarchyBuilder(RequestedLayerState{com.sec.android.app.launcher/com.sec.android.app.launcher.activities.LauncherActivity$_7857#11853 !handle})
04-18 09:51:37.560  2427  2427 I SurfaceFlinger: id=11853 Destroyed com.sec.android.app.launcher/com.sec.android.app.launcher.activities.LauncherActivity$_7857#11853
04-18 09:51:37.560  3518  3668 D LocalDisplayAdapter: updateActiveModeLocked for d=4630947077158959251, mActiveModeId=2, mActiveSfDisplayMode=DisplayMode{id=1, width=1080, height=2340, xDpi=375.78082, yDpi=373.81134, peakRefreshRate=120.00001, vsyncRate=240.00005, appVsyncOffsetNanos=8333111, presentationDeadlineNanos=9333444, supportedHdrTypes=[4, 2, 3], group=1}
04-18 09:51:37.561  3518  3668 I DisplayDeviceRepository: Display device changed render timings: "기본으로 제공되는 화면", renderFrameRate=120.00002, presentationDeadlineNanos=9333443, appVsyncOffsetNanos=8333111, frameRateOverrides=[{uid=10048 frameRateHz=60.00001}, {uid=10129 frameRateHz=120.00002}]
04-18 09:51:37.562  5098  5098 D DisplayLifecycle: updateDisplay id = 0
04-18 09:51:37.562  3518  7417 D WifiDisplayAdapter: isFitToActiveDisplayLocked : false
04-18 09:51:37.562  5098  5206 D StackScroller: onDisplayChanged for predraw skip to 2
04-18 09:51:37.564 14399 14407 D PipelineWatcher: onInputBufferReleased: frameIndex not found (51); ignored
04-18 09:51:37.565 14399 14407 D PipelineWatcher: onInputBufferReleased: frameIndex not found (52); ignored
04-18 09:51:37.565  5827  5910 D PipelineWatcher: onInputBufferReleased: frameIndex not found (4811); ignored
04-18 09:51:37.566  5827  5910 D PipelineWatcher: onInputBufferReleased: frameIndex not found (4812); ignored
04-18 09:51:37.578  2331 14529 I HYPER-HAL: [RequestManager.cpp]releaseLocked(): Released ID : 104813481
04-18 09:51:37.631  2355  2632 I SDM     : DisplayBase::CommitThread: Received Idle Timeout, panel: video, timeout: 70000 us
04-18 09:51:37.644  2288  5848 D vendor.qti.bluetooth@1.0-wake_lock: Release wakelock is released 
04-18 09:51:37.648  2331  2430 I HYPER-HAL: [RequestManager.cpp]acquire(): Acquired ID : 24908877 [2333 / 4724]  HINT :     list : [UCLAMP_MIN_BOOST / 0] [TIMEOUT / 350] [TID / 14559] [TID / 14560] [TID / 14478] [TID / 14519] 
04-18 09:51:37.663  2331 14573 E PERFHAL-CLIENT: PERFHAL-CLIENT: perf_lock_acq() 164: opcode=1077936128 isMvOpcode=0
04-18 09:51:37.663  2331 14573 E PERFHAL-CLIENT: PERFHAL-CLIENT: perf_lock_acq() 164: opcode=1090519552 isMvOpcode=0
04-18 09:51:37.663  2331 14573 E PERFHAL-CLIENT: PERFHAL-CLIENT: perf_lock_acq() 164: opcode=1090519040 isMvOpcode=0
04-18 09:51:37.663  2331 14573 I HYPER-HAL: [RequestManager.cpp]releaseLocked(): Released ID : 6249897
04-18 09:51:37.665  3518  7417 W PackageConfigPersister: App-specific configuration not found for packageName: com.samsung.android.dialer and userId: 0
04-18 09:51:37.670  3518  4964 I SemWifiServiceDetector: NSD results: [0, 0, 1, 0, 1, 0, 2, 1, 0] Traff. type 1 Thr 78
04-18 09:51:37.673  5827  5910 D PipelineWatcher: onInputBufferReleased: frameIndex not found (4813); ignored
04-18 09:51:37.675  3518  4888 W PackageConfigPersister: App-specific configuration not found for packageName: com.samsung.android.dialer and userId: 0
04-18 09:51:37.675  3518  4888 W PackageConfigPersister: App-specific configuration not found for packageName: com.samsung.android.dialer and userId: 0
04-18 09:51:37.676  3518  4888 D MdnieScenarioControlService:  packageName : com.samsung.android.dialer    className : com.samsung.android.dialer.DialtactsActivity
04-18 09:51:37.676  3518  4888 V MdnieScenarioControlService: setUIMode from UI function(3)
04-18 09:51:37.755 14478 14478 I RCS-ImsCommonModel: [D] setNetworkValue needToUiUpdate : true
04-18 09:51:37.755 14478 14478 I CscFeatureUtil: [D] getOpStyleVariation mOpStyleVariation (DSA)
04-18 09:51:37.755 14478 14478 I RCS-ImsCommonModel: [D] refreshNetworkCache ServiceCarrier : XAA, opStyle : DSA, needToUiUpdate : true
04-18 09:51:37.756  5390  6754 I ImsServiceStub<0>: isServiceAvailable: mmtel-video, rat: -1, profileFind:false, Enabled:true
04-18 09:51:37.757  5390  6754 I ImsServiceStub<0>: isServiceAvailable: presence, rat: -1, profileFind:false, Enabled:true
04-18 09:51:37.757  5390  6754 I ImsServiceStub<0>: isServiceAvailable: options, rat: -1, profileFind:false, Enabled:true
04-18 09:51:37.757  5390  6754 I ImsServiceStub<0>: isServiceAvailable: im, rat: -1, profileFind:false, Enabled:true
04-18 09:51:37.758  5390  6754 I ImsServiceStub<0>: isServiceAvailable: im, rat: -1, profileFind:false, Enabled:true
04-18 09:51:37.758  5390  6754 I ImsServiceStub<0>: isServiceAvailable: ft, rat: -1, profileFind:false, Enabled:true
04-18 09:51:37.759  5390  6754 I ImsServiceStub<0>: isServiceAvailable: slm, rat: -1, profileFind:false, Enabled:true
04-18 09:51:37.759  5390  6754 I ImsServiceStub<0>: isServiceAvailable: ft_http, rat: -1, profileFind:false, Enabled:true
04-18 09:51:37.764 14478 14478 I RCS-ImsCommonModel: [D] isLvcAvailable : false, isEabAvailable : false, isImAvailable : false, isRcsMsgAvailable : false, isLvcDmEnabled : true
04-18 09:51:37.764 14478 14478 I RCS-ImsCommonModel: [D] refresh additional network cache
04-18 09:51:37.764 14478 14478 I RCS-ImsCommonModel: [D] Sim1 voLTE registration : false, network type : UNKNOWN
04-18 09:51:37.764 14478 14478 I TelephonyDataSource: [D] isMultiSimModel multiSimConfig : dsds
04-18 09:51:37.764 14478 14478 I SimModel: [D] isMultiSimModel : true
04-18 09:51:37.764 14478 14478 I SimModel: [D] countInsertedSim : 0, isVirtualSims : [false, false]
04-18 09:51:37.764 14478 14478 I SimModel: [D] isMultiSimInserted : false
04-18 09:51:37.764 14478 14478 I SimModel: [D] No Multi Sim isPreferredSimAlwaysAsk false
04-18 09:51:37.764 14478 14478 I TelephonyDataSource: [D] getDefaultVoiceSubscriptionId : -1
04-18 09:51:37.764 14478 14478 I SimModel: [D] preferredVoiceCall slotId : 0
04-18 09:51:37.765 14478 14478 I TelephonyDataSource: [D] getSimOperatorMccMnc(0) : null
04-18 09:51:37.765 14478 14478 I SimModel: [D] isEEO2Operator : No mccmnc code
04-18 09:51:37.765 14478 14478 I RCS-ImsCommonModel: [D] no ims registration
04-18 09:51:37.765 14478 14478 I RCS-ImsCommonModel: [D] isEpdgOrWifi : false
04-18 09:51:37.765 14478 14478 I RCS-ImsCommonModel: [D] getImsRegistered : false
04-18 09:51:37.765 14478 14478 I RCS-ImsCommonModel: [D] getRcsRegistered : false
04-18 09:51:37.765  5390  6754 I RegiMgr<0>: getImsProfile: profile [RCS]
04-18 09:51:37.765  5390  6754 E RegiMgr<0>: getImsProfile: found [null] for [RCS]
04-18 09:51:37.765 14478 14478 I RCS-ImsCommonModel: [D] (mIsSim1VoLteAvailable : false), (mIsSim1VoNrAvailable : false), (mIsImsRegistered : false), (mIsSim1VoWiFiEnabled : false), (mRcsSim1Registered :false), (mIsSim1RcsUpSupported :false), [[[refreshUi]]] end : false
04-18 09:51:37.765 14478 14478 I RCS-ImsUiManager: [D] onImsNetworkValueChanged
04-18 09:51:37.765 14478 14478 I RCS-ImsCommonModel: [D] mImsSim1ServiceFeatureSet is ready : mSim1ImsInitialized
04-18 09:51:37.765 14478 14478 I RCS-ImsCommonMultiSimModel: [D] setNetworkValue needToUiUpdate : true
04-18 09:51:37.765 14478 14478 I TelephonyDataSource: [D] isSimInserted(1) : false
04-18 09:51:37.765 14478 14478 I RCS-ImsCommonMultiSimModel: [D] Sim2 is not inserted
04-18 09:51:37.772  5827  5910 D PipelineWatcher: onInputBufferReleased: frameIndex not found (4814); ignored
04-18 09:51:37.776  3518  4888 D DisplayAiqeManager: getContentMode : start
04-18 09:51:37.776  3518  4888 D DisplayAiqeManagerService: getContentMode : start
04-18 09:51:37.776  3518  4888 D DisplayAiqeHalImpl: getContentMode : UI
04-18 09:51:37.776  3518  4888 D DisplayAiqeManagerService: getContentMode : mode - UI
04-18 09:51:37.776  3518  4888 D DisplayAiqeManager: getContentMode : mode - UI
04-18 09:51:37.776  3518  4888 V MdnieScenarioControlService: mAclOffEnabled : false
04-18 09:51:37.795  3518  4940 D BackgroundInstallControlService: Package event received: 0
04-18 09:51:37.795  3518  4940 D BackgroundInstallControlService: Package event received: 0
04-18 09:51:37.795  3518  4940 D BackgroundInstallControlService: Package event received: 0
04-18 09:51:37.796  2416  2509 V APM_AudioPolicyManager: setAppState(portId:187, state:2)
04-18 09:51:37.796  2416  2509 V APM_AudioPolicyManager: setAppState(portId:187, state:2)
04-18 09:51:37.796  2416  2509 V APM_AudioPolicyManager: setAppState(portId:187, state:2)
04-18 09:51:37.797 29244 29276 I FontLog : (REDACTED) Received query %s, URI %s
04-18 09:51:37.797 29244 29276 I FontLog : (REDACTED) Query [%s] resolved to %s
04-18 09:51:37.798 14478 14478 I DialpadInputFieldViewManager: [D] addPrimaryClipChangedListener
04-18 09:51:37.798 14478 14478 I DialpadInputFieldViewManager: [D] checkClipboardData
04-18 09:51:37.798 14478 14478 I DialpadInputFieldViewManager: [D] has no primary clipdata
04-18 09:51:37.798 29244 29276 I FontLog : (REDACTED) Fetch %s end status %s
04-18 09:51:37.799 29244 29293 I FontLog : (REDACTED) Pulling font file for id = %d, cache size = %d
04-18 09:51:37.801 29244 29293 I FontLog : (REDACTED) Pulling font file for id = %d, cache size = %d
04-18 09:51:37.825  2331 14461 I HYPER-HAL: [RequestManager.cpp]releaseLocked(): Released ID : 6295956
04-18 09:51:37.862  3518  4949 W PackageConfigPersister: App-specific configuration not found for packageName: com.samsung.android.dialer and userId: 0
04-18 09:51:37.876  5827  5910 D PipelineWatcher: onInputBufferReleased: frameIndex not found (4815); ignored
04-18 09:51:37.884 17536 17536 I InputMethodService: removeImeSurface
04-18 09:51:37.884 17536 17536 I InputMethodService: cancelImeSurfaceRemoval: removeCallbacks
04-18 09:51:37.919  5827  5866 D AidlBufferPool: bufferpool2 0xb4000070cac0ed28 : 5(19200 size) total buffers - 4(15360 size) used buffers - 227063/227068 (recycle/alloc) - 9/454127 (fetch/transfer)
04-18 09:51:37.923  3518  8250 D SemWifiUsabilityStatsMonitor: onWifiUsabilityStats - seqNum 389891, isSameBssidAndFreq true
04-18 09:51:37.924  3518  4966 I SemWifiLinkQualityMonitor: Link stat: 1501 / 114 / 1.00 (337) / 573 / -52.0 || 100.0 : 573.00 / 0.5 : 1.00 / 0.55 : 0.08 / G (G) || 5ab531545660: 0.092 / 87.071 / N / V || N V / 0 0 / Y 2.0 / Y -1 0.000 0.000 / Y / X 0 / 1307781106 0 0 || Invalid
04-18 09:51:37.925  3518  4986 W PackageConfigPersister: App-specific configuration not found for packageName: com.samsung.android.dialer and userId: 0
04-18 09:51:37.925  3518  4986 D SGM:GameManager: identifyGamePackage. com.samsung.android.dialer, mCurrentUserId: 0, callingMethodInfo: com.samsung.android.game.SemGameManager.isGamePackage(SemGameManager.java:106)
04-18 09:51:37.925  3518  4968 I SemInsManager: 5ab531545 | X,0,0,0,0,0,600,600,null,N,Y,Y,0 | X, X, X | X,X,X,X,X
04-18 09:51:37.925  3518  4986 D SGM:SemGameManager: isGamePackage(), pkgName=com.samsung.android.dialer, ret=false
04-18 09:51:37.977  5827  5910 D PipelineWatcher: onInputBufferReleased: frameIndex not found (4816); ignored
04-18 09:51:37.999  2331 14564 I HYPER-HAL: [RequestManager.cpp]releaseLocked(): Released ID : 24908877
04-18 09:51:38.024  2818  5872 D AidlBufferPool: bufferpool2 0xb400006e70810768 : 3(7500 size) total buffers - 1(3000 size) used buffers - 227067/227070 (recycle/alloc) - 26/227068 (fetch/transfer)
04-18 09:51:38.078  5827  5910 D PipelineWatcher: onInputBufferReleased: frameIndex not found (4817); ignored
04-18 09:51:38.166  3518  7417 W PackageConfigPersister: App-specific configuration not found for packageName: com.samsung.android.dialer and userId: 0
04-18 09:51:38.167  3518  4964 I SemWifiServiceDetector: NSD results: [1, 1, 1, 0, 1, 1, 2, 1, 0] Traff. type 1 Thr 0
04-18 09:51:38.177  5827  5910 D PipelineWatcher: onInputBufferReleased: frameIndex not found (4818); ignored
04-18 09:51:38.189  3518  7409 W PackageConfigPersister: App-specific configuration not found for packageName: com.samsung.android.dialer and userId: 0
04-18 09:51:38.250  5282  5333 I Tethering: [OffloadHalAidlImpl] getForwardedStats(wlan0)
04-18 09:51:38.254  3518  7409 I Telecom : SamsungTelecomServiceImpl : getUserSelectedOutgoingPhoneAccount - callingPackage : com.samsung.android.dialer / callingUser : UserHandle{0}
04-18 09:51:38.255 14478 14478 I TelephonyDataSource: [D] isMultiSimModel multiSimConfig : dsds
04-18 09:51:38.255 14478 14478 I SimModel: [D] isMultiSimModel : true
04-18 09:51:38.255 14478 14478 I SimModel: [D] countInsertedSim : 0, isVirtualSims : [false, false]
04-18 09:51:38.255 14478 14478 I SimModel: [D] isMultiSimInserted : false
04-18 09:51:38.255 14478 14478 I SimModel: [D] No Multi Sim isPreferredSimAlwaysAsk false
04-18 09:51:38.255 14478 14478 I CmcSettingManager: cmc activation : 0
04-18 09:51:38.255 14478 14478 I TelephonyDataSource: [D] getDefaultVoiceSubscriptionId : -1
04-18 09:51:38.255 14478 14478 I TelephonyDataSource: [D] getSlotId(-1) : -1
04-18 09:51:38.255 14478 14478 I SimModel: [D] preferredVoiceSimSlot slotId : 0, subId :-1
04-18 09:51:38.255 14478 14478 I RCS-ImsUiManager: [D] refresh sim1ImsOpStyle : XAA , sim2ImsOpStyle : XAA isSupportDuoVideoCall : true preferredSimSlot : 0
04-18 09:51:38.255 14478 14478 I RCS-ImsUiVideoCallAlwaysDisabled: [D] It's VTDISABLE model. isVtCallEnabled always false
04-18 09:51:38.255 14478 14478 I RCS-ImsUiVideoCallCommon: [D] Sim slot ID : 0, VtCallState : 1
04-18 09:51:38.255 14478 14478 I RCS-ImsUiVideoCallAlwaysDisabled: [D] It's VTDISABLE model. isVtCallEnabled always false
04-18 09:51:38.255 14478 14478 I RCS-ImsUiVideoCallCommon: [D] Sim slot ID : 1, VtCallState : 1
04-18 09:51:38.255 14478 14478 I RCS-ImsUiManager: [D] updateUi : 101
04-18 09:51:38.255 14478 14478 I RCS-ImsUiManager: [D] updateImsDefaultConfig(0) : vt_call_enabled
04-18 09:51:38.256  5390  6754 I ImsServiceStub<0>: isServiceAvailable: mmtel-video, rat: -1, profileFind:false, Enabled:true
04-18 09:51:38.256 14478 14478 I RCS-ImsCommonMultiSimModel: [D] isVideoCallEnabled(0) : false
04-18 09:51:38.274  5827  5910 D PipelineWatcher: onInputBufferReleased: frameIndex not found (4819); ignored
04-18 09:51:38.301  5098  5098 I VRI[NavigationBar0]@7f557cf: call setFrameRateCategory category=no preference, reason=idle timeout, vri=VRI[NavigationBar0]@7f557cf
04-18 09:51:38.309  2427  2427 I SurfaceFlinger: [NavigationBar0$_5098#88] setFrameRateCategory: NoPreference
04-18 09:51:38.310  3518  3668 D LocalDisplayAdapter: updateActiveModeLocked for d=4630947077158959251, mActiveModeId=2, mActiveSfDisplayMode=DisplayMode{id=1, width=1080, height=2340, xDpi=375.78082, yDpi=373.81134, peakRefreshRate=120.00001, vsyncRate=240.00005, appVsyncOffsetNanos=8333111, presentationDeadlineNanos=9333444, supportedHdrTypes=[4, 2, 3], group=1}
04-18 09:51:38.311  3518  3668 I DisplayDeviceRepository: Display device changed render timings: "기본으로 제공되는 화면", renderFrameRate=120.00002, presentationDeadlineNanos=9333443, appVsyncOffsetNanos=8333111, frameRateOverrides=[{uid=10129 frameRateHz=120.00002}]
04-18 09:51:38.311  5098  5206 D StackScroller: onDisplayChanged for predraw skip to 2
04-18 09:51:38.312  5098  5098 D DisplayLifecycle: updateDisplay id = 0
04-18 09:51:38.312  3518  7409 D WifiDisplayAdapter: isFitToActiveDisplayLocked : false
04-18 09:51:38.358  2375  3596 I thermal_core: pivot(AP) : 316, skin : 307
04-18 09:51:38.359  2375  3596 I vendor.samsung.hardware.thermal-service: index = 2.400000
04-18 09:51:38.359  2375  3596 I vendor.samsung.hardware.thermal-service: 6 / 10
04-18 09:51:38.361  3518  4949 W PackageConfigPersister: App-specific configuration not found for packageName: com.samsung.android.dialer and userId: 0
04-18 09:51:38.379  5827  5910 D PipelineWatcher: onInputBufferReleased: frameIndex not found (4820); ignored
04-18 09:51:38.478  5827  5910 D PipelineWatcher: onInputBufferReleased: frameIndex not found (4821); ignored
04-18 09:51:38.529 29794 29794 I SprWallpaper|InfinityWallpaper: handleMessage: what[102]
04-18 09:51:38.530  3518  7409 D PowerManagerService: [api] isDozeAfterScreenOff  (uid: 10151 pid: 29794)
04-18 09:51:38.530 29794 29794 I SprWallpaper|infinity_Choreographer: startMotion : type 2 mCurrentMotion 2mCurrentDirection DIRECTION_NONE
04-18 09:51:38.530 29794 29794 I SprWallpaper|infinity_Choreographer: same motion
04-18 09:51:38.579  5827  5910 D PipelineWatcher: onInputBufferReleased: frameIndex not found (4822); ignored
04-18 09:51:38.627  2331 14462 I HYPER-HAL: [RequestManager.cpp]releaseLocked(): Released ID : 23259631
04-18 09:51:38.667  3518  7417 W PackageConfigPersister: App-specific configuration not found for packageName: com.samsung.android.dialer and userId: 0
04-18 09:51:38.862  3518  4949 W PackageConfigPersister: App-specific configuration not found for packageName: com.samsung.android.dialer and userId: 0
04-18 09:51:38.948  2321  5055 I sensors-hal: handle_sns_client_event:193, auto_rotation_debug_2 mode,255, type,1,0 acc,0.062,8.212,5.365, ar,255, ver,15, pedo,1,e,1,i,3
04-18 09:51:39.049  2321 13351 I sensors-hal: handle_sns_std_sensor_event:401, [SSC_LIGHT] P: 499(499),c:0,b:98,m:0xd,cl:0,l:499,s:473,l0:6868,l1:348,s0:6500,s1:250,acl:1,opr:0.02,f(r):100,u(bl):100,if:100,sm:18,si:12,ps:473(N:64)
04-18 09:51:39.097  3518  4874 D InetDiagMessage: Destroyed 0 sockets, proto=IPPROTO_TCP, family=AF_INET, states=14
04-18 09:51:39.098  3518  4874 D InetDiagMessage: Destroyed 0 sockets, proto=IPPROTO_TCP, family=AF_INET6, states=14
04-18 09:51:39.098  3518  4874 D InetDiagMessage: Destroyed live tcp sockets for uids={10126} in 3ms
04-18 09:51:39.100  3518  4874 D InetDiagMessage: Destroyed 0 sockets, proto=IPPROTO_TCP, family=AF_INET, states=14
04-18 09:51:39.101  3518  4874 D InetDiagMessage: Destroyed 0 sockets, proto=IPPROTO_TCP, family=AF_INET6, states=14
04-18 09:51:39.101  3518  4874 D InetDiagMessage: Destroyed live tcp sockets for uids={20126} in 3ms
04-18 09:51:39.102  2361  3090 D AidlBufferPool: bufferpool2 0xb40000742de05798 : 0(0 size) total buffers - 0(0 size) used buffers - 0/0 (recycle/alloc) - 0/0 (fetch/transfer)
04-18 09:51:39.102  2361  3090 D AidlBufferPoolAcc: evictor expired: 1, evicted: 1
04-18 09:51:39.115  2288  7744 I vendor.qti.bluetooth@1.0-ibs_handler: ProcessIbsCmd: Received IBS_WAKE_IND: 0xFD
04-18 09:51:39.115  2288  7744 D vendor.qti.bluetooth@1.0-ibs_handler: SerialClockVote: vote for UART CLK ON
04-18 09:51:39.115  2288  7744 D vendor.qti.bluetooth@1.0-wake_lock: Acquire wakelock is acquired 
04-18 09:51:39.115  2288  7744 I vendor.qti.bluetooth@1.0-ibs_handler: ProcessIbsCmd: Writing IBS_WAKE_ACK
04-18 09:51:39.123  5338  7794 I ScanController: onScanResult to scannerId: 3- eventType=0x1b, addressType=1, address=XX:XX:XX:XX:D9:2F, primaryPhy=1, secondaryPhy=0, advertisingSid=0xff, txPower=127, rssi=-52, periodicAdvInt=0x0
04-18 09:51:39.133  2331 14467 I HYPER-HAL: [RequestManager.cpp]releaseLocked(): Released ID : 5874878
04-18 09:51:39.144 14399 14409 I MediaCodec: setCodecState state(0), called in 6, domain 1, 0
04-18 09:51:39.145  6799  6957 I SemMediaResourceHelper: onState
04-18 09:51:39.163  5338  7794 I ScanController: onScanResult to scannerId: 8- eventType=0x10, addressType=1, address=XX:XX:XX:XX:59:51, primaryPhy=1, secondaryPhy=0, advertisingSid=0xff, txPower=127, rssi=-81, periodicAdvInt=0x0
04-18 09:51:39.168  3518  7409 W PackageConfigPersister: App-specific configuration not found for packageName: com.samsung.android.dialer and userId: 0
04-18 09:51:39.169  3518  4964 I SemWifiServiceDetector: NSD results: [0, 1, 2, 0, 0, 1, 2, 1, 0] Traff. type 1 Thr 0
04-18 09:51:39.170  3518  4964 I SemTwtInfo: NRTA/CG 1 0
04-18 09:51:39.170  3518  4974 D SemWifiOptimizer: enable=0 state=0x10 prev=0x10 new=0x00 force=0 mode=0
04-18 09:51:39.171 26587 26587 I wpa_sslib: wake_dur 0 wake_intvl_mantis 0 wake_time_tsf 0x0
04-18 09:51:39.183 26587 26587 I wpa_sslib: oem_data_cmd=33
04-18 09:51:39.189 26587 26587 I wpa_sslib: OEM DATA RESPONSE RECEIVED
04-18 09:51:39.196  2333  2333 I SS_POWER_HINT_SESSION: SS_ADPF 7452-10337-a50 destroy
04-18 09:51:39.196  2331  2430 I HYPER-HAL: [RequestManager.cpp]acquire(): Acquired ID : 24774946 [2333 / 4705]  HINT :     list : [TID_LOW_LATENCY / 0] [TID / 8406] [TID / 8407] [TID / 7452] [TID / 8413] 
04-18 09:51:39.196  2331  2430 I HYPER-HAL: [RequestManager.cpp]releaseLocked(): Released ID : 24774946
04-18 09:51:39.196  2331  2430 I HYPER-HAL: [RequestManager.cpp]acquire(): Acquired ID : 24781986 [2333 / 4706]  HINT :     list : [UCLAMP_MIN_BOOST / 0] [TIMEOUT / 0] [TID / 8406] [TID / 8407] [TID / 7452] [TID / 8413] 
04-18 09:51:39.197  2331  2430 I HYPER-HAL: [RequestManager.cpp]releaseLocked(): Released ID : 24781986
04-18 09:51:39.202  2288  7744 I vendor.qti.bluetooth@1.0-ibs_handler: ProcessIbsCmd: Received IBS_SLEEP_IND: 0xFE
04-18 09:51:39.202  2288  7744 D vendor.qti.bluetooth@1.0-ibs_handler: SerialClockVote: vote for UART CLK OFF
04-18 09:51:39.228 14478 14597 I Dialer-DiagMonLog: [D] Dialer Diagmon setUp
04-18 09:51:39.228 14478 14597 I DIAGMON_SDK[605068]: DiagMonAgent type: 2
04-18 09:51:39.228 14478 14597 I DIAGMON_SDK[605068][ph91251zlh] : generated SR object
04-18 09:51:39.233  6731 10779 I DMASA[D][ph91251zlh]: [DiagmonProvider]Received msg based on provider : request_deviceid / request_deviceid
04-18 09:51:39.234  6731 10779 I DMASA[D][ph91251zlh]: [DiagmonProvider]Signature Check Success
04-18 09:51:39.234  6731 10779 I DMASA[D][ph91251zlh]: [DiagmonProvider]Action : Request deviceID
04-18 09:51:39.234  6731 10779 W DMASA[D][ph91251zlh]: [DiagmonProvider]DeviceId failed : user binary or info null
04-18 09:51:39.235 14478 14550 I DIAGMON_SDK[605068][ph91251zlh] : Agreement value: D
04-18 09:51:39.235 14478 14550 I DIAGMON_SDK[605068][ph91251zlh] : Request Service Registration
04-18 09:51:39.235  6731 10779 I DMASA[D][ph91251zlh]: [DiagmonProvider]Received msg based on provider : registration / register_service
04-18 09:51:39.235  6731 10779 I DMASA[D][ph91251zlh]: [DiagmonProvider]Signature Check Success
04-18 09:51:39.235  6731 10779 I DMASA[D][ph91251zlh]: [DiagmonProvider]Action : Register service
04-18 09:51:39.236  6731 10779 I DMASA[D][ph91251zlh]: [b]Service Agree: false
04-18 09:51:39.236  6731 10779 I DMASA[D]: [b][ph91251zlh] Failed : Service Agree: false
04-18 09:51:39.236 14478 14550 I DIAGMON_SDK[605068][ph91251zlh] : Results : Failed, Cause : Service Agree: false
04-18 09:51:39.255 14478 14478 I RCS-ImsUiManager: [D] refreshImsUi mImsUiListener : J8.a@3d4f86f
04-18 09:51:39.255 14478 14478 I RCS-DialtactsActivity: [D] mImsUiListener - refresh Ims Ui : 101
04-18 09:51:39.255 14478 14478 I RCS-DialpadPresenter: [D] mImsUiListener - refresh Ims Ui : 101
04-18 09:51:39.255 14478 14478 I TelephonyDataSource: [D] isMultiSimModel multiSimConfig : dsds
04-18 09:51:39.255 14478 14478 I SimModel: [D] isMultiSimModel : true
04-18 09:51:39.255 14478 14478 I SimModel: [D] countInsertedSim : 0, isVirtualSims : [false, false]
04-18 09:51:39.255 14478 14478 I SimModel: [D] isMultiSimInserted : false
04-18 09:51:39.255 14478 14478 I SimModel: [D] No Multi Sim isPreferredSimAlwaysAsk false
04-18 09:51:39.255 14478 14478 W RCS-CallPlusWithSimModel: [D] callComposerAppAvailable : false
04-18 09:51:39.255 14478 14478 I TelephonyDataSource: [D] isMultiSimModel multiSimConfig : dsds
04-18 09:51:39.256 14478 14478 I SimModel: [D] isMultiSimModel : true
04-18 09:51:39.256 14478 14478 I SimModel: [D] countInsertedSim : 0, isVirtualSims : [false, false]
04-18 09:51:39.256 14478 14478 I SimModel: [D] isMultiSimInserted : false
04-18 09:51:39.256 14478 14478 I SimModel: [D] No Multi Sim isPreferredSimAlwaysAsk false
04-18 09:51:39.256 14478 14478 I DialPadSearchImpl: [D] mSearchItemList : 0, hasFirstSearchItem : false
04-18 09:51:39.256 14478 14478 I DialpadButtonImpl: [D] initButtonView
04-18 09:51:39.256 14478 14478 I TelephonyDataSource: [D] isMultiSimModel multiSimConfig : dsds
04-18 09:51:39.256 14478 14478 I SimModel: [D] isMultiSimModel : true
04-18 09:51:39.256 14478 14478 I SimModel: [D] countInsertedSim : 0, isVirtualSims : [false, false]
04-18 09:51:39.256 14478 14478 I SimModel: [D] isMultiSimInserted : false
04-18 09:51:39.256 14478 14478 I CarrierFeatureDataSource: [D] isSupportRTT(0): true
04-18 09:51:39.256 14478 14478 I CscFeatureUtil: [D] getOpStyleVariation mOpStyleVariation (DSA)
04-18 09:51:39.256 14478 14478 I RttModel: [D] isRttCallAlwaysVisibleEnabled : false
04-18 09:51:39.256 14478 14478 I CarrierFeatureDataSource: [D] isSupportRTT(1): true
04-18 09:51:39.256 14478 14478 I CscFeatureUtil: [D] getOpStyleVariation mOpStyleVariation (DSA)
04-18 09:51:39.256 14478 14478 I RttModel: [D] isRttCallAlwaysVisibleEnabled : false
04-18 09:51:39.256 14478 14478 I TelephonyDataSource: [D] isMultiSimModel multiSimConfig : dsds
04-18 09:51:39.256 14478 14478 I SimModel: [D] isMultiSimModel : true
04-18 09:51:39.257 14478 14478 I SimModel: [D] countInsertedSim : 0, isVirtualSims : [false, false]
04-18 09:51:39.257 14478 14478 I SimModel: [D] isMultiSimInserted : false
04-18 09:51:39.257 14478 14478 I SimModel: [D] No Multi Sim isPreferredSimAlwaysAsk false
04-18 09:51:39.257 14478 14478 I TelephonyDataSource: [D] getDefaultVoiceSubscriptionId : -1
04-18 09:51:39.257 14478 14478 I TelephonyDataSource: [D] getSlotId(-1) : -1
04-18 09:51:39.257 14478 14478 I RCS-ImsCommonModel: [D] isSimMobility : false
04-18 09:51:39.257 14478 14478 I RCS-ImsCommonMultiSimModel: [D] isSimMobility(0) : false
04-18 09:51:39.258  5390  6754 I ImsServiceStub<0>: isServiceAvailable: mmtel-video, rat: -1, profileFind:false, Enabled:true
04-18 09:51:39.258 14478 14478 I RCS-ImsCommonMultiSimModel: [D] isVideoCallEnabled(0) : false
04-18 09:51:39.258 14478 14478 I RCS-ImsUiVideoCallCommon: [D] isDialerVideoButtonAvailable(0) : false
04-18 09:51:39.258 14478 14478 I DialpadButtonHelperUSA: [D] isVideoCallAvailable : false
04-18 09:51:39.258 14478 14478 I RCS-ImsUiManager: [D] getDialerVideoCallIcon slotId : -1
04-18 09:51:39.258 14478 14478 I TelephonyDataSource: [D] getDefaultVoiceSubscriptionId : -1
04-18 09:51:39.258 14478 14478 I TelephonyDataSource: [D] getSlotId(-1) : -1
04-18 09:51:39.258 14478 14478 I TelephonyDataSource: [D] isMultiSimModel multiSimConfig : dsds
04-18 09:51:39.258 14478 14478 I SimModel: [D] isMultiSimModel : true
04-18 09:51:39.258 14478 14478 I SimModel: [D] countInsertedSim : 0, isVirtualSims : [false, false]
04-18 09:51:39.258 14478 14478 I SimModel: [D] isMultiSimInserted : false
04-18 09:51:39.258 14478 14478 I SimModel: [D] No Multi Sim isPreferredSimAlwaysAsk false
04-18 09:51:39.258 14478 14478 I RCS-ImsCommonModel: [D] isSimMobility : false
04-18 09:51:39.258 14478 14478 I RCS-ImsCommonMultiSimModel: [D] isSimMobility(0) : false
04-18 09:51:39.258 14478 14478 I RCS-ImsUiVideoCallCommon: [D] isVtCallEnabled(0)
04-18 09:51:39.258 14478 14478 I RCS-ImsUiVideoCallCommon: [D] isVtCallEnabled(SIM1) NOT_SUPPORT
04-18 09:51:39.258 14478 14478 I OpenCommunicationModel: [D] getVideoCallType() isViLteEnabled : false, videoMethod : 
04-18 09:51:39.258 14478 14478 I RCS-DuoUiVideoCall: [D] getDialerDuoIcon type : 4
04-18 09:51:39.260 14478 14478 I CarrierFeatureDataSource: [D] isSupportRTT(0): true
04-18 09:51:39.260 14478 14478 I CscFeatureUtil: [D] getOpStyleVariation mOpStyleVariation (DSA)
04-18 09:51:39.260 14478 14478 I RttModel: [D] isRttCallAlwaysVisibleEnabled : false
04-18 09:51:39.260 14478 14478 I CarrierFeatureDataSource: [D] isSupportRTT(1): true
04-18 09:51:39.260 14478 14478 I CscFeatureUtil: [D] getOpStyleVariation mOpStyleVariation (DSA)
04-18 09:51:39.260 14478 14478 I RttModel: [D] isRttCallAlwaysVisibleEnabled : false
04-18 09:51:39.260 14478 14478 I TelephonyDataSource: [D] getDefaultVoiceSubscriptionId : -1
04-18 09:51:39.260 14478 14478 I TelephonyDataSource: [D] getSlotId(-1) : -1
04-18 09:51:39.260 14478 14478 I RCS-ImsUiCallCommon: [D] getDialerVoiceCallIcon forceSetVoWifi false, slotId 0, accountHandle : -1
04-18 09:51:39.260 14478 14478 I TelephonyDataSource: [D] isMultiSimModel multiSimConfig : dsds
04-18 09:51:39.260 14478 14478 I SimModel: [D] isMultiSimModel : true
04-18 09:51:39.260 14478 14478 I SimModel: [D] countInsertedSim : 0, isVirtualSims : [false, false]
04-18 09:51:39.260 14478 14478 I SimModel: [D] isMultiSimInserted : false
04-18 09:51:39.260 14478 14478 I SimModel: [D] No Multi Sim isPreferredSimAlwaysAsk false
04-18 09:51:39.260 14478 14478 I RCS-ImsCommonModel: [D] isVowifiEnabled for sim1 : false
