04-18 09:51:54.283  3518  5550 W PackageConfigPersister: App-specific configuration not found for packageName: com.google.android.apps.messaging and userId: 0
04-18 09:51:54.283  3518  5550 W PackageConfigPersister: App-specific configuration not found for packageName: com.samsung.android.dialer and userId: 0
04-18 09:51:54.283  3518  5550 W PackageConfigPersister: App-specific configuration not found for packageName: com.termux and userId: 0
04-18 09:51:54.283  3518  5550 W PackageConfigPersister: App-specific configuration not found for packageName: com.android.settings and userId: 0
04-18 09:51:54.283  3518  5550 W PackageConfigPersister: App-specific configuration not found for packageName: com.android.chrome and userId: 0
04-18 09:51:54.283  3518  5550 W PackageConfigPersister: App-specific configuration not found for packageName: com.android.vending and userId: 0
04-18 09:51:54.283  7857  7857 I HoneySpace.SystemUiRepository: systemUiFlags: allow_gesture|awake
04-18 09:51:54.283  7857  8352 I HoneySpace.TaskbarEventTracker: invokeEvent() called with: event = SystemUiStateChanged(stateFlags=268566528, displayId=0)
04-18 09:51:54.284  2427  2427 D SurfaceFlinger: Display 4630947077158959251 HWC layers:
04-18 09:51:54.284  2427  2427 D SurfaceFlinger:        DEVICE |          127964255625334 | 00000100 | 0x7fa30c09   |    0.0    0.0 1440.0 3120.0 |    0    0 1080 2340 | Wallpaper BBQ wrapper 7_systemlock#8475 (6894)
04-18 09:51:54.284  2427  2427 D SurfaceFlinger:        DEVICE |           33745558047579 | 00002100 | RGBA_8888    |    0.0    0.0 1080.0 2340.0 |    0    0 1080 2340 | com.sec.android.app.launcher/com.sec[...]ivities.LauncherActivity$_7857#11905 (45)
04-18 09:51:54.284  2427  2427 D SurfaceFlinger:        DEVICE |           21895743278751 | 00002100 | RGBA_8888    |    0.0    0.0 1080.0  105.0 |    0    0 1080  105 | StatusBar$_5098#90 (32319)
04-18 09:51:54.284  2427  2427 D SurfaceFlinger:        DEVICE |           33745558047542 | 00002100 | RGBA_8888    |    0.0    0.0   80.0  342.0 | 1000  438 1080  780 | com.sec.android.app.launcher/com.sam[...]l.app.CocktailBarService$_7857#11785 (2)
04-18 09:51:54.284  2427  2427 D SurfaceFlinger:        DEVICE |           21895743278811 | 00002100 | RGBA_8888    |    0.0    0.0 1080.0  135.0 |    0 2205 1080 2340 | NavigationBar0$_5098#88 (20044)
04-18 09:51:54.284  2427  2427 D SurfaceFlinger: 
04-18 09:51:54.284  7857  9674 I HoneySpace.HistoryViewModel@157918506@OneUI: Illegal access. Unknown type. skip load history items
04-18 09:51:54.285 25268 14967 I SnapAlloc: Graphics lib is available
04-18 09:51:54.285 14905 14928 D PipelineWatcher: onInputBufferReleased: frameIndex not found (3); ignored
04-18 09:51:54.286  2350  2492 I SnapAlloc: IsUBWCAlloc - Explicit ubwc format 265 passed by the clients
04-18 09:51:54.286  2350  2492 I SnapAlloc: IsUBWCAlloc - Explicit ubwc format 265 passed by the clients
04-18 09:51:54.286 25268 14967 I AdrenoVK-0: QUALCOMM build          : c33dc624fb, I038b2eafab
04-18 09:51:54.286 25268 14967 I AdrenoVK-0: Build Date              : 02/04/26
04-18 09:51:54.286 25268 14967 I AdrenoVK-0: Shader Compiler Version : E031.50.19.13
04-18 09:51:54.286 25268 14967 I AdrenoVK-0: Local Branch            : 
04-18 09:51:54.286 25268 14967 I AdrenoVK-0: Remote Branch           : refs/tags/AU_LINUX_ANDROID_LA.VENDOR.16.2.0.11.00.00.1195.535
04-18 09:51:54.286 25268 14967 I AdrenoVK-0: Remote Branch           : NONE
04-18 09:51:54.286 25268 14967 I AdrenoVK-0: Reconstruct Branch      : NOTHING
04-18 09:51:54.286 25268 14967 I AdrenoVK-0: Build Config            : C P 20.0.0 AArch64
04-18 09:51:54.286 25268 14967 I AdrenoVK-0: Driver Path             : /vendor/lib64/hw/vulkan.adreno.so
04-18 09:51:54.286 25268 14967 I AdrenoVK-0: Driver Version          : 0842.19.7
04-18 09:51:54.286 25268 14967 I AdrenoVK-0: PFP                     : 0x01510594
04-18 09:51:54.286 25268 14967 I AdrenoVK-0: ME                      : 0x01510025
04-18 09:51:54.286 25268 14967 I AdrenoVK-0: Application Name    : android framework
04-18 09:51:54.286 25268 14967 I AdrenoVK-0: Process Name        : com.google.android.apps.messaging
04-18 09:51:54.286 25268 14967 I AdrenoVK-0: Application Version : 0x00000000
04-18 09:51:54.286 25268 14967 I AdrenoVK-0: Engine Name         : android framework
04-18 09:51:54.286 25268 14967 I AdrenoVK-0: Engine Version      : 0x00000000
04-18 09:51:54.286 25268 14967 I AdrenoVK-0: Api Version         : 0x00401000
04-18 09:51:54.286 14905 14928 D PipelineWatcher: onInputBufferReleased: frameIndex not found (4); ignored
04-18 09:51:54.286  5827 12076 D PipelineWatcher: onInputBufferReleased: frameIndex not found (5061); ignored
04-18 09:51:54.287  2350  2492 I SnapAlloc: IsUBWCAlloc - Explicit ubwc format 265 passed by the clients
04-18 09:51:54.287  5827 12076 D PipelineWatcher: onInputBufferReleased: frameIndex not found (5062); ignored
04-18 09:51:54.288  2350  2492 I SnapAlloc: IsUBWCAlloc - Explicit ubwc format 265 passed by the clients
04-18 09:51:54.289  2427  2427 I SurfaceFlinger: RequestedLayer [8b93f28 Splash Screen com.google.android.apps.messaging#11919] hidden!! flag  from(1) --> to(0)
04-18 09:51:54.289  2427  2427 I SurfaceFlinger: RequestedLayer [Splash Screen com.google.android.apps.messaging$_5098#11920] hidden!! flag  from(1) --> to(0)
04-18 09:51:54.289  2427  2427 I SurfaceFlinger: RequestedLayer [Task=167#11917] hidden!! flag  from(1) --> to(0)
04-18 09:51:54.289  2427  2427 E SurfaceFlinger: alpha changed 1.000 -> 0.000 - Task=167#11917
04-18 09:51:54.289  2427  2427 I SurfaceFlinger: RequestedLayer [Transition Root: Task=167#11921] hidden!! flag  from(1) --> to(0)
04-18 09:51:54.289  2427  2427 I SurfaceFlinger: RequestedLayer [ActivityRecord{234571519 u0 com.goog[...]ConversationListActivity t167}#11918] hidden!! flag  from(1) --> to(0)
04-18 09:51:54.289  2427  2427 E SurfaceFlinger: alpha changed 0.000 -> 0.000 - Task=167#11917
04-18 09:51:54.289  2427  2427 I SurfaceFlinger: destroyed com.samsung.android.spay.pay.HintService$_7452#11913 form LifecycleManager
04-18 09:51:54.289  2427  2427 I SurfaceFlinger: [LayerHierarchy{RequestedLayerState{Task=1#46 parentId=11921 z=3} 2 children}] reparent to LayerHierarchy{RequestedLayerState{Transition Root: Task=167#11921 parentId=10 z=8} 1 children}
04-18 09:51:54.289  2427  2427 I SurfaceFlinger: [Surface(name=43797e9 NavigationBar0#79)/@0xc2f1642 - animation-leash of insets_animation#11924] attach to parent LayerHierarchy{RequestedLayerState{WindowToken{43a7870 type=2019 android.os.BinderProxy@91ae022}#78 parentId=30} 2 children}
04-18 09:51:54.289  2427  2427 I SurfaceFlinger: [LayerHierarchy{RequestedLayerState{Task=167#11917 parentId=11921 z=7} 1 children}] reparent to LayerHierarchy{RequestedLayerState{Transition Root: Task=167#11921 parentId=10 z=8} 2 children}
04-18 09:51:54.289  2427  2427 I SurfaceFlinger: [e173259 ActivityRecordInputSink com.google.android.apps.messaging/.main.MainActivity#11922] attach to parent LayerHierarchy{RequestedLayerState{ActivityRecord{234571519 u0 com.google.android.apps.messaging/.ui.ConversationListActivity t167}#11918 parentId=11917} 2 children}
04-18 09:51:54.289  2427  2427 I SurfaceFlinger: [Surface(name=86cafd5 StatusBar#83)/@0xda385b7 - animation-leash of insets_animation#11923] attach to parent LayerHierarchy{RequestedLayerState{WindowToken{bae8c8c type=2000 android.os.BinderProxy@60437de}#82 parentId=17} 2 children}
04-18 09:51:54.289  2427  2427 I SurfaceFlinger: id=11913 onLayerDestroyed from LayerHierarchyBuilder(RequestedLayerState{com.samsung.android.spay.pay.HintService$_7452#11913 !handle})
04-18 09:51:54.290  2427  2427 I SurfaceFlinger: id=11913 Destroyed com.samsung.android.spay.pay.HintService$_7452#11913
04-18 09:51:54.297 25268 25268 I Bugle   : onCreate: intent conversationId: null, timestamp: 0, via notification: false
04-18 09:51:54.297 25268 25268 I Bugle   : MainActivity: isBugleAccountEnabled: true
04-18 09:51:54.297 25268 25268 I Bugle   : MainActivity: Device is SMS Capable
04-18 09:51:54.297  2427  2427 I SurfaceFlinger: [LayerHierarchy{RequestedLayerState{43797e9 NavigationBar0#79 parentId=11924} 1 children}] reparent to LayerHierarchy{RequestedLayerState{Surface(name=43797e9 NavigationBar0#79)/@0xc2f1642 - animation-leash of insets_animation#11924 parentId=78} 1 children}
04-18 09:51:54.297  2427  2427 I SurfaceFlinger: [LayerHierarchy{RequestedLayerState{86cafd5 StatusBar#83 parentId=11923} 1 children}] reparent to LayerHierarchy{RequestedLayerState{Surface(name=86cafd5 StatusBar#83)/@0xda385b7 - animation-leash of insets_animation#11923 parentId=82} 1 children}
04-18 09:51:54.297  2427  2427 I SurfaceFlinger: [LayerHierarchy{RequestedLayerState{Surface(name=86cafd5 StatusBar#83)/@0xda385b7 - animation-leash of insets_animation#11906} no children}] reparent to OffscreenRoot
04-18 09:51:54.297  2427  2427 I SurfaceFlinger: [LayerHierarchy{RequestedLayerState{Surface(name=86cafd5 StatusBar#83)/@0xda385b7 - animation-leash of insets_animation#11906} no children}] RelativeParent to null
04-18 09:51:54.297  2427  2427 I SurfaceFlinger: [LayerHierarchy{RequestedLayerState{Surface(name=43797e9 NavigationBar0#79)/@0xc2f1642 - animation-leash of insets_animation#11907} no children}] reparent to OffscreenRoot
04-18 09:51:54.297  2427  2427 I SurfaceFlinger: [LayerHierarchy{RequestedLayerState{Surface(name=43797e9 NavigationBar0#79)/@0xc2f1642 - animation-leash of insets_animation#11907} no children}] RelativeParent to null
04-18 09:51:54.298  5098  5175 I VRI[messaging]@ae369e4: onActiveControlsChanged, removed=false, mAdded=true, caller=android.view.ViewRootImpl.handleInsetsControlChanged:3014 android.view.ViewRootImpl$ViewRootHandler.handleMessageImpl:8434 android.view.ViewRootImpl$ViewRootHandler.handleMessage:8387 android.os.Handler.dispatchMessage:132 android.os.Looper.dispatchMessage:358 
04-18 09:51:54.298  5098  5175 I InsetsSourceConsumer: applyRequestedVisibilityToControl: visible=true, type=statusBars, host=Splash Screen com.google.android.apps.messaging
04-18 09:51:54.298  2427  5864 I SurfaceFlinger: id=11906 Removed Surface(name=86cafd5 StatusBar#83)/@0xda385b7 - animation-leash of insets_animation#11906 (167)
04-18 09:51:54.298  2427  5864 I SurfaceFlinger: id=11907 Removed Surface(name=43797e9 NavigationBar0#79)/@0xc2f1642 - animation-leash of insets_animation#11907 (167)
04-18 09:51:54.298  5098  5175 I InsetsSourceConsumer: applyRequestedVisibilityToControl: visible=true, type=navigationBars, host=Splash Screen com.google.android.apps.messaging
04-18 09:51:54.301 14905 14928 D PipelineWatcher: onInputBufferReleased: frameIndex not found (5); ignored
04-18 09:51:54.302  5827 12076 D PipelineWatcher: onInputBufferReleased: frameIndex not found (5063); ignored
04-18 09:51:54.302 14905 14928 D PipelineWatcher: onInputBufferReleased: frameIndex not found (6); ignored
04-18 09:51:54.303  5827 12076 D PipelineWatcher: onInputBufferReleased: frameIndex not found (5064); ignored
04-18 09:51:54.306  2427  2427 E SurfaceFlinger: alpha changed 0.000 -> 0.080 - Task=167#11917
04-18 09:51:54.306  2427  2427 I SurfaceFlinger: destroyed Surface(name=86cafd5 StatusBar#83)/@0xda385b7 - animation-leash of insets_animation#11906 form LifecycleManager
04-18 09:51:54.306  2427  2427 I SurfaceFlinger: destroyed Surface(name=43797e9 NavigationBar0#79)/@0xc2f1642 - animation-leash of insets_animation#11907 form LifecycleManager
04-18 09:51:54.306  2427  2427 I SurfaceFlinger: id=11906 onLayerDestroyed from LayerHierarchyBuilder(RequestedLayerState{Surface(name=86cafd5 StatusBar#83)/@0xda385b7 - animation-leash of insets_animation#11906 !handle})
04-18 09:51:54.306  2427  2427 I SurfaceFlinger: id=11907 onLayerDestroyed from LayerHierarchyBuilder(RequestedLayerState{Surface(name=43797e9 NavigationBar0#79)/@0xc2f1642 - animation-leash of insets_animation#11907 !handle})
04-18 09:51:54.306  2427  2427 I SurfaceFlinger: id=11906 Destroyed Surface(name=86cafd5 StatusBar#83)/@0xda385b7 - animation-leash of insets_animation#11906
04-18 09:51:54.306  2427  2427 I SurfaceFlinger: id=11907 Destroyed Surface(name=43797e9 NavigationBar0#79)/@0xc2f1642 - animation-leash of insets_animation#11907
04-18 09:51:54.307  2358  2566 E PERFHAL-BOOSTCONFIG: PERFHAL-BOOSTCONFIG: GetBoostConfig() 1872: Not able to fetch object
04-18 09:51:54.308 25268 14975 I Bugle   : prefetchFirstPage
04-18 09:51:54.308 25268 14975 I Bugle   : ConversationListGroup: HOME
04-18 09:51:54.309  2427  2427 D SurfaceFlinger: Display 4630947077158959251 HWC layers:
04-18 09:51:54.309  2427  2427 D SurfaceFlinger:        DEVICE |          127964255625334 | 00000100 | 0x7fa30c09   |    0.0    0.0 1440.0 3120.0 |    0    0 1080 2340 | Wallpaper BBQ wrapper 7_systemlock#8475 (6894)
04-18 09:51:54.309  2427  2427 D SurfaceFlinger:        DEVICE |           33745558047579 | 00002100 | RGBA_8888    |    0.0    0.0 1080.0 2340.0 |    0    0 1080 2340 | com.sec.android.app.launcher/com.sec[...]ivities.LauncherActivity$_7857#11905 (45)
04-18 09:51:54.309  2427  2427 D SurfaceFlinger:        CLIENT |           21895743279129 | 00002100 | RGBA_8888    |    0.0    0.0 1080.0 2340.0 |   79  170 1001 2170 | Splash Screen com.google.android.apps.messaging$_5098#11920 (1)
04-18 09:51:54.309  2427  2427 D SurfaceFlinger:        DEVICE |           21895743278751 | 00002100 | RGBA_8888    |    0.0    0.0 1080.0  105.0 |    0    0 1080  105 | StatusBar$_5098#90 (32319)
04-18 09:51:54.309  2427  2427 D SurfaceFlinger:        DEVICE |           33745558047542 | 00002100 | RGBA_8888    |    0.0    0.0   80.0  342.0 | 1000  438 1080  780 | com.sec.android.app.launcher/com.sam[...]l.app.CocktailBarService$_7857#11785 (2)
04-18 09:51:54.309  2427  2427 D SurfaceFlinger:        DEVICE |           21895743278811 | 00002100 | RGBA_8888    |    0.0
04-18 09:51:54.309  2427  2427 D SurfaceFlinger:     0.0 1080.0  135.0 |    0 2205 1080 2340 | NavigationBar0$_5098#88 (20044)
04-18 09:51:54.309  2427  2427 D SurfaceFlinger: 
04-18 09:51:54.309 25268 25268 D CompatChangeReporter: Compat change id reported: 377864165; UID 10272; state: ENABLED
04-18 09:51:54.309 25268 25268 D DesktopModeFlags: Toggle override initialized to: OVERRIDE_UNSET
04-18 09:51:54.312  2288  5848 D vendor.qti.bluetooth@1.0-wake_lock: Release wakelock is released 
04-18 09:51:54.312 25268 25268 I DecorView: setWindowBackground: isPopOver=false color=ff010102 d=android.graphics.drawable.ColorDrawable@8d45735
04-18 09:51:54.315 25268  5248 V ClearcutMetricXmitter: Transmission is done.
04-18 09:51:54.317  2331 14972 I HYPER-HAL: [RequestManager.cpp]releaseLocked(): Released ID : 24965377
04-18 09:51:54.317 14905 14928 D PipelineWatcher: onInputBufferReleased: frameIndex not found (7); ignored
04-18 09:51:54.318  5827 12076 D PipelineWatcher: onInputBufferReleased: frameIndex not found (5065); ignored
04-18 09:51:54.318 14905 14928 D PipelineWatcher: onInputBufferReleased: frameIndex not found (8); ignored
04-18 09:51:54.319 25268 25268 I AppCompatViewInflater: app:theme is now deprecated. Please move to using android:theme instead.
04-18 09:51:54.319  5827 12076 D PipelineWatcher: onInputBufferReleased: frameIndex not found (5066); ignored
04-18 09:51:54.320 25268 25268 I Bugle   : update locus context to non-conversation
04-18 09:51:54.321 25268 25268 I ContentCaptureHelper: Setting logging level to OFF
04-18 09:51:54.321  3518  4940 D BackgroundInstallControlService: Package event received: 0
04-18 09:51:54.323 25268 25349 I ActivityLogger: app created [CONTEXT openCause="7" ]
04-18 09:51:54.323 25268 25349 I BugleClearcutLogger: qosTierResolver for LOG_SPEC_UI_ARCHITECTURE is null. Using DEFAULT QoS tier as there's no specific QoS configuration for this log spec.
04-18 09:51:54.328 25268 25268 I BugleAccountSignOut: BackstackSwitcher: onAccountChanged [CONTEXT account_id="AccountId{id=1}" ]
04-18 09:51:54.328 25268 25268 I Bugle   : MainActivity: onAccountChanged called
04-18 09:51:54.328 25268 25268 I Bugle   : MainActivity: Attaching newConversationListRootFragment
04-18 09:51:54.331 25268 25268 I Bugle   : MainActivity: Attaching newConversationRootFragment
04-18 09:51:54.331 25268 25268 I ConversationListRootFra: Adding a new home fragment
04-18 09:51:54.332 29244  1511 I FontLog : (REDACTED) Received query %s, URI %s
04-18 09:51:54.332 29244  1511 I FontLog : (REDACTED) Query [%s] resolved to %s
04-18 09:51:54.332 29244  1511 I FontLog : (REDACTED) Font PFD returned from cache for %s
04-18 09:51:54.332 29244  1511 I FontLog : (REDACTED) Fetch %s end status %s
04-18 09:51:54.333 29244  1511 I FontLog : (REDACTED) Pulling font file for id = %d, cache size = %d
04-18 09:51:54.335 14905 14928 D PipelineWatcher: onInputBufferReleased: frameIndex not found (9); ignored
04-18 09:51:54.335 25268 25268 I HomeFragmentFlogger: HomeFragment onAttach called
04-18 09:51:54.335 25268 25268 I HomeFragmentFlogger: HomeFragment onCreate called
04-18 09:51:54.336 14905 14928 D PipelineWatcher: onInputBufferReleased: frameIndex not found (10); ignored
04-18 09:51:54.336  5827 12076 D PipelineWatcher: onInputBufferReleased: frameIndex not found (5067); ignored
04-18 09:51:54.336  3518  5181 I ActivityManager: Changes in 10126 19 to 3, 0 to 440
04-18 09:51:54.336  3518  4940 D BackgroundInstallControlService: Package event received: 0
04-18 09:51:54.336  3518  4940 D BackgroundInstallControlService: Package event received: 0
04-18 09:51:54.336  3518  4940 D BackgroundInstallControlService: Package event received: 0
04-18 09:51:54.337  2416 29413 V APM_AudioPolicyManager: setAppState(portId:187, state:2)
04-18 09:51:54.337  3518  6046 D ActivityManager: unpendingScheduleServiceRestart: u=10126, drop=false
04-18 09:51:54.337  2416  2525 V APM_AudioPolicyManager: setAppState(portId:187, state:2)
04-18 09:51:54.337  6838  6991 V OsAgent : broadcastSystemEvent - 7
04-18 09:51:54.338  5827 12076 D PipelineWatcher: onInputBufferReleased: frameIndex not found (5068); ignored
04-18 09:51:54.338  1538  1538 D BoundBrokerSvc: onBind: Intent { act=com.google.android.gms.spatula.settings.api.SpatulaSettingsApiService.START dat=chimera-action:/... xflg=0x4 cmp=com.google.android.gms/.chimera.GmsApiService }
04-18 09:51:54.338  1538  1538 D BoundBrokerSvc: Loading bound service for intent: Intent { act=com.google.android.gms.spatula.settings.api.SpatulaSettingsApiService.START dat=chimera-action:/... xflg=0x4 cmp=com.google.android.gms/.chimera.GmsApiService }
04-18 09:51:54.339 25268 25268 I HomeFragmentFlogger: HomeFragment onViewCreated called
04-18 09:51:54.339 25268 25268 W ConcatAdapter: Stable ids in the adapter will be ignored as the ConcatAdapter is configured not to have stable ids
04-18 09:51:54.339 25268 25268 W ConcatAdapter: Stable ids in the adapter will be ignored as the ConcatAdapter is configured not to have stable ids
04-18 09:51:54.339 25268 25268 W ConcatAdapter: Stable ids in the adapter will be ignored as the ConcatAdapter is configured not to have stable ids
04-18 09:51:54.339 25268 25268 I BugleSuperSort: ConversationListViewModelImpl: ConversationListViewModelImpl getConversationList called, instance: 0x30e5880
04-18 09:51:54.341 25268 25350 D ConnectivityManager: StackLog: [android.net.ConnectivityManager.sendRequestForNetwork(ConnectivityManager.java:4738)] [android.net.ConnectivityManager.registerDefaultNetworkCallbackForUid(ConnectivityManager.java:5463)] [android.net.ConnectivityManager.registerDefaultNetworkCallback(ConnectivityManager.java:5430)] [android.net.ConnectivityManager.registerDefaultNetworkCallback(ConnectivityManager.java:5404)] [acr$$ExternalSyntheticApiModelOutline0.m(D8$$SyntheticClass:64)] [vlm.b(PG:49)] [vko.n(PG:9)] [vkl.a(PG:1)] [uur.<init>(PG:120)] [utl.a(PG:3)] [vle.b(PG:84)] [eznd.a(PG:11)] [ezmz.f(PG:21)] [ezmz.d(PG:1)] [akqu.run(PG:29)] [fafl.run(PG:25)] [java.util.concurrent.Executors$RunnableAdapter.call(Executors.java:520)] [fgyh.a(PG:3)] [fgxe.run(PG:19)] [fgyi.run(PG:5)] [fdbv.run(PG:44)] [egrs.run(PG:18)] [egom.run(PG:89)] [java.lang.Thread.run(Thread.java:1563)] [egqa.run(PG:62)]
04-18 09:51:54.341  3518  5181 D ConnectivityService: requestNetwork for uid/pid:10272/25268 activeRequest: null callbackRequest: 13367 [NetworkRequest [ TRACK_DEFAULT id=13368, [ Capabilities: INTERNET&NOT_RESTRICTED&TRUSTED&NOT_VCN_MANAGED&NOT_BANDWIDTH_CONSTRAINED Uid: 10272 RequestorUid: 10272 RequestorPkg: com.google.android.apps.messaging UnderlyingNetworks: Null] ], NetworkRequest [ REQUEST id=13369, [ Transports: SATELLITE Capabilities: INTERNET&TRUSTED&NOT_VCN_MANAGED Uid: 10272 RequestorUid: 10272 RequestorPkg: com.google.android.apps.messaging UnderlyingNetworks: Null] ]] callback flags: 0 order: 2147483647 isUidTracked: false declaredMethods: AVAIL|LOST
04-18 09:51:54.341  3518  4874 D ConnectivityService:    accepting network in place of null for NetworkRequest [ TRACK_DEFAULT id=13368, [ Capabilities: INTERNET&NOT_RESTRICTED&TRUSTED&NOT_VCN_MANAGED&NOT_BANDWIDTH_CONSTRAINED Uid: 10272 RequestorUid: 10272 RequestorPkg: com.google.android.apps.messaging UnderlyingNetworks: Null] ]
04-18 09:51:54.342  3518  4874 D ConnectivityService: Rematched networks [computed 0ms] [applied 0ms] [issued 1]
04-18 09:51:54.342  3518  4874 D ConnectivityService: NetworkReassignment :
04-18 09:51:54.342  3518  4874 D ConnectivityService:   13368 : null → 108
04-18 09:51:54.343 25268 14974 I BugleSpam: SpatulaSettingsProxyImpl: Begin getSpatulaSettings
04-18 09:51:54.343 25268 14974 I BugleSpam: fcmy: SMALL
04-18 09:51:54.343 25268 14974 I BugleSpam: 	at dhoc.d(PG:163)
04-18 09:51:54.343 25268 14974 I BugleSpam: 	at dhoa.b(PG:18)
04-18 09:51:54.343 25268 14974 I BugleSpam: 	at dhoa.a(PG:13)
04-18 09:51:54.343 25268 14974 I BugleSpam: 	at bgos.b(PG:67)
04-18 09:51:54.343 25268 14974 I BugleSpam: 	at dhoc.c(PG:87)
04-18 09:51:54.343 25268 14974 I BugleSpam: 	at ajzs.b(PG:57)
04-18 09:51:54.343 25268 14974 I BugleSpam: 	at ajzs.a(PG:13)
04-18 09:51:54.343 25268 14974 I BugleSpam: 	at bfbz.b(PG:20)
04-18 09:51:54.343 25268 14974 I BugleSpam: 	at fytb.w(PG:11)
04-18 09:51:54.343 25268 14974 I BugleSpam: 	at fzfq.run(PG:112)
04-18 09:51:54.344 25268 14974 I SpatulaSettingsClientIm: GetSpatulaPreference [CONTEXT service_id=386 ]
04-18 09:51:54.346 25268 14974 I BugleSpam: SpatulaSettingsProxyImpl: getSpatulaSettingsForAccount settings SpatulaSettings(isEnabled=false, canEdit=false, isEnabledByDefault=false)
04-18 09:51:54.347 29244 29276 I FontLog : (REDACTED) Received query %s, URI %s
04-18 09:51:54.347 29244 29276 I FontLog : (REDACTED) Query [%s] resolved to %s
04-18 09:51:54.347 29244 29276 I FontLog : (REDACTED) Font PFD returned from cache for %s
04-18 09:51:54.347 29244 29276 I FontLog : (REDACTED) Fetch %s end status %s
04-18 09:51:54.347 29244 29276 I FontLog : (REDACTED) Pulling font file for id = %d, cache size = %d
04-18 09:51:54.348 29244 29276 I FontLog : (REDACTED) Received query %s, URI %s
04-18 09:51:54.348 29244 29276 I FontLog : (REDACTED) Query [%s] resolved to %s
04-18 09:51:54.348 29244 29276 I FontLog : (REDACTED) Font PFD returned from cache for %s
04-18 09:51:54.348 29244 29276 I FontLog : (REDACTED) Fetch %s end status %s
04-18 09:51:54.348 29244 29276 I FontLog : (REDACTED) Pulling font file for id = %d, cache size = %d
04-18 09:51:54.351 14905 14928 D PipelineWatcher: onInputBufferReleased: frameIndex not found (11); ignored
04-18 09:51:54.352 25268 25268 I AppCompatViewInflater: app:theme is now deprecated. Please move to using android:theme instead.
04-18 09:51:54.352  5827 12076 D PipelineWatcher: onInputBufferReleased: frameIndex not found (5069); ignored
04-18 09:51:54.352 14905 14928 D PipelineWatcher: onInputBufferReleased: frameIndex not found (12); ignored
04-18 09:51:54.352  3962  3962 I bvhy    : onPause
04-18 09:51:54.353  5827 12076 D PipelineWatcher: onInputBufferReleased: frameIndex not found (5070); ignored
04-18 09:51:54.355  6799  7186 I SDHMS:k : onTaskStackChanged
04-18 09:51:54.355  3518  5181 W PackageConfigPersister: App-specific configuration not found for packageName: com.google.android.apps.messaging and userId: 0
04-18 09:51:54.356  7857  8356 I HoneySpace.RecentTasks: onRecentTasksChanged l:228631508
04-18 09:51:54.356  3518  6944 W PackageConfigPersister: App-specific configuration not found for packageName: com.google.android.apps.messaging and userId: 0
04-18 09:51:54.356  3518  6944 W PackageConfigPersister: App-specific configuration not found for packageName: com.samsung.android.dialer and userId: 0
04-18 09:51:54.356  3518  6944 W PackageConfigPersister: App-specific configuration not found for packageName: com.termux and userId: 0
04-18 09:51:54.356  3518  6944 W PackageConfigPersister: App-specific configuration not found for packageName: com.android.settings and userId: 0
04-18 09:51:54.356  3518  6944 W PackageConfigPersister: App-specific configuration not found for packageName: com.android.chrome and userId: 0
04-18 09:51:54.356  3518  6944 W PackageConfigPersister: App-specific configuration not found for packageName: com.android.vending and userId: 0
04-18 09:51:54.356 25268 25268 I HomeFragmentFlogger: Data is empty
04-18 09:51:54.356 25268 25268 I BugleProfiles: Setting visibility of profile menu item [CONTEXT should_show_profile_menu_item=false ]
04-18 09:51:54.357 25268 25268 I HomeFragmentFlogger: ConversationList has not finish loading. Skipping ConversationList update
04-18 09:51:54.357 25268 14980 I ConvListDataSources: Creating a new instance of ConversationListDataSource.
04-18 09:51:54.359 22775 22775 I SSS     : [ChatRoomComponentManager] onCreateContentCaptureSession[459631541]
04-18 09:51:54.359 22775 22881 I SSS:CommonUtil: getTargetActivityComponent() activityComponent:ComponentInfo{com.google.android.apps.messaging/com.google.android.apps.messaging.ui.ConversationListActivity} target:com.google.android.apps.messaging.main.MainActivity
04-18 09:51:54.359 22775 22775 I SSS:CommonUtil: getTargetActivityComponent() activityComponent:ComponentInfo{com.google.android.apps.messaging/com.google.android.apps.messaging.ui.ConversationListActivity} target:com.google.android.apps.messaging.main.MainActivity
04-18 09:51:54.359 22775 22881 I SSS:CommonUtil: Converting alias activity ComponentInfo{com.google.android.apps.messaging/com.google.android.apps.messaging.ui.ConversationListActivity} to target activity com.google.android.apps.messaging.main.MainActivity
04-18 09:51:54.359 22775 22775 I SSS:CommonUtil: Converting alias activity ComponentInfo{com.google.android.apps.messaging/com.google.android.apps.messaging.ui.ConversationListActivity} to target activity com.google.android.apps.messaging.main.MainActivity
04-18 09:51:54.359 22775 22775 I SSS     : [ChatRoomContext] onCreateContentCaptureSession: SessionId(459631541), ActivityId(158044491), Component({com.google.android.apps.messaging/com.google.android.apps.messaging.main.MainActivity})
04-18 09:51:54.360  7857 13842 I HoneySpace.HistoryViewModel@157918506@OneUI: Illegal access. Unknown type. skip load history items
04-18 09:51:54.360  3518  6944 W PackageConfigPersister: App-specific configuration not found for packageName: com.google.android.apps.messaging and userId: 0
04-18 09:51:54.360  3518  6944 W PackageConfigPersister: App-specific configuration not found for packageName: com.sec.android.app.launcher and userId: 0
04-18 09:51:54.360 25268 25268 I BugleAccountSignOut: BackstackSwitcher: onActivityResume, checking if we should switch accounts [CONTEXT is_restarted_from_backstack=false activity_account_id="AccountId{id=1}" last_selected_id="AccountId{id=1}" ]
04-18 09:51:54.360 25268 25268 I HomeFragmentFlogger: HomeFragment onResume called
04-18 09:51:54.360 25268 14977 I BugleWelcome: launch the flow for the 1st time.
04-18 09:51:54.360 25268 25268 I HomeFragmentFlogger: isDefaultSmsApp: true
04-18 09:51:54.360 25268 25350 W RippleDrawable: Thread doesn't have a looper. Skipping animation.
04-18 09:51:54.360 25268 25350 W RippleDrawable: Thread doesn't have a looper. Skipping animation.
04-18 09:51:54.360 25268 25350 W RippleDrawable: Thread doesn't have a looper. Skipping animation.
04-18 09:51:54.360 25268 25350 W RippleDrawable: Thread doesn't have a looper. Skipping animation.
04-18 09:51:54.360 25268 25350 W RippleDrawable: Thread doesn't have a looper. Skipping animation.
04-18 09:51:54.363 25268 25268 D ViewRootImpl: desktopMode is false
04-18 09:51:54.363 25268 25349 W RippleDrawable: Thread doesn't have a looper. Skipping animation.
04-18 09:51:54.363 25268 25268 I ViewRootImpl: dVRR is enabled
04-18 09:51:54.363 25268 25268 D HardwareRenderer: onDisplayChanged. displayId=0 current wxh=1080x2340 mLargest wxh=0x0
04-18 09:51:54.363 25268 25268 D HardwareRenderer: Set largestWidth and largestHeight as logical resolution. (1080x2340)
04-18 09:51:54.363 25268 14967 D HWUI    : setMaxSurfaceArea requested wxh=(1080,2340) requestedSurfaceArea(2527200) mMaxSurfaceArea(2073600)
04-18 09:51:54.363 25268 25349 W RippleDrawable: Thread doesn't have a looper. Skipping animation.
04-18 09:51:54.363 25268 14967 D NativeCustomFrequencyManager: [NativeCFMS] BpCustomFrequencyManager::BpCustomFrequencyManager()
04-18 09:51:54.364 25268 25349 W RippleDrawable: Thread doesn't have a looper. Skipping animation.
04-18 09:51:54.364 25268 25349 W RippleDrawable: Thread doesn't have a looper. Skipping animation.
04-18 09:51:54.365  3518  3933 D InputTransport: Input channel constructed: 'bb0c694', fd=1421
04-18 09:51:54.365  3518  3933 D InputTransport: Input channel constructed: 'bb0c694', fd=1422
04-18 09:51:54.365  3518  3933 D InputTransport: Input channel constructed: 'bb0c694', fd=1423
04-18 09:51:54.365  3518  3933 D InputTransport: Input channel destroyed: 'bb0c694', fd=1422
04-18 09:51:54.365  2427  5864 I SurfaceFlinger: id=11925 createSurf, flag=84004, bb0c694 com.google.android.apps.messaging/com.google.android.apps.messaging.ui.ConversationListActivity#11925
04-18 09:51:54.365  3518  3933 D RestrictionPolicy: isScreenCaptureEnabled : ret=true userId=0
04-18 09:51:54.365  3518  3933 D RestrictionPolicy: isScreenCaptureEnabled : ret=true userId=0
04-18 09:51:54.365  3518  3933 D InputTransport: Input channel destroyed: 'bb0c694', fd=1423
04-18 09:51:54.365 25268 25349 W RippleDrawable: Thread doesn't have a looper. Skipping animation.
04-18 09:51:54.365 25268 25268 D InputTransport: Input channel constructed: 'bb0c694', fd=208
04-18 09:51:54.366 25268 25268 I InsetsController: onStateChanged: host=com.google.android.apps.messaging/com.google.android.apps.messaging.ui.ConversationListActivity, from=android.view.ViewRootImpl.onInsetsStateChanged:3038, state=InsetsState: {mDisplayFrame=Rect(0, 0 - 1080, 2340), mDisplayCutout=DisplayCutout{insets=Rect(0, 104 - 0, 0) waterfall=Insets{left=0, top=0, right=0, bottom=0} boundingRect={Bounds=[Rect(0, 0 - 0, 0), Rect(510, 0 - 570, 104), Rect(0, 0 - 0, 0), Rect(0, 0 - 0, 0)]} cutoutPathParserInfo={CutoutPathParserInfo{displayWidth=1080 displayHeight=2340 physicalDisplayWidth=1080 physicalDisplayHeight=2340 density={2.8125} cutoutSpec={M 0,0 H -10.66666666666667 V 37.06666666666667 H 10.66666666666667 V 0 H 0 Z @dp} rotation={0} scale={1.0} physicalPixelDisplaySizeRatio={1.0}}} sideOverrides={}}, mRoundedCorners=RoundedCorners{[RoundedCorner{position=TopLeft, radius=79, center=Point(79, 79)}, RoundedCorner{position=TopRight, radius=79, center=Point(1001, 79)}, RoundedCorner{position=BottomRight, radius=79, center=Point(1001, 2261)}, RoundedCorner{position=BottomLeft, radius=79, center=Point(79, 2261)}]}  mRoundedCornerFrame=Rect(0, 0 - 1080, 2340), mPrivacyIndicatorBounds=PrivacyIndicatorBounds {static bounds=Rect(956, 0 - 1080, 105) rotation=0}, mDisplayShape=DisplayShape{ spec=-311912193 displayWidth=1080 displayHeight=2340 physicalPixelDisplaySizeRatio=0.75 rotation=0 offsetX=0 offsetY=0 scale=1.0}, mSources= { InsetsSource: {e1c40001 mType=navigationBars mFrame=[0,2205][1080,2340] mAttachedInsets=null mVisible=true mFlags= mSideHint=BOTTOM mBoundingRects=null}, InsetsSource: {e1c40004 mType=systemGestures mFrame=[0,0][0,0] mAttachedInsets=null mVisible=true mFlags= mSideHint=NONE mBoundingRects=null}, InsetsSource: {e1c40005 mType=mandatorySystemGestures mFrame=[0,2205][1080,2340] mAttachedInsets=null mVisible=true mFlags= mSideHint=BOTTOM mBoundingRects=null}, InsetsSource: {e1c40006 mType=tappableElement mFrame=[0,2205][1080,2340] mAttachedInsets=null mVisible=true mFlags= mSideHint=BOTTOM mBoundingRects=null}, InsetsSource: {e1c40024 mType=systemGestures mFrame=[0,0][0,0] mAttachedInsets=null mVisible=true mFlags= mSideHint=NONE mBoundingRects=null}, InsetsSource: {3 mType=ime mFrame=[0,0][0,0] mAttachedInsets=null mVisible=false mFlags=INVALID mSideHint=NONE mBoundingRects=null}, InsetsSource: {27 mType=displayCutout mFrame=[0,0][1080,104] mAttachedInsets=null mVisible=true mFlags= mSideHint=TOP mBoundingRects=null}, InsetsSource: {13aa0000 mType=statusBars mFrame=[0,0][1080,105] mAttachedInsets=null mVisible=true mFlags= mSideHint=TOP mBoundingRects=null}, InsetsSource: {13aa0005 mType=mandatorySystemGestures mFrame=[0,0][1080,138] mAttachedInsets=null mVisible=true mFlags= mSideHint=TOP mBoundingRects=null}, InsetsSource: {13aa0006 mType=tappableElement mFrame=[0,0][1080,105] mAttachedInsets=null mVisible=true mFlags= mSideHint=TOP mBoundingRects=null} }
04-18 09:51:54.366 25268 25268 I VRI[ConversationListActivity]@4c892e5: synced displayState. AttachInfo displayState=2
04-18 09:51:54.366 25268 25349 W RippleDrawable: Thread doesn't have a looper. Skipping animation.
04-18 09:51:54.366 22775 22775 I SSS     : [ChatRoomComponentManager] onContentCaptureEvent[459631541]: SESSION_RESUMED
04-18 09:51:54.366 25268 25268 I VRI[ConversationListActivity]@4c892e5: setView = com.android.internal.policy.DecorView@5c81af8 IsHRR=true mFlingFrameRateChange=0 TM=false
04-18 09:51:54.366 25268 25268 I IDS_TAG : Starting IDS observe window
04-18 09:51:54.366 25268 25268 I IDS_TAG : Getting Shared Preference for com.google.android.apps.messaging.release.BugleRelease_Application@48337c4 uid = 10272
04-18 09:51:54.366 25268 25349 I IDS_TAG : Background Changed updated UI for IDS
04-18 09:51:54.367  3518  4940 D BackgroundInstallControlService: Package event received: 0
04-18 09:51:54.367 25268 25349 I IDS_TAG : Background Changed updated UI for IDS
04-18 09:51:54.367  2333  2333 I SS_POWER_HINT_SESSION: SS_ADPF 25268-10272-a330 PowerHintSession createHintSession : , 14984, 14985, 25268, 14967 : 16666667
04-18 09:51:54.367 25268 25349 I IDS_TAG : Background Changed updated UI for IDS
04-18 09:51:54.367 25268 25349 I IDS_TAG : Background Changed updated UI for IDS
04-18 09:51:54.367 25268 25349 I IDS_TAG : Background Changed updated UI for IDS
04-18 09:51:54.367 25268 25349 W RippleDrawable: Thread doesn't have a looper. Skipping animation.
04-18 09:51:54.367 25268 25349 I IDS_TAG : View Inflated updated UI for IDS
04-18 09:51:54.367 25268 25349 I IDS_TAG : Background Changed updated UI for IDS
04-18 09:51:54.367 25268 25349 I IDS_TAG : Background Changed updated UI for IDS
04-18 09:51:54.367 25268 25349 I IDS_TAG : Background Changed updated UI for IDS
04-18 09:51:54.367  2331  2430 I HYPER-HAL: [RequestManager.cpp]acquire(): Acquired ID : 24972444 [2333 / 4733]  HINT :     list : [TID_LOW_LATENCY / 1] [TID / 14984] [TID / 14985] [TID / 25268] [TID / 14967] 
04-18 09:51:54.367  2331  2430 E PERFHAL-CLIENT: PERFHAL-CLIENT: perf_lock_acq() 164: opcode=1087176704 isMvOpcode=0
04-18 09:51:54.367  2331  2430 E PERFHAL-CLIENT: PERFHAL-CLIENT: perf_lock_acq() 164: opcode=1087176704 isMvOpcode=0
04-18 09:51:54.367  2331  2430 E PERFHAL-CLIENT: PERFHAL-CLIENT: perf_lock_acq() 164: opcode=1087176704 isMvOpcode=0
04-18 09:51:54.367  2331  2430 E PERFHAL-CLIENT: PERFHAL-CLIENT: perf_lock_acq() 164: opcode=1087176704 isMvOpcode=0
04-18 09:51:54.367  2331  2430 E PERFHAL-CLIENT: PERFHAL-CLIENT: perf_lock_acq() 164: opcode=1120043008 isMvOpcode=0
04-18 09:51:54.367 25268 25268 I IDS_TAG : App com.google.android.apps.messaging.release.BugleRelease_Application@48337c4 in NO_IDS list
04-18 09:51:54.367 25268 14984 E perf_hint: Session ID too large, must fit 32-bit integer
04-18 09:51:54.367 25268 25349 I IDS_TAG : Background Changed updated UI for IDS
04-18 09:51:54.368 25268 25349 I IDS_TAG : Background Changed updated UI for IDS
04-18 09:51:54.368 25268 25349 I IDS_TAG : Background Changed updated UI for IDS
04-18 09:51:54.368 25268 25349 I IDS_TAG : Background Changed updated UI for IDS
04-18 09:51:54.368 25268 25349 W RippleDrawable: Thread doesn't have a looper. Skipping animation.
04-18 09:51:54.368 25268 25349 I IDS_TAG : View Inflated updated UI for IDS
04-18 09:51:54.368 25268 25349 I IDS_TAG : Background Changed updated UI for IDS
04-18 09:51:54.368 25268 25349 I IDS_TAG : Background Changed updated UI for IDS
04-18 09:51:54.368 25268 25268 I GaiaAuthCheckHelper: Gaia auth check found no UserRecoverableError
04-18 09:51:54.368 25268 25349 I IDS_TAG : Background Changed updated UI for IDS
04-18 09:51:54.368 25268 25349 I IDS_TAG : Background Changed updated UI for IDS
04-18 09:51:54.368 25268 14977 I ConvListDataSources: Prefetch pending - waiting for it
04-18 09:51:54.368 25268 25349 I IDS_TAG : Background Changed updated UI for IDS
04-18 09:51:54.368 25268 25349 I IDS_TAG : Background Changed updated UI for IDS
04-18 09:51:54.368 25268 25349 I IDS_TAG : Background Changed updated UI for IDS
04-18 09:51:54.368 25268 25349 W RippleDrawable: Thread doesn't have a looper. Skipping animation.
04-18 09:51:54.368 25268 25349 I IDS_TAG : View Inflated updated UI for IDS
04-18 09:51:54.368 25268 14967 D HWUI    : HWUI - treat SMPTE_170M as sRGB
04-18 09:51:54.368 25268 25268 I IDS_TAG : Closing IDS observe window
04-18 09:51:54.368 25268 25268 I IDS_TAG : Getting Shared Preference for com.google.android.apps.messaging.release.BugleRelease_Application@48337c4 uid = 10272
04-18 09:51:54.369 25268 25268 D WindowOnBackDispatcher: setTopOnBackInvokedCallback (unwrapped): android.app.Activity$$ExternalSyntheticLambda0@b1dca7d
04-18 09:51:54.369  3518  3933 D CoreBackPreview: Window{bb0c694 u0 com.google.android.apps.messaging/com.google.android.apps.messaging.ui.ConversationListActivity}: Setting back callback OnBackInvokedCallbackInfo{mCallback=android.window.IOnBackInvokedCallback$Stub$Proxy@96ce73, mPriority=-1, mIsAnimationCallback=false, mOverrideBehavior=0}
04-18 09:51:54.369 25268 25349 W RippleDrawable: Thread doesn't have a looper. Skipping animation.
04-18 09:51:54.369 25268 25349 W RippleDrawable: Thread doesn't have a looper. Skipping animation.
04-18 09:51:54.369  2331  2430 I HYPER-HAL: [RequestManager.cpp]acquire(): Acquired ID : 24979512 [2333 / 4734]  HINT :     list : [UCLAMP_MIN_BOOST / 0] [TIMEOUT / 350] [TID / 14984] [TID / 14985] [TID / 25268] [TID / 14967] 
04-18 09:51:54.370 25268 25349 W RippleDrawable: Thread doesn't have a looper. Skipping animation.
04-18 09:51:54.370 25268 25349 W RippleDrawable: Thread doesn't have a looper. Skipping animation.
04-18 09:51:54.370 25268 25268 D VRI[ConversationListActivity]@4c892e5: WindowInsets changed: 1080x2340 statusBars:[0,105,0,0] navigationBars:[0,0,0,135] mandatorySystemGestures:[0,138,0,135] 
04-18 09:51:54.370 25268 25349 W RippleDrawable: Thread doesn't have a looper. Skipping animation.
04-18 09:51:54.371 14905 14928 D PipelineWatcher: onInputBufferReleased: frameIndex not found (13); ignored
04-18 09:51:54.372 14905 14928 D PipelineWatcher: onInputBufferReleased: frameIndex not found (14); ignored
04-18 09:51:54.372  5827 12076 D PipelineWatcher: onInputBufferReleased: frameIndex not found (5071); ignored
04-18 09:51:54.372  2427  2427 I SurfaceFlinger: [bb0c694 com.google.android.apps.messaging/com.google.android.apps.messaging.ui.ConversationListActivity#11925] attach to parent LayerHierarchy{RequestedLayerState{ActivityRecord{234571519 u0 com.google.android.apps.messaging/.ui.ConversationListActivity t167}#11918 parentId=11917} 3 children}
04-18 09:51:54.373  3518  3669 W PackageConfigPersister: App-specific configuration not found for packageName: com.google.android.apps.messaging and userId: 0
04-18 09:51:54.373  5827 12076 D PipelineWatcher: onInputBufferReleased: frameIndex not found (5072); ignored
04-18 09:51:54.374  1538 11218 I MdiSyncModule: (REDACTED) Receiving API connection from package '%s'...
04-18 09:51:54.374  5098  5136 D Bubbles : onLocusVisibilityChanged=NonConversationPage visible=true taskId=167
04-18 09:51:54.374  1538 11218 I MdiSyncModule: API connection successful!
04-18 09:51:54.376  1538  1669 I MdiSyncModule: (REDACTED) Receiving API connection from package '%s'...
04-18 09:51:54.377  1538  1669 I MdiSyncModule: API connection successful!
04-18 09:51:54.379  3518  4949 W PackageConfigPersister: App-specific configuration not found for packageName: com.google.android.apps.messaging and userId: 0
04-18 09:51:54.380  3518  7409 I WindowManager: Relayout Window{bb0c694 u0 com.google.android.apps.messaging/com.google.android.apps.messaging.ui.ConversationListActivity}: viewVisibility=0 req=1080x2340 ty=1 d0
04-18 09:51:54.380  2427  5864 I SurfaceFlinger: id=11926 createSurf, flag=44004, com.google.android.apps.messaging/com.google.android.apps.messaging.ui.ConversationListActivity$_25268#11926
04-18 09:51:54.380  3518  7409 D WindowManager: makeSurface duration=0 name=com.google.android.apps.messaging/com.google.android.apps.messaging.ui.ConversationListActivity$_25268
04-18 09:51:54.380  3518  7409 D WindowManager: Changing focus from null to Window{bb0c694 u0 com.google.android.apps.messaging/com.google.android.apps.messaging.ui.ConversationListActivity} displayId=0 Callers=com.android.server.wm.WindowManagerService.relayoutWindow:1350 com.android.server.wm.Session.relayout:30 android.view.IWindowSession$Stub.onTransact:840 com.android.server.wm.Session.onTransact:1 
04-18 09:51:54.380  3518  7409 I WindowManager: Cancelling animation restarting=true, leash=Surface(name=Surface(name=86cafd5 StatusBar#83)/@0xda385b7 - animation-leash of insets_animation#11923)/@0x91e6959
04-18 09:51:54.380  3518  7409 I WindowManager: Reparenting to original parent: Surface(name=WindowToken{bae8c8c type=2000 android.os.BinderProxy@60437de}#82)/@0x3e7e124, destroy=false, surface=Surface(name=86cafd5 StatusBar#83)/@0xda385b7
04-18 09:51:54.380  3518  7409 I WindowManager: Reparenting to leash, surface=Surface(name=86cafd5 StatusBar#83)/@0xda385b7, leashParent=Surface(name=WindowToken{bae8c8c type=2000 android.os.BinderProxy@60437de}#82)/@0x3e7e124
04-18 09:51:54.380  2427  5864 I SurfaceFlinger: id=11927 createSurf, flag=24000, Surface(name=86cafd5 StatusBar#83)/@0xda385b7 - animation-leash of insets_animation#11927
04-18 09:51:54.380  3518  7409 D WindowManager: makeSurface duration=0 leash=Surface(name=Surface(name=86cafd5 StatusBar#83)/@0xda385b7 - animation-leash of insets_animation#11927)/@0xd8c4242
04-18 09:51:54.380  3518  7409 D InsetsSourceProvider: updateControlForTarget: control=InsetsSourceControl: {13aa0000 mType=statusBars initiallyVisible mSurfacePosition=Point(0, 0) mInsetsHint=Insets{left=0, top=105, right=0, bottom=0}}, target=Window{bb0c694 u0 com.google.android.apps.messaging/com.google.android.apps.messaging.ui.ConversationListActivity}, from=com.android.server.wm.InsetsStateController.onControlTargetChanged:82 com.android.server.wm.InsetsPolicy.updateBarControlTarget:203 com.android.server.wm.DisplayPolicy.updateSystemBarAttributes:425 com.android.server.wm.WindowManagerService.updateFocusedWindowLocked:358 com.android.server.wm.WindowManagerService.relayoutWindow:1350 
04-18 09:51:54.380  3518  7409 I WindowManager: Cancelling animation restarting=true, leash=Surface(name=Surface(name=43797e9 NavigationBar0#79)/@0xc2f1642 - animation-leash of insets_animation#11924)/@0x906d5ff
04-18 09:51:54.380  3518  7409 I WindowManager: Reparenting to original parent: Surface(name=WindowToken{43a7870 type=2019 android.os.BinderProxy@91ae022}#78)/@0x1e0c653, destroy=false, surface=Surface(name=43797e9 NavigationBar0#79)/@0xc2f1642
04-18 09:51:54.380  3518  7409 I WindowManager: Reparenting to leash, surface=Surface(name=43797e9 NavigationBar0#79)/@0xc2f1642, leashParent=Surface(name=WindowToken{43a7870 type=2019 android.os.BinderProxy@91ae022}#78)/@0x1e0c653
04-18 09:51:54.380  2427  5864 I SurfaceFlinger: id=11928 createSurf, flag=24000, Surface(name=43797e9 NavigationBar0#79)/@0xc2f1642 - animation-leash of insets_animation#11928
04-18 09:51:54.380  3518  7409 D WindowManager: makeSurface duration=0 leash=Surface(name=Surface(name=43797e9 NavigationBar0#79)/@0xc2f1642 - animation-leash of insets_animation#11928)/@0x402f790
04-18 09:51:54.380  3518  7409 D InsetsSourceProvider: updateControlForTarget: control=InsetsSourceControl: {e1c40001 mType=navigationBars initiallyVisible mSurfacePosition=Point(0, 2205) mInsetsHint=Insets{left=0, top=0, right=0, bottom=135}}, target=Window{bb0c694 u0 com.google.android.apps.messaging/com.google.android.apps.messaging.ui.ConversationListActivity}, from=com.android.server.wm.InsetsStateController.onControlTargetChanged:82 com.android.server.wm.InsetsPolicy.updateBarControlTarget:216 com.android.server.wm.DisplayPolicy.updateSystemBarAttributes:425 com.android.server.wm.WindowManagerService.updateFocusedWindowLocked:358 com.android.server.wm.WindowManagerService.relayoutWindow:1350 
04-18 09:51:54.380  3518  7409 V SystemKeyManager: updateFocusedWindow() is called, com.google.android.apps.messaging/com.google.android.apps.messaging.ui.ConversationListActivity
04-18 09:51:54.381  3518  7409 I WindowManager: Relayout hash=bb0c694, pid=25268, syncId=-1: mAttrs={(0,0)(fillxfill) sim={state=hidden adjust=resize forwardNavigation} layoutInDisplayCutoutMode=always ty=BASE_APPLICATION wanim=0x1030318
04-18 09:51:54.381  3518  7409 I WindowManager:   fl=81810100
04-18 09:51:54.381  3518  7409 I WindowManager:   pfl=100088c0
04-18 09:51:54.381  3518  7409 I WindowManager:   vsysui=500
04-18 09:51:54.381  3518  7409 I WindowManager:   bhv=1
04-18 09:51:54.381  3518  7409 I WindowManager:   fitSides=0
04-18 09:51:54.381  3518  7409 I WindowManager:   frameRateBoostOnTouch=true
04-18 09:51:54.381  3518  7409 I WindowManager:   dvrrWindowFrameRateHint=true naviIconColor=0}
04-18 09:51:54.381  2427  2427 I SurfaceFlinger: RequestedLayer [bb0c694 com.google.android.apps.mess[...]ng.ui.ConversationListActivity#11925] hidden!! flag  from(1) --> to(0)
04-18 09:51:54.381  2427  2427 I SurfaceFlinger: [com.google.android.apps.messaging/com.google.android.apps.messaging.ui.ConversationListActivity$_25268#11926] attach to parent LayerHierarchy{RequestedLayerState{bb0c694 com.google.android.apps.messaging/com.google.android.apps.messaging.ui.ConversationListActivity#11925 parentId=11918} 1 children}
04-18 09:51:54.381  2427  2427 I SurfaceFlinger: [Surface(name=86cafd5 StatusBar#83)/@0xda385b7 - animation-leash of insets_animation#11927] attach to parent LayerHierarchy{RequestedLayerState{WindowToken{bae8c8c type=2000 android.os.BinderProxy@60437de}#82 parentId=17} 2 children}
04-18 09:51:54.381  2427  2427 I SurfaceFlinger: [Surface(name=43797e9 NavigationBar0#79)/@0xc2f1642 - animation-leash of insets_animation#11928] attach to parent LayerHierarchy{RequestedLayerState{WindowToken{43a7870 type=2019 android.os.BinderProxy@91ae022}#78 parentId=30} 2 children}
04-18 09:51:54.381 25268 25268 E BufferQueueProducer: Unable to open libpenguin.so: dlopen failed: library "libpenguin.so" not found.
04-18 09:51:54.381 25268 25268 E .apps.messaging: Unable to open libpenguin.so: dlopen failed: library "libpenguin.so" not found.
04-18 09:51:54.381 25268 25268 I BufferQueueProducer: [](id:62b400000000,api:0,p:-1800902032,c:25268) setDequeueTimeout:2077252342
04-18 09:51:54.381 25268 25268 I BLASTBufferQueue_Java: new BLASTBufferQueue, mName= VRI[ConversationListActivity]@4c892e5 mNativeObject= 0xb4000072a4aac990 caller= android.view.ViewRootImpl.updateBlastSurfaceIfNeeded:3611 android.view.ViewRootImpl.relayoutWindow:11817 android.view.ViewRootImpl.performTraversals:4847 android.view.ViewRootImpl.doTraversal:3967 android.view.ViewRootImpl$TraversalRunnable.run:13038 android.view.Choreographer$CallbackRecord.run:1961 android.view.Choreographer$CallbackRecord.run:1970 android.view.Choreographer.doCallbacks:1423 android.view.Choreographer.doFrame:1348 android.view.Choreographer$FrameDisplayEventReceiver.run:1930 
04-18 09:51:54.381 25268 25268 I BLASTBufferQueue_Java: update, w= 1080 h= 2340 mName = VRI[ConversationListActivity]@4c892e5 mNativeObject= 0xb4000072a4aac990 sc.mNativeObject= 0xb4000072b4a55990 format= -1 caller= android.view.ViewRootImpl.updateBlastSurfaceIfNeeded:3616 android.view.ViewRootImpl.relayoutWindow:11817 android.view.ViewRootImpl.performTraversals:4847 android.view.ViewRootImpl.doTraversal:3967 android.view.ViewRootImpl$TraversalRunnable.run:13038 android.view.Choreographer$CallbackRecord.run:1961 
04-18 09:51:54.382 25268 25268 I VRI[ConversationListActivity]@4c892e5: Relayout returned: old=(0,0,1080,2340) new=(0,0,1080,2340) relayoutAsync=false req=(1080,2340)0 dur=2 res=0x3 s={true 0xb400007224b06e50} ch=true seqId=0
04-18 09:51:54.382 25268 25268 I VRI[ConversationListActivity]@4c892e5: performConfigurationChange setNightDimText nightDimLevel=0
04-18 09:51:54.382 25268 25268 D VRI[ConversationListActivity]@4c892e5: mThreadedRenderer.initialize() mSurface={isValid=true 0xb400007224b06e50} hwInitialized=true
04-18 09:51:54.383 25268 25268 D VRI[ConversationListActivity]@4c892e5: reportNextDraw android.view.ViewRootImpl.performTraversals:5511 android.view.ViewRootImpl.doTraversal:3967 android.view.ViewRootImpl$TraversalRunnable.run:13038 android.view.Choreographer$CallbackRecord.run:1961 android.view.Choreographer$CallbackRecord.run:1970 
04-18 09:51:54.383 25268 25268 I HomeFragmentFlogger: HomeScreen not ready. Keeping splash screen.
