04-18 09:51:54.265  3518  6944 D HintManagerService: SystemUI make new AppHintSession but force pause
04-18 09:51:54.265  3518  3666 D SGM:SemGameManager: isForegroundGame(), ret=false
04-18 09:51:54.265  3518  7261 D InputTransport: Input channel constructed: '8b93f28', fd=1421
04-18 09:51:54.265  3518  3666 D NetworkPolicy: already checked 10272
04-18 09:51:54.265  3518  4848 V NetworkPolicy: getFirewallRuleWifi UID:10272 policy:0
04-18 09:51:54.266  5098  5230 E perf_hint: Session ID too large, must fit 32-bit integer
04-18 09:51:54.266  3518  7261 D InputTransport: Input channel constructed: '8b93f28', fd=1389
04-18 09:51:54.266  3518  7261 D InputTransport: Input channel destroyed: '8b93f28', fd=1421
04-18 09:51:54.266  3518  7261 D WindowManager: prepareSync <SYNC_STATE_WAITING_FOR_DRAW>, mPrepareSyncSeqId=0, win=Window{8b93f28 u0 Splash Screen com.google.android.apps.messaging}
04-18 09:51:54.266  2427  3133 I SurfaceFlinger: id=11919 createSurf, flag=84004, 8b93f28 Splash Screen com.google.android.apps.messaging#11919
04-18 09:51:54.266  3518  7261 D RestrictionPolicy: isScreenCaptureEnabled : ret=true userId=0
04-18 09:51:54.266  2331  2430 I HYPER-HAL: [RequestManager.cpp]acquire(): Acquired ID : 24958311 [2333 / 4731]  HINT :     list : [TID_LOW_LATENCY / 0] [TID / 5230] [TID / 5231] [TID / 5175] [TID / 5232] 
04-18 09:51:54.266  2427  2427 I SurfaceFlinger: [LayerHierarchy{RequestedLayerState{ImeContainer#15 parentId=94 relativeParentId=94 z=1} 1 children}] RelativeParent to null
04-18 09:51:54.266  3518  7261 V WindowManager: addWindow: ActivityRecord{234571519 u0 com.google.android.apps.messaging/.ui.ConversationListActivity t167} startingWindow=Window{8b93f28 u0 Splash Screen com.google.android.apps.messaging}
04-18 09:51:54.266  2427  2427 I SurfaceFlinger: [8b93f28 Splash Screen com.google.android.apps.messaging#11919] attach to parent LayerHierarchy{RequestedLayerState{ActivityRecord{234571519 u0 com.google.android.apps.messaging/.ui.ConversationListActivity t167}#11918 parentId=11917} 1 children}
04-18 09:51:54.266  3518  7261 D InputTransport: Input channel destroyed: '8b93f28', fd=1389
04-18 09:51:54.266  3518  3666 W PackageConfigPersister: App-specific configuration not found for packageName: com.google.android.apps.messaging and userId: 0
04-18 09:51:54.266  3518  3666 W PackageConfigPersister: App-specific configuration not found for packageName: com.sec.android.app.launcher and userId: 0
04-18 09:51:54.266  3518  3666 W PackageConfigPersister: App-specific configuration not found for packageName: com.samsung.android.incallui and userId: 0
04-18 09:51:54.266  3518  3666 W PackageConfigPersister: App-specific configuration not found for packageName: com.samsung.android.dialer and userId: 0
04-18 09:51:54.266  3518  3666 W PackageConfigPersister: App-specific configuration not found for packageName: com.termux and userId: 0
04-18 09:51:54.266  3518  3666 W PackageConfigPersister: App-specific configuration not found for packageName: com.sec.android.app.launcher and userId: 0
04-18 09:51:54.266  3518  3666 W PackageConfigPersister: App-specific configuration not found for packageName: com.android.settings and userId: 0
04-18 09:51:54.266  3518  3666 W PackageConfigPersister: App-specific configuration not found for packageName: com.android.vending and userId: 0
04-18 09:51:54.266  2331  2430 I HYPER-HAL: [RequestManager.cpp]releaseLocked(): Released ID : 24958311
04-18 09:51:54.266  2331  2430 I HYPER-HAL: [RequestManager.cpp]acquire(): Acquired ID : 24965377 [2333 / 4732]  HINT :     list : [UCLAMP_MIN_BOOST / 0] [TIMEOUT / 50] [TID / 5230] [TID / 5231] [TID / 5175] [TID / 5232] 
04-18 09:51:54.266  3518  6944 W PackageConfigPersister: App-specific configuration not found for packageName: com.google.android.apps.messaging and userId: 0
04-18 09:51:54.267  7452 29866 I SAMSUNGWALLET: [Hint_ProcessStatusChange] fg Change, pid : 25268 , isNotify : true , isForeground : true , fg list : [7857, 25268]
04-18 09:51:54.267  5098  5175 D InputTransport: Input channel constructed: '8b93f28', fd=674
04-18 09:51:54.267  5098  5175 I InsetsController: onStateChanged: host=Splash Screen com.google.android.apps.messaging, from=android.view.ViewRootImpl.onInsetsStateChanged:3038, state=InsetsState: {mDisplayFrame=Rect(0, 0 - 1080, 2340), mDisplayCutout=DisplayCutout{insets=Rect(0, 104 - 0, 0) waterfall=Insets{left=0, top=0, right=0, bottom=0} boundingRect={Bounds=[Rect(0, 0 - 0, 0), Rect(510, 0 - 570, 104), Rect(0, 0 - 0, 0), Rect(0, 0 - 0, 0)]} cutoutPathParserInfo={CutoutPathParserInfo{displayWidth=1080 displayHeight=2340 physicalDisplayWidth=1080 physicalDisplayHeight=2340 density={2.8125} cutoutSpec={M 0,0 H -10.66666666666667 V 37.06666666666667 H 10.66666666666667 V 0 H 0 Z @dp} rotation={0} scale={1.0} physicalPixelDisplaySizeRatio={1.0}}} sideOverrides={}}, mRoundedCorners=RoundedCorners{[RoundedCorner{position=TopLeft, radius=79, center=Point(79, 79)}, RoundedCorner{position=TopRight, radius=79, center=Point(1001, 79)}, RoundedCorner{position=BottomRight, radius=79, center=Point(1001, 2261)}, RoundedCorner{position=BottomLeft, radius=79, center=Point(79, 2261)}]}  mRoundedCornerFrame=Rect(0, 0 - 1080, 2340), mPrivacyIndicatorBounds=PrivacyIndicatorBounds {static bounds=Rect(956, 0 - 1080, 105) rotation=0}, mDisplayShape=DisplayShape{ spec=-311912193 displayWidth=1080 displayHeight=2340 physicalPixelDisplaySizeRatio=0.75 rotation=0 offsetX=0 offsetY=0 scale=1.0}, mSources= { InsetsSource: {e1c40001 mType=navigationBars mFrame=[0,2205][1080,2340] mAttachedInsets=null mVisible=true mFlags= mSideHint=BOTTOM mBoundingRects=null}, InsetsSource: {e1c40004 mType=systemGestures mFrame=[0,0][0,0] mAttachedInsets=null mVisible=true mFlags= mSideHint=NONE mBoundingRects=null}, InsetsSource: {e1c40005 mType=mandatorySystemGestures mFrame=[0,2205][1080,2340] mAttachedInsets=null mVisible=true mFlags= mSideHint=BOTTOM mBoundingRects=null}, InsetsSource: {e1c40006 mType=tappableElement mFrame=[0,2205][1080,2340] mAttachedInsets=null mVisible=true mFlags= mSideHint=BOTTOM mBoundingRects=null}, InsetsSource: {e1c40024 mType=systemGestures mFrame=[0,0][0,0] mAttachedInsets=null mVisible=true mFlags= mSideHint=NONE mBoundingRects=null}, InsetsSource: {3 mType=ime mFrame=[0,0][0,0] mAttachedInsets=null mVisible=false mFlags=INVALID mSideHint=NONE mBoundingRects=null}, InsetsSource: {27 mType=displayCutout mFrame=[0,0][1080,104] mAttachedInsets=null mVisible=true mFlags= mSideHint=TOP mBoundingRects=null}, InsetsSource: {13aa0000 mType=statusBars mFrame=[0,0][1080,105] mAttachedInsets=null mVisible=true mFlags= mSideHint=TOP mBoundingRects=null}, InsetsSource: {13aa0005 mType=mandatorySystemGestures mFrame=[0,0][1080,138] mAttachedInsets=null mVisible=true mFlags= mSideHint=TOP mBoundingRects=null}, InsetsSource: {13aa0006 mType=tappableElement mFrame=[0,0][1080,105] mAttachedInsets=null mVisible=true mFlags= mSideHint=TOP mBoundingRects=null} }
04-18 09:51:54.267  5098  5175 I VRI[messaging]@ae369e4: onActiveControlsChanged, removed=false, mAdded=false, caller=android.view.ViewRootImpl.handleInsetsControlChanged:3014 android.view.ViewRootImpl.setView:2028 android.view.WindowManagerGlobal.addView:606 com.android.wm.shell.startingsurface.SplashscreenWindowCreator.addWindow:38 com.android.wm.shell.startingsurface.StartingWindowController$$ExternalSyntheticLambda4.run:1460 
04-18 09:51:54.267 21815 21845 I egip    : (REDACTED) appOpsListener %s %s
04-18 09:51:54.267 21815 21845 I egip    : (REDACTED) Ignoring irrelevant audio permission changes for package %s
04-18 09:51:54.268  5098  5175 I VRI[messaging]@ae369e4: synced displayState. AttachInfo displayState=2
04-18 09:51:54.268  5098  5175 I VRI[messaging]@ae369e4: setView = android.widget.FrameLayout@65fda5a IsHRR=true mFlingFrameRateChange=0 TM=false
04-18 09:51:54.268  2754 16381 I CameraService: onUidStateChanged: uid=10048, procState is changed. (0 -> 1)
04-18 09:51:54.269  2754 16381 W libbinder.IPCThreadState: Sending oneway calls to frozen process.
04-18 09:51:54.269  2754 16381 W libbinder.IPCThreadState: Sending oneway calls to frozen process.
04-18 09:51:54.269  2416  2525 V APM_AudioPolicyManager: setAppState(portId:187, state:2)
04-18 09:51:54.269  2754 16381 W libbinder.IPCThreadState: Sending oneway calls to frozen process.
04-18 09:51:54.269 18860 18991 I Rubin   : [155] a.a.o(Unknown Source) : Notify com.samsung.android.rubin.inferenceengine.contextanalytics.engine.loggers.AppUsageLogger's database is updated.
04-18 09:51:54.268  3518  6944 W PackageConfigPersister: App-specific configuration not found for packageName: com.google.android.apps.messaging and userId: 0
04-18 09:51:54.269  2754 16381 W libbinder.IPCThreadState: Sending oneway calls to frozen process.
04-18 09:51:54.269  2754 16381 W libbinder.IPCThreadState: Sending oneway calls to frozen process.
04-18 09:51:54.269  2416  2525 V APM_AudioPolicyManager: setAppState(portId:187, state:2)
04-18 09:51:54.269  3518  3951 D OlafRestriction: source/com.samsung.android.smartsuggestions/10136 is system
04-18 09:51:54.269  3518  3951 D OlafRestriction: source/com.google.android.youtube/10292 is system
04-18 09:51:54.269  3518  3951 D OlafRestriction: source/com.google.android.youtube/10292 is system
04-18 09:51:54.269 25268 14967 I DisplayManager: Choreographer implicitly registered for the refresh rate.
04-18 09:51:54.269  3518  6944 W PackageConfigPersister: App-specific configuration not found for packageName: com.sec.android.app.launcher and userId: 0
04-18 09:51:54.269  3518  3951 D OlafRestriction: source/com.google.android.as.oss/10274 is system
04-18 09:51:54.269  3518  3951 D OlafRestriction: source/com.android.vending/10273 is system
04-18 09:51:54.269  6838  6991 V OsAgent : broadcastSystemEvent - 7
04-18 09:51:54.269 25268 14967 D HWUI    : CacheManager constructor. deviceInfo=(1080, 1920)
04-18 09:51:54.270  3518  6944 W PackageConfigPersister: App-specific configuration not found for packageName: com.samsung.android.incallui and userId: 0
04-18 09:51:54.270  3518  6944 W PackageConfigPersister: App-specific configuration not found for packageName: com.samsung.android.dialer and userId: 0
04-18 09:51:54.270  3518  6944 W PackageConfigPersister: App-specific configuration not found for packageName: com.termux and userId: 0
04-18 09:51:54.270 25268 14967 D vulkan  : searching for layers in '/data/app/~~9jM7i81cRdxhyiui2Sti-A==/com.google.android.apps.messaging-ynMSoRS7GdUGBb01ohTIkA==/lib/arm64'
04-18 09:51:54.270  3518  5550 D SGM:GameManager: identifyForegroundApp. com.google.android.apps.messaging, mCurrentUserId: 0, callerUserId: 0
04-18 09:51:54.270  5098  5232 D HWUI    : HWUI - treat SMPTE_170M as sRGB
04-18 09:51:54.270 25268 14967 D vulkan  : searching for layers in '/data/app/~~9jM7i81cRdxhyiui2Sti-A==/com.google.android.apps.messaging-ynMSoRS7GdUGBb01ohTIkA==/base.apk!/lib/arm64-v8a'
04-18 09:51:54.270 25268 14967 D vulkan  : searching for layers in '/data/app/~~9jM7i81cRdxhyiui2Sti-A==/com.google.android.apps.messaging-ynMSoRS7GdUGBb01ohTIkA==/split_config.arm64_v8a.apk!/lib/arm64-v8a'
04-18 09:51:54.270  5098  5098 D DisplayLifecycle: updateDisplay id = 0
04-18 09:51:54.270  7452  8297 I SAMSUNGWALLET: [Hint_SimpleHintProcessMonitor] isHomePackageRunning topPkgName = com.google.android.apps.messaging, topClsName = com.google.android.apps.messaging.main.MainActivity, return false , se : false
04-18 09:51:54.271  7452  7452 I SAMSUNGWALLET: [Hint_IntroHintService] Hint Status - HIDE : Home Package Not Running
04-18 09:51:54.271  7452  7452 I SAMSUNGWALLET: [Hint_IntroHintService] getWindowLayoutParams
04-18 09:51:54.271  3518  3669 D BLASTSyncEngine: SyncGroup 985:  Unfinished container: ActivityRecord{234571519 u0 com.google.android.apps.messaging/.ui.ConversationListActivity t167} mSyncState=2
04-18 09:51:54.271  7452  7452 I SAMSUNGWALLET: [Hint_IntroHintService] S fit
04-18 09:51:54.271  3518  3933 W PackageConfigPersister: App-specific configuration not found for packageName: com.google.android.apps.messaging and userId: 0
04-18 09:51:54.271  3518  3951 D OlafRestriction: source/com.samsung.android.smartsuggestions/10136 is system
04-18 09:51:54.271  3518  6944 I WindowManager: Relayout Window{8b93f28 u0 Splash Screen com.google.android.apps.messaging}: viewVisibility=0 req=1080x2340 ty=3 d0
04-18 09:51:54.271  5098  5206 D StackScroller: onDisplayChanged for predraw skip to 2
04-18 09:51:54.271  3518  5550 D WifiDisplayAdapter: isFitToActiveDisplayLocked : false
04-18 09:51:54.271  2427  5864 I SurfaceFlinger: id=11920 createSurf, flag=44004, Splash Screen com.google.android.apps.messaging$_5098#11920
04-18 09:51:54.271  3518  6944 D WindowManager: makeSurface duration=0 name=Splash Screen com.google.android.apps.messaging$_5098
04-18 09:51:54.271 14905 14911 I MediaCodec: setCodecState state(1), called in 6, domain 1, 0
04-18 09:51:54.272  5827  5867 I MediaCodec: setCodecState state(1), called in 6, domain 1, 0
04-18 09:51:54.272  3518  6944 D BLASTSyncEngine: SyncGroup 985:  Unfinished container: ActivityRecord{234571519 u0 com.google.android.apps.messaging/.ui.ConversationListActivity t167} mSyncState=2
04-18 09:51:54.272  5827 12076 D PipelineWatcher: onInputBufferReleased: frameIndex not found (5060); ignored
04-18 09:51:54.272  6799  6957 I SemMediaResourceHelper: onState
04-18 09:51:54.272  3518  6944 I WindowManager: Relayout hash=8b93f28, pid=5098, syncId=-1: mAttrs={(0,0)(fillxfill) sim={adjust=pan} layoutInDisplayCutoutMode=always ty=APPLICATION_STARTING fmt=TRANSLUCENT wanim=0x1030318
04-18 09:51:54.272  3518  6944 I WindowManager:   fl=81030118
04-18 09:51:54.272  3518  6944 I WindowManager:   pfl=10000810
04-18 09:51:54.272  3518  6944 I WindowManager:   bhv=1
04-18 09:51:54.272  3518  6944 I WindowManager:   fitSides=0
04-18 09:51:54.272  3518  6944 I WindowManager:   frameRateBoostOnTouch=true
04-18 09:51:54.272  3518  6944 I WindowManager:   dvrrWindowFrameRateHint=true naviIconColor=0}
04-18 09:51:54.272  6799  6957 I SemMediaResourceHelper: onState
04-18 09:51:54.272  3518  5550 D SGM:GameManager: identifyGamePackage. com.google.android.apps.messaging, mCurrentUserId: 0, callingMethodInfo: com.samsung.android.game.IGameManagerService$Stub.onTransact(IGameManagerService.java:247)
04-18 09:51:54.272  5098  5175 I VRI[messaging]@ae369e4: onActiveControlsChanged, removed=false, mAdded=true, caller=android.view.ViewRootImpl.handleInsetsControlChanged:3014 android.view.ViewRootImpl.relayoutWindow:11764 android.view.ViewRootImpl.performTraversals:4847 android.view.ViewRootImpl.doTraversal:3967 android.view.ViewRootImpl$TraversalRunnable.run:13038 
04-18 09:51:54.272  5098  5175 I BufferQueueProducer: [](id:13ea00000180,api:0,p:-1800987952,c:5098) setDequeueTimeout:2077252342
04-18 09:51:54.273  5098  5175 I BLASTBufferQueue_Java: new BLASTBufferQueue, mName= VRI[messaging]@ae369e4 mNativeObject= 0xb4000072a4a2ac60 caller= android.view.ViewRootImpl.updateBlastSurfaceIfNeeded:3611 android.view.ViewRootImpl.relayoutWindow:11817 android.view.ViewRootImpl.performTraversals:4847 android.view.ViewRootImpl.doTraversal:3967 android.view.ViewRootImpl$TraversalRunnable.run:13038 android.view.Choreographer$CallbackRecord.run:1961 android.view.Choreographer$CallbackRecord.run:1970 android.view.Choreographer.doCallbacks:1423 android.view.Choreographer.doFrame:1348 android.view.Choreographer$FrameDisplayEventReceiver.run:1930 
04-18 09:51:54.273  2331  2430 I HYPER-HAL: [RequestManager.cpp]releaseLocked(): Released ID : 23300578
04-18 09:51:54.273  5098  5175 I BLASTBufferQueue_Java: update, w= 1080 h= 2340 mName = VRI[messaging]@ae369e4 mNativeObject= 0xb4000072a4a2ac60 sc.mNativeObject= 0xb4000072b4a4ce10 format= -3 caller= android.view.ViewRootImpl.updateBlastSurfaceIfNeeded:3616 android.view.ViewRootImpl.relayoutWindow:11817 android.view.ViewRootImpl.performTraversals:4847 android.view.ViewRootImpl.doTraversal:3967 android.view.ViewRootImpl$TraversalRunnable.run:13038 android.view.Choreographer$CallbackRecord.run:1961 
04-18 09:51:54.273  7857 14828 I HoneySpace.Memory-Monitor: current state = 2, didTrim = false
04-18 09:51:54.273 18860 18991 I Rubin   : [155] com.samsung.android.rubin.inferenceengine.contextanalytics.engine.monitors.moment.exercise.ExercisingWithCmhMonitor.isSatisfiedByCmh(Unknown Source) : isSatisfiedByCmh is false
04-18 09:51:54.273  5098  5175 I VRI[messaging]@ae369e4: Relayout returned: old=(0,0,1080,2340) new=(0,0,1080,2340) relayoutAsync=false req=(1080,2340)0 dur=1 res=0x3 s={true 0xb400007224b17640} ch=true seqId=0
04-18 09:51:54.273  5098  5175 I VRI[messaging]@ae369e4: performConfigurationChange setNightDimText nightDimLevel=0
04-18 09:51:54.273  2427  3142 D SurfaceFlinger: [input] setFocusedWindow: <null>
04-18 09:51:54.273  3518  3933 D InputDispatcher: Focus left window (0): 32abfe5 com.sec.android.app.launcher/com.sec.android.app.launcher.activities.LauncherActivity
04-18 09:51:54.273  3518  6944 D InputDispatcher: Once focus requested (0): <null>
04-18 09:51:54.273  5098  5175 D VRI[messaging]@ae369e4: mThreadedRenderer.initialize() mSurface={isValid=true 0xb400007224b17640} hwInitialized=true
04-18 09:51:54.273  7857  7857 I ImeFocusController: onPreWindowFocus: skipped hasWindowFocus=false mHasImeFocus=true
04-18 09:51:54.273  5098  5175 D VRI[messaging]@ae369e4: reportNextDraw android.view.ViewRootImpl.performTraversals:5511 android.view.ViewRootImpl.doTraversal:3967 android.view.ViewRootImpl$TraversalRunnable.run:13038 android.view.Choreographer$CallbackRecord.run:1961 android.view.Choreographer$CallbackRecord.run:1970 
04-18 09:51:54.274  5098  5175 D VRI[messaging]@ae369e4: Setup new sync=wmsSync-VRI[messaging]@ae369e4#25
04-18 09:51:54.274  5098  5175 I VRI[messaging]@ae369e4: Creating new active sync group VRI[messaging]@ae369e4#26
04-18 09:51:54.274  5098  5175 D VRI[messaging]@ae369e4: registerCallbacksForSync syncBuffer=false
04-18 09:51:54.274 14905 14928 D PipelineWatcher: onInputBufferReleased: frameIndex not found (2); ignored
04-18 09:51:54.274  3518  3933 I InputMethodManagerService: isAccessoryKeyboard 0
04-18 09:51:54.274  7857  7857 I ImeFocusController: onPostWindowFocus: skipped hasWindowFocus=false mHasImeFocus=true
04-18 09:51:54.274  2427  2427 I SurfaceFlinger: [Splash Screen com.google.android.apps.messaging$_5098#11920] attach to parent LayerHierarchy{RequestedLayerState{8b93f28 Splash Screen com.google.android.apps.messaging#11919 parentId=11918} 1 children}
04-18 09:51:54.275  5098  5231 D VRI[messaging]@ae369e4: Received frameDrawingCallback syncResult=0 frameNum=1.
04-18 09:51:54.275  5098  5231 I VRI[messaging]@ae369e4: mWNT: t=0xb400007254a43240 mBlastBufferQueue=0xb4000072a4a2ac60 fn= 1 HdrRenderState mRenderHdrSdrRatio=1.0 caller= android.view.ViewRootImpl$12.onFrameDraw:15565 android.view.ThreadedRenderer$1.onFrameDraw:751 <bottom of call stack> 
04-18 09:51:54.275  5098  5231 I VRI[messaging]@ae369e4: Setting up sync and frameCommitCallback
04-18 09:51:54.275 25268 14967 D vulkan  : searching for layers in '/data/app/~~9jM7i81cRdxhyiui2Sti-A==/com.google.android.apps.messaging-ynMSoRS7GdUGBb01ohTIkA==/split_config.en.apk!/lib/arm64-v8a'
04-18 09:51:54.275 25268 14967 D vulkan  : searching for layers in '/data/app/~~9jM7i81cRdxhyiui2Sti-A==/com.google.android.apps.messaging-ynMSoRS7GdUGBb01ohTIkA==/split_config.ko.apk!/lib/arm64-v8a'
04-18 09:51:54.275 25268 14967 D vulkan  : searching for layers in '/data/app/~~9jM7i81cRdxhyiui2Sti-A==/com.google.android.apps.messaging-ynMSoRS7GdUGBb01ohTIkA==/split_config.xxhdpi.apk!/lib/arm64-v8a'
04-18 09:51:54.275  3518  3933 I WindowManager: Relayout Window{d1ae8bd u0 com.samsung.android.spay.pay.HintService}: viewVisibility=8 req=522x67 ty=2634 d0
04-18 09:51:54.276  3518  3933 E WindowManager: win=Window{d1ae8bd u0 com.samsung.android.spay.pay.HintService} destroySurfaces: appStopped=true cleanupOnResume=false win.mWindowRemovalAllowed=false win.mRemoveOnExit=false win.mViewVisibility=8 caller=com.android.server.wm.WindowManagerService.tryStartExitingAnimation:128 com.android.server.wm.WindowManagerService.relayoutWindow:1121 com.android.server.wm.Session.relayout:30 android.view.IWindowSession$Stub.onTransact:840 com.android.server.wm.Session.onTransact:1 android.os.Binder.execTransactInternal:1509 android.os.Binder.execTransact:1454 
04-18 09:51:54.276  5098  5232 I BLASTBufferQueue: [VRI[messaging]@ae369e4#372](f:0,a:0,s:0) onFrameAvailable the first frame is available
04-18 09:51:54.276  5098  5232 I SurfaceComposerClient: apply transaction with the first frame. layerId: 11920, bufferData(ID: 21895743279129, frameNumber: 1)
04-18 09:51:54.276  5098  5232 I VRI[messaging]@ae369e4: Received frameCommittedCallback lastAttemptedDrawFrameNum=1 didProduceBuffer=true
04-18 09:51:54.276  2427  5864 I SurfaceFlinger: [Splash Screen com.google.android.apps.messaging$_5098#11920] setTransactionState with the first frame. bufferData(ID: 21895743279129, frameNumber: 1)
04-18 09:51:54.276  5098  5232 D HWUI    : CFMS:: SetUp Pid : 5098    Tid : 5232
04-18 09:51:54.276  5098  5175 D VRI[messaging]@ae369e4: reportDrawFinished seqId=0
04-18 09:51:54.276  5098  5175 D VRI[messaging]@ae369e4: call clearFrameRate
04-18 09:51:54.276  5098  5175 I VRI[messaging]@ae369e4: call setFrameRateCategory category=high, reason=boost, vri=VRI[messaging]@ae369e4
04-18 09:51:54.277  3518  3933 D BLASTSyncEngine: SyncGroup 985:  Unfinished container: ActivityRecord{234571519 u0 com.google.android.apps.messaging/.ui.ConversationListActivity t167} mSyncState=2
04-18 09:51:54.277  2427  2502 I SurfaceFlinger: Current= 240, Period= 240, Distance= 6
04-18 09:51:54.277  3518  5550 D WindowManager: finishDrawingWindow: Window{8b93f28 u0 Splash Screen com.google.android.apps.messaging} mDrawState=DRAW_PENDING seqId=0
04-18 09:51:54.277  3518  5550 V WindowManager: Finishing drawing window Window{8b93f28 u0 Splash Screen com.google.android.apps.messaging}: mDrawState=DRAW_PENDING
04-18 09:51:54.277  3518  5550 V WindowManager: Draw state now committed in Window{8b93f28 u0 Splash Screen com.google.android.apps.messaging}
04-18 09:51:54.277  3518  3933 I WindowManager: Relayout hash=d1ae8bd, pid=7452, syncId=-1: mAttrs={(0,0)(522x67) gr=BOTTOM CENTER sim={adjust=pan} layoutInDisplayCutoutMode=shortEdges ty=2634 fmt=TRANSLUCENT
04-18 09:51:54.277  3518  3933 I WindowManager:   fl=1800308
04-18 09:51:54.277  3518  3933 I WindowManager:   pfl=10000000
04-18 09:51:54.277  3518  3933 I WindowManager:   bhv=1
04-18 09:51:54.277  3518  3933 I WindowManager:   fitTypes=2
04-18 09:51:54.277  3518  3933 I WindowManager:   fitSides=5
04-18 09:51:54.277  3518  3933 I WindowManager:   frameRateBoostOnTouch=true
04-18 09:51:54.277  3518  3933 I WindowManager:   dvrrWindowFrameRateHint=true naviIconColor=0}
04-18 09:51:54.277 25268 25268 D AppCompatDelegate: Checking for metadata for AppLocalesMetadataHolderService : Service not found
04-18 09:51:54.277  3518  3669 V WindowManager: SyncGroup 985: Finished!
04-18 09:51:54.277  3518  3669 V WindowManager: performShowLocked: mDrawState=HAS_DRAWN in Window{8b93f28 u0 Splash Screen com.google.android.apps.messaging}
04-18 09:51:54.277  3518  3669 D ChangeTransitionController: onTransactionReady: TransitionRecord{b0dbe1e id=985 type=OPEN flags=0x0 parallelCollectType=NONE recentsDisplayId=-1 c=[
04-18 09:51:54.277  3518  3669 D ChangeTransitionController:    ChangeInfo{9a4a5a5 container=ActivityRecord{50490468 u0 com.sec.android.app.launcher/.activities.LauncherActivity t44} flags=0x0}
04-18 09:51:54.277  3518  3669 D ChangeTransitionController:    ChangeInfo{aedc882 container=WindowedMagnification:0:31@50727657 flags=0x0}
04-18 09:51:54.277  3518  3669 D ChangeTransitionController:    ChangeInfo{830fd7a container=Task{6f675b3 #1 type=home} flags=0x0}
04-18 09:51:54.277  3518  3669 D ChangeTransitionController:    ChangeInfo{73492b container=RemoteWallpaperAnim:1:1@135178324 flags=0x0}
04-18 09:51:54.277  3518  3669 D ChangeTransitionController:    ChangeInfo{e22b93 container=Display{#0 state=ON size=1080x2340 ROTATION_0} flags=0x0}
04-18 09:51:54.277  3518  3669 D ChangeTransitionController:    ChangeInfo{4587d0 container=AppZoomOut:2:14@171890544 flags=0x0}
04-18 09:51:54.277  3518  3669 D ChangeTransitionController:    ChangeInfo{3a37188 container=WallpaperWindowToken{a9e9ca6 showWhenLocked=true}_<lock> flags=0x0}
04-18 09:51:54.277  3518  3669 D ChangeTransitionController:    ChangeInfo{5ef721 container=Task{c283a93 #44 type=home I=com.sec.android.app.launcher/.activities.LauncherActivity} flags=0x0}
04-18 09:51:54.277  3518  3669 D ChangeTransitionController:    ChangeInfo{7dc63c9 container=Task{c539e2a #167 type=standard A=10272:com.google.android.apps.messaging} flags=0x0}
04-18 09:51:54.277  3518  3669 D ChangeTransitionController:    ChangeInfo{5b3eace container=DefaultTaskDisplayArea_d0@232835871 flags=0x0}
04-18 09:51:54.277  3518  3669 D ChangeTransitionController:    ChangeInfo{879edef container=ActivityRecord{234571519 u0 com.google.android.apps.messaging/.ui.ConversationListActivity t167} flags=0x0}
04-18 09:51:54.277  3518  3669 D ChangeTransitionController: ]
04-18 09:51:54.277  3518  3669 D ChangeTransitionController: }
04-18 09:51:54.277  3518  3669 V WindowManager: Start calculating TransitionInfo based on participants: {ActivityRecord{50490468 u0 com.sec.android.app.launcher/.activities.LauncherActivity t44}, WallpaperWindowToken{a9e9ca6 showWhenLocked=true}_<lock>, Task{c539e2a #167 type=standard A=10272:com.google.android.apps.messaging}, ActivityRecord{234571519 u0 com.google.android.apps.messaging/.ui.ConversationListActivity t167}}
04-18 09:51:54.278  3518  3669 V WindowManager:   Final targets: [ChangeInfo{7dc63c9 container=Task{c539e2a #167 type=standard A=10272:com.google.android.apps.messaging} flags=0x10}, ChangeInfo{830fd7a container=Task{6f675b3 #1 type=home} flags=0x10}, ChangeInfo{3a37188 container=WallpaperWindowToken{a9e9ca6 showWhenLocked=true}_<lock> flags=0x0}]
04-18 09:51:54.278  2427  2502 I SurfaceFlinger: id=11921 createSurf, flag=84004, Transition Root: Task=167#11921
04-18 09:51:54.278  7452  7452 I VRI[HintService]@f05ea01: Relayout returned: old=(279,2273,801,2340) new=(279,2273,801,2340) relayoutAsync=false req=(522,67)8 dur=2 res=0x2 s={false 0x0} ch=true seqId=0
04-18 09:51:54.278  3518  3669 W PackageConfigPersister: App-specific configuration not found for packageName: com.google.android.apps.messaging and userId: 0
04-18 09:51:54.278  3518  3669 I SurfaceControlRegistry: show, t=StartTransaction_SyncId<985> sc=ActivityRecord{234571519 u0 com.google.android.apps.messaging/.ui.ConversationListActivity t167}#11918, caller=android.view.SurfaceControl$Transaction.show:3676 com.android.server.wm.Transition.onTransactionReady:2236 com.android.server.wm.BLASTSyncEngine$SyncGroup.finishNow:261 com.android.server.wm.BLASTSyncEngine.onSurfacePlacement:263 com.android.server.wm.RootWindowContainer.performSurfacePlacement:1105 com.android.server.wm.WindowSurfacePlacer.performSurfacePlacement:163 
04-18 09:51:54.278  3518  3669 V WindowManager: Calling onTransitionReady: {id=985 t=OPEN f=0x0 trk=0 r=[0@Point(0, 0)] c=[
04-18 09:51:54.278  3518  3669 V WindowManager:         {WCT{RemoteToken{212e45d Task{c539e2a #167 type=standard A=10272:com.google.android.apps.messaging}}} m=OPEN f=NONE leash=Surface(name=Task=167#11917)/@0xc417746 sb=Rect(0, 0 - 1080, 2340) eb=Rect(0, 0 - 1080, 2340) epz=Point(1080, 2340) d=0 taskParent=-1 winMode=1 userId=0 inset=Rect(0, 105 - 0, 135) dim=true},
04-18 09:51:54.278  3518  3669 V WindowManager:         {WCT{RemoteToken{bca97b2 Task{6f675b3 #1 type=home}}} m=TO_BACK f=SHOW_WALLPAPER|EDGE_EXTENSION_RESTRICTION leash=Surface(name=Task=1#46)/@0x1045b05 sb=Rect(0, 0 - 1080, 2340) eb=Rect(0, 0 - 1080, 2340) epz=Point(1080, 2340) d=0 taskParent=-1 winMode=1 userId=0 inset=Rect(0, 105 - 0, 135) dim=true},
04-18 09:51:54.278  3518  3669 V WindowManager:         {m=TO_BACK f=IS_WALLPAPER|IS_FIXED_PORTRAIT p=WCT{RemoteToken{b0e0091 RemoteWallpaperAnim:1:1@135178324}} leash=Surface(name=WallpaperWindowToken{a9e9ca6}#8471)/@0x4efaf3c sb=Rect(0, 0 - 1080, 2340) eb=Rect(0, 0 - 1080, 2340) epz=Point(1080, 2340) d=0 inset=Rect(0, 0 - 0, 0)}
04-18 09:51:54.278  3518  3669 V WindowManager:     ]}
04-18 09:51:54.279  3518  3669 D PowerManagerService: [api] setPowerBoost(L) boost:0, durationMs:0, caller (uid: 1000 pid: 3518) <- m() in com.android.server.display.DisplayManagerService$BinderService$$ExternalSyntheticOutline0:1
04-18 09:51:54.279 25268 14967 E Adreno-AppProfiles: QSPM AIDL service doesn't exist
04-18 09:51:54.279 25268 14967 I AdrenoVK-0: ===== BEGIN DUMP OF OVERRIDDEN SETTINGS =====
04-18 09:51:54.279 25268 14967 I AdrenoVK-0: ===== END DUMP OF OVERRIDDEN SETTINGS =====
04-18 09:51:54.279  3518  3665 V WindowManager: Sent Transition (#985) createdAt=04-18 09:51:54.245 via request=TransitionRequestInfo { type = OPEN, triggerTask = TaskInfo{userId=0 taskId=167 effectiveUid=10272 displayId=0 isRunning=true baseIntent=Intent { flg=0x10000000 cmp=com.google.android.apps.messaging/.ui.ConversationListActivity } baseActivity=ComponentInfo{com.google.android.apps.messaging/com.google.android.apps.messaging.main.MainActivity} topActivity=ComponentInfo{com.google.android.apps.messaging/com.google.android.apps.messaging.main.MainActivity} origActivity=ComponentInfo{com.google.android.apps.messaging/com.google.android.apps.messaging.ui.ConversationListActivity} realActivity=ComponentInfo{com.google.android.apps.messaging/com.google.android.apps.messaging.main.MainActivity} numActivities=1 lastActiveTime=1388559333 supportsMultiWindow=true resizeMode=1 isResizeable=true minWidth=-1 minHeight=-1 maxWidth=-1 maxHeight=-1 defaultMinSize=220 desktopDefaultMinSize=304 token=WCT{RemoteToken{212e45d Task{c539e2a #167 type=standard A=10272:com.google.android.apps.messaging}}} topActivityType=1 pictureInPictureParams=null shouldDockBigOverlays=false launchIntoPipHostTaskId=-1 lastParentTaskIdBeforePip=-1 displayCutoutSafeInsets=Rect(0, 104 - 0, 0) topActivityInfo=ActivityInfo{7d5b2a3 com.google.android.apps.messaging.ui.ConversationListActivity} launchCookies=[] positionInParent=Point(0, 0) parentTaskId=-1 isFocused=false isVisible=false isVisibleRequested=false isTopActivityNoDisplay=false isSleeping=false locusId=null displayAreaFeatureId=1 isTopActivityTransparent=false isActivityStackTransparent=false lastNonFullscreenBounds=Rect(81, 570 - 999, 1740) capturedLink=null capturedLinkTimestamp=0 requestedVisibleTypes=503 topActivityRequestOpenInBrowserEducationTimestamp=0 appCompatTaskInfo=AppCompatTaskInfo { topActivityInSizeCompat=false isLeafTask= true eligibleForLetterboxEducation= false isLetterboxEducationEnabled= false isLetterboxDoubleTapEnabled= false eligibleForUserAspectRatioButton= false topActivityBoundsLetterboxed= false isFromLetterboxDoubleTap= false topActivityLetterboxVerticalPosition= -1 topActivityLetterboxHorizontalPosition= -1 topActivityLetterboxWidth=-1 topActivityLetterboxHeight=-1 topActivityAppBounds=Rect(0, 0 - 1080, 2340) isUserFullscreenOverrideEnabled=false isSystemFullscreenOverrideEnabled=false hasMinAspectRatioOverride=false topActivityLetterboxBounds=null cameraCompatTaskInfo=CameraCompatTaskInfo { cameraCompatMode=undefinedundefined} topActivityBounds=null topActivityInDisplayCompat=false showForceRotationButton=false forceRotationButtonState=0 singleTapFromLetterbox=false topNonResizableActivityAspectRatio=-1.0} topActivityMainWindowFrame=null originallySupportedMultiWindow=true hasWallpaper=false rootAffinity=10272:com.google.android.apps.messaging isTopTaskInStage=false CoverLauncherWidgetTask=false LaunchedFromAppsCoverLauncherTask=false LaunchedFromMultistarCoverLauncherTask=false isAllowedSeamlessRotation=false isTopTransparentActivity=false isAliasManaged=false hasConfigChanged=false isAiKeyRemoveAppTask=false lastDesktopWindowingBounds=null lastExternalDesktopWindowingBounds=nullisPackageNightModeActive=true safeCutoutInsets=null isAppBubble=false}, pipChange = null, remoteTransition = null, displayChange = null, requestedLocation = null, userChange = null, windowingLayerChange = null, flags = 0, debugId = 985 }
04-18 09:51:54.279  3518  3665 V WindowManager:     startWCT=WindowContainerTransaction { changes= {} hops= [] errorCallbackToken=null taskFragmentOrganizer=null }
04-18 09:51:54.279  3518  3665 V WindowManager:     info={id=985 t=OPEN f=0x0 trk=0 r=[0@Point(0, 0)] c=[
04-18 09:51:54.279  3518  3665 V WindowManager:         {WCT{RemoteToken{212e45d Task{c539e2a #167 type=standard A=10272:com.google.android.apps.messaging}}} m=OPEN f=NONE leash=Surface(name=Task=167#11917)/@0xc417746 sb=Rect(0, 0 - 1080, 2340) eb=Rect(0, 0 - 1080, 2340) epz=Point(1080, 2340) d=0 taskParent=-1 winMode=1 userId=0 inset=Rect(0, 105 - 0, 135) dim=true},
04-18 09:51:54.279  3518  3665 V WindowManager:         {WCT{RemoteToken{bca97b2 Task{6f675b3 #1 type=home}}} m=TO_BACK f=SHOW_WALLPAPER|EDGE_EXTENSION_RESTRICTION leash=Surface(name=Task=1#46)/@0x1045b05 sb=Rect(0, 0 - 1080, 2340) eb=Rect(0, 0 - 1080, 2340) epz=Point(1080, 2340) d=0 taskParent=-1 winMode=1 userId=0 inset=Rect(0, 105 - 0, 135) dim=true},
04-18 09:51:54.279  3518  3665 V WindowManager:         {m=TO_BACK f=IS_WALLPAPER|IS_FIXED_PORTRAIT p=WCT{RemoteToken{b0e0091 RemoteWallpaperAnim:1:1@135178324}} leash=Surface(name=WallpaperWindowToken{a9e9ca6}#8471)/@0x4efaf3c sb=Rect(0, 0 - 1080, 2340) eb=Rect(0, 0 - 1080, 2340) epz=Point(1080, 2340) d=0 inset=Rect(0, 0 - 0, 0)}
04-18 09:51:54.279  3518  3665 V WindowManager:     ]}
04-18 09:51:54.280  5098  9961 V WindowManagerShell: onTransitionReady(transaction=15109696593568)
04-18 09:51:54.280 25268 14967 E Adreno-AppProfiles: QSPM AIDL service doesn't exist
04-18 09:51:54.280  3518  5550 W PackageConfigPersister: App-specific configuration not found for packageName: com.google.android.apps.messaging and userId: 0
04-18 09:51:54.280 25268 14967 I AdrenoVK-0: ===== BEGIN DUMP OF OVERRIDDEN SETTINGS =====
04-18 09:51:54.280 25268 14967 I AdrenoVK-0: ===== END DUMP OF OVERRIDDEN SETTINGS =====
04-18 09:51:54.280  5098  5136 V WindowManagerShell: onTransitionReady (#985) android.os.BinderProxy@6ad72aa: {id=985 t=OPEN f=0x0 trk=0 r=[0@Point(0, 0)] c=[
04-18 09:51:54.280  5098  5136 V WindowManagerShell:         {m=OPEN f=NONE leash=Surface(name=Task=167#11917)/@0xae46ffe sb=Rect(0, 0 - 1080, 2340) eb=Rect(0, 0 - 1080, 2340) epz=Point(1080, 2340) d=0 taskParent=-1 winMode=1 userId=0 inset=Rect(0, 105 - 0, 135) dim=true},
04-18 09:51:54.280  5098  5136 V WindowManagerShell:         {m=TO_BACK f=SHOW_WALLPAPER|EDGE_EXTENSION_RESTRICTION leash=Surface(name=Task=1#46)/@0x9d7435f sb=Rect(0, 0 - 1080, 2340) eb=Rect(0, 0 - 1080, 2340) epz=Point(1080, 2340) d=0 taskParent=-1 winMode=1 userId=0 inset=Rect(0, 105 - 0, 135) dim=true},
04-18 09:51:54.280  5098  5136 V WindowManagerShell:         {m=TO_BACK f=IS_WALLPAPER|IS_FIXED_PORTRAIT p=WCT{android.os.BinderProxy@8c6b3be} leash=Surface(name=WallpaperWindowToken{a9e9ca6}#8471)/@0x1a8d1ac sb=Rect(0, 0 - 1080, 2340) eb=Rect(0, 0 - 1080, 2340) epz=Point(1080, 2340) d=0 inset=Rect(0, 0 - 0, 0)}
04-18 09:51:54.280  5098  5136 V WindowManagerShell:     ]}
04-18 09:51:54.280  5098  5136 V ShellDesktopMode: DesktopModeLogger: taskInfo map after processing changes 0
04-18 09:51:54.280  5098  5136 D ShellDesktopMode: DesktopTaskChangeListener: onTaskMovingToBack for taskId=1, displayId=0 - desktop not supported
04-18 09:51:54.280  5098  5136 D ShellDesktopMode: DesktopTaskChangeListener: onTaskOpening for taskId=167, displayId=0 userId=0 currentUserId=0 parentTaskId=-1 isFreeform=false isActive=false
04-18 09:51:54.280  3518  5550 W PackageConfigPersister: App-specific configuration not found for packageName: com.google.android.apps.messaging and userId: 0
04-18 09:51:54.281  5098  5136 D ShellDesktopMode: DesktopTaskChangeListener: onTaskOpening for taskId=167, displayId=0 - desktop not supported
04-18 09:51:54.281  2427  2427 I SurfaceFlinger: [Splash Screen com.google.android.apps.messaging$_5098#11920] setFrameRate: 0.000000, Default, SeamedAndSeamless
04-18 09:51:54.281  2427  2427 I SurfaceFlinger: [Splash Screen com.google.android.apps.messaging$_5098#11920] setFrameRateCategory: High
04-18 09:51:54.281  2427  2427 I SurfaceFlinger: [LayerHierarchy{RequestedLayerState{com.samsung.android.spay.pay.HintService$_7452#11913} no children}] reparent to OffscreenRoot
04-18 09:51:54.281  2427  2427 I SurfaceFlinger: [LayerHierarchy{RequestedLayerState{com.samsung.android.spay.pay.HintService$_7452#11913} no children}] RelativeParent to null
04-18 09:51:54.281  2427  2427 I SurfaceFlinger: [Transition Root: Task=167#11921] attach to parent LayerHierarchy{RequestedLayerState{DefaultTaskDisplayArea_d0#10 parentId=9} 12 children}
04-18 09:51:54.281  5098  5136 I SurfaceControlRegistry: hide, t=FinishTransaction_SyncId<985> sc=Task=1#46, caller=android.view.SurfaceControl$Transaction.hide:3702 com.android.wm.shell.transition.Transitions.dispatchReady:1266 com.android.wm.shell.transition.Transitions$TransitionPlayerImpl$$ExternalSyntheticLambda2.run:284 android.os.Handler.handleCallback:1070 android.os.Handler.dispatchMessage:125 android.os.Looper.dispatchMessage:358 
04-18 09:51:54.281  5098  5136 I SurfaceControlRegistry: show, t=StartTransaction_SyncId<985> sc=Task=167#11917, caller=android.view.SurfaceControl$Transaction.show:3676 com.android.wm.shell.transition.Transitions.dispatchReady:1280 com.android.wm.shell.transition.Transitions$TransitionPlayerImpl$$ExternalSyntheticLambda2.run:284 android.os.Handler.handleCallback:1070 android.os.Handler.dispatchMessage:125 android.os.Looper.dispatchMessage:358 
04-18 09:51:54.281  5098  5136 I SurfaceControlRegistry: show, t=FinishTransaction_SyncId<985> sc=Task=167#11917, caller=android.view.SurfaceControl$Transaction.show:3676 com.android.wm.shell.transition.Transitions.dispatchReady:1363 com.android.wm.shell.transition.Transitions$TransitionPlayerImpl$$ExternalSyntheticLambda2.run:284 android.os.Handler.handleCallback:1070 android.os.Handler.dispatchMessage:125 android.os.Looper.dispatchMessage:358 
04-18 09:51:54.281  5098  5136 V WindowManagerShell: Playing animation for (#985) android.os.BinderProxy@6ad72aa@0
04-18 09:51:54.281  5098  5136 I SurfaceControlRegistry: show, t=StartTransaction_SyncId<985> sc=Transition Root: Task=167#11921, caller=android.view.SurfaceControl$Transaction.show:3676 com.android.wm.shell.transition.Transitions.playTransition:78 com.android.wm.shell.transition.Transitions.processReadyQueue:296 com.android.wm.shell.transition.Transitions.dispatchReady:1385 com.android.wm.shell.transition.Transitions$TransitionPlayerImpl$$ExternalSyntheticLambda2.run:284 android.os.Handler.handleCallback:1070 
04-18 09:51:54.281  5098  5136 V ShellRecents: RecentsTransitionHandler.startAnimation: no controller found
04-18 09:51:54.281  5098  5136 V ShellDesktopMode: DesktopMixedTransitionHandler: No pending desktop transition
04-18 09:51:54.281  5098  5136 V WindowManagerShell: Transition doesn't have explicit remote, search filters for match for {id=985 t=OPEN f=0x0 trk=0 r=[0@Point(0, 0)] c=[{m=OPEN f=NONE leash=Surface(name=Task=167#11917)/@0xae46ffe sb=Rect(0, 0 - 1080, 2340) eb=Rect(0, 0 - 1080, 2340) epz=Point(1080, 2340) d=0 taskParent=-1 winMode=1 userId=0 inset=Rect(0, 105 - 0, 135) dim=true},{m=TO_BACK f=SHOW_WALLPAPER|EDGE_EXTENSION_RESTRICTION leash=Surface(name=Task=1#46)/@0x9d7435f sb=Rect(0, 0 - 1080, 2340) eb=Rect(0, 0 - 1080, 2340) epz=Point(1080, 2340) d=0 taskParent=-1 winMode=1 userId=0 inset=Rect(0, 105 - 0, 135) dim=true},{m=TO_BACK f=IS_WALLPAPER|IS_FIXED_PORTRAIT p=WCT{android.os.BinderProxy@8c6b3be} leash=Surface(name=WallpaperWindowToken{a9e9ca6}#8471)/@0x1a8d1ac sb=Rect(0, 0 - 1080, 2340) eb=Rect(0, 0 - 1080, 2340) epz=Point(1080, 2340) d=0 inset=Rect(0, 0 - 0, 0)}]}
04-18 09:51:54.281  5098  5136 V WindowManagerShell:  Checking filter Pair{{types=[] flags=0x0] notFlags=0x100 checks=[{atype=home independent=true modes=[OPEN,TO_FRONT] flags=NONE mustBeTask=false order=TOP topActivity=ComponentInfo{com.sec.android.app.launcher/com.sec.android.app.launcher.Launcher} launchCookie=null windowingMode=undefined isCrossDisplayMove=false},{atype=recents independent=true modes=[CLOSE,TO_BACK] flags=NONE mustBeTask=false order=ANY topActivity=null launchCookie=null windowingMode=undefined isCrossDisplayMove=false}]} RemoteTransition { remoteTransition = android.window.IRemoteTransition$Stub$Proxy@e5fbf30, appThread = android.app.IApplicationThread$Stub$Proxy@a2537a9, debugName = QuickstepLaunchHomeFromRecentsflags =NONE }}
04-18 09:51:54.281  5098  5136 V WindowManagerShell:  Checking filter Pair{{types=[] flags=0x0] notFlags=0x100 checks=[{atype=home independent=true modes=[OPEN,TO_FRONT] flags=NONE mustBeTask=false order=TOP topActivity=ComponentInfo{com.sec.android.app.launcher/com.sec.android.app.launcher.Launcher} launchCookie=null windowingMode=undefined isCrossDisplayMove=false},{atype=standard independent=true modes=[CLOSE,TO_BACK] flags=NONE mustBeTask=false order=ANY topActivity=null launchCookie=null windowingMode=undefined isCrossDisplayMove=false}]} RemoteTransition { remoteTransition = android.window.IRemoteTransition$Stub$Proxy@e84612e, appThread = android.app.IApplicationThread$Stub$Proxy@b8d94cf, debugName = QuickstepLaunchHomeflags =NONE }}
04-18 09:51:54.281  5098  5136 V WindowManagerShell:  Delegate animation for (#985) to null
04-18 09:51:54.281  5098  5136 V WindowManagerShell: start default transition animation, info = {id=985 t=OPEN f=0x0 trk=0 r=[0@Point(0, 0)] c=[{m=OPEN f=NONE leash=Surface(name=Task=167#11917)/@0xae46ffe sb=Rect(0, 0 - 1080, 2340) eb=Rect(0, 0 - 1080, 2340) epz=Point(1080, 2340) d=0 taskParent=-1 winMode=1 userId=0 inset=Rect(0, 105 - 0, 135) dim=true},{m=TO_BACK f=SHOW_WALLPAPER|EDGE_EXTENSION_RESTRICTION leash=Surface(name=Task=1#46)/@0x9d7435f sb=Rect(0, 0 - 1080, 2340) eb=Rect(0, 0 - 1080, 2340) epz=Point(1080, 2340) d=0 taskParent=-1 winMode=1 userId=0 inset=Rect(0, 105 - 0, 135) dim=true},{m=TO_BACK f=IS_WALLPAPER|IS_FIXED_PORTRAIT p=WCT{android.os.BinderProxy@8c6b3be} leash=Surface(name=WallpaperWindowToken{a9e9ca6}#8471)/@0x1a8d1ac sb=Rect(0, 0 - 1080, 2340) eb=Rect(0, 0 - 1080, 2340) epz=Point(1080, 2340) d=0 inset=Rect(0, 0 - 0, 0)}]}
04-18 09:51:54.281  2427  5864 I SurfaceFlinger: id=11922 createSurf, flag=84000, e173259 ActivityRecordInputSink com.google.android.apps.messaging/.main.MainActivity#11922
04-18 09:51:54.281  5098  5136 V WindowManagerShell: loadAnimation: anim=android.view.animation.AnimationSet@4a75c98 animAttr=0x13 type=OPEN isEntrance=false
04-18 09:51:54.281  5098  5136 V WindowManagerShell:    wallpaperTransit=WALLPAPER_CLOSE translucent=false
04-18 09:51:54.281  5098  5136 V WindowManagerShell:    change={m=TO_BACK f=SHOW_WALLPAPER|EDGE_EXTENSION_RESTRICTION leash=Surface(name=Task=1#46)/@0x9d7435f sb=Rect(0, 0 - 1080, 2340) eb=Rect(0, 0 - 1080, 2340) epz=Point(1080, 2340) d=0 taskParent=-1 winMode=1 userId=0 inset=Rect(0, 105 - 0, 135) dim=true}
04-18 09:51:54.281 25268 14967 D qdgralloc: Fetching IMapper5 from QtiMapper5
04-18 09:51:54.281  2427  2502 I SurfaceFlinger: Current= 240, Period= 240, Distance= 240
04-18 09:51:54.281  2427  2427 I SurfaceFlinger: id=11913 Removed com.samsung.android.spay.pay.HintService$_7452#11913 (166)
04-18 09:51:54.281  5098  5136 V WindowManagerShell: loadAnimation: anim=android.view.animation.AnimationSet@801aa44 animAttr=0x12 type=OPEN isEntrance=true
04-18 09:51:54.281  5098  5136 V WindowManagerShell:    wallpaperTransit=WALLPAPER_CLOSE translucent=false
04-18 09:51:54.281  5098  5136 V WindowManagerShell:    change={m=OPEN f=NONE leash=Surface(name=Task=167#11917)/@0xae46ffe sb=Rect(0, 0 - 1080, 2340) eb=Rect(0, 0 - 1080, 2340) epz=Point(1080, 2340) d=0 taskParent=-1 winMode=1 userId=0 inset=Rect(0, 105 - 0, 135) dim=true}
04-18 09:51:54.281  3518  3668 D LocalDisplayAdapter: updateActiveModeLocked for d=4630947077158959251, mActiveModeId=2, mActiveSfDisplayMode=DisplayMode{id=1, width=1080, height=2340, xDpi=375.78082, yDpi=373.81134, peakRefreshRate=120.00001, vsyncRate=240.00005, appVsyncOffsetNanos=8333111, presentationDeadlineNanos=9333444, supportedHdrTypes=[4, 2, 3], group=1}
04-18 09:51:54.281  5098  5136 I SurfaceControlRegistry: apply, t=StartTransaction_SyncId<985>, caller=android.view.SurfaceControl$Transaction.apply:3578 android.view.SurfaceControl$Transaction.apply:3566 android.view.SurfaceControl$Transaction.apply:3516 com.android.wm.shell.transition.DefaultTransitionHandler.startAnimation:3499 com.android.wm.shell.transition.Transitions.dispatchTransition:104 com.android.wm.shell.transition.Transitions.playTransition:890 
04-18 09:51:54.281  3518  3668 I DisplayDeviceRepository: Display device changed render timings: "기본으로 제공되는 화면", renderFrameRate=120.00002, presentationDeadlineNanos=9333443, appVsyncOffsetNanos=8333111, frameRateOverrides=[{uid=10048 frameRateHz=120.00002}, {uid=10151 frameRateHz=120.00002}, {uid=10159 frameRateHz=120.00002}]
04-18 09:51:54.282  5098  5136 V WindowManagerShell:  animated by com.android.wm.shell.transition.DefaultTransitionHandler@b552ae1
04-18 09:51:54.282  3518  3669 W PackageConfigPersister: App-specific configuration not found for packageName: com.google.android.apps.messaging and userId: 0
04-18 09:51:54.282  5098  5136 V ShellTaskOrganizer: Task appeared taskId=167 listener=FullscreenTaskListener
04-18 09:51:54.282  5098  5136 V ShellTaskOrganizer: Fullscreen Task Appeared: #167
04-18 09:51:54.282  3518  3669 I WindowManager: Cancelling animation restarting=true, leash=Surface(name=Surface(name=86cafd5 StatusBar#83)/@0xda385b7 - animation-leash of insets_animation#11906)/@0xa7d83a0
04-18 09:51:54.282  3518  3669 I WindowManager: Reparenting to original parent: Surface(name=WindowToken{bae8c8c type=2000 android.os.BinderProxy@60437de}#82)/@0x3e7e124, destroy=false, surface=Surface(name=86cafd5 StatusBar#83)/@0xda385b7
04-18 09:51:54.282  3518  3669 I WindowManager: Reparenting to leash, surface=Surface(name=86cafd5 StatusBar#83)/@0xda385b7, leashParent=Surface(name=WindowToken{bae8c8c type=2000 android.os.BinderProxy@60437de}#82)/@0x3e7e124
04-18 09:51:54.282  2427  2502 I SurfaceFlinger: id=11923 createSurf, flag=24000, Surface(name=86cafd5 StatusBar#83)/@0xda385b7 - animation-leash of insets_animation#11923
04-18 09:51:54.282  3518  3669 D WindowManager: makeSurface duration=0 leash=Surface(name=Surface(name=86cafd5 StatusBar#83)/@0xda385b7 - animation-leash of insets_animation#11923)/@0x91e6959
04-18 09:51:54.282  7857  9674 I HoneySpace.RecentTasks: onRunningTaskAppeared
04-18 09:51:54.282  3518  3669 D InsetsSourceProvider: updateControlForTarget: control=InsetsSourceControl: {13aa0000 mType=statusBars initiallyVisible mSurfacePosition=Point(0, 0) mInsetsHint=Insets{left=0, top=105, right=0, bottom=0}}, target=Window{8b93f28 u0 Splash Screen com.google.android.apps.messaging}, from=com.android.server.wm.InsetsStateController.onControlTargetChanged:82 com.android.server.wm.InsetsPolicy.updateBarControlTarget:203 com.android.server.wm.DisplayPolicy.updateSystemBarAttributes:425 com.android.server.wm.DisplayPolicy.finishPostLayoutPolicyLw:17 com.android.server.wm.RootWindowContainer.applySurfaceChangesTransaction$1:188 
04-18 09:51:54.282  7857  8356 I HoneySpace.RecentTasks: onRecentTasksChanged l:228631508
04-18 09:51:54.282  3518  3669 I WindowManager: Cancelling animation restarting=true, leash=Surface(name=Surface(name=43797e9 NavigationBar0#79)/@0xc2f1642 - animation-leash of insets_animation#11907)/@0xdc5531e
04-18 09:51:54.282  3518  3669 I WindowManager: Reparenting to original parent: Surface(name=WindowToken{43a7870 type=2019 android.os.BinderProxy@91ae022}#78)/@0x1e0c653, destroy=false, surface=Surface(name=43797e9 NavigationBar0#79)/@0xc2f1642
04-18 09:51:54.282  3518  3669 I WindowManager: Reparenting to leash, surface=Surface(name=43797e9 NavigationBar0#79)/@0xc2f1642, leashParent=Surface(name=WindowToken{43a7870 type=2019 android.os.BinderProxy@91ae022}#78)/@0x1e0c653
04-18 09:51:54.283  2427  2502 I SurfaceFlinger: id=11924 createSurf, flag=24000, Surface(name=43797e9 NavigationBar0#79)/@0xc2f1642 - animation-leash of insets_animation#11924
04-18 09:51:54.283  3518  3669 D WindowManager: makeSurface duration=1 leash=Surface(name=Surface(name=43797e9 NavigationBar0#79)/@0xc2f1642 - animation-leash of insets_animation#11924)/@0x906d5ff
04-18 09:51:54.283  3518  3669 D InsetsSourceProvider: updateControlForTarget: control=InsetsSourceControl: {e1c40001 mType=navigationBars initiallyVisible mSurfacePosition=Point(0, 2205) mInsetsHint=Insets{left=0, top=0, right=0, bottom=135}}, target=Window{8b93f28 u0 Splash Screen com.google.android.apps.messaging}, from=com.android.server.wm.InsetsStateController.onControlTargetChanged:82 com.android.server.wm.InsetsPolicy.updateBarControlTarget:216 com.android.server.wm.DisplayPolicy.updateSystemBarAttributes:425 com.android.server.wm.DisplayPolicy.finishPostLayoutPolicyLw:17 com.android.server.wm.RootWindowContainer.applySurfaceChangesTransaction$1:188 
04-18 09:51:54.283  3518  3669 D WindowManager: updateSystemBarAttributes: displayId=0, focusedCanBeNavColorWin=false, win=Window{8b93f28 u0 Splash Screen com.google.android.apps.messaging}, navColorWin=Window{8b93f28 u0 Splash Screen com.google.android.apps.messaging}, caller=com.android.server.wm.DisplayPolicy.finishPostLayoutPolicyLw:17 com.android.server.wm.RootWindowContainer.applySurfaceChangesTransaction$1:188 com.android.server.wm.RootWindowContainer.performSurfacePlacement:59 
04-18 09:51:54.283  3518  3669 D WindowManager: updateSystemBarAttributes, bhv=1, apr=0, statusBarAprRegions=[AppearanceRegion{ bounds=[0,0][1080,2340]}], requestedVisibilities=503
