04-18 09:51:54.555 29244 29293 I FontLog : (REDACTED) Pulling font file for id = %d, cache size = %d
04-18 09:51:54.556 25268 25268 I View    : setRequestedFrameRate frameRate=NaN, this=lef{a2492fb VFED..... ......ID 0,0-1080,1592 aid=1073741824}, caller=android.view.ViewGroup.setRequestedFrameRate:10045 aca$$ExternalSyntheticApiModelOutline1.m:58 lgn.a:1 lef.dispatchDraw:102 android.view.View.draw:26750 
04-18 09:51:54.556 25268 25268 I View    : setRequestedFrameRate frameRate=-4.0, this=android.view.View{d0f4979 V.ED..... ........ 0,0-0,0}, caller=aca$$ExternalSyntheticApiModelOutline1.m:58 lgn.a:1 lef.dispatchDraw:111 android.view.View.draw:26750 android.view.View.updateDisplayListIfDirty:25577 
04-18 09:51:54.556 25268 25268 I VRI[BugleExpressSignInActivity]@13a268: Requested frameRateCategory 6 by android.view.View{d0f4979 V.ED..... ........ 0,0-0,0}
04-18 09:51:54.556  2427  2427 E SurfaceFlinger: alpha changed 0.000 -> 0.010 - DimTransitionLayer for Surface(name=ActivityRecord{234571519 u0 com.google.android.apps.messaging/.ui.ConversationListActivity t167}#11918)/@0x4fccb86#11942
04-18 09:51:54.556  2427  2427 I SurfaceFlinger: [LayerHierarchy{RequestedLayerState{com.sec.android.app.launcher/com.sec.android.app.launcher.activities.LauncherActivity$_7857#11905} no children}] reparent to OffscreenRoot
04-18 09:51:54.556  2427  2427 I SurfaceFlinger: [LayerHierarchy{RequestedLayerState{com.sec.android.app.launcher/com.sec.android.app.launcher.activities.LauncherActivity$_7857#11905} no children}] RelativeParent to null
04-18 09:51:54.556  2427  2427 I SurfaceFlinger: id=11905 Removed com.sec.android.app.launcher/com.sec.android.app.launcher.activities.LauncherActivity$_7857#11905 (173)
04-18 09:51:54.559  2427  2427 D SurfaceFlinger: Display 4630947077158959251 HWC layers:
04-18 09:51:54.559  2427  2427 D SurfaceFlinger:        CLIENT |          108525233635328 | 00002102 | RGBA_8888    |   15.0    0.0 1080.0 2340.0 |    0    0 1080 2340 | com.google.android.apps.messaging/co[...]onversationListActivity$_25268#11926 (8)
04-18 09:51:54.559  2427  2427 D SurfaceFlinger:   SOLID_COLOR |                        0 | 00000000 | N/A          |    0.0    0.0    0.0    0.0 |    0    0 1080 2340 | DimTransitionLayer for Surface(name=[...]tivity t167}#11918)/@0x4fccb86#11942 (0)
04-18 09:51:54.559  2427  2427 D SurfaceFlinger:        DEVICE |          108525233635333 | 00002102 | RGBA_8888    |    0.0    0.0   49.0 2340.0 | 1031    0 1080 2340 | com.google.android.apps.messaging/co[...]leExpressSignInActivity$_25268#11937 (3)
04-18 09:51:54.559  2427  2427 D SurfaceFlinger:        DEVICE |           21895743278751 | 00002100 | RGBA_8888    |    0.0    0.0 1080.0  105.0 |    0    0 1080  105 | StatusBar$_5098#90 (32319)
04-18 09:51:54.559  2427  2427 D SurfaceFlinger:        DEVICE |           33745558047542 | 00002100 | RGBA_8888    |    0.0    0.0   80.0  342.0 | 1000  438 1080  780 | com.sec.android.app.launcher/com.sam[...]l.app.CocktailBarService$_7857#11785 (2)
04-18 09:51:54.559  2427  2427 D SurfaceFlinger:        DEVICE |        
04-18 09:51:54.559  2427  2427 D SurfaceFlinger:    21895743278753 | 00002100 | RGBA_8888    |    0.0    0.0 1080.0  135.0 |    0 2205 1080 2340 | NavigationBar0$_5098#88 (20045)
04-18 09:51:54.559  2427  2427 D SurfaceFlinger: 
04-18 09:51:54.561 14905 14910 D PipelineWatcher: onInputBufferReleased: frameIndex not found (36); ignored
04-18 09:51:54.562 14905 14910 D PipelineWatcher: onInputBufferReleased: frameIndex not found (37); ignored
04-18 09:51:54.563  3518  5550 W JobScheduler: Job didn't exist in JobStore: a1d3d77 {androidx.work.systemjobscheduler} #u0a272/1661 #WorkQueueWorkerShim#@androidx.work.systemjobscheduler@com.google.android.apps.messaging/androidx.work.impl.background.systemjob.SystemJobService
04-18 09:51:54.563 25268 25268 D WM-SystemJobService: onStopJob for WorkGenerationalId(workSpecId=35401ce5-ab3b-433e-b9fd-38f42d16a9d6, generation=0)
04-18 09:51:54.563 25268 25268 I View    : setRequestedFrameRate frameRate=NaN, this=lef{a2492fb VFED..... ........ 0,0-1080,1592 aid=1073741824}, caller=android.view.ViewGroup.setRequestedFrameRate:10045 aca$$ExternalSyntheticApiModelOutline1.m:58 lgn.a:1 lef.dispatchDraw:102 android.view.View.draw:26750 
04-18 09:51:54.563 25268 25268 I View    : setRequestedFrameRate frameRate=NaN, this=android.view.View{d0f4979 V.ED..... ........ 0,0-0,0}, caller=aca$$ExternalSyntheticApiModelOutline1.m:58 lgn.a:1 lef.dispatchDraw:111 android.view.View.draw:26750 android.view.View.updateDisplayListIfDirty:25577 
04-18 09:51:54.564  2427  2427 I SurfaceFlinger: destroyed com.sec.android.app.launcher/com.sec.android.app.launcher.activities.LauncherActivity$_7857#11905 form LifecycleManager
04-18 09:51:54.564  2427  2427 I SurfaceFlinger: id=11905 onLayerDestroyed from LayerHierarchyBuilder(RequestedLayerState{com.sec.android.app.launcher/com.sec.android.app.launcher.activities.LauncherActivity$_7857#11905 !handle})
04-18 09:51:54.564  2427  2427 I SurfaceFlinger: id=11905 Destroyed com.sec.android.app.launcher/com.sec.android.app.launcher.activities.LauncherActivity$_7857#11905
04-18 09:51:54.568 25268 25268 D VRI[BugleExpressSignInActivity]@13a268: mThreadedRenderer.initializeIfNeeded()#2 mSurface={isValid=true 0xb400007224b5fd00}
04-18 09:51:54.568 25268 25268 D InputMethodManagerUtils: startInputInner - Id : 0
04-18 09:51:54.568 25268 25268 I InputMethodManager: startInputInner - IInputMethodManagerGlobalInvoker.startInputOrWindowGainedFocus
04-18 09:51:54.568  3518  4027 V InputMethodManagerService: startInputOrWindowGainedFocus: userId=0 callingUserId=0 editorInfo=android.view.inputmethod.EditorInfo@76b1f17
04-18 09:51:54.569  3518  4027 V InputMethodManagerService: startInputOrWindowGainedFocusInternalLocked: reason=WINDOW_FOCUS_GAIN client=android.os.BinderProxy@7b9da85 inputContext=null editorInfo=android.view.inputmethod.EditorInfo@76b1f17 startInputFlags=VIEW_HAS_FOCUS|INITIAL_CONNECTION softInputMode=STATE_UNSPECIFIED|ADJUST_PAN|IS_FORWARD_NAVIGATION windowFlags=#81810100 unverifiedTargetSdkVersion=36 bindingController=com.android.server.inputmethod.InputMethodBindingController@5404abe imeBackCallbackReceiver=android.os.ResultReceiver@edf6f04 cs=ClientState{1084320 mUid=10272 mPid=25268 mSelfReportedDisplayId=0} imeRequestedVisible=false
04-18 09:51:54.569  3518  4027 V InputMethodManagerService: setWindowStateInner, windowToken=android.os.BinderProxy@9ed3110, state=ImeTargetWindowState{ softInputModeState STATE_UNSPECIFIED|ADJUST_PAN|IS_FORWARD_NAVIGATION windowFlags: 81810100 imeFocusChanged true hasFocusedEditor false isStartInputByWindowGainFocus true toolType: 0 requestedImeVisible false requestImeToken null imeDisplayId 0}
04-18 09:51:54.569  3518  4027 V InputMethodManagerService: Unspecified window will hide input
04-18 09:51:54.569  3518  4027 I ImeTracker: com.google.android.apps.messaging:764045e5: onRequestHide at ORIGIN_SERVER reason HIDE_UNSPECIFIED_WINDOW fromUser false
04-18 09:51:54.569  3518  4027 D SemInputMethodManagerServiceUtil: restorePreviousUsedInputMethod : failed to return the previous ime becuase the stored info is null or do not need restore
04-18 09:51:54.569  3518  4027 V InputMethodManagerService: semComputeImeDisplayIdForTarget: displayToShowIme=0
04-18 09:51:54.569  3518  4027 V InputMethodManagerService: Creating new accessibility sessions for client ClientState{1084320 mUid=10272 mPid=25268 mSelfReportedDisplayId=0}
04-18 09:51:54.569  3518  4027 D InputMethodManagerService: isImeSwitcherDisabledPackage : false
04-18 09:51:54.569  3518  4027 D InputMethodManagerService: shouldShowImeSwitcherLocked : checking vis : 3
04-18 09:51:54.569  3518  4027 D InputMethodManagerService: checkDisplayOfStartInputAndUpdateKeyboard: displayId=0, mFocusedDisplayId=0
04-18 09:51:54.569  3518  4027 D InputTransport: Input channel constructed: 'ClientS', fd=1423
04-18 09:51:54.569  5827  5910 D PipelineWatcher: onInputBufferReleased: frameIndex not found (5095); ignored
04-18 09:51:54.569  3518  4027 D InputTransport: Input channel destroyed: 'ClientS', fd=1423
04-18 09:51:54.569 25268 27355 D InputTransport: Input channel constructed: 'ClientS', fd=238
04-18 09:51:54.570  3518  3933 D RestrictionPolicy: isScreenCaptureEnabled : ret=true userId=0
04-18 09:51:54.570 17536 17536 I InputMethodService: onNavButtonFlagsChanged: navButtonFlags=2 imeDrawsImeNavBar=false
04-18 09:51:54.570  3518  3933 I WindowManager: Cancelling animation restarting=true, leash=Surface(name=Surface(name=1f36831 InputMethod#8506)/@0xe614c97 - animation-leash of insets_animation#11930)/@0x5f4f611
04-18 09:51:54.570  3518  3933 I WindowManager: Reparenting to original parent: Surface(name=WindowToken{fa92c4d type=2011 android.os.Binder@f85cfe4}#7964)/@0x474e286, destroy=false, surface=Surface(name=1f36831 InputMethod#8506)/@0xe614c97
04-18 09:51:54.570  3518  3933 I WindowManager: Reparenting to leash, surface=Surface(name=1f36831 InputMethod#8506)/@0xe614c97, leashParent=Surface(name=WindowToken{fa92c4d type=2011 android.os.Binder@f85cfe4}#7964)/@0x474e286
04-18 09:51:54.570 17536 17536 I HBD     : HoneyBoardService onFinishInput 
04-18 09:51:54.570 17536 17536 I HBD     : a IC have been unbinding,  RemoteInputConnection{idHash=#4707562}
04-18 09:51:54.570  2427  3133 I SurfaceFlinger: id=11943 createSurf, flag=24004, Surface(name=1f36831 InputMethod#8506)/@0xe614c97 - animation-leash of insets_animation#11943
04-18 09:51:54.570 17536 17536 I HBD     : HoneyBoardService [PF_CL][onFinishInput]  0 ms 
04-18 09:51:54.570  3518  3933 D WindowManager: makeSurface duration=0 leash=Surface(name=Surface(name=1f36831 InputMethod#8506)/@0xe614c97 - animation-leash of insets_animation#11943)/@0x57895b3
04-18 09:51:54.570  3518  3933 D InsetsSourceProvider: updateControlForTarget: control=InsetsSourceControl: {3 mType=ime mSurfacePosition=Point(0, 105) mInsetsHint=Insets{left=0, top=0, right=0, bottom=1008}}, target=Window{150f409 u0 com.google.android.apps.messaging/com.google.android.apps.messaging.gaia.expresssignin.BugleExpressSignInActivity}, from=com.android.server.wm.ImeInsetsSourceProvider.updateControlForTarget:23 com.android.server.wm.InsetsStateController.onControlTargetChanged:82 com.android.server.wm.DisplayContent.updateImeControlTarget:48 com.android.server.wm.DisplayContent.updateImeInputAndControlTarget:273 com.android.server.wm.WindowManagerService$LocalService.updateImeTargetWindow:82 
04-18 09:51:54.570  3518  3933 I ImeTracker: system_server:93190498: onRequestHide at ORIGIN_SERVER reason IME_REQUESTED_CHANGED_LISTENER fromUser false
04-18 09:51:54.570 17536 17536 W HBD     : a inputConnection will be used on unbinded state 
04-18 09:51:54.570 17536 17536 W HBD     : java.lang.Exception
04-18 09:51:54.570 17536 17536 W HBD     : 	at Y7.a.c(Unknown Source:26)
04-18 09:51:54.570 17536 17536 W HBD     : 	at Y7.a.getExtractedText(Unknown Source:20)
04-18 09:51:54.570 17536 17536 W HBD     : 	at A.c.f(Unknown Source:5)
04-18 09:51:54.570 17536 17536 W HBD     : 	at Me.a.a(Unknown Source:9)
04-18 09:51:54.570 17536 17536 W HBD     : 	at com.samsung.android.honeyboard.service.HoneyBoardService.onStartInput(Unknown Source:31)
04-18 09:51:54.570 17536 17536 W HBD     : 	at android.inputmethodservice.InputMethodService.doStartInput(InputMethodService.java:3859)
04-18 09:51:54.570 17536 17536 W HBD     : 	at android.inputmethodservice.InputMethodService$InputMethodImpl.startInput(InputMethodService.java:857)
04-18 09:51:54.570 17536 17536 W HBD     : 	at android.inputmethodservice.InputMethodService$InputMethodImpl.dispatchStartInput(InputMethodService.java:888)
04-18 09:51:54.570 17536 17536 W HBD     : 	at android.inputmethodservice.IInputMethodWrapper.executeMessage(IInputMethodWrapper.java:205)
04-18 09:51:54.570 17536 17536 W HBD     : 	at com.android.internal.os.HandlerCaller$MyHandler.handleMessage(HandlerCaller.java:44)
04-18 09:51:54.570 17536 17536 W HBD     : 	at android.os.Handler.dispatchMessage(Handler.java:132)
04-18 09:51:54.570 17536 17536 W HBD     : 	at android.os.Looper.dispatchMessage(Looper.java:358)
04-18 09:51:54.570 17536 17536 W HBD     : 	at android.os.Looper.loopOnce(Looper.java:288)
04-18 09:51:54.570 17536 17536 W HBD     : 	at android.os.Looper.loop(Looper.java:392)
04-18 09:51:54.570 17536 17536 W HBD     : 	at android.app.ActivityThread.main(ActivityThread.java:10343)
04-18 09:51:54.570 17536 17536 W HBD     : 	at java.lang.reflect.Method.invoke(Native Method)
04-18 09:51:54.570 17536 17536 W HBD     : 	at com.android.internal.os.RuntimeInit$MethodAndArgsCaller.run(RuntimeInit.java:605)
04-18 09:51:54.570 17536 17536 W HBD     : 	at com.android.internal.os.ZygoteInit.main(ZygoteInit.java:972)
04-18 09:51:54.570  3518  3668 V InputMethodManagerService: Client requesting input be hidden
04-18 09:51:54.570  3518  3668 V InputMethodManagerService: setWindowStateInner, windowToken=android.os.BinderProxy@9ed3110, state=ImeTargetWindowState{ softInputModeState STATE_UNSPECIFIED|ADJUST_PAN|IS_FORWARD_NAVIGATION windowFlags: 81810100 imeFocusChanged true hasFocusedEditor false isStartInputByWindowGainFocus true toolType: 0 requestedImeVisible false requestImeToken android.os.Binder@d667770 imeDisplayId 0}
04-18 09:51:54.570  3518  3668 I ImeTracker: system_server:93190498: onCancelled at PHASE_SERVER_SHOULD_HIDE
04-18 09:51:54.570  3518  3668 V InputMethodManagerService: hideCurrentInputLocked : canceled, shouldHideSoftInput=false, mInputShown=false, mImeWindowVis=0
04-18 09:51:54.571  5827  5910 D PipelineWatcher: onInputBufferReleased: frameIndex not found (5096); ignored
04-18 09:51:54.571 25268 25268 I View    : setRequestedFrameRate frameRate=NaN, this=lef{a2492fb VFED..... ......ID 0,0-1080,1592 aid=1073741824}, caller=android.view.ViewGroup.setRequestedFrameRate:10045 aca$$ExternalSyntheticApiModelOutline1.m:58 lgn.a:1 lef.dispatchDraw:102 android.view.View.draw:26750 
04-18 09:51:54.571 25268 25268 I View    : setRequestedFrameRate frameRate=-4.0, this=android.view.View{d0f4979 V.ED..... ........ 0,0-0,0}, caller=aca$$ExternalSyntheticApiModelOutline1.m:58 lgn.a:1 lef.dispatchDraw:111 android.view.View.draw:26750 android.view.View.updateDisplayListIfDirty:25577 
04-18 09:51:54.571 25268 25268 I VRI[BugleExpressSignInActivity]@13a268: Requested frameRateCategory 6 by android.view.View{d0f4979 V.ED..... ........ 0,0-0,0}
04-18 09:51:54.572  2427  2427 I SurfaceFlinger: [Surface(name=1f36831 InputMethod#8506)/@0xe614c97 - animation-leash of insets_animation#11943] attach to parent LayerHierarchy{RequestedLayerState{WindowToken{fa92c4d type=2011 android.os.Binder@f85cfe4}#7964 parentId=15} 2 children}
04-18 09:51:54.572 25268 14994 I Kumiho-Kumiho: getPackageName: com.google.android.apps.messaging
04-18 09:51:54.573 25268 14994 I Kumiho-Kumiho: makeAndroidCodec: Image decoded by kumiho solution
04-18 09:51:54.573 25268 14994 I Kumiho-Kumiho: getPackageName: com.google.android.apps.messaging
04-18 09:51:54.573 25268 14994 I Kumiho-Kumiho: getPackageName: com.google.android.apps.messaging
04-18 09:51:54.574 25268 14994 I Kumiho-Kumiho: makeAndroidCodec: Image decoded by kumiho solution
04-18 09:51:54.574 25268 14994 I Kumiho-Kumiho: getPackageName: com.google.android.apps.messaging
04-18 09:51:54.576 25268 25268 D InsetsController: hide(ime())
04-18 09:51:54.576 25268 25268 I ImeTracker: com.google.android.apps.messaging:764045e5: onCancelled at PHASE_CLIENT_ALREADY_HIDDEN
04-18 09:51:54.577 25268 25268 I View    : setRequestedFrameRate frameRate=NaN, this=lef{a2492fb VFED..... ........ 0,0-1080,1592 aid=1073741824}, caller=android.view.ViewGroup.setRequestedFrameRate:10045 aca$$ExternalSyntheticApiModelOutline1.m:58 lgn.a:1 lef.dispatchDraw:102 android.view.View.draw:26750 
04-18 09:51:54.577 25268 25268 I View    : setRequestedFrameRate frameRate=NaN, this=android.view.View{d0f4979 V.ED..... ........ 0,0-0,0}, caller=aca$$ExternalSyntheticApiModelOutline1.m:58 lgn.a:1 lef.dispatchDraw:111 android.view.View.draw:26750 android.view.View.updateDisplayListIfDirty:25577 
04-18 09:51:54.577 17536 17536 I HBD     : a extractedText.isEmpty() true, isPackageMatched():false boardConfig.keyboardBodyVisibility:true editorFieldType:UNKNOWN 
04-18 09:51:54.577 17536 17536 I HBD     : a extractedText skip, update invalid field type 
04-18 09:51:54.577 17536 17536 I HBD     : HoneyBoardService [IMI] onStartInput - caller pid : 25268 , caller uid : 10272 
04-18 09:51:54.577 17536 17536 I HBD     : r updateConfigs 
04-18 09:51:54.577 17536 17536 I HBD     : r isEnabledNightMode : true 
04-18 09:51:54.577 17536 17536 I HBD     : a IC have been binding, RemoteInputConnection{idHash=#4707562} 
04-18 09:51:54.577 17536 17536 I HBD     : g [EditorInputType]setPrivateImeOptionsToTable privateImeOptions ( null )
04-18 09:51:54.577 17536 17536 I HBD     : b incognitoMode : false 
04-18 09:51:54.577 17536 17536 I HBD     : e needOff = true , isForceOff = false, isNullInputClass : true 
04-18 09:51:54.577 17536 17536 I HBD     : g getDefaultInputRange : UNKNOWN 
04-18 09:51:54.577 17536 17536 I HBD     : g getDefaultInputRange : UNKNOWN 
04-18 09:51:54.577 17536 17536 I HBD     : g getDefaultInputRange : UNKNOWN 
04-18 09:51:54.577 17536 17536 I HBD     : e needOff = true , isForceOff = false, isNullInputClass : true 
04-18 09:51:54.577 17536 17536 I HBD     : e update cached prediction status : false 
04-18 09:51:54.577 17536 17536 I HBD     : g getDefaultInputRange : UNKNOWN 
04-18 09:51:54.577 17536 17536 I HBD     : a currentState : 0 
04-18 09:51:54.578 17536 17536 I HBD     : a [UpdatePolicy] [post] a: 0 cl: 65537 kit: [0/0] vt: 0 ir: 1 
04-18 09:51:54.578  3518  5197 D SecContentProvider: query(), uri = 17 selection = isSettingsChangesAllowed
04-18 09:51:54.578  3518  5197 D SecContentProvider: called from android.uid.honeyboard:10196
04-18 09:51:54.578  3518  5197 D RestrictionPolicy: isSettingsChangesAllowedAsUser, userId 0 : true
04-18 09:51:54.578  3518  5197 D SecContentProvider: query(), uri = 17 selection = isSettingsChangesAllowed
04-18 09:51:54.578  3518  5197 D SecContentProvider: called from android.uid.honeyboard:10196
04-18 09:51:54.578  3518  5197 D RestrictionPolicy: isSettingsChangesAllowedAsUser, userId 0 : true
04-18 09:51:54.578 17536 24893 I HBD     : o updated Sub Types. English 
04-18 09:51:54.579 14905 14910 D PipelineWatcher: onInputBufferReleased: frameIndex not found (38); ignored
04-18 09:51:54.579 17536 15018 I HBD     : a InputMethodSubtype is set as local:en_US 
04-18 09:51:54.579  3518  3518 I InputMethodManagerService: subtype state: oldSubtype = android.view.inputmethod.InputMethodSubtype@10001 newSubtype = android.view.inputmethod.InputMethodSubtype@10001 force = false, intent received : false
04-18 09:51:54.580 14905 14910 D PipelineWatcher: onInputBufferReleased: frameIndex not found (39); ignored
04-18 09:51:54.581  2427  2427 I SurfaceFlinger: RequestedLayer [Surface(name=1f36831 InputMethod#850[...]tion-leash of insets_animation#11943] hidden!! flag  from(1) --> to(0)
04-18 09:51:54.581  2427  2427 E SurfaceFlinger: alpha changed 1.000 -> 0.000 - Surface(name=1f36831 InputMethod#8506)/@0xe614c97 - animation-leash of insets_animation#11943
04-18 09:51:54.581  2427  2427 I SurfaceFlinger: [LayerHierarchy{RequestedLayerState{ImeContainer#15 parentId=11931 relativeParentId=11936 z=1} 1 children}] reparent to LayerHierarchy{RequestedLayerState{ActivityRecord{166658306 u0 com.google.android.apps.messaging/.gaia.expresssignin.BugleExpressSignInActivity t167}#11931 parentId=11940 z=5} 3 children}
04-18 09:51:54.581  2427  2427 I SurfaceFlinger: [LayerHierarchy{RequestedLayerState{ImeContainer#15 parentId=11931 relativeParentId=11936 z=1} 1 children}] RelativeParent to LayerHierarchy{RequestedLayerState{150f409 com.google.android.apps.messaging/com.google.android.apps.messaging.gaia.expresssignin.BugleExpressSignInActivity#11936 parentId=11931} 2 children}
04-18 09:51:54.581  2427  2427 I SurfaceFlinger: [LayerHierarchy{RequestedLayerState{1f36831 InputMethod#8506 parentId=11943} no children}] reparent to LayerHierarchy{RequestedLayerState{Surface(name=1f36831 InputMethod#8506)/@0xe614c97 - animation-leash of insets_animation#11943 parentId=7964} 1 children}
04-18 09:51:54.581  2427  2427 I SurfaceFlinger: [LayerHierarchy{RequestedLayerState{Surface(name=1f36831 InputMethod#8506)/@0xe614c97 - animation-leash of insets_animation#11930} no children}] reparent to OffscreenRoot
04-18 09:51:54.581  2427  2427 I SurfaceFlinger: [LayerHierarchy{RequestedLayerState{Surface(name=1f36831 InputMethod#8506)/@0xe614c97 - animation-leash of insets_animation#11930} no children}] RelativeParent to null
04-18 09:51:54.582  2427  3133 I SurfaceFlinger: id=11930 Removed Surface(name=1f36831 InputMethod#8506)/@0xe614c97 - animation-leash of insets_animation#11930 (173)
04-18 09:51:54.582 17536 17536 I HBD     : a [NRIC] resetNoResponseState 
04-18 09:51:54.582 17536 17536 I HBD     : e needOff = true , isForceOff = false, isNullInputClass : true 
04-18 09:51:54.582 17536 17536 I HBD     : e update cached prediction status : false 
04-18 09:51:54.582 17536 17536 I HBD     : [HitRate] b clear candidateHistory 
04-18 09:51:54.582 17536 17536 I HBD     : [SwypeStatistics] c setOnEdit : false 
04-18 09:51:54.582 17536 17536 I HBD     : [SwypeStatistics] c clear swypeHistory 
04-18 09:51:54.582 17536 17536 I HBD     : d onStartInput 
04-18 09:51:54.582 17536 17536 I HBD     : HoneyBoardService [PF_OP][onStartInput]  12 ms 
04-18 09:51:54.583 17536 17536 I HBD     : [DirectWriting] DirectWriting emitInputConnection : RemoteInputConnection{idHash=#4707562} 
04-18 09:51:54.584 25268 25268 I View    : setRequestedFrameRate frameRate=NaN, this=lef{a2492fb VFED..... ......ID 0,0-1080,1592 aid=1073741824}, caller=android.view.ViewGroup.setRequestedFrameRate:10045 aca$$ExternalSyntheticApiModelOutline1.m:58 lgn.a:1 lef.dispatchDraw:102 android.view.View.draw:26750 
04-18 09:51:54.584 25268 25268 I View    : setRequestedFrameRate frameRate=-4.0, this=android.view.View{d0f4979 V.ED..... ........ 0,0-0,0}, caller=aca$$ExternalSyntheticApiModelOutline1.m:58 lgn.a:1 lef.dispatchDraw:111 android.view.View.draw:26750 android.view.View.updateDisplayListIfDirty:25577 
04-18 09:51:54.584 25268 25268 I VRI[BugleExpressSignInActivity]@13a268: Requested frameRateCategory 6 by android.view.View{d0f4979 V.ED..... ........ 0,0-0,0}
04-18 09:51:54.586 25268 15001 W .apps.messaging: ClassLoaderContext classpath size mismatch. expected=1, found=0 (DLC[];PCL[base.apk*3395480911]{PCL[/system/framework/org.apache.http.legacy.jar*3558608148]#PCL[/system/system_ext/framework/org.carconnectivity.android.digitalkey.rangingintent.jar*560278203]#PCL[/system/system_ext/framework/org.carconnectivity.android.digitalkey.secureelement.jar*3277496667]#PCL[/system_ext/framework/org.carconnectivity.android.digitalkey.timesync.jar*1887653037]#PCL[/system/framework/com.android.location.provider.jar*1880069816]#PCL[/system/framework/com.android.media.remotedisplay.jar*1838754544]#PCL[/system_ext/framework/com.android.extensions.appfunctions.jar*1527718805]#PCL[/system_ext/framework/androidx.window.extensions.jar*1297392690]#PCL[/system_ext/framework/androidx.window.sidecar.jar*958931785]} | DLC[];PCL[])
04-18 09:51:54.587  5827 12076 D PipelineWatcher: onInputBufferReleased: frameIndex not found (5097); ignored
04-18 09:51:54.588 25268 15001 I DynamiteModule: Considering local module com.google.android.gms.cronet_dynamite:0 and remote module com.google.android.gms.cronet_dynamite:4711
04-18 09:51:54.588 25268 15001 I DynamiteModule: Selected remote version of com.google.android.gms.cronet_dynamite, version >= 4711
04-18 09:51:54.588 25268 15001 V DynamiteModule: Dynamite loader version >= 2, using loadModule2NoCrashUtils
04-18 09:51:54.589  5827 12076 D PipelineWatcher: onInputBufferReleased: frameIndex not found (5098); ignored
04-18 09:51:54.589  2427  2427 I SurfaceFlinger: destroyed Surface(name=1f36831 InputMethod#8506)/@0xe614c97 - animation-leash of insets_animation#11930 form LifecycleManager
04-18 09:51:54.589  2427  2427 I SurfaceFlinger: id=11930 onLayerDestroyed from LayerHierarchyBuilder(RequestedLayerState{Surface(name=1f36831 InputMethod#8506)/@0xe614c97 - animation-leash of insets_animation#11930 !handle})
04-18 09:51:54.590  2427  2427 I SurfaceFlinger: id=11930 Destroyed Surface(name=1f36831 InputMethod#8506)/@0xe614c97 - animation-leash of insets_animation#11930
04-18 09:51:54.590 25268 15001 W System  : ClassLoader referenced unknown path: 
04-18 09:51:54.590 25268 25268 I View    : setRequestedFrameRate frameRate=NaN, this=lef{a2492fb VFED..... ........ 0,0-1080,1592 aid=1073741824}, caller=android.view.ViewGroup.setRequestedFrameRate:10045 aca$$ExternalSyntheticApiModelOutline1.m:58 lgn.a:1 lef.dispatchDraw:102 android.view.View.draw:26750 
04-18 09:51:54.590 25268 25268 I View    : setRequestedFrameRate frameRate=NaN, this=android.view.View{d0f4979 V.ED..... ........ 0,0-0,0}, caller=aca$$ExternalSyntheticApiModelOutline1.m:58 lgn.a:1 lef.dispatchDraw:111 android.view.View.draw:26750 android.view.View.updateDisplayListIfDirty:25577 
04-18 09:51:54.590 17536 17536 I InputMethodService: scheduleImeSurfaceRemoval: canceled, mShowInputRequested=false, mWindowVisible=false, IsmWindowNull=false, IsmImeSurfaceRemoverRunnableNotNull=true
04-18 09:51:54.590 25268 15001 D nativeloader: Configuring clns-16 for other apk . target_sdk_version=37, uses_libraries=, library_path=/data/app/~~jlOZzYTZxKorENLOiPtNKQ==/com.google.android.gms-WCLjKfQ4RDPwHVm4Hq_RjQ==/lib/arm64:/data/app/~~jlOZzYTZxKorENLOiPtNKQ==/com.google.android.gms-WCLjKfQ4RDPwHVm4Hq_RjQ==/base.apk!/lib/arm64-v8a, permitted_path=/data:/mnt/expand:/data/user/0/com.google.android.gms
04-18 09:51:54.593 25268 15001 W .apps.messaging: ClassLoaderContext classpath element checksum mismatch. expected=3395480911, found=423841514 (DLC[];PCL[base.apk*3395480911]{PCL[/system/framework/org.apache.http.legacy.jar*3558608148]#PCL[/system/system_ext/framework/org.carconnectivity.android.digitalkey.rangingintent.jar*560278203]#PCL[/system/system_ext/framework/org.carconnectivity.android.digitalkey.secureelement.jar*3277496667]#PCL[/system_ext/framework/org.carconnectivity.android.digitalkey.timesync.jar*1887653037]#PCL[/system/framework/com.android.location.provider.jar*1880069816]#PCL[/system/framework/com.android.media.remotedisplay.jar*1838754544]#PCL[/system_ext/framework/com.android.extensions.appfunctions.jar*1527718805]#PCL[/system_ext/framework/androidx.window.extensions.jar*1297392690]#PCL[/system_ext/framework/androidx.window.sidecar.jar*958931785]} | DLC[];PCL[/data/app/~~9jM7i81cRdxhyiui2Sti-A==/com.google.android.apps.messaging-ynMSoRS7GdUGBb01ohTIkA==/base.apk*423841514]{PCL[/system/framework/org.apache.http.legacy.jar*3558608148]#PCL[/system_ext/framework/SatelliteClient.jar*1380182549]#PCL[/system_ext/framework/androidx.window.extensions.jar*1297392690]#PCL[/system_ext/framework/androidx.window.sidecar.jar*958931785]})
04-18 09:51:54.595 14905 14910 D PipelineWatcher: onInputBufferReleased: frameIndex not found (40); ignored
04-18 09:51:54.595  3518  5197 E TransitionChain: Likely improperly balanced ActionChain: [finishTransitionInner]
04-18 09:51:54.595  3518  5197 E TransitionChain: android.util.Log$TerribleFailure: Likely improperly balanced ActionChain: [finishTransitionInner]
04-18 09:51:54.595  3518  5197 E TransitionChain: 	at android.util.Log.wtf(Log.java:466)
04-18 09:51:54.595  3518  5197 E TransitionChain: 	at android.util.Slog.wtfStack(Slog.java:349)
04-18 09:51:54.595  3518  5197 E TransitionChain: 	at com.android.server.wm.ActionChain$Tracker.makeChain(qb/107044592 550dcb89f8e2393d7521f70c682252e5eaf8c2937577d531e8c495bb7390f10e:126)
04-18 09:51:54.595  3518  5197 E TransitionChain: 	at com.android.server.wm.ActionChain$Tracker.startTransit(qb/107044592 550dcb89f8e2393d7521f70c682252e5eaf8c2937577d531e8c495bb7390f10e:12)
04-18 09:51:54.595  3518  5197 E TransitionChain: 	at com.android.server.wm.ActivityTaskSupervisor.removeTask(qb/107044592 550dcb89f8e2393d7521f70c682252e5eaf8c2937577d531e8c495bb7390f10e:3)
04-18 09:51:54.595  3518  5197 E TransitionChain: 	at com.android.server.wm.ActivityTaskSupervisor.removeTaskById(qb/107044592 550dcb89f8e2393d7521f70c682252e5eaf8c2937577d531e8c495bb7390f10e:23)
04-18 09:51:54.595  3518  5197 E TransitionChain: 	at com.android.server.wm.RecentTasks.notifyTaskRemoved(qb/107044592 550dcb89f8e2393d7521f70c682252e5eaf8c2937577d531e8c495bb7390f10e:9)
04-18 09:51:54.595  3518  5197 E TransitionChain: 	at com.android.server.wm.RecentTasks.notifyTaskRemoved(qb/107044592 550dcb89f8e2393d7521f70c682252e5eaf8c2937577d531e8c495bb7390f10e:40)
04-18 09:51:54.595  3518  5197 E TransitionChain: 	at com.android.server.wm.RecentTasks.trimInactiveRecentTasks(qb/107044592 550dcb89f8e2393d7521f70c682252e5eaf8c2937577d531e8c495bb7390f10e:186)
04-18 09:51:54.595  3518  5197 E TransitionChain: 	at com.android.server.wm.ActivityTaskSupervisor.activityIdleInternal(qb/107044592 550dcb89f8e2393d7521f70c682252e5eaf8c2937577d531e8c495bb7390f10e:239)
04-18 09:51:54.595  3518  5197 E TransitionChain: 	at com.android.server.wm.ActivityClientController.activityIdle(qb/107044592 550dcb89f8e2393d7521f70c682252e5eaf8c2937577d531e8c495bb7390f10e:67)
04-18 09:51:54.595  3518  5197 E TransitionChain: 	at android.app.IActivityClientController$Stub.onTransact(IActivityClientController.java:777)
04-18 09:51:54.595  3518  5197 E TransitionChain: 	at com.android.server.wm.ActivityClientController.onTransact(qb/107044592 550dcb89f8e2393d7521f70c682252e5eaf8c2937577d531e8c495bb7390f10e:1)
04-18 09:51:54.595  3518  5197 E TransitionChain: 	at android.os.Binder.execTransactInternal(Binder.java:1514)
04-18 09:51:54.595  3518  5197 E TransitionChain: 	at android.os.Binder.execTransact(Binder.java:1454)
04-18 09:51:54.595  3518  5197 E TransitionChain: Can't collect into a chain with no transition
04-18 09:51:54.595  3518  5197 E TransitionChain: Can't collect into a chain with no transition
04-18 09:51:54.596 14905 14910 D PipelineWatcher: onInputBufferReleased: frameIndex not found (41); ignored
04-18 09:51:54.596 14671 14671 I SCallUI : AppConfigurationHandler - onActivityDestroyed, activity: com.android.incallui.call.dialog.DisconnectCauseDialogActivity@2e34cdc
04-18 09:51:54.597  3518  5197 D CoreBackPreview: Window{48770f9 u0 com.samsung.android.incallui/com.android.incallui.call.dialog.DisconnectCauseDialogActivity}: Setting back callback null
04-18 09:51:54.597  3518  3668 I ActivityManager: Changes in 10259 15 to 19, 256 to 0
04-18 09:51:54.597  2416 29413 V APM_AudioPolicyManager: setAppState(portId:187, state:2)
04-18 09:51:54.597  7857  8356 I HoneySpace.RecentTasks: onRecentTasksChanged l:228631508
04-18 09:51:54.597 25268 25268 I View    : setRequestedFrameRate frameRate=NaN, this=lef{a2492fb VFED..... ........ 0,0-1080,1592 aid=1073741824}, caller=android.view.ViewGroup.setRequestedFrameRate:10045 aca$$ExternalSyntheticApiModelOutline1.m:58 lgn.a:1 lef.dispatchDraw:102 android.view.View.draw:26750 
04-18 09:51:54.598 25268 25268 I View    : setRequestedFrameRate frameRate=NaN, this=android.view.View{d0f4979 V.ED..... ........ 0,0-0,0}, caller=aca$$ExternalSyntheticApiModelOutline1.m:58 lgn.a:1 lef.dispatchDraw:111 android.view.View.draw:26750 android.view.View.updateDisplayListIfDirty:25577 
04-18 09:51:54.598 29244 29244 D BoundBrokerSvc: onRebind: Intent { act=com.google.android.gms.common.telemetry.service.START dat=chimera-action:/... xflg=0x4 cmp=com.google.android.gms/.chimera.PersistentApiService }
04-18 09:51:54.598  3518  5550 W PackageConfigPersister: App-specific configuration not found for packageName: com.google.android.apps.messaging and userId: 0
04-18 09:51:54.598  3518  5550 W PackageConfigPersister: App-specific configuration not found for packageName: com.samsung.android.dialer and userId: 0
04-18 09:51:54.598  3518  5550 W PackageConfigPersister: App-specific configuration not found for packageName: com.termux and userId: 0
04-18 09:51:54.598  3518  5550 W PackageConfigPersister: App-specific configuration not found for packageName: com.android.settings and userId: 0
04-18 09:51:54.598  3518  5550 W PackageConfigPersister: App-specific configuration not found for packageName: com.android.chrome and userId: 0
04-18 09:51:54.598  3518  5550 W PackageConfigPersister: App-specific configuration not found for packageName: com.android.vending and userId: 0
04-18 09:51:54.598 14671 14671 I SCallUI : DisconnectCauseDialogActivity@48450780 - onDestroy, isDialogShowing: true
04-18 09:51:54.598 14671 14671 I SCallUI : DisconnectCauseDialogActivity@48450780 - dismissIfNecessary - dismissed
04-18 09:51:54.598 14671 14671 I WindowManager: WindowManagerGlobal#removeView, ty=2, view=com.android.internal.policy.DecorView{fbf92dc V.E...... R.....ID 0,0-1080,369}[DisconnectCauseDialogActivity], caller=android.view.WindowManagerGlobal.removeView:654 android.view.WindowManagerImpl.removeViewImmediate:254 android.app.Dialog.dismissDialog:854 
04-18 09:51:54.598  3518  5197 D CoreBackPreview: Window{e0bbf8e u0 com.samsung.android.incallui/com.android.incallui.call.dialog.DisconnectCauseDialogActivity}: Setting back callback null
04-18 09:51:54.599 14671 14671 I VRI[DisconnectCauseDialogActivity]@cfb3ee3: dispatchDetachedFromWindow
04-18 09:51:54.599  7857 14828 I HoneySpace.HistoryViewModel@157918506@OneUI: Illegal access. Unknown type. skip load history items
04-18 09:51:54.599  3518  5197 D InputTransport: Input channel destroyed: 'e0bbf8e', fd=1365
04-18 09:51:54.599  3518  5197 V WindowManager: Remove Window{e0bbf8e u0 com.samsung.android.incallui/com.android.incallui.call.dialog.DisconnectCauseDialogActivity}: mSurfaceControl=null mAnimatingExit=false mRemoveOnExit=false mHasSurface=false surfaceShowing=false animating=false app-animation=false callers=com.android.server.wm.Session.remove:15 android.view.IWindowSession$Stub.onTransact:813 com.android.server.wm.Session.onTransact:1 android.os.Binder.execTransactInternal:1509 android.os.Binder.execTransact:1454 <bottom of call stack> 
04-18 09:51:54.599  2333  2333 I SS_POWER_HINT_SESSION: SS_ADPF 14671-1001-b5f0 PowerHintSession createHintSession : , 14772, 14773, 14671, 14767 : 16666667
04-18 09:51:54.600  2331  2430 I HYPER-HAL: [RequestManager.cpp]acquire(): Acquired ID : 25000722 [2333 / 4737]  HINT :     list : [TID_LOW_LATENCY / 1] [TID / 14772] [TID / 14773] [TID / 14671] [TID / 14767] 
04-18 09:51:54.600  2331  2430 E PERFHAL-CLIENT: PERFHAL-CLIENT: perf_lock_acq() 164: opcode=1087176704 isMvOpcode=0
04-18 09:51:54.600  2331  2430 E PERFHAL-CLIENT: PERFHAL-CLIENT: perf_lock_acq() 164: opcode=1087176704 isMvOpcode=0
04-18 09:51:54.600  2331  2430 E PERFHAL-CLIENT: PERFHAL-CLIENT: perf_lock_acq() 164: opcode=1087176704 isMvOpcode=0
04-18 09:51:54.600  2331  2430 E PERFHAL-CLIENT: PERFHAL-CLIENT: perf_lock_acq() 164: opcode=1087176704 isMvOpcode=0
04-18 09:51:54.600  2331  2430 E PERFHAL-CLIENT: PERFHAL-CLIENT: perf_lock_acq() 164: opcode=1120043008 isMvOpcode=0
04-18 09:51:54.601 14671 14772 E perf_hint: Session ID too large, must fit 32-bit integer
04-18 09:51:54.603 14671 14671 I VRI[DisconnectCauseDialogActivity]@23a78d1: dispatchDetachedFromWindow
04-18 09:51:54.603  3518  3933 D InputTransport: Input channel destroyed: '48770f9', fd=1367
04-18 09:51:54.603  3518  3933 V WindowManager: Remove Window{48770f9 u0 com.samsung.android.incallui/com.android.incallui.call.dialog.DisconnectCauseDialogActivity}: mSurfaceControl=null mAnimatingExit=false mRemoveOnExit=false mHasSurface=false surfaceShowing=false animating=false app-animation=false callers=com.android.server.wm.Session.remove:15 android.view.IWindowSession$Stub.onTransact:813 com.android.server.wm.Session.onTransact:1 android.os.Binder.execTransactInternal:1509 android.os.Binder.execTransact:1454 <bottom of call stack> 
04-18 09:51:54.603  3518  3933 D RestrictionPolicy: isScreenCaptureEnabled : ret=true userId=0
04-18 09:51:54.604  5827 12076 D PipelineWatcher: onInputBufferReleased: frameIndex not found (5099); ignored
04-18 09:51:54.604 14671 14671 I SCallUI : InCallApp(454cc2c) - Perf: onTrimMemory, level: 40
04-18 09:51:54.604 14671 14671 I SCallUI : CallPerf:ViewModelsManager - CallUIMemory: trimMemory, level: 40, duration=0ms
04-18 09:51:54.604  3518  3668 D SGM:FgCheckThread: getForegroundApp(), foregroundPkgName=com.google.android.apps.messaging
04-18 09:51:54.604 14671 14671 I SCallUI : CallPerf:ModelsFactory - CallUIMemory: trimMemory, level: 40, duration=0ms
04-18 09:51:54.605  2427  2501 I SurfaceFlinger: id=11901 Removed 407d5a3 ActivityRecordInputSink com.samsung.android.incallui/com.android.incallui.call.dialog.DisconnectCauseDialogActivity#11901 (172)
04-18 09:51:54.605  2427  3133 I SurfaceFlinger: id=11944 createSurf, flag=24004, Task=166#11944
04-18 09:51:54.605  3518  3668 D SGM:FgCheckThread: pkgName: com.samsung.android.incallui is not in foreground
04-18 09:51:54.605  3518  3668 D SGM:FgCheckThread: noteStopComponent(), received pkgName: com.samsung.android.incallui, focusedPkgName: com.google.android.apps.messaging, userId: 0
04-18 09:51:54.605  3518  3950 W UsageStatsService: Unexpected activity event reported! (com.samsung.android.incallui/com.android.incallui.call.dialog.DisconnectCauseDialogActivity event : 23 instanceId : 148334634)
04-18 09:51:54.605 22775 22775 I AFL#SSS:AssistHolder: onActivityEvent Snapshot Destroyed:ComponentInfo{com.samsung.android.incallui/com.android.incallui.call.dialog.DisconnectCauseDialogActivity}
04-18 09:51:54.606  2427  2427 I SurfaceFlinger: [Task=166#11944] attach to parent Root
04-18 09:51:54.606  7857  7857 I HoneySpace.TaskStackChangeRepositoryImpl: onTaskRemoved : 166
04-18 09:51:54.606  7857  7857 I HoneySpace.TaskStackChangeRepositoryImpl: onTaskRemoved : 166
04-18 09:51:54.606  7857  7857 I HoneySpace.TaskListViewModel[39777852][0]: taskRemoveId, 166
04-18 09:51:54.606  7857  7857 W HoneySpace.TaskListViewModel[39777852][0]: task is already removed: 166
04-18 09:51:54.606 25268 25268 I View    : setRequestedFrameRate frameRate=NaN, this=lef{a2492fb VFED..... ........ 0,0-1080,1592 aid=1073741824}, caller=android.view.ViewGroup.setRequestedFrameRate:10045 aca$$ExternalSyntheticApiModelOutline1.m:58 lgn.a:1 lef.dispatchDraw:102 android.view.View.draw:26750 
04-18 09:51:54.606  7857  8401 I HoneySpace.TopTaskSource: onTaskRemoved: 166
04-18 09:51:54.606  7857  7857 I HoneySpace.TaskListViewModel[39777852][0]: taskRemoveId, 166
04-18 09:51:54.606 25268 25268 I View    : setRequestedFrameRate frameRate=NaN, this=android.view.View{d0f4979 V.ED..... ........ 0,0-0,0}, caller=aca$$ExternalSyntheticApiModelOutline1.m:58 lgn.a:1 lef.dispatchDraw:111 android.view.View.draw:26750 android.view.View.updateDisplayListIfDirty:25577 
04-18 09:51:54.606  3518  3669 W PackageConfigPersister: App-specific configuration not found for packageName: com.samsung.android.incallui and userId: 0
04-18 09:51:54.606  7857  7857 W HoneySpace.TaskListViewModel[39777852][0]: task is already removed: 166
04-18 09:51:54.606  3518  7261 W PackageConfigPersister: App-specific configuration not found for packageName: com.google.android.apps.messaging and userId: 0
04-18 09:51:54.606  3518  7261 W PackageConfigPersister: App-specific configuration not found for packageName: com.sec.android.app.launcher and userId: 0
04-18 09:51:54.606  3518  7261 W PackageConfigPersister: App-specific configuration not found for packageName: com.samsung.android.dialer and userId: 0
04-18 09:51:54.607  5098  5136 V ShellTaskOrganizer: Task vanished taskId=166
04-18 09:51:54.607  5098  5136 V ShellTaskOrganizer: Fullscreen Task Vanished: #166
04-18 09:51:54.607  5098  5136 V ShellDesktopMode: Task Vanished: #166 closed=true
04-18 09:51:54.607  7857  8401 I HoneySpace.TopTaskSource: onTaskRemoved: 166
04-18 09:51:54.607  3518  7261 W PackageConfigPersister: App-specific configuration not found for packageName: com.google.android.apps.messaging and userId: 0
04-18 09:51:54.607  3518  7261 W PackageConfigPersister: App-specific configuration not found for packageName: com.sec.android.app.launcher and userId: 0
04-18 09:51:54.607  3518  7261 W PackageConfigPersister: App-specific configuration not found for packageName: com.samsung.android.dialer and userId: 0
04-18 09:51:54.607 22775 22775 I AFL#AutoFillPolicyManager: isNudgeBlocked: true (ComponentInfo{com.samsung.android.incallui/com.android.incallui.call.dialog.DisconnectCauseDialogActivity}), isLocaleAllowed: true (en-US)
04-18 09:51:54.607  5098  5136 D ShellDesktopMode: AppToWebRepository: Task 166 is vanishing. Removing task data from repository
04-18 09:51:54.607  7857 14828 I HoneySpace.RecentTasks: onRunningTaskVanished
04-18 09:51:54.607  7857  8356 I HoneySpace.RecentTasks: onRecentTasksChanged l:228631508
04-18 09:51:54.607  5827 12076 D PipelineWatcher: onInputBufferReleased: frameIndex not found (5100); ignored
04-18 09:51:54.607  3518  5197 W PackageConfigPersister: App-specific configuration not found for packageName: com.google.android.apps.messaging and userId: 0
04-18 09:51:54.607  3518  5197 W PackageConfigPersister: App-specific configuration not found for packageName: com.samsung.android.dialer and userId: 0
04-18 09:51:54.607  3518  5197 W PackageConfigPersister: App-specific configuration not found for packageName: com.termux and userId: 0
04-18 09:51:54.607  3518  5197 W PackageConfigPersister: App-specific configuration not found for packageName: com.android.settings and userId: 0
04-18 09:51:54.607  3518  5197 W PackageConfigPersister: App-specific configuration not found for packageName: com.android.chrome and userId: 0
04-18 09:51:54.607  3518  5197 W PackageConfigPersister: App-specific configuration not found for packageName: com.android.vending and userId: 0
04-18 09:51:54.608  7857  9674 I HoneySpace.HistoryViewModel@157918506@OneUI: Illegal access. Unknown type. skip load history items
04-18 09:51:54.611 14905 15011 D PipelineWatcher: onInputBufferReleased: frameIndex not found (42); ignored
04-18 09:51:54.612 14905 15011 D PipelineWatcher: onInputBufferReleased: frameIndex not found (43); ignored
04-18 09:51:54.614  2427  2427 I SurfaceFlinger: [LayerHierarchy{RequestedLayerState{48770f9 com.samsung.android.incallui/com.android.incallui.call.dialog.DisconnectCauseDialogActivity#11896} no children}] reparent to OffscreenRoot
04-18 09:51:54.614  2427  2427 I SurfaceFlinger: [LayerHierarchy{RequestedLayerState{48770f9 com.samsung.android.incallui/com.android.incallui.call.dialog.DisconnectCauseDialogActivity#11896} no children}] RelativeParent to null
04-18 09:51:54.614  2427  2427 I SurfaceFlinger: [LayerHierarchy{RequestedLayerState{Task=166#11891 z=7} 1 children}] reparent to OffscreenRoot
04-18 09:51:54.614  2427  2427 I SurfaceFlinger: [LayerHierarchy{RequestedLayerState{Task=166#11891 z=7} 1 children}] RelativeParent to null
04-18 09:51:54.614  2427  2427 I SurfaceFlinger: [LayerHierarchy{RequestedLayerState{ActivityRecord{24547538 u0 com.samsung.android.incallui/com.android.incallui.call.dialog.DisconnectCauseDialogActivity t166}#11892} 2 children}] reparent to OffscreenRoot
04-18 09:51:54.614  2427  2427 I SurfaceFlinger: [LayerHierarchy{RequestedLayerState{ActivityRecord{24547538 u0 com.samsung.android.incallui/com.android.incallui.call.dialog.DisconnectCauseDialogActivity t166}#11892} 2 children}] RelativeParent to null
04-18 09:51:54.614  2427  2427 I SurfaceFlinger: [LayerHierarchy{RequestedLayerState{e0bbf8e com.samsung.android.incallui/com.android.incallui.call.dialog.DisconnectCauseDialogActivity#11893 z=1} no children}] reparent to OffscreenRoot
04-18 09:51:54.614  2427  2427 I SurfaceFlinger: [LayerHierarchy{RequestedLayerState{e0bbf8e com.samsung.android.incallui/com.android.incallui.call.dialog.DisconnectCauseDialogActivity#11893 z=1} no children}] RelativeParent to null
04-18 09:51:54.614  2427  2427 I SurfaceFlinger: [LayerHierarchy{RequestedLayerState{Task=166#11944 z=7} no children}] reparent to OffscreenRoot
04-18 09:51:54.614  2427  2427 I SurfaceFlinger: [LayerHierarchy{RequestedLayerState{Task=166#11944 z=7} no children}] RelativeParent to null
04-18 09:51:54.614 25268 25268 I View    : setRequestedFrameRate frameRate=NaN, this=lef{a2492fb VFED..... ........ 0,0-1080,1592 aid=1073741824}, caller=android.view.ViewGroup.setRequestedFrameRate:10045 aca$$ExternalSyntheticApiModelOutline1.m:58 lgn.a:1 lef.dispatchDraw:102 android.view.View.draw:26750 
04-18 09:51:54.614 25268 25268 I View    : setRequestedFrameRate frameRate=NaN, this=android.view.View{d0f4979 V.ED..... ........ 0,0-0,0}, caller=aca$$ExternalSyntheticApiModelOutline1.m:58 lgn.a:1 lef.dispatchDraw:111 android.view.View.draw:26750 android.view.View.updateDisplayListIfDirty:25577 
04-18 09:51:54.614 14671 14679 W ndroid.incallui: userfaultfd: MOVE ioctl seems unsupported: Connection timed out
04-18 09:51:54.615  2427  2427 I SurfaceFlinger: id=11944 Removed Task=166#11944 (173)
04-18 09:51:54.615  2427  2427 I SurfaceFlinger: id=11896 Removed 48770f9 com.samsung.android.incallui/com.android.incallui.call.dialog.DisconnectCauseDialogActivity#11896 (173)
04-18 09:51:54.615  2427  2427 I SurfaceFlinger: id=11893 Removed e0bbf8e com.samsung.android.incallui/com.android.incallui.call.dialog.DisconnectCauseDialogActivity#11893 (173)
04-18 09:51:54.619  5827 12076 D PipelineWatcher: onInputBufferReleased: frameIndex not found (5101); ignored
04-18 09:51:54.620 14671 14682 W System  : A resource failed to call AbstractCursor.close. 
04-18 09:51:54.620 14671 14682 W System  : A resource failed to call CursorWrapperInner.close. 
04-18 09:51:54.621  5827 12076 D PipelineWatcher: onInputBufferReleased: frameIndex not found (5102); ignored
04-18 09:51:54.622  2427  2427 I SurfaceFlinger: destroyed 48770f9 com.samsung.android.incallui/com.android.incallui.call.dialog.DisconnectCauseDialogActivity#11896 form LifecycleManager
04-18 09:51:54.622  2427  2427 I SurfaceFlinger: destroyed Task=166#11944 form LifecycleManager
04-18 09:51:54.622  2427  2427 I SurfaceFlinger: destroyed e0bbf8e com.samsung.android.incallui/com.android.incallui.call.dialog.DisconnectCauseDialogActivity#11893 form LifecycleManager
04-18 09:51:54.622  2427  2427 I SurfaceFlinger: id=11896 onLayerDestroyed from LayerHierarchyBuilder(RequestedLayerState{48770f9 com.samsung.android.incallui/com.android.incallui.call.dialog.DisconnectCauseDialogActivity#11896 !handle})
04-18 09:51:54.622  2427  2427 I SurfaceFlinger: id=11944 onLayerDestroyed from LayerHierarchyBuilder(RequestedLayerState{Task=166#11944 !handle z=7})
04-18 09:51:54.622  2427  2427 I SurfaceFlinger: id=11893 onLayerDestroyed from LayerHierarchyBuilder(RequestedLayerState{e0bbf8e com.samsung.android.incallui/com.android.incallui.call.dialog.DisconnectCauseDialogActivity#11893 !handle z=1})
04-18 09:51:54.622 25268 25268 I View    : setRequestedFrameRate frameRate=NaN, this=lef{a2492fb VFED..... ........ 0,0-1080,1592 aid=1073741824}, caller=android.view.ViewGroup.setRequestedFrameRate:10045 aca$$ExternalSyntheticApiModelOutline1.m:58 lgn.a:1 lef.dispatchDraw:102 android.view.View.draw:26750 
04-18 09:51:54.622 25268 25268 I View    : setRequestedFrameRate frameRate=NaN, this=android.view.View{d0f4979 V.ED..... ........ 0,0-0,0}, caller=aca$$ExternalSyntheticApiModelOutline1.m:58 lgn.a:1 lef.dispatchDraw:111 android.view.View.draw:26750 android.view.View.updateDisplayListIfDirty:25577 
04-18 09:51:54.623  2427  2427 I SurfaceFlinger: id=11896 Destroyed 48770f9 com.samsung.android.incallui/com.android.incallui.call.dialog.DisconnectCauseDialogActivity#11896
04-18 09:51:54.623  2427  2427 I SurfaceFlinger: id=11944 Destroyed Task=166#11944
04-18 09:51:54.623  2427  2427 I SurfaceFlinger: id=11893 Destroyed e0bbf8e com.samsung.android.incallui/com.android.incallui.call.dialog.DisconnectCauseDialogActivity#11893
04-18 09:51:54.627 14905 15011 D PipelineWatcher: onInputBufferReleased: frameIndex not found (44); ignored
04-18 09:51:54.628 14905 15011 D PipelineWatcher: onInputBufferReleased: frameIndex not found (45); ignored
04-18 09:51:54.628 22775 22775 I SSS     : [ChatRoomComponentManager] onNoTranslatableMessage[232428607]: 33/79
04-18 09:51:54.631 25268 25268 I View    : setRequestedFrameRate frameRate=NaN, this=lef{a2492fb VFED..... ........ 0,0-1080,1592 aid=1073741824}, caller=android.view.ViewGroup.setRequestedFrameRate:10045 aca$$ExternalSyntheticApiModelOutline1.m:58 lgn.a:1 lef.dispatchDraw:102 android.view.View.draw:26750 
04-18 09:51:54.631 25268 25268 I View    : setRequestedFrameRate frameRate=NaN, this=android.view.View{d0f4979 V.ED..... ........ 0,0-0,0}, caller=aca$$ExternalSyntheticApiModelOutline1.m:58 lgn.a:1 lef.dispatchDraw:111 android.view.View.draw:26750 android.view.View.updateDisplayListIfDirty:25577 
04-18 09:51:54.635  5827 12076 D PipelineWatcher: onInputBufferReleased: frameIndex not found (5103); ignored
04-18 09:51:54.637  5827 12076 D PipelineWatcher: onInputBufferReleased: frameIndex not found (5104); ignored
04-18 09:51:54.639 25268 25268 I View    : setRequestedFrameRate frameRate=NaN, this=lef{a2492fb VFED..... ........ 0,0-1080,1592 aid=1073741824}, caller=android.view.ViewGroup.setRequestedFrameRate:10045 aca$$ExternalSyntheticApiModelOutline1.m:58 lgn.a:1 lef.dispatchDraw:102 android.view.View.draw:26750 
04-18 09:51:54.639 25268 25268 I View    : setRequestedFrameRate frameRate=NaN, this=android.view.View{d0f4979 V.ED..... ........ 0,0-0,0}, caller=aca$$ExternalSyntheticApiModelOutline1.m:58 lgn.a:1 lef.dispatchDraw:111 android.view.View.draw:26750 android.view.View.updateDisplayListIfDirty:25577 
04-18 09:51:54.644 14905 15011 D PipelineWatcher: onInputBufferReleased: frameIndex not found (46); ignored
04-18 09:51:54.645 14905 15011 D PipelineWatcher: onInputBufferReleased: frameIndex not found (47); ignored
