04-18 09:51:54.531  2427  2427 I SurfaceFlinger: [com.google.android.apps.messaging/com.google.android.apps.messaging.gaia.expresssignin.BugleExpressSignInActivity$_25268#11937] setFrameRate: 0.000000, Default, SeamedAndSeamless
04-18 09:51:54.531  2427  2427 I SurfaceFlinger: [com.google.android.apps.messaging/com.google.android.apps.messaging.gaia.expresssignin.BugleExpressSignInActivity$_25268#11937] setFrameRateCategory: High
04-18 09:51:54.531  2427  2427 I SurfaceFlinger: [Transition Root: ActivityRecord{166658306 u0 com.google.android.apps.messaging/.gaia.expresssignin.BugleExpressSignInActivity t167}#11940] attach to parent LayerHierarchy{RequestedLayerState{Task=167#11917 parentId=11921 z=7} 3 children}
04-18 09:51:54.531  2350  2492 I SnapAlloc: Using graphics libs for alignment calculations
04-18 09:51:54.531  5098  5136 V WindowManagerShell: Transition animation finished (aborted=false), notifying core (#985) android.os.BinderProxy@6ad72aa@0
04-18 09:51:54.531  5098  5136 I SurfaceControlRegistry: apply, t=FinishTransaction_SyncId<985>, caller=android.view.SurfaceControl$Transaction.apply:3578 android.view.SurfaceControl$Transaction.apply:3566 android.view.SurfaceControl$Transaction.apply:3516 com.android.wm.shell.transition.Transitions.onFinish:381 com.android.wm.shell.transition.Transitions$$ExternalSyntheticLambda8.onTransitionFinished:12 com.android.wm.shell.transition.DefaultTransitionHandler$$ExternalSyntheticLambda2.run:276 
04-18 09:51:54.531 25268 25329 I Kumiho-Kumiho: getPackageName: com.google.android.apps.messaging
04-18 09:51:54.531  2427  2502 I SurfaceFlinger: Capture layer list: 	 com.google.android.apps.messaging/com.google.android.apps.messaging.ui.ConversationListActivity$_25268#11926(preserveDisplayColors:0)
04-18 09:51:54.532  2427  2557 D SurfaceFlinger: [SEC_SF_EFFECTS] drawLayersInternal,1334, Rendering layer ScreenCaptureFillLayer at index 0
04-18 09:51:54.532  2427  2557 D SurfaceFlinger: [SEC_SF_EFFECTS] drawLayersInternal,1334, Rendering layer com.google.android.apps.messaging/com.google.android.apps.messaging.ui.ConversationListActivity$_25268#11926 at index 1
04-18 09:51:54.533  3518  3665 V WindowManager: Sent Transition (#986) createdAt=04-18 09:51:54.434 via request=TransitionRequestInfo { type = OPEN, triggerTask = TaskInfo{userId=0 taskId=167 effectiveUid=10272 displayId=0 isRunning=true baseIntent=Intent { flg=0x10000000 cmp=com.google.android.apps.messaging/.ui.ConversationListActivity } baseActivity=ComponentInfo{com.google.android.apps.messaging/com.google.android.apps.messaging.main.MainActivity} topActivity=ComponentInfo{com.google.android.apps.messaging/com.google.android.apps.messaging.gaia.expresssignin.BugleExpressSignInActivity} origActivity=ComponentInfo{com.google.android.apps.messaging/com.google.android.apps.messaging.ui.ConversationListActivity} realActivity=ComponentInfo{com.google.android.apps.messaging/com.google.android.apps.messaging.main.MainActivity} numActivities=2 lastActiveTime=1388559522 supportsMultiWindow=true resizeMode=1 isResizeable=true minWidth=-1 minHeight=-1 maxWidth=-1 maxHeight=-1 defaultMinSize=220 desktopDefaultMinSize=304 token=WCT{RemoteToken{212e45d Task{c539e2a #167 type=standard A=10272:com.google.android.apps.messaging}}} topActivityType=1 pictureInPictureParams=null shouldDockBigOverlays=false launchIntoPipHostTaskId=-1 lastParentTaskIdBeforePip=-1 displayCutoutSafeInsets=Rect(0, 0 - 0, 0) topActivityInfo=ActivityInfo{876fe40 com.google.android.apps.messaging.gaia.expresssignin.BugleExpressSignInActivity} launchCookies=[] positionInParent=Point(0, 0) parentTaskId=-1 isFocused=true isVisible=true isVisibleRequested=true isTopActivityNoDisplay=false isSleeping=false locusId=null displayAreaFeatureId=1 isTopActivityTransparent=false isActivityStackTransparent=false lastNonFullscreenBounds=Rect(81, 570 - 999, 1740) capturedLink=null capturedLinkTimestamp=0 requestedVisibleTypes=503 topActivityRequestOpenInBrowserEducationTimestamp=0 appCompatTaskInfo=AppCompatTaskInfo { topActivityInSizeCompat=false isLeafTask= true eligibleForLetterboxEducation= false isLetterboxEducationEnabled= false isLetterboxDoubleTapEnabled= false eligibleForUserAspectRatioButton= false topActivityBoundsLetterboxed= false isFromLetterboxDoubleTap= false topActivityLetterboxVerticalPosition= -1 topActivityLetterboxHorizontalPosition= -1 topActivityLetterboxWidth=-1 topActivityLetterboxHeight=-1 topActivityAppBounds=Rect(0, 0 - 1080, 2340) isUserFullscreenOverrideEnabled=false isSystemFullscreenOverrideEnabled=false hasMinAspectRatioOverride=false topActivityLetterboxBounds=null cameraCompatTaskInfo=CameraCompatTaskInfo { cameraCompatMode=undefinedundefined} topActivityBounds=null topActivityInDisplayCompat=false showForceRotationButton=false forceRotationButtonState=0 singleTapFromLetterbox=false topNonResizableActivityAspectRatio=-1.0} topActivityMainWindowFrame=null originallySupportedMultiWindow=true hasWallpaper=false rootAffinity=10272:com.google.android.apps.messaging isTopTaskInStage=false CoverLauncherWidgetTask=false LaunchedFromAppsCoverLauncherTask=false LaunchedFromMultistarCoverLauncherTask=false isAllowedSeamlessRotation=false isTopTransparentActivity=false isAliasManaged=false hasConfigChanged=false isAiKeyRemoveAppTask=false lastDesktopWindowingBounds=null lastExternalDesktopWindowingBounds=nullisPackageNightModeActive=true safeCutoutInsets=null isAppBubble=false}, pipChange = null, remoteTransition = null, displayChange = null, requestedLocation = null, userChange = null, windowingLayerChange = null, flags = 0, debugId = 986 }
04-18 09:51:54.533  3518  3665 V WindowManager:     startWCT=WindowContainerTransaction { changes= {} hops= [] errorCallbackToken=null taskFragmentOrganizer=null }
04-18 09:51:54.533  3518  3665 V WindowManager:     info={id=986 t=OPEN f=0x0 trk=0 r=[0@Point(0, 0)] c=[
04-18 09:51:54.533  3518  3665 V WindowManager:         {m=OPEN f=FILLS_TASK|IS_ACTIVITY leash=Surface(name=ActivityRecord{166658306 u0 com.google.android.apps.messaging/.gaia.expresssignin.BugleExpressSignInActivity t167}#11931)/@0xdb82a7d sb=Rect(0, 0 - 0, 0) eb=Rect(0, 0 - 1080, 2340) epz=Point(1080, 2340) d=-1->0 r=-1->0:-1 bc=ff131314 activity=ActivityTransitionInfo { component = ComponentInfo{com.google.android.apps.messaging/com.google.android.apps.messaging.gaia.expresssignin.BugleExpressSignInActivity}, taskId = 167, appCompatTransitionInfo = null } opt={t=FROM_STYLE mUserId=0} inset=Rect(0, 0 - 0, 0) dim=true taskIdForActivity=167},
04-18 09:51:54.533  3518  3665 V WindowManager:         {m=TO_BACK f=FILLS_TASK|IS_BEHIND_STARTING_WINDOW|IS_OCCLUDED|IS_ACTIVITY leash=Surface(name=ActivityRecord{234571519 u0 com.google.android.apps.messaging/.ui.ConversationListActivity t167}#11918)/@0x2a2afc1 sb=Rect(0, 0 - 1080, 2340) eb=Rect(0, 0 - 1080, 2340) epz=Point(1080, 2340) d=0 bc=ff131314 activity=ActivityTransitionInfo { component = ComponentInfo{com.google.android.apps.messaging/com.google.android.apps.messaging.main.MainActivity}, taskId = 167, appCompatTransitionInfo = null } opt={t=FROM_STYLE mUserId=0} inset=Rect(0, 0 - 0, 0) dim=true taskIdForActivity=167}
04-18 09:51:54.533  3518  3665 V WindowManager:     ]}
04-18 09:51:54.534  3518  3669 W PackageConfigPersister: App-specific configuration not found for packageName: com.google.android.apps.messaging and userId: 0
04-18 09:51:54.534  3518  5197 W PackageConfigPersister: App-specific configuration not found for packageName: com.google.android.apps.messaging and userId: 0
04-18 09:51:54.534  3518  7417 V WindowManager: Finish Transition: TransitionRecord{b0dbe1e id=985 type=OPEN flags=0x0 parallelCollectType=NONE recentsDisplayId=-1 c=[
04-18 09:51:54.534  3518  7417 V WindowManager:    ChangeInfo{9a4a5a5 container=ActivityRecord{50490468 u0 com.sec.android.app.launcher/.activities.LauncherActivity t44} flags=0x0}
04-18 09:51:54.534  3518  7417 V WindowManager:    ChangeInfo{aedc882 container=WindowedMagnification:0:31@50727657 flags=0x0}
04-18 09:51:54.534  3518  7417 V WindowManager:    ChangeInfo{830fd7a container=Task{6f675b3 #1 type=home} flags=0x10}
04-18 09:51:54.534  3518  7417 V WindowManager:    ChangeInfo{73492b container=RemoteWallpaperAnim:1:1@135178324 flags=0x0}
04-18 09:51:54.534  3518  7417 V WindowManager:    ChangeInfo{e22b93 container=Display{#0 state=ON size=1080x2340 ROTATION_0} flags=0x0}
04-18 09:51:54.534  3518  7417 V WindowManager:    ChangeInfo{4587d0 container=AppZoomOut:2:14@171890544 flags=0x0}
04-18 09:51:54.534  3518  7417 V WindowManager:    ChangeInfo{3a37188 container=WallpaperWindowToken{a9e9ca6 showWhenLocked=true}_<lock> flags=0x0}
04-18 09:51:54.534  3518  7417 V WindowManager:    ChangeInfo{5ef721 container=Task{c283a93 #44 type=home I=com.sec.android.app.launcher/.activities.LauncherActivity} flags=0x10}
04-18 09:51:54.534  3518  7417 V WindowManager:    ChangeInfo{7dc63c9 container=Task{c539e2a #167 type=standard A=10272:com.google.android.apps.messaging} flags=0x10}
04-18 09:51:54.534  3518  7417 V WindowManager:    ChangeInfo{5b3eace container=DefaultTaskDisplayArea_d0@232835871 flags=0x0}
04-18 09:51:54.534  3518  7417 V WindowManager:    ChangeInfo{879edef container=ActivityRecord{234571519 u0 com.google.android.apps.messaging/.ui.ConversationListActivity t167} flags=0x0}
04-18 09:51:54.534  3518  7417 V WindowManager: ]
04-18 09:51:54.534  3518  7417 V WindowManager: }, caller=com.android.server.wm.WindowOrganizerController.finishTransitionInner:34 com.android.server.wm.WindowOrganizerController.finishAllTransitions:60 android.window.IWindowOrganizerController$Stub.onTransact:292 
04-18 09:51:54.534 22775 22775 I SSS     : [ChatRoomComponentManager] onNoTranslatableMessage[232428607]: 33/79
04-18 09:51:54.534  3518  3665 V WindowManager: Finish Transition (#985): created at 04-18 09:51:54.245 collect-started=0.308ms request-sent=3.831ms started=5.559ms ready=10.252ms sent=33.881ms commit=11.414ms finished=289.688ms
04-18 09:51:54.535  3518  7417 V WindowManager: Setting visibility of Window{32abfe5 u0 com.sec.android.app.launcher/com.sec.android.app.launcher.activities.LauncherActivity}: false, caller=com.android.server.wm.WindowContainer.sendAppVisibilityToClients:19 com.android.server.wm.WindowToken.setClientVisible:91 com.android.server.wm.ActivityRecord.commitVisibility:186 com.android.server.wm.TransitionController.finishTransition:966 com.android.server.wm.WindowOrganizerController.finishTransitionInner:34 
04-18 09:51:54.535  3518  7417 V WindowManager: Setting visibility of Window{3967f9f u0 com.samsung.android.wallpaper.live.infinity.InfinityWallpaper}: false, caller=com.android.server.wm.WindowContainer.sendAppVisibilityToClients:19 com.android.server.wm.WindowToken.setClientVisible:91 com.android.server.wm.WallpaperWindowToken.setVisible$1:3 com.android.server.wm.WallpaperWindowToken.commitVisibility:48 com.android.server.wm.TransitionController.finishTransition:1374 
04-18 09:51:54.535  7857  7857 I VRI[LauncherActivity]@d4e7497: handleAppVisibility mAppVisible = true visible = false
04-18 09:51:54.535 29794 21279 I WallpaperService: dispatchAppVisibility: systemlock, visible=false , mLidState = -1
04-18 09:51:54.535  2427  2501 I SurfaceFlinger: id=11934 Removed Surface(name=86cafd5 StatusBar#83)/@0xda385b7 - animation-leash of insets_animation#11934 (174)
04-18 09:51:54.535  3518  7417 D ChangeTransitionController: onTransitionFinished: TransitionRecord{b0dbe1e id=985 type=OPEN flags=0x0 parallelCollectType=NONE recentsDisplayId=-1 c=[
04-18 09:51:54.535  3518  7417 D ChangeTransitionController:    ChangeInfo{9a4a5a5 container=ActivityRecord{50490468 u0 com.sec.android.app.launcher/.activities.LauncherActivity t44} flags=0x0}
04-18 09:51:54.535  3518  7417 D ChangeTransitionController:    ChangeInfo{aedc882 container=WindowedMagnification:0:31@50727657 flags=0x0}
04-18 09:51:54.535  3518  7417 D ChangeTransitionController:    ChangeInfo{830fd7a container=Task{6f675b3 #1 type=home} flags=0x10}
04-18 09:51:54.535  3518  7417 D ChangeTransitionController:    ChangeInfo{73492b container=RemoteWallpaperAnim:1:1@135178324 flags=0x0}
04-18 09:51:54.535  3518  7417 D ChangeTransitionController:    ChangeInfo{e22b93 container=Display{#0 state=ON size=1080x2340 ROTATION_0} flags=0x0}
04-18 09:51:54.535  3518  7417 D ChangeTransitionController:    ChangeInfo{4587d0 container=AppZoomOut:2:14@171890544 flags=0x0}
04-18 09:51:54.535  3518  7417 D ChangeTransitionController:    ChangeInfo{3a37188 container=WallpaperWindowToken{a9e9ca6 showWhenLocked=true}_<lock> flags=0x0}
04-18 09:51:54.535  3518  7417 D ChangeTransitionController:    ChangeInfo{5ef721 container=Task{c283a93 #44 type=home I=com.sec.android.app.launcher/.activities.LauncherActivity} flags=0x10}
04-18 09:51:54.535  3518  7417 D ChangeTransitionController:    ChangeInfo{7dc63c9 container=Task{c539e2a #167 type=standard A=10272:com.google.android.apps.messaging} flags=0x10}
04-18 09:51:54.535  3518  7417 D ChangeTransitionController:    ChangeInfo{5b3eace container=DefaultTaskDisplayArea_d0@232835871 flags=0x0}
04-18 09:51:54.535  3518  7417 D ChangeTransitionController:    ChangeInfo{879edef container=ActivityRecord{234571519 u0 com.google.android.apps.messaging/.ui.ConversationListActivity t167} flags=0x0}
04-18 09:51:54.535  3518  7417 D ChangeTransitionController: ]
04-18 09:51:54.535  3518  7417 D ChangeTransitionController: }
04-18 09:51:54.535  2427  2501 I SurfaceFlinger: id=11935 Removed Surface(name=43797e9 NavigationBar0#79)/@0xc2f1642 - animation-leash of insets_animation#11935 (174)
04-18 09:51:54.535 25268 25268 I InsetsSourceConsumer: applyRequestedVisibilityToControl: visible=true, type=statusBars, host=com.google.android.apps.messaging/com.google.android.apps.messaging.gaia.expresssignin.BugleExpressSignInActivity
04-18 09:51:54.535 25268 15003 I WM-WorkerWrapper: Worker result SUCCESS for Work [ id=35401ce5-ab3b-433e-b9fd-38f42d16a9d6, tags={ com.google.android.apps.messaging.shared.datamodel.workqueue.WorkQueueWorkerShim,gaia_auth_check_result- } ]
04-18 09:51:54.535 25268 25268 I InsetsSourceConsumer: applyRequestedVisibilityToControl: visible=true, type=navigationBars, host=com.google.android.apps.messaging/com.google.android.apps.messaging.gaia.expresssignin.BugleExpressSignInActivity
04-18 09:51:54.536 29794 29794 I WallpaperService: reportVisibility: visibility changed. visible=false
04-18 09:51:54.536 29794 29794 I SprWallpaper|InfinityWallpaper: onVisibilityChanged: visible[false], mInitialized[true], isPreview[false]
04-18 09:51:54.536  5098  5136 V WindowManagerShell: Playing animation for (#986) android.os.BinderProxy@159fddc@0
04-18 09:51:54.536  5098  5136 I SurfaceControlRegistry: show, t=StartTransaction_SyncId<986> sc=Transition Root: ActivityRecord{166658306 u0 com.google.android.apps.messaging/.gaia.expresssignin.BugleExpressSignInActivity t167}#11940, caller=android.view.SurfaceControl$Transaction.show:3676 com.android.wm.shell.transition.Transitions.playTransition:78 com.android.wm.shell.transition.Transitions.processReadyQueue:296 com.android.wm.shell.transition.Transitions.onFinish:594 com.android.wm.shell.transition.Transitions$$ExternalSyntheticLambda8.onTransitionFinished:12 com.android.wm.shell.transition.DefaultTransitionHandler$$ExternalSyntheticLambda2.run:276 
04-18 09:51:54.536  5098  5136 V ShellRecents: RecentsTransitionHandler.startAnimation: no controller found
04-18 09:51:54.536  5098  5136 V ShellDesktopMode: DesktopMixedTransitionHandler: No pending desktop transition
04-18 09:51:54.536  2427  2501 I SurfaceFlinger: id=11941 createSurf, flag=84000, 8379de4 ActivityRecordInputSink com.google.android.apps.messaging/.gaia.expresssignin.BugleExpressSignInActivity#11941
04-18 09:51:54.536 25268 25268 I View    : setRequestedFrameRate frameRate=NaN, this=lef{a2492fb VFED..... ........ 0,0-1080,1592 aid=1073741824}, caller=android.view.ViewGroup.setRequestedFrameRate:10045 aca$$ExternalSyntheticApiModelOutline1.m:58 lgn.a:1 lef.dispatchDraw:102 android.view.View.draw:26750 
04-18 09:51:54.536  5098  5136 V WindowManagerShell: Transition doesn't have explicit remote, search filters for match for {id=986 t=OPEN f=0x0 trk=0 r=[0@Point(0, 0)] c=[{m=OPEN f=FILLS_TASK|IS_ACTIVITY leash=Surface(name=ActivityRecord{166658306 u0 com.google.android.apps.messaging/.gaia.expresssignin.BugleExpressSignInActivity t167}#11931)/@0xaddf461 sb=Rect(0, 0 - 0, 0) eb=Rect(0, 0 - 1080, 2340) epz=Point(1080, 2340) d=-1->0 r=-1->0:-1 bc=ff131314 activity=ActivityTransitionInfo { component = ComponentInfo{com.google.android.apps.messaging/com.google.android.apps.messaging.gaia.expresssignin.BugleExpressSignInActivity}, taskId = 167, appCompatTransitionInfo = null } opt={t=FROM_STYLE mUserId=0} inset=Rect(0, 0 - 0, 0) dim=true taskIdForActivity=167},{m=TO_BACK f=FILLS_TASK|IS_BEHIND_STARTING_WINDOW|IS_OCCLUDED|IS_ACTIVITY leash=Surface(name=ActivityRecord{234571519 u0 com.google.android.apps.messaging/.ui.ConversationListActivity t167}#11918)/@0x4fccb86 sb=Rect(0, 0 - 1080, 2340) eb=Rect(0, 0 - 1080, 2340) epz=Point(1080, 2340) d=0 bc=ff131314 activity=ActivityTransitionInfo { component = ComponentInfo{com.google.android.apps.messaging/com.google.android.apps.messaging.main.MainActivity}, taskId = 167, appCompatTransitionInfo = null } opt={t=FROM_STYLE mUserId=0} inset=Rect(0, 0 - 0, 0) dim=true taskIdForActivity=167}]}
04-18 09:51:54.536 25268 25268 I View    : setRequestedFrameRate frameRate=-4.0, this=android.view.View{d0f4979 V.ED..... ........ 0,0-0,0}, caller=aca$$ExternalSyntheticApiModelOutline1.m:58 lgn.a:1 lef.dispatchDraw:111 android.view.View.draw:26750 android.view.View.updateDisplayListIfDirty:25577 
04-18 09:51:54.536 25268 25268 I VRI[BugleExpressSignInActivity]@13a268: Requested frameRateCategory 6 by android.view.View{d0f4979 V.ED..... ........ 0,0-0,0}
04-18 09:51:54.536  5098  5136 V WindowManagerShell:  Checking filter Pair{{types=[] flags=0x0] notFlags=0x100 checks=[{atype=home independent=true modes=[OPEN,TO_FRONT] flags=NONE mustBeTask=false order=TOP topActivity=ComponentInfo{com.sec.android.app.launcher/com.sec.android.app.launcher.Launcher} launchCookie=null windowingMode=undefined isCrossDisplayMove=false},{atype=recents independent=true modes=[CLOSE,TO_BACK] flags=NONE mustBeTask=false order=ANY topActivity=null launchCookie=null windowingMode=undefined isCrossDisplayMove=false}]} RemoteTransition { remoteTransition = android.window.IRemoteTransition$Stub$Proxy@e5fbf30, appThread = android.app.IApplicationThread$Stub$Proxy@a2537a9, debugName = QuickstepLaunchHomeFromRecentsflags =NONE }}
04-18 09:51:54.536  5098  5136 V WindowManagerShell:  Checking filter Pair{{types=[] flags=0x0] notFlags=0x100 checks=[{atype=home independent=true modes=[OPEN,TO_FRONT] flags=NONE mustBeTask=false order=TOP topActivity=ComponentInfo{com.sec.android.app.launcher/com.sec.android.app.launcher.Launcher} launchCookie=null windowingMode=undefined isCrossDisplayMove=false},{atype=standard independent=true modes=[CLOSE,TO_BACK] flags=NONE mustBeTask=false order=ANY topActivity=null launchCookie=null windowingMode=undefined isCrossDisplayMove=false}]} RemoteTransition { remoteTransition = android.window.IRemoteTransition$Stub$Proxy@e84612e, appThread = android.app.IApplicationThread$Stub$Proxy@b8d94cf, debugName = QuickstepLaunchHomeflags =NONE }}
04-18 09:51:54.536  5098  5136 V WindowManagerShell:  Delegate animation for (#986) to null
04-18 09:51:54.536  5098  5136 V WindowManagerShell: start default transition animation, info = {id=986 t=OPEN f=0x0 trk=0 r=[0@Point(0, 0)] c=[{m=OPEN f=FILLS_TASK|IS_ACTIVITY leash=Surface(name=ActivityRecord{166658306 u0 com.google.android.apps.messaging/.gaia.expresssignin.BugleExpressSignInActivity t167}#11931)/@0xaddf461 sb=Rect(0, 0 - 0, 0) eb=Rect(0, 0 - 1080, 2340) epz=Point(1080, 2340) d=-1->0 r=-1->0:-1 bc=ff131314 activity=ActivityTransitionInfo { component = ComponentInfo{com.google.android.apps.messaging/com.google.android.apps.messaging.gaia.expresssignin.BugleExpressSignInActivity}, taskId = 167, appCompatTransitionInfo = null } opt={t=FROM_STYLE mUserId=0} inset=Rect(0, 0 - 0, 0) dim=true taskIdForActivity=167},{m=TO_BACK f=FILLS_TASK|IS_BEHIND_STARTING_WINDOW|IS_OCCLUDED|IS_ACTIVITY leash=Surface(name=ActivityRecord{234571519 u0 com.google.android.apps.messaging/.ui.ConversationListActivity t167}#11918)/@0x4fccb86 sb=Rect(0, 0 - 1080, 2340) eb=Rect(0, 0 - 1080, 2340) epz=Point(1080, 2340) d=0 bc=ff131314 activity=ActivityTransitionInfo { component = ComponentInfo{com.google.android.apps.messaging/com.google.android.apps.messaging.main.MainActivity}, taskId = 167, appCompatTransitionInfo = null } opt={t=FROM_STYLE mUserId=0} inset=Rect(0, 0 - 0, 0) dim=true taskIdForActivity=167}]}
04-18 09:51:54.537  5098  5136 V WindowManagerShell: loadAnimation: anim=android.view.animation.AnimationSet@d4a1a12 animAttr=0x5 type=OPEN isEntrance=false
04-18 09:51:54.537  5098  5136 V WindowManagerShell:    wallpaperTransit=WALLPAPER_NONE translucent=false
04-18 09:51:54.537  5098  5136 V WindowManagerShell:    change={m=TO_BACK f=FILLS_TASK|IS_BEHIND_STARTING_WINDOW|IS_OCCLUDED|IS_ACTIVITY leash=Surface(name=ActivityRecord{234571519 u0 com.google.android.apps.messaging/.ui.ConversationListActivity t167}#11918)/@0x4fccb86 sb=Rect(0, 0 - 1080, 2340) eb=Rect(0, 0 - 1080, 2340) epz=Point(1080, 2340) d=0 bc=ff131314 activity=ActivityTransitionInfo { component = ComponentInfo{com.google.android.apps.messaging/com.google.android.apps.messaging.main.MainActivity}, taskId = 167, appCompatTransitionInfo = null } opt={t=FROM_STYLE mUserId=0} inset=Rect(0, 0 - 0, 0) dim=true taskIdForActivity=167}
04-18 09:51:54.537  5098  5136 D SurfaceComposerClient: [ActivityRecord{234571519 u0 com.google.android.apps.messaging/.ui.ConversationListActivity t167}#11918] setEdgeExtension Right
04-18 09:51:54.537  2427  2502 I SurfaceFlinger: id=11942 createSurf, flag=20004, DimTransitionLayer for Surface(name=ActivityRecord{234571519 u0 com.google.android.apps.messaging/.ui.ConversationListActivity t167}#11918)/@0x4fccb86#11942
04-18 09:51:54.537  5098  5136 I SurfaceControlRegistry: show, t=StartTransaction_SyncId<986> sc=DimTransitionLayer for Surface(name=ActivityRecord{234571519 u0 com.google.android.apps.messaging/.ui.ConversationListActivity t167}#11918)/@0x4fccb86#11942, caller=android.view.SurfaceControl$Transaction.show:3676 com.android.wm.shell.transition.DefaultTransitionHandler.startAnimation:2886 com.android.wm.shell.transition.Transitions.dispatchTransition:104 com.android.wm.shell.transition.Transitions.playTransition:890 com.android.wm.shell.transition.Transitions.processReadyQueue:296 com.android.wm.shell.transition.Transitions.onFinish:594 
04-18 09:51:54.537  5098  5136 V WindowManagerShell: attach dim transition, change={m=TO_BACK f=FILLS_TASK|IS_BEHIND_STARTING_WINDOW|IS_OCCLUDED|IS_ACTIVITY leash=Surface(name=ActivityRecord{234571519 u0 com.google.android.apps.messaging/.ui.ConversationListActivity t167}#11918)/@0x4fccb86 sb=Rect(0, 0 - 1080, 2340) eb=Rect(0, 0 - 1080, 2340) epz=Point(1080, 2340) d=0 bc=ff131314 activity=ActivityTransitionInfo { component = ComponentInfo{com.google.android.apps.messaging/com.google.android.apps.messaging.main.MainActivity}, taskId = 167, appCompatTransitionInfo = null } opt={t=FROM_STYLE mUserId=0} inset=Rect(0, 0 - 0, 0) dim=true taskIdForActivity=167}
04-18 09:51:54.537  5098  5136 V WindowManagerShell: loadAnimation: anim=android.view.animation.AnimationSet@b86960c animAttr=0x4 type=OPEN isEntrance=true
04-18 09:51:54.537  5098  5136 V WindowManagerShell:    wallpaperTransit=WALLPAPER_NONE translucent=false
04-18 09:51:54.537  5098  5136 V WindowManagerShell:    change={m=OPEN f=FILLS_TASK|IS_ACTIVITY leash=Surface(name=ActivityRecord{166658306 u0 com.google.android.apps.messaging/.gaia.expresssignin.BugleExpressSignInActivity t167}#11931)/@0xaddf461 sb=Rect(0, 0 - 0, 0) eb=Rect(0, 0 - 1080, 2340) epz=Point(1080, 2340) d=-1->0 r=-1->0:-1 bc=ff131314 activity=ActivityTransitionInfo { component = ComponentInfo{com.google.android.apps.messaging/com.google.android.apps.messaging.gaia.expresssignin.BugleExpressSignInActivity}, taskId = 167, appCompatTransitionInfo = null } opt={t=FROM_STYLE mUserId=0} inset=Rect(0, 0 - 0, 0) dim=true taskIdForActivity=167}
04-18 09:51:54.537  5098  5136 I SurfaceControlRegistry: apply, t=StartTransaction_SyncId<986>, caller=android.view.SurfaceControl$Transaction.apply:3578 android.view.SurfaceControl$Transaction.apply:3566 android.view.SurfaceControl$Transaction.apply:3516 com.android.wm.shell.transition.DefaultTransitionHandler.startAnimation:3499 com.android.wm.shell.transition.Transitions.dispatchTransition:104 com.android.wm.shell.transition.Transitions.playTransition:890 
04-18 09:51:54.538  5098  5136 V WindowManagerShell:  animated by com.android.wm.shell.transition.DefaultTransitionHandler@b552ae1
04-18 09:51:54.538  5827 12076 D PipelineWatcher: onInputBufferReleased: frameIndex not found (5091); ignored
04-18 09:51:54.539  2427  2427 I SurfaceFlinger: RequestedLayer [Task=1#46] hidden!! flag  from(0) --> to(1)
04-18 09:51:54.539  2427  2427 I SurfaceFlinger: RequestedLayer [ActivityRecord{50490468 u0 com.sec.a[...].activities.LauncherActivity t44}#94] hidden!! flag  from(0) --> to(1)
04-18 09:51:54.539  2427  2427 I SurfaceFlinger: RequestedLayer [WallpaperWindowToken{a9e9ca6}#8471] hidden!! flag  from(0) --> to(1)
04-18 09:51:54.539  2427  2427 I SurfaceFlinger: RequestedLayer [com.sec.android.app.launcher/com.sec[...]ivities.LauncherActivity$_7857#11905] hidden!! flag  from(0) --> to(1)
04-18 09:51:54.539  2427  2427 I SurfaceFlinger: RequestedLayer [com.samsung.android.wallpaper.live.infinity.InfinityWallpaper$_29794#8473] hidden!! flag  from(0) --> to(1)
04-18 09:51:54.539  2427  2427 I SurfaceFlinger: RequestedLayer [150f409 com.google.android.apps.mess[...]nin.BugleExpressSignInActivity#11936] hidden!! flag  from(1) --> to(0)
04-18 09:51:54.539  2427  2427 I SurfaceFlinger: RequestedLayer [com.google.android.apps.messaging/co[...]leExpressSignInActivity$_25268#11937] hidden!! flag  from(1) --> to(0)
04-18 09:51:54.539  2427  2427 I SurfaceFlinger: RequestedLayer [ActivityRecord{166658306 u0 com.goog[...]gleExpressSignInActivity t167}#11931] hidden!! flag  from(1) --> to(0)
04-18 09:51:54.539  2427  2427 E SurfaceFlinger: alpha changed 1.000 -> 0.000 - ActivityRecord{166658306 u0 com.google.android.apps.messaging/.gaia.expresssignin.BugleExpressSignInActivity t167}#11931
04-18 09:51:54.539  2427  2427 I SurfaceFlinger: RequestedLayer [Transition Root: ActivityRecord{1666[...]gleExpressSignInActivity t167}#11940] hidden!! flag  from(1) --> to(0)
04-18 09:51:54.539  2427  2427 I SurfaceFlinger: RequestedLayer [DimTransitionLayer for Surface(name=[...]tivity t167}#11918)/@0x4fccb86#11942] hidden!! flag  from(1) --> to(0)
04-18 09:51:54.539  2427  2427 E SurfaceFlinger: alpha changed 1.000 -> 0.000 - DimTransitionLayer for Surface(name=ActivityRecord{234571519 u0 com.google.android.apps.messaging/.ui.ConversationListActivity t167}#11918)/@0x4fccb86#11942
04-18 09:51:54.539  2427  2427 E SurfaceFlinger: alpha changed 0.000 -> 0.000 - DimTransitionLayer for Surface(name=ActivityRecord{234571519 u0 com.google.android.apps.messaging/.ui.ConversationListActivity t167}#11918)/@0x4fccb86#11942
04-18 09:51:54.539  2427  2427 E SurfaceFlinger: alpha changed 0.000 -> 1.000 - ActivityRecord{166658306 u0 com.google.android.apps.messaging/.gaia.expresssignin.BugleExpressSignInActivity t167}#11931
04-18 09:51:54.539  5098  5098 I VRI[NavigationBar0]@7f557cf: call setFrameRateCategory category=normal, reason=small, vri=VRI[NavigationBar0]@7f557cf
04-18 09:51:54.539  2427  2427 I SurfaceFlinger: destroyed Surface(name=43797e9 NavigationBar0#79)/@0xc2f1642 - animation-leash of insets_animation#11935 form LifecycleManager
04-18 09:51:54.539  2427  2427 I SurfaceFlinger: destroyed Surface(name=86cafd5 StatusBar#83)/@0xda385b7 - animation-leash of insets_animation#11934 form LifecycleManager
04-18 09:51:54.539  2427  2427 I SurfaceFlinger: [LayerHierarchy{RequestedLayerState{Task=1#46 parentId=10} 2 children}] reparent to LayerHierarchy{RequestedLayerState{DefaultTaskDisplayArea_d0#10 parentId=9} 11 children}
04-18 09:51:54.539  2427  2427 I SurfaceFlinger: [LayerHierarchy{RequestedLayerState{WallpaperWindowToken{a9e9ca6}#8471 parentId=8} 1 children}] reparent to LayerHierarchy{RequestedLayerState{Leaf:1:1#8 parentId=7} 2 children}
04-18 09:51:54.539  2427  2427 I SurfaceFlinger: [LayerHierarchy{RequestedLayerState{Surface(name=bb0c694 com.google.android.apps.messaging/com.google.android.apps.messaging.ui.ConversationListActivity#11925)/@0xe7628a8 - animation-leash of starting_reveal#11929} 1 children}] reparent to OffscreenRoot
04-18 09:51:54.539  2427  2427 I SurfaceFlinger: [LayerHierarchy{RequestedLayerState{Surface(name=bb0c694 com.google.android.apps.messaging/com.google.android.apps.messaging.ui.ConversationListActivity#11925)/@0xe7628a8 - animation-leash of starting_reveal#11929} 1 children}] RelativeParent to null
04-18 09:51:54.539  2427  2427 I SurfaceFlinger: [DimTransitionLayer for Surface(name=ActivityRecord{234571519 u0 com.google.android.apps.messaging/.ui.ConversationListActivity t167}#11918)/@0x4fccb86#11942] attach to parent LayerHierarchy{RequestedLayerState{ActivityRecord{234571519 u0 com.google.android.apps.messaging/.ui.ConversationListActivity t167}#11918 parentId=11940 z=2} 4 children}
04-18 09:51:54.539  2427  2427 I SurfaceFlinger: [LayerHierarchy{RequestedLayerState{Task=167#11917 parentId=10 z=8} 3 children}] reparent to LayerHierarchy{RequestedLayerState{DefaultTaskDisplayArea_d0#10 parentId=9} 12 children}
04-18 09:51:54.539  2427  2427 I SurfaceFlinger: [LayerHierarchy{RequestedLayerState{ActivityRecord{234571519 u0 com.google.android.apps.messaging/.ui.ConversationListActivity t167}#11918 parentId=11940 z=2} 4 children}] reparent to LayerHierarchy{RequestedLayerState{Transition Root: ActivityRecord{166658306 u0 com.google.android.apps.messaging/.gaia.expresssignin.BugleExpressSignInActivity t167}#11940 parentId=11917 z=1} 1 children}
04-18 09:51:54.539  2427  2427 I SurfaceFlinger: [LayerHierarchy{RequestedLayerState{Transition Root: Task=167#11921 z=8} no children}] reparent to OffscreenRoot
04-18 09:51:54.539  2427  2427 I SurfaceFlinger: [LayerHierarchy{RequestedLayerState{Transition Root: Task=167#11921 z=8} no children}] RelativeParent to null
04-18 09:51:54.539  2427  2427 I SurfaceFlinger: [LayerHierarchy{RequestedLayerState{bb0c694 com.google.android.apps.messaging/com.google.android.apps.messaging.ui.ConversationListActivity#11925 parentId=11918} 1 children}] reparent to LayerHierarchy{RequestedLayerState{ActivityRecord{234571519 u0 com.google.android.apps.messaging/.ui.ConversationListActivity t167}#11918 parentId=11940 z=2} 5 children}
04-18 09:51:54.539  2427  2427 I SurfaceFlinger: [8379de4 ActivityRecordInputSink com.google.android.apps.messaging/.gaia.expresssignin.BugleExpressSignInActivity#11941] attach to parent LayerHierarchy{RequestedLayerState{ActivityRecord{166658306 u0 com.google.android.apps.messaging/.gaia.expresssignin.BugleExpressSignInActivity t167}#11931 parentId=11940 z=5} 2 children}
04-18 09:51:54.539  2427  2427 I SurfaceFlinger: [LayerHierarchy{RequestedLayerState{ActivityRecord{166658306 u0 com.google.android.apps.messaging/.gaia.expresssignin.BugleExpressSignInActivity t167}#11931 parentId=11940 z=5} 2 children}] reparent to LayerHierarchy{RequestedLayerState{Transition Root: ActivityRecord{166658306 u0 com.google.android.apps.messaging/.gaia.expresssignin.BugleExpressSignInActivity t167}#11940 parentId=11917 z=1} 2 children}
04-18 09:51:54.539  2427  2427 I SurfaceFlinger: id=11935 onLayerDestroyed from LayerHierarchyBuilder(RequestedLayerState{Surface(name=43797e9 NavigationBar0#79)/@0xc2f1642 - animation-leash of insets_animation#11935 !handle})
04-18 09:51:54.539  2427  2427 I SurfaceFlinger: id=11934 onLayerDestroyed from LayerHierarchyBuilder(RequestedLayerState{Surface(name=86cafd5 StatusBar#83)/@0xda385b7 - animation-leash of insets_animation#11934 !handle})
04-18 09:51:54.539  5827 12076 D PipelineWatcher: onInputBufferReleased: frameIndex not found (5092); ignored
04-18 09:51:54.540  3518  7261 I WindowManager: Relayout Window{32abfe5 u0 com.sec.android.app.launcher/com.sec.android.app.launcher.activities.LauncherActivity}: viewVisibility=8 req=1080x2340 ty=1 d0
04-18 09:51:54.540  2427  2427 I SurfaceFlinger: id=11935 Destroyed Surface(name=43797e9 NavigationBar0#79)/@0xc2f1642 - animation-leash of insets_animation#11935
04-18 09:51:54.540  2427  2427 I SurfaceFlinger: id=11934 Destroyed Surface(name=86cafd5 StatusBar#83)/@0xda385b7 - animation-leash of insets_animation#11934
04-18 09:51:54.540  2427  2427 I SurfaceFlinger: id=11921 Removed Transition Root: Task=167#11921 (174)
04-18 09:51:54.540  3518  3668 D LocalDisplayAdapter: updateActiveModeLocked for d=4630947077158959251, mActiveModeId=2, mActiveSfDisplayMode=DisplayMode{id=1, width=1080, height=2340, xDpi=375.78082, yDpi=373.81134, peakRefreshRate=120.00001, vsyncRate=240.00005, appVsyncOffsetNanos=8333111, presentationDeadlineNanos=9333444, supportedHdrTypes=[4, 2, 3], group=1}
04-18 09:51:54.541  3518  3668 I DisplayDeviceRepository: Display device changed render timings: "기본으로 제공되는 화면", renderFrameRate=120.00002, presentationDeadlineNanos=9333443, appVsyncOffsetNanos=8333111, frameRateOverrides=[{uid=10048 frameRateHz=120.00002}, {uid=10159 frameRateHz=120.00002}, {uid=10272 frameRateHz=120.00002}]
04-18 09:51:54.541  3518  7261 I WindowManager: Relayout hash=32abfe5, pid=7857, syncId=-1: mAttrs={(0,0)(fillxfill) sim={adjust=nothing forwardNavigation} layoutInDisplayCutoutMode=always ty=BASE_APPLICATION fmt=TRANSPARENT wanim=0x1030307
04-18 09:51:54.541  3518  7261 I WindowManager:   fl=81910100
04-18 09:51:54.541  3518  7261 I WindowManager:   pfl=10008840
04-18 09:51:54.541  3518  7261 I WindowManager:   bhv=2
04-18 09:51:54.541  3518  7261 I WindowManager:   fitSides=0
04-18 09:51:54.541  3518  7261 I WindowManager:   frameRateBoostOnTouch=true
04-18 09:51:54.541  3518  7261 I WindowManager:   dvrrWindowFrameRateHint=true naviIconColor=0}
04-18 09:51:54.541  7857  7857 I VRI[LauncherActivity]@d4e7497: Relayout returned: old=(0,0,1080,2340) new=(0,0,1080,2340) relayoutAsync=false req=(1080,2340)8 dur=1 res=0x2 s={false 0x0} ch=true seqId=0
04-18 09:51:54.542  7857  7857 I SearchHoneyPot: onViewCreated: onStop
04-18 09:51:54.542  7857  7857 I HoneySpace.WorkspacePot: stopWidgetListening
04-18 09:51:54.542  7857  8510 I HoneySpace.HoneyAppWidgetHost: stopListening, host: @6c616ce, hostId: 1024
04-18 09:51:54.542  7857  7857 I HoneySpace.ContentsAnimator: end call
04-18 09:51:54.542  7857  7857 I HoneySpace.BlurAnimator: end
04-18 09:51:54.542  7857  7857 I HoneySpace.BlurAnimator: reset
04-18 09:51:54.542  3518  5197 I AppWidgetServiceImpl: stopListening callbacks : null
04-18 09:51:54.542  7857  7857 I VRI[LauncherActivity]@d4e7497: stopped(true) old = false
04-18 09:51:54.542  7857  7857 I HoneySpace.Launcher: !@Boot_EBS_D: Launcher.onStop()
04-18 09:51:54.542  7857  9372 I HoneySpace.Memory-Monitor: scheduleTrim delayTime=30000
04-18 09:51:54.542  7857  7857 I HoneySpace.OneUiSpace: onSaveInstanceState honeyScreen=e6.G@da5bd47
04-18 09:51:54.544  3962  3962 I bvhy    : onStop
04-18 09:51:54.544  2416  2525 V APM_AudioPolicyManager: setAppState(portId:187, state:2)
04-18 09:51:54.544  6838  6991 V OsAgent : broadcastSystemEvent - 7
04-18 09:51:54.544  2754 11160 I CameraService: onUidStateChanged: uid=10276, procState is changed. (3 -> 5)
04-18 09:51:54.544  2754 11160 W libbinder.IPCThreadState: Sending oneway calls to frozen process.
04-18 09:51:54.544  2754 11160 W libbinder.IPCThreadState: Sending oneway calls to frozen process.
04-18 09:51:54.544  2754 11160 W libbinder.IPCThreadState: Sending oneway calls to frozen process.
04-18 09:51:54.544  2754 11160 W libbinder.IPCThreadState: Sending oneway calls to frozen process.
04-18 09:51:54.544  2754 11160 W libbinder.IPCThreadState: Sending oneway calls to frozen process.
04-18 09:51:54.545 25268 25268 D WM-Processor: sqk 35401ce5-ab3b-433e-b9fd-38f42d16a9d6 executed; reschedule = false
04-18 09:51:54.545 25268 25268 D WM-GreedyScheduler: Stopping tracking for WorkGenerationalId(workSpecId=35401ce5-ab3b-433e-b9fd-38f42d16a9d6, generation=0)
04-18 09:51:54.545 25268 25268 D WM-SystemJobService: 35401ce5-ab3b-433e-b9fd-38f42d16a9d6 executed on JobScheduler
04-18 09:51:54.545  2427  2427 D SurfaceFlinger: Display 4630947077158959251 HWC layers:
04-18 09:51:54.545  2427  2427 D SurfaceFlinger:        CLIENT |          108525233635329 | 00002102 | RGBA_8888    |    0.0    0.0 1080.0 2340.0 |    0    0 1080 2340 | com.google.android.apps.messaging/co[...]onversationListActivity$_25268#11926 (7)
04-18 09:51:54.545  2427  2427 D SurfaceFlinger:        DEVICE |           21895743278751 | 00002100 | RGBA_8888    |    0.0    0.0 1080.0  105.0 |    0    0 1080  105 | StatusBar$_5098#90 (32319)
04-18 09:51:54.545  2427  2427 D SurfaceFlinger:        DEVICE |           33745558047542 | 00002100 | RGBA_8888    |    0.0    0.0   80.0  342.0 | 1000  438 1080  780 | com.sec.android.app.launcher/com.sam[...]l.app.CocktailBarService$_7857#11785 (2)
04-18 09:51:54.545  2427  2427 D SurfaceFlinger:        DEVICE |           21895743278811 | 00002100 | RGBA_8888    |    0.0    0.0 1080.0  135.0 |    0 2205 1080 2340 | NavigationBar0$_5098#88 (20044)
04-18 09:51:54.545  2427  2427 D SurfaceFlinger: 
04-18 09:51:54.545  6799  7186 I SDHMS:k : onTaskStackChanged
04-18 09:51:54.545  3518  7261 W PackageConfigPersister: App-specific configuration not found for packageName: com.google.android.apps.messaging and userId: 0
04-18 09:51:54.546  7857  8356 I HoneySpace.RecentTasks: onRecentTasksChanged l:228631508
04-18 09:51:54.546  3518  7417 W PackageConfigPersister: App-specific configuration not found for packageName: com.google.android.apps.messaging and userId: 0
04-18 09:51:54.546  3518  7417 W PackageConfigPersister: App-specific configuration not found for packageName: com.sec.android.app.launcher and userId: 0
04-18 09:51:54.546  3518  5197 D InputDispatcher: Focus entered window (0): 150f409 com.google.android.apps.messaging/com.google.android.apps.messaging.gaia.expresssignin.BugleExpressSignInActivity
04-18 09:51:54.546  3518  7261 W PackageConfigPersister: App-specific configuration not found for packageName: com.google.android.apps.messaging and userId: 0
04-18 09:51:54.546  3518  7261 W PackageConfigPersister: App-specific configuration not found for packageName: com.samsung.android.dialer and userId: 0
04-18 09:51:54.546  3518  7261 W PackageConfigPersister: App-specific configuration not found for packageName: com.termux and userId: 0
04-18 09:51:54.546  3518  7261 W PackageConfigPersister: App-specific configuration not found for packageName: com.android.settings and userId: 0
04-18 09:51:54.546  3518  7261 W PackageConfigPersister: App-specific configuration not found for packageName: com.android.chrome and userId: 0
04-18 09:51:54.546  3518  7261 W PackageConfigPersister: App-specific configuration not found for packageName: com.android.vending and userId: 0
04-18 09:51:54.546 25268 14988 D WM-GreedyScheduler: Cancelling work ID 35401ce5-ab3b-433e-b9fd-38f42d16a9d6
04-18 09:51:54.547 14905 14910 D PipelineWatcher: onInputBufferReleased: frameIndex not found (34); ignored
04-18 09:51:54.547 25268 14988 D WM-GreedyScheduler: Ignoring {WorkSpec: b340a1ec-549c-477e-9854-d76c8cb7867d}. Requires device idle.
04-18 09:51:54.547 25268 14988 D WM-GreedyScheduler: Ignoring {WorkSpec: 28cb69e8-cd58-4c5c-9534-233482de9db6}. Requires device idle.
04-18 09:51:54.547 25268 14988 D WM-GreedyScheduler: Ignoring {WorkSpec: e63902ac-f9e9-4fb7-bae7-00f7dbc99e98}. Requires ContentUri triggers.
04-18 09:51:54.547 25268 14988 D WM-GreedyScheduler: Ignoring {WorkSpec: e7e32427-0fd7-4d2f-88ff-4bd81a23290d}. Requires ContentUri triggers.
04-18 09:51:54.547 25268 15001 D WM-WorkConstraintsTrack: NetworkRequestConstraintController unregister shared callback
04-18 09:51:54.547 25268 15001 D ConnectivityManager: StackLog: [android.net.ConnectivityManager.unregisterNetworkCallback(ConnectivityManager.java:5573)] [stx.invoke(PG:32)] [stq.invoke(PG:3)] [fzkn.a(PG:104)] [fzkl.b(PG:11)] [fytb.w(PG:11)] [fzfq.run(PG:104)] [szu.run(PG:3)] [egpd.run(PG:7)] [java.util.concurrent.ThreadPoolExecutor.runWorker(ThreadPoolExecutor.java:1154)] [java.util.concurrent.ThreadPoolExecutor$Worker.run(ThreadPoolExecutor.java:652)] [egoh.run(PG:13)] [java.lang.Thread.run(Thread.java:1563)] [egqa.run(PG:62)]
04-18 09:51:54.547  7857 13842 I HoneySpace.HistoryViewModel@157918506@OneUI: Illegal access. Unknown type. skip load history items
04-18 09:51:54.547  2427  2427 I SurfaceFlinger: [NavigationBar0$_5098#88] setFrameRateCategory: Normal
04-18 09:51:54.547  2427  2427 I SurfaceFlinger: destroyed Transition Root: Task=167#11921 form LifecycleManager
04-18 09:51:54.547  2427  2427 I SurfaceFlinger: id=11921 onLayerDestroyed from LayerHierarchyBuilder(RequestedLayerState{Transition Root: Task=167#11921 !handle z=8})
04-18 09:51:54.547  3518  4874 D ConnectivityService:  Removing from current network [108 WIFI], leaving 205 requests.
04-18 09:51:54.548  3518  3668 D SGM:FgCheckThread: getForegroundApp(), foregroundPkgName=com.google.android.apps.messaging
04-18 09:51:54.548  3518  7261 E WindowManager: win=Window{32abfe5 u0 com.sec.android.app.launcher/com.sec.android.app.launcher.activities.LauncherActivity} destroySurfaces: appStopped=true cleanupOnResume=false win.mWindowRemovalAllowed=false win.mRemoveOnExit=false win.mViewVisibility=8 caller=com.android.server.wm.ActivityRecord.destroySurfaces:24 com.android.server.wm.ActivityRecord.activityStopped:209 com.android.server.wm.ActivityClientController.activityStopped:102 android.app.IActivityClientController$Stub.onTransact:829 com.android.server.wm.ActivityClientController.onTransact:1 android.os.Binder.execTransactInternal:1514 android.os.Binder.execTransact:1454 
04-18 09:51:54.548  2427  2427 I SurfaceFlinger: id=11921 Destroyed Transition Root: Task=167#11921
04-18 09:51:54.548 14905 14910 D PipelineWatcher: onInputBufferReleased: frameIndex not found (35); ignored
04-18 09:51:54.548  3518  3668 D SGM:FgCheckThread: pkgName: com.sec.android.app.launcher is in foreground
04-18 09:51:54.549  3518  4940 D BackgroundInstallControlService: Package event received: 0
04-18 09:51:54.549  3518  3666 W PackageConfigPersister: App-specific configuration not found for packageName: com.google.android.apps.messaging and userId: 0
04-18 09:51:54.549  3518  3666 W PackageConfigPersister: App-specific configuration not found for packageName: com.sec.android.app.launcher and userId: 0
04-18 09:51:54.549  3518  3666 W PackageConfigPersister: App-specific configuration not found for packageName: com.samsung.android.incallui and userId: 0
04-18 09:51:54.549  3518  3666 W PackageConfigPersister: App-specific configuration not found for packageName: com.samsung.android.dialer and userId: 0
04-18 09:51:54.549  3518  3666 W PackageConfigPersister: App-specific configuration not found for packageName: com.termux and userId: 0
04-18 09:51:54.549  3518  3666 W PackageConfigPersister: App-specific configuration not found for packageName: com.sec.android.app.launcher and userId: 0
04-18 09:51:54.549  3518  3666 W PackageConfigPersister: App-specific configuration not found for packageName: com.android.settings and userId: 0
04-18 09:51:54.549  3518  3666 W PackageConfigPersister: App-specific configuration not found for packageName: com.android.vending and userId: 0
04-18 09:51:54.550  3518  3666 D PkgPredictorService-SecIpmManagerServiceImpl: bg information pid:7857 uid:10159 pkgName:com.sec.android.app.launcher
04-18 09:51:54.550  3518  5197 W PackageConfigPersister: App-specific configuration not found for packageName: com.google.android.apps.messaging and userId: 0
04-18 09:51:54.550  3518  3666 D SGM:GameManager: identifyForegroundApp. com.google.android.apps.messaging, mCurrentUserId: 0, callerUserId: 0
04-18 09:51:54.550  3518  7417 W PackageConfigPersister: App-specific configuration not found for packageName: com.google.android.apps.messaging and userId: 0
04-18 09:51:54.550  3518  3666 D SGM:SemGameManager: isForegroundGame(), ret=false
04-18 09:51:54.550  3518  3666 D SGM:GameManager: identifyForegroundApp. com.google.android.apps.messaging, mCurrentUserId: 0, callerUserId: 0
04-18 09:51:54.550  3518  3666 D SGM:SemGameManager: isForegroundGame(), ret=false
04-18 09:51:54.550  3518  5197 W PackageConfigPersister: App-specific configuration not found for packageName: com.google.android.apps.messaging and userId: 0
04-18 09:51:54.550  3518  7261 I ActivityManager: Changes in 10159 2 to 5, 511 to 440
04-18 09:51:54.550  3518  3666 W PackageConfigPersister: App-specific configuration not found for packageName: com.google.android.apps.messaging and userId: 0
04-18 09:51:54.550  3518  3666 W PackageConfigPersister: App-specific configuration not found for packageName: com.sec.android.app.launcher and userId: 0
04-18 09:51:54.550  3518  3666 W PackageConfigPersister: App-specific configuration not found for packageName: com.samsung.android.incallui and userId: 0
04-18 09:51:54.550  3518  3666 W PackageConfigPersister: App-specific configuration not found for packageName: com.samsung.android.dialer and userId: 0
04-18 09:51:54.550  3518  3666 W PackageConfigPersister: App-specific configuration not found for packageName: com.termux and userId: 0
04-18 09:51:54.550  3518  3666 W PackageConfigPersister: App-specific configuration not found for packageName: com.sec.android.app.launcher and userId: 0
04-18 09:51:54.550  3518  3666 W PackageConfigPersister: App-specific configuration not found for packageName: com.android.settings and userId: 0
04-18 09:51:54.550  3518  3666 W PackageConfigPersister: App-specific configuration not found for packageName: com.android.vending and userId: 0
04-18 09:51:54.551  3518  3518 I WALLPAPER_SVC:SemWallpaperManagerService: isHomeActivityVisible : false 
04-18 09:51:54.551  3518  3518 D WALLPAPER_SVC:WallpaperData: getWallpaperFile: file = /data/system/users/0/wallpaper_orig 
04-18 09:51:54.551  3518  3518 D WALLPAPER_SVC:WallpaperData: getWallpaperFile: file = /data/system/users/0/wallpaper_orig 
04-18 09:51:54.551  2416  2525 V APM_AudioPolicyManager: setAppState(portId:187, state:2)
04-18 09:51:54.551  2416  2525 V APM_AudioPolicyManager: setAppState(portId:187, state:2)
04-18 09:51:54.551  7452 29763 I SAMSUNGWALLET: [Hint_ProcessStatusChange] fg Change, pid : 7857 , isNotify : true , isForeground : false , fg list : [25268]
04-18 09:51:54.551  6838  6991 V OsAgent : broadcastSystemEvent - 7
04-18 09:51:54.551  6838  6991 V OsAgent : broadcastSystemEvent - 7
04-18 09:51:54.552  3518  3518 D WALLPAPER_SVC:WallpaperManagerService: dispatchHomeVisibilityChanged: visible = false, connection = com.android.server.wallpaper.WallpaperManagerService$WallpaperConnection@c6021f7, systemWallpaper = WallpaperData@b34a19e, id: 21, which: 7, file mod: 0, info: WallpaperInfo{com.samsung.android.wallpaper.live.infinity.InfinityWallpaper, settings: null}, engine(s): Proxy@570dd59, type = 7, userId = 0, uri= null, allowBackup= false, wallpaperComponent = ComponentInfo{com.samsung.android.wallpaper.live/com.samsung.android.wallpaper.live.infinity.InfinityWallpaper} 
04-18 09:51:54.552  3518  7261 W PackageConfigPersister: App-specific configuration not found for packageName: com.google.android.apps.messaging and userId: 0
04-18 09:51:54.552  3518  7261 W PackageConfigPersister: App-specific configuration not found for packageName: com.sec.android.app.launcher and userId: 0
04-18 09:51:54.552  3518  7261 W PackageConfigPersister: App-specific configuration not found for packageName: com.samsung.android.incallui and userId: 0
04-18 09:51:54.552  3518  7261 W PackageConfigPersister: App-specific configuration not found for packageName: com.samsung.android.dialer and userId: 0
04-18 09:51:54.552 29244 29293 I FontLog : (REDACTED) Received query %s, URI %s
04-18 09:51:54.552  3518  7261 W PackageConfigPersister: App-specific configuration not found for packageName: com.termux and userId: 0
04-18 09:51:54.553 29244 29293 I FontLog : (REDACTED) Query [%s] resolved to %s
04-18 09:51:54.553 29244 29293 I FontLog : (REDACTED) Font PFD returned from cache for %s
04-18 09:51:54.553 29244 29293 I FontLog : (REDACTED) Fetch %s end status %s
04-18 09:51:54.553  2331  2430 I HYPER-HAL: [RequestManager.cpp]acquire(): Acquired ID : 24979512 [2333 / 4734]  HINT :     list : [UCLAMP_MIN_BOOST / 0] [TIMEOUT / 350] [TID / 14984] [TID / 14985] [TID / 25268] [TID / 14967] 
04-18 09:51:54.553  7452  8297 I SAMSUNGWALLET: [Hint_SimpleHintProcessMonitor] isHomePackageRunning topPkgName = com.google.android.apps.messaging, topClsName = com.google.android.apps.messaging.gaia.expresssignin.BugleExpressSignInActivity, return false , se : false
04-18 09:51:54.553 29244 29293 I FontLog : (REDACTED) Pulling font file for id = %d, cache size = %d
04-18 09:51:54.554  5827  5910 D PipelineWatcher: onInputBufferReleased: frameIndex not found (5093); ignored
04-18 09:51:54.554  7452  7452 I SAMSUNGWALLET: [Hint_IntroHintService] Hint Status - already invisible, skip hide : Home Package Not Running
04-18 09:51:54.555 29244 29293 I FontLog : (REDACTED) Received query %s, URI %s
04-18 09:51:54.555 29244 29293 I FontLog : (REDACTED) Query [%s] resolved to %s
04-18 09:51:54.555 29244 29293 I FontLog : (REDACTED) Font PFD returned from cache for %s
04-18 09:51:54.555 29244 29293 I FontLog : (REDACTED) Fetch %s end status %s
04-18 09:51:54.555  5827  5910 D PipelineWatcher: onInputBufferReleased: frameIndex not found (5094); ignored
